
postgresql benchmark - 34 columns, 1000 rows resident, 1 connection
server 127.0.0.1:15700  table users_083725, books_083725, reservations_083725, loans_083725

phase                      ops       qps   mean us       p0      p25      p50      p95      p99       max   err
---------------------------------------------------------------------------------------------------------------
ddl                          4         0    2477.0   1855.1   1855.1   1947.8   3884.8   3884.8    3884.8     0
load                      1900         0    1225.9    920.0   1010.9   1048.0   2004.4   5077.5   12027.1     0
pk-user                    200         0      68.5     64.2     65.3     65.9     82.1     86.6     247.3     0
loans-by-user              200         0     103.1     89.8     97.4    101.2    114.7    122.6     267.0     0
loans-by-book              200         0     102.0     93.0     98.2    100.9    114.0    120.0     121.5     0
resv-by-user               200         0      79.5     72.0     75.6     77.6     92.2     99.2     174.0     0
books-by-author            200         0      76.0     63.1     68.7     71.5     99.3    126.2     149.1     0
books-by-genre             200         0     110.2     96.4    104.7    107.4    131.5    137.3     174.9     0
loans-by-daterange         200         0     195.2    135.7    185.7    192.9    215.8    235.7     298.0     0
overdue                    200         0     178.7    134.8    173.3    177.2    200.8    205.6     210.0     0
join-loan-user             200         0     161.0    144.6    153.7    157.8    179.0    184.8     310.2     0
join-no-literal            200         0     319.7    307.4    310.5    314.7    336.7    355.3     482.0     0
exists-correlated          200         0     329.9    294.2    322.4    326.9    348.7    360.8     400.2     0
count-by-user              200         0     105.6     98.1     99.2    100.2    129.8    171.7     201.7     0

  ddl: CREATE TABLE x4
  load: INSERT x all four relations
  pk-user: WHERE id = ? - index scan on the pk, the control
  loans-by-user: WHERE user_id = ? - ~5 matches
  loans-by-book: WHERE book_id = ? - ~5 matches
  resv-by-user: WHERE user_id = ? on reservations
  books-by-author: WHERE author_id = ? - middle selectivity
  books-by-genre: WHERE genre = ? - 1/16 of the relation
  loans-by-daterange: WHERE loaned_day BETWEEN ? AND ? - 30 days
  overdue: WHERE status = ? AND due_day BETWEEN ? AND ?
  join-loan-user: loans JOIN users ON user_id = id
  join-no-literal: JOIN ON l.user_id = u.id, u.id BETWEEN 1 AND 16 - no literal to propagate
  exists-correlated: EXISTS(loans WHERE user_id = users.id), 20 outer rows
  count-by-user: SELECT COUNT(*) ... WHERE user_id = ?

  index mode none (after load), analyze on
  sizes: users=200, books=200, reservations=500, loans=1000
  no Cabin equivalent exists here - a --cabin ckdbs run has no twin column in the comparison
  EXPLAIN:
      loans-by-user: Seq Scan on loans_083725  (cost=0.00..22.50 rows=5 width=8) /   Filter: (user_id = 1)
      books-by-genre: Seq Scan on books_083725  (cost=0.00..5.50 rows=16 width=13) /   Filter: (genre = 3)
      overdue: Seq Scan on loans_083725  (cost=0.00..27.50 rows=135 width=8) /   Filter: ((due_day >= 19700) AND (due_day <= 20000) AND (status = 2))
      join-no-literal: Hash Join  (cost=6.20..28.88 rows=80 width=17) /   Hash Cond: (l.user_id = u.id) /   ->  Seq Scan on loans_083725 l  (cost=0.00..20.00 rows=1000 width=16) /   -
      exists-correlated: Hash Join  (cost=26.98..33.25 rows=20 width=8) /   Hash Cond: (users_083725.id = l.user_id) /   ->  Seq Scan on users_083725  (cost=0.00..6.00 rows=20 width=8) 
  wrote /home/cdkbs/bench-runs/pg18-f2f1ee7/json/s3-pg-n1000-none-r3.json
