
postgresql benchmark - 34 columns, 1000 rows resident, 1 connection
server 127.0.0.1:15700  table users_082714, books_082714, reservations_082714, loans_082714

phase                      ops       qps   mean us       p0      p25      p50      p95      p99       max   err
---------------------------------------------------------------------------------------------------------------
ddl                          4         0    3817.0   2376.9   2376.9   4188.5   4421.5   4421.5    4421.5     0
load                      1900         0    1418.4   1029.3   1197.0   1259.3   2115.0   5183.6   17656.9     0
create-index                12         0    2014.4   1561.8   1776.1   1977.5   2755.5   2755.5    2755.5     0
pk-user                    200         0      68.6     64.3     65.5     66.1     81.0     87.4     232.5     0
loans-by-user              200         0      86.3     71.0     80.1     83.7    102.4    115.3     254.1     0
loans-by-book              200         0      82.0     71.0     78.2     80.9     93.6    103.0     130.0     0
resv-by-user               200         0      73.0     61.9     67.6     72.1     84.5     94.0     191.0     0
books-by-author            200         0      77.9     67.7     73.0     75.7     90.0     99.3     263.4     0
books-by-genre             200         0      90.9     80.1     87.2     89.6    103.7    109.9     139.7     0
loans-by-daterange         200         0     167.5    111.5    160.6    166.2    186.1    189.8     270.4     0
overdue                    200         0     141.8     81.2    125.0    134.8    182.7    201.4     243.6     0
join-loan-user             200         0     118.4    103.7    112.8    115.4    136.7    154.3     241.7     0
join-no-literal            200         0     305.5    294.6    298.9    301.8    317.2    347.0     472.8     0
exists-correlated          200         0     198.6    191.9    193.5    195.0    211.5    222.7     281.5     0
count-by-user              200         0      83.6     78.2     80.8     81.5     97.2    101.2     182.5     0

  ddl: CREATE TABLE x4
  load: INSERT x all four relations
  create-index: --index-mode all
  pk-user: WHERE id = ? - index scan on the pk, the control
  loans-by-user: WHERE user_id = ? - ~5 matches
  loans-by-book: WHERE book_id = ? - ~5 matches
  resv-by-user: WHERE user_id = ? on reservations
  books-by-author: WHERE author_id = ? - middle selectivity
  books-by-genre: WHERE genre = ? - 1/16 of the relation
  loans-by-daterange: WHERE loaned_day BETWEEN ? AND ? - 30 days
  overdue: WHERE status = ? AND due_day BETWEEN ? AND ?
  join-loan-user: loans JOIN users ON user_id = id
  join-no-literal: JOIN ON l.user_id = u.id, u.id BETWEEN 1 AND 16 - no literal to propagate
  exists-correlated: EXISTS(loans WHERE user_id = users.id), 20 outer rows
  count-by-user: SELECT COUNT(*) ... WHERE user_id = ?

  index mode all (after load), analyze on
  sizes: users=200, books=200, reservations=500, loans=1000
  no Cabin equivalent exists here - a --cabin ckdbs run has no twin column in the comparison
  EXPLAIN:
      loans-by-user: Bitmap Heap Scan on loans_082714  (cost=4.31..12.79 rows=5 width=8) /   Recheck Cond: (user_id = 1) /   ->  Bitmap Index Scan on loans_user_cov_082714  (cost=0.
      books-by-genre: Seq Scan on books_082714  (cost=0.00..5.50 rows=16 width=13) /   Filter: (genre = 3)
      overdue: Bitmap Heap Scan on loans_082714  (cost=6.00..18.36 rows=135 width=8) /   Recheck Cond: ((status = 2) AND (due_day >= 19700) AND (due_day <= 20000)) /   ->  Bit
      join-no-literal: Hash Join  (cost=6.20..28.88 rows=80 width=17) /   Hash Cond: (l.user_id = u.id) /   ->  Seq Scan on loans_082714 l  (cost=0.00..20.00 rows=1000 width=16) /   -
      exists-correlated: Nested Loop Semi Join  (cost=0.28..31.00 rows=20 width=8) /   ->  Seq Scan on users_082714  (cost=0.00..6.00 rows=20 width=8) /         Filter: ((id >= 1) AND (
  wrote /home/cdkbs/bench-runs/pg18-f2f1ee7/json/s3-pg-n1000-all-r1.json
