
postgresql benchmark - 34 columns, 1000 rows resident, 1 connection
server 127.0.0.1:15700  table users_082710, books_082710, reservations_082710, loans_082710

phase                      ops       qps   mean us       p0      p25      p50      p95      p99       max   err
---------------------------------------------------------------------------------------------------------------
ddl                          4         0    4995.3   2171.0   2171.0   3882.9   8635.7   8635.7    8635.7     0
load                      1900         0    1370.3   1014.3   1172.2   1238.4   1876.3   4552.6   21328.8     0
pk-user                    200         0      67.5     62.3     63.4     64.0     78.6     92.6     256.3     0
loans-by-user              200         0     103.6     90.2     96.3    100.2    122.2    128.8     271.7     0
loans-by-book              200         0     102.2     91.1     96.6     99.8    121.7    125.8     129.9     0
resv-by-user               200         0      79.3     69.8     74.1     76.2     96.6    101.9     186.9     0
books-by-author            200         0      70.6     60.3     65.5     68.2     89.3     97.3     154.4     0
books-by-genre             200         0      83.5     70.9     78.7     81.2     99.2    116.4     127.0     0
loans-by-daterange         200         0     166.4    102.2    158.0    165.0    185.7    205.8     255.7     0
overdue                    200         0     147.2    102.1    141.9    146.3    161.8    171.4     180.4     0
join-loan-user             200         0     135.9    119.6    126.2    130.1    156.7    265.2     273.8     0
join-no-literal            200         0     286.4    273.4    277.8    281.6    306.1    366.9     452.0     0
exists-correlated          200         0     299.6    282.2    291.6    296.0    316.3    324.9     368.8     0
count-by-user              200         0     100.4     95.9     97.3     97.8    112.4    115.9     203.2     0

  ddl: CREATE TABLE x4
  load: INSERT x all four relations
  pk-user: WHERE id = ? - index scan on the pk, the control
  loans-by-user: WHERE user_id = ? - ~5 matches
  loans-by-book: WHERE book_id = ? - ~5 matches
  resv-by-user: WHERE user_id = ? on reservations
  books-by-author: WHERE author_id = ? - middle selectivity
  books-by-genre: WHERE genre = ? - 1/16 of the relation
  loans-by-daterange: WHERE loaned_day BETWEEN ? AND ? - 30 days
  overdue: WHERE status = ? AND due_day BETWEEN ? AND ?
  join-loan-user: loans JOIN users ON user_id = id
  join-no-literal: JOIN ON l.user_id = u.id, u.id BETWEEN 1 AND 16 - no literal to propagate
  exists-correlated: EXISTS(loans WHERE user_id = users.id), 20 outer rows
  count-by-user: SELECT COUNT(*) ... WHERE user_id = ?

  index mode none (after load), analyze on
  sizes: users=200, books=200, reservations=500, loans=1000
  no Cabin equivalent exists here - a --cabin ckdbs run has no twin column in the comparison
  EXPLAIN:
      loans-by-user: Seq Scan on loans_082710  (cost=0.00..22.50 rows=5 width=8) /   Filter: (user_id = 1)
      books-by-genre: Seq Scan on books_082710  (cost=0.00..5.50 rows=16 width=13) /   Filter: (genre = 3)
      overdue: Seq Scan on loans_082710  (cost=0.00..27.50 rows=135 width=8) /   Filter: ((due_day >= 19700) AND (due_day <= 20000) AND (status = 2))
      join-no-literal: Hash Join  (cost=6.20..28.88 rows=80 width=17) /   Hash Cond: (l.user_id = u.id) /   ->  Seq Scan on loans_082710 l  (cost=0.00..20.00 rows=1000 width=16) /   -
      exists-correlated: Hash Join  (cost=26.98..33.25 rows=20 width=8) /   Hash Cond: (users_082710.id = l.user_id) /   ->  Seq Scan on users_082710  (cost=0.00..6.00 rows=20 width=8) 
  wrote /home/cdkbs/bench-runs/pg18-f2f1ee7/json/s3-pg-n1000-none-r1.json
