
postgresql benchmark - 34 columns, 200 rows resident, 1 connection
server 127.0.0.1:15700  table users_082708, books_082708, reservations_082708, loans_082708

phase                      ops       qps   mean us       p0      p25      p50      p95      p99       max   err
---------------------------------------------------------------------------------------------------------------
ddl                          4         0    2820.5   2049.0   2049.0   2414.7   3948.3   3948.3    3948.3     0
load                       380         0    1362.0   1058.2   1178.6   1240.6   1631.0   4869.1   10383.9     0
create-index                12         0    1667.7   1350.6   1460.8   1630.9   1938.7   1938.7    1938.7     0
pk-user                    200         0      85.6     80.6     81.8     82.5    101.5    107.9     252.0     0
loans-by-user              200         0     105.9     90.3     99.2    103.2    124.1    132.5     361.1     0
loans-by-book              200         0     102.6     92.7     98.6    101.6    118.0    125.0     128.1     0
resv-by-user               200         0      91.1     61.6     87.4     89.0    108.7    132.6     229.8     0
books-by-author            200         0      70.0     61.7     64.6     69.2     84.4     93.4     197.8     0
books-by-genre             200         0      68.4     63.3     65.0     67.1     80.7     89.6     119.9     0
loans-by-daterange         200         0      84.6     72.5     79.7     82.9     98.3    104.8     151.8     0
overdue                    200         0      89.8     79.0     86.3     89.0    101.7    111.5     112.1     0
join-loan-user             200         0     104.8     90.0     99.8    103.1    117.5    122.1     214.2     0
join-no-literal            200         0     255.7    224.3    243.6    256.2    277.6    287.0     412.0     0
exists-correlated          200         0     214.2    204.8    207.6    209.6    230.9    236.3     302.2     0
count-by-user              200         0     106.1    100.7    102.2    102.9    122.2    128.8     214.6     0

  ddl: CREATE TABLE x4
  load: INSERT x all four relations
  create-index: --index-mode all
  pk-user: WHERE id = ? - index scan on the pk, the control
  loans-by-user: WHERE user_id = ? - ~5 matches
  loans-by-book: WHERE book_id = ? - ~5 matches
  resv-by-user: WHERE user_id = ? on reservations
  books-by-author: WHERE author_id = ? - middle selectivity
  books-by-genre: WHERE genre = ? - 1/16 of the relation
  loans-by-daterange: WHERE loaned_day BETWEEN ? AND ? - 30 days
  overdue: WHERE status = ? AND due_day BETWEEN ? AND ?
  join-loan-user: loans JOIN users ON user_id = id
  join-no-literal: JOIN ON l.user_id = u.id, u.id BETWEEN 1 AND 16 - no literal to propagate
  exists-correlated: EXISTS(loans WHERE user_id = users.id), 20 outer rows
  count-by-user: SELECT COUNT(*) ... WHERE user_id = ?

  index mode all (after load), analyze on
  sizes: users=40, books=40, reservations=100, loans=200
  no Cabin equivalent exists here - a --cabin ckdbs run has no twin column in the comparison
  EXPLAIN:
      loans-by-user: Seq Scan on loans_082708  (cost=0.00..4.50 rows=6 width=8) /   Filter: (user_id = 1)
      books-by-genre: Seq Scan on books_082708  (cost=0.00..1.50 rows=3 width=13) /   Filter: (genre = 3)
      overdue: Seq Scan on loans_082708  (cost=0.00..5.50 rows=25 width=8) /   Filter: ((due_day >= 19700) AND (due_day <= 20000) AND (status = 2))
      join-no-literal: Hash Join  (cost=1.79..6.37 rows=75 width=17) /   Hash Cond: (l.user_id = u.id) /   ->  Seq Scan on loans_082708 l  (cost=0.00..4.00 rows=200 width=16) /   ->  
      exists-correlated: Hash Join  (cost=5.38..7.24 rows=19 width=8) /   Hash Cond: (users_082708.id = l.user_id) /   ->  Seq Scan on users_082708  (cost=0.00..1.60 rows=19 width=8) / 
  wrote /home/cdkbs/bench-runs/pg18-f2f1ee7/json/s3-pg-n200-all-r1.json
