
postgresql benchmark - 34 columns, 1000 rows resident, 1 connection
server 127.0.0.1:15700  table users_082829, books_082829, reservations_082829, loans_082829

phase                      ops       qps   mean us       p0      p25      p50      p95      p99       max   err
---------------------------------------------------------------------------------------------------------------
ddl                          4         0    4239.6   2309.5   2309.5   2426.5   8940.8   8940.8    8940.8     0
load                      1900         0    1601.8   1063.9   1207.1   1270.4   2658.2   7958.4  100051.6     0
pk-user                    200         0      67.2     62.6     63.6     64.2     80.7     91.0     247.4     0
loans-by-user              200         0     103.1     88.3     96.1     99.9    116.6    136.4     252.8     0
loans-by-book              200         0     101.5     91.7     96.6     99.3    117.4    124.9     139.3     0
resv-by-user               200         0      79.4     71.2     74.5     76.8     93.3    115.4     201.8     0
books-by-author            200         0      70.5     60.1     65.6     68.5     85.5    101.3     165.6     0
books-by-genre             200         0      82.9     71.2     78.1     80.8    101.3    111.5     130.3     0
loans-by-daterange         200         0     174.0    116.9    157.4    165.2    232.6    261.8     271.3     0
overdue                    200         0     151.0    103.2    143.8    149.5    169.2    215.4     241.3     0
join-loan-user             200         0     132.7    120.3    126.8    129.6    149.5    162.5     268.2     0
join-no-literal            200         0     290.0    275.2    279.1    282.8    321.1    363.5     472.9     0
exists-correlated          200         0     293.9    276.1    285.3    290.7    313.7    323.9     384.4     0
count-by-user              200         0     101.8     96.6     97.7     98.5    115.6    128.0     203.5     0

  ddl: CREATE TABLE x4
  load: INSERT x all four relations
  pk-user: WHERE id = ? - index scan on the pk, the control
  loans-by-user: WHERE user_id = ? - ~5 matches
  loans-by-book: WHERE book_id = ? - ~5 matches
  resv-by-user: WHERE user_id = ? on reservations
  books-by-author: WHERE author_id = ? - middle selectivity
  books-by-genre: WHERE genre = ? - 1/16 of the relation
  loans-by-daterange: WHERE loaned_day BETWEEN ? AND ? - 30 days
  overdue: WHERE status = ? AND due_day BETWEEN ? AND ?
  join-loan-user: loans JOIN users ON user_id = id
  join-no-literal: JOIN ON l.user_id = u.id, u.id BETWEEN 1 AND 16 - no literal to propagate
  exists-correlated: EXISTS(loans WHERE user_id = users.id), 20 outer rows
  count-by-user: SELECT COUNT(*) ... WHERE user_id = ?

  index mode none (after load), analyze on
  sizes: users=200, books=200, reservations=500, loans=1000
  no Cabin equivalent exists here - a --cabin ckdbs run has no twin column in the comparison
  EXPLAIN:
      loans-by-user: Seq Scan on loans_082829  (cost=0.00..22.50 rows=5 width=8) /   Filter: (user_id = 1)
      books-by-genre: Seq Scan on books_082829  (cost=0.00..5.50 rows=16 width=13) /   Filter: (genre = 3)
      overdue: Seq Scan on loans_082829  (cost=0.00..27.50 rows=135 width=8) /   Filter: ((due_day >= 19700) AND (due_day <= 20000) AND (status = 2))
      join-no-literal: Hash Join  (cost=6.20..28.88 rows=80 width=17) /   Hash Cond: (l.user_id = u.id) /   ->  Seq Scan on loans_082829 l  (cost=0.00..20.00 rows=1000 width=16) /   -
      exists-correlated: Hash Join  (cost=26.98..33.25 rows=20 width=8) /   Hash Cond: (users_082829.id = l.user_id) /   ->  Seq Scan on users_082829  (cost=0.00..6.00 rows=20 width=8) 
  wrote /home/cdkbs/bench-runs/pg18-f2f1ee7/json/s3-pg-n1000-none-r2.json
