
postgresql benchmark - 34 columns, 1000 rows resident, 1 connection
server 127.0.0.1:15700  table users_082833, books_082833, reservations_082833, loans_082833

phase                      ops       qps   mean us       p0      p25      p50      p95      p99       max   err
---------------------------------------------------------------------------------------------------------------
ddl                          4         0    3638.7   2243.3   2243.3   2254.3   7496.8   7496.8    7496.8     0
load                      1900         0    2081.9   1078.9   1264.6   1334.9   2798.5  10871.3  186061.3     0
create-index                12         0    2056.7   1613.9   1812.1   2012.2   2650.8   2650.8    2650.8     0
pk-user                    200         0      68.6     62.6     64.0     64.8     87.1     92.6     251.0     0
loans-by-user              200         0      88.5     68.7     80.1     84.6    109.3    149.4     259.6     0
loans-by-book              200         0      80.5     69.8     75.9     79.0     96.1    103.3     110.6     0
resv-by-user               200         0      71.7     60.4     66.8     71.0     82.4     91.6     175.7     0
books-by-author            200         0      77.1     69.4     72.8     75.0     90.0     94.3     182.4     0
books-by-genre             200         0      90.4     78.9     86.3     88.3    104.3    116.7     156.1     0
loans-by-daterange         200         0     166.8    105.8    159.4    164.8    186.9    196.5     272.9     0
overdue                    200         0     127.6     80.8    121.3    126.9    150.2    157.8     178.2     0
join-loan-user             200         0     115.6    101.2    110.2    113.3    129.6    136.7     243.9     0
join-no-literal            200         0     309.8    297.9    301.3    306.4    325.0    352.5     464.2     0
exists-correlated          200         0     200.0    192.4    195.0    196.6    212.8    220.2     281.7     0
count-by-user              200         0      83.5     78.0     79.9     80.9     98.0    108.9     188.0     0

  ddl: CREATE TABLE x4
  load: INSERT x all four relations
  create-index: --index-mode all
  pk-user: WHERE id = ? - index scan on the pk, the control
  loans-by-user: WHERE user_id = ? - ~5 matches
  loans-by-book: WHERE book_id = ? - ~5 matches
  resv-by-user: WHERE user_id = ? on reservations
  books-by-author: WHERE author_id = ? - middle selectivity
  books-by-genre: WHERE genre = ? - 1/16 of the relation
  loans-by-daterange: WHERE loaned_day BETWEEN ? AND ? - 30 days
  overdue: WHERE status = ? AND due_day BETWEEN ? AND ?
  join-loan-user: loans JOIN users ON user_id = id
  join-no-literal: JOIN ON l.user_id = u.id, u.id BETWEEN 1 AND 16 - no literal to propagate
  exists-correlated: EXISTS(loans WHERE user_id = users.id), 20 outer rows
  count-by-user: SELECT COUNT(*) ... WHERE user_id = ?

  index mode all (after load), analyze on
  sizes: users=200, books=200, reservations=500, loans=1000
  no Cabin equivalent exists here - a --cabin ckdbs run has no twin column in the comparison
  EXPLAIN:
      loans-by-user: Bitmap Heap Scan on loans_082833  (cost=4.31..12.79 rows=5 width=8) /   Recheck Cond: (user_id = 1) /   ->  Bitmap Index Scan on loans_user_cov_082833  (cost=0.
      books-by-genre: Seq Scan on books_082833  (cost=0.00..5.50 rows=16 width=13) /   Filter: (genre = 3)
      overdue: Bitmap Heap Scan on loans_082833  (cost=6.00..18.36 rows=135 width=8) /   Recheck Cond: ((status = 2) AND (due_day >= 19700) AND (due_day <= 20000)) /   ->  Bit
      join-no-literal: Hash Join  (cost=6.20..28.88 rows=80 width=17) /   Hash Cond: (l.user_id = u.id) /   ->  Seq Scan on loans_082833 l  (cost=0.00..20.00 rows=1000 width=16) /   -
      exists-correlated: Nested Loop Semi Join  (cost=0.28..31.00 rows=20 width=8) /   ->  Seq Scan on users_082833  (cost=0.00..6.00 rows=20 width=8) /         Filter: ((id >= 1) AND (
  wrote /home/cdkbs/bench-runs/pg18-f2f1ee7/json/s3-pg-n1000-all-r2.json
