
postgresql benchmark - 34 columns, 10000 rows resident, 1 connection
server 127.0.0.1:15700  table users_082718, books_082718, reservations_082718, loans_082718

phase                      ops       qps   mean us       p0      p25      p50      p95      p99       max   err
---------------------------------------------------------------------------------------------------------------
ddl                          4         0    3283.7   2192.0   2192.0   2274.1   6203.0   6203.0    6203.0     0
load                     19000         0    1444.2   1034.1   1206.3   1271.5   2170.1   5443.2   30434.3     0
pk-user                    200         0      65.0     59.2     60.3     61.0     81.5     90.7     317.6     0
loans-by-user              200         0     409.4    385.5    396.3    407.0    428.8    469.5     790.7     0
loans-by-book              200         0     425.2    403.9    414.4    424.0    446.0    460.7     484.3     0
resv-by-user               200         0     232.9    214.5    223.2    228.6    251.6    259.3     405.9     0
books-by-author            200         0     145.6    131.1    137.7    142.2    163.5    171.2     314.7     0
books-by-genre             200         0     328.8    293.6    317.2    325.4    357.1    427.1     430.6     0
loans-by-daterange         200         0     956.7    496.2    927.6    944.6    988.1   1266.3    2638.1     0
overdue                    200         0     882.8    467.1    891.5    904.2    929.2    936.2     947.0     0
join-loan-user             200         0     439.6    416.3    426.2    441.2    458.9    465.5     587.1     0
join-no-literal            200         0     676.9    649.6    669.3    676.6    693.0    714.0     839.5     0
exists-correlated          200         0    1337.3   1299.2   1325.6   1333.8   1366.1   1418.6    1565.4     0
count-by-user              200         0     414.3    391.1    398.1    407.7    450.4    601.1     725.7     0

  ddl: CREATE TABLE x4
  load: INSERT x all four relations
  pk-user: WHERE id = ? - index scan on the pk, the control
  loans-by-user: WHERE user_id = ? - ~5 matches
  loans-by-book: WHERE book_id = ? - ~5 matches
  resv-by-user: WHERE user_id = ? on reservations
  books-by-author: WHERE author_id = ? - middle selectivity
  books-by-genre: WHERE genre = ? - 1/16 of the relation
  loans-by-daterange: WHERE loaned_day BETWEEN ? AND ? - 30 days
  overdue: WHERE status = ? AND due_day BETWEEN ? AND ?
  join-loan-user: loans JOIN users ON user_id = id
  join-no-literal: JOIN ON l.user_id = u.id, u.id BETWEEN 1 AND 16 - no literal to propagate
  exists-correlated: EXISTS(loans WHERE user_id = users.id), 20 outer rows
  count-by-user: SELECT COUNT(*) ... WHERE user_id = ?

  index mode none (after load), analyze on
  sizes: users=2000, books=2000, reservations=5000, loans=10000
  no Cabin equivalent exists here - a --cabin ckdbs run has no twin column in the comparison
  EXPLAIN:
      loans-by-user: Seq Scan on loans_082718  (cost=0.00..219.00 rows=5 width=8) /   Filter: (user_id = 1)
      books-by-genre: Seq Scan on books_082718  (cost=0.00..50.00 rows=131 width=13) /   Filter: (genre = 3)
      overdue: Seq Scan on loans_082718  (cost=0.00..269.00 rows=1351 width=8) /   Filter: ((due_day >= 19700) AND (due_day <= 20000) AND (status = 2))
      join-no-literal: Hash Join  (cost=8.80..229.10 rows=80 width=17) /   Hash Cond: (l.user_id = u.id) /   ->  Seq Scan on loans_082718 l  (cost=0.00..194.00 rows=10000 width=16) / 
      exists-correlated: Hash Join  (cost=227.93..275.01 rows=20 width=8) /   Hash Cond: (l.user_id = users_082718.id) /   ->  HashAggregate  (cost=219.00..238.88 rows=1988 width=8) /  
  wrote /home/cdkbs/bench-runs/pg18-f2f1ee7/json/s3-pg-n10000-none-r1.json
