
postgresql benchmark - 34 columns, 1000 rows resident, 1 connection
server 127.0.0.1:15700  table users_083729, books_083729, reservations_083729, loans_083729

phase                      ops       qps   mean us       p0      p25      p50      p95      p99       max   err
---------------------------------------------------------------------------------------------------------------
ddl                          4         0    3107.0   1947.9   1947.9   1953.6   4911.5   4911.5    4911.5     0
load                      1900         0    1231.4    907.9   1006.9   1046.1   1887.5   5221.8   14771.0     0
create-index                12         0    2824.9   1336.2   1615.2   1919.3  12136.0  12136.0   12136.0     0
pk-user                    200         0      69.3     64.4     65.6     66.2     82.5     98.7     249.9     0
loans-by-user              200         0      86.6     69.9     80.3     83.8    101.8    106.7     252.3     0
loans-by-book              200         0      82.1     71.2     77.8     80.7    100.0    103.3     108.4     0
resv-by-user               200         0      74.2     62.5     68.7     73.0     87.3     95.1     160.9     0
books-by-author            200         0      78.7     69.1     74.3     76.9     92.1     96.7     181.7     0
books-by-genre             200         0      92.9     80.5     87.9     90.7    111.4    121.9     142.5     0
loans-by-daterange         200         0     170.1    111.3    162.1    167.8    191.1    204.5     287.6     0
overdue                    200         0     131.5     82.5    124.2    129.4    155.5    169.3     191.2     0
join-loan-user             200         0     118.5    102.0    112.0    115.1    139.3    163.4     245.0     0
join-no-literal            200         0     314.0    300.3    305.1    309.8    331.3    341.5     466.4     0
exists-correlated          200         0     202.6    193.7    196.1    198.4    220.6    243.6     265.8     0
count-by-user              200         0      86.0     79.4     82.2     83.5    100.5    110.4     188.6     0

  ddl: CREATE TABLE x4
  load: INSERT x all four relations
  create-index: --index-mode all
  pk-user: WHERE id = ? - index scan on the pk, the control
  loans-by-user: WHERE user_id = ? - ~5 matches
  loans-by-book: WHERE book_id = ? - ~5 matches
  resv-by-user: WHERE user_id = ? on reservations
  books-by-author: WHERE author_id = ? - middle selectivity
  books-by-genre: WHERE genre = ? - 1/16 of the relation
  loans-by-daterange: WHERE loaned_day BETWEEN ? AND ? - 30 days
  overdue: WHERE status = ? AND due_day BETWEEN ? AND ?
  join-loan-user: loans JOIN users ON user_id = id
  join-no-literal: JOIN ON l.user_id = u.id, u.id BETWEEN 1 AND 16 - no literal to propagate
  exists-correlated: EXISTS(loans WHERE user_id = users.id), 20 outer rows
  count-by-user: SELECT COUNT(*) ... WHERE user_id = ?

  index mode all (after load), analyze on
  sizes: users=200, books=200, reservations=500, loans=1000
  no Cabin equivalent exists here - a --cabin ckdbs run has no twin column in the comparison
  EXPLAIN:
      loans-by-user: Bitmap Heap Scan on loans_083729  (cost=4.31..12.79 rows=5 width=8) /   Recheck Cond: (user_id = 1) /   ->  Bitmap Index Scan on loans_user_cov_083729  (cost=0.
      books-by-genre: Seq Scan on books_083729  (cost=0.00..5.50 rows=16 width=13) /   Filter: (genre = 3)
      overdue: Bitmap Heap Scan on loans_083729  (cost=6.00..18.36 rows=135 width=8) /   Recheck Cond: ((status = 2) AND (due_day >= 19700) AND (due_day <= 20000)) /   ->  Bit
      join-no-literal: Hash Join  (cost=6.20..28.88 rows=80 width=17) /   Hash Cond: (l.user_id = u.id) /   ->  Seq Scan on loans_083729 l  (cost=0.00..20.00 rows=1000 width=16) /   -
      exists-correlated: Nested Loop Semi Join  (cost=0.28..31.00 rows=20 width=8) /   ->  Seq Scan on users_083729  (cost=0.00..6.00 rows=20 width=8) /         Filter: ((id >= 1) AND (
  wrote /home/cdkbs/bench-runs/pg18-f2f1ee7/json/s3-pg-n1000-all-r3.json
