
postgresql benchmark - 34 columns, 10000 rows resident, 1 connection
server 127.0.0.1:15700  table users_083800, books_083800, reservations_083800, loans_083800

phase                      ops       qps   mean us       p0      p25      p50      p95      p99       max   err
---------------------------------------------------------------------------------------------------------------
ddl                          4         0    2601.8   1970.4   1970.4   2106.1   3884.2   3884.2    3884.2     0
load                     19000         0    1198.0    896.5   1007.7   1044.8   1739.6   4717.9   25137.8     0
pk-user                    200         0      63.6     59.5     60.2     60.8     77.4     85.2     268.6     0
loans-by-user              200         0     404.6    384.6    395.0    401.5    419.6    430.3     767.1     0
loans-by-book              200         0     420.9    405.3    413.3    420.7    433.0    436.2     445.0     0
resv-by-user               200         0     228.4    216.9    222.6    225.2    240.9    250.8     406.0     0
books-by-author            200         0     142.4    130.7    137.2    139.6    158.5    164.2     288.7     0
books-by-genre             200         0     319.5    289.2    308.9    319.9    339.3    375.1     397.0     0
loans-by-daterange         200         0     942.5    510.2    913.1    932.0    993.8   1334.7    2663.0     0
overdue                    200         0     875.0    468.1    874.4    887.9    925.3   1126.0    1214.4     0
join-loan-user             200         0     426.7    411.8    418.2    425.0    439.2    460.4     561.0     0
join-no-literal            200         0     674.7    648.2    663.3    672.5    695.2    702.9     847.4     0
exists-correlated          200         0    1303.6   1265.3   1283.2   1291.1   1343.0   1568.5    1801.3     0
count-by-user              200         0     397.4    384.4    389.5    392.5    408.7    486.0     532.1     0

  ddl: CREATE TABLE x4
  load: INSERT x all four relations
  pk-user: WHERE id = ? - index scan on the pk, the control
  loans-by-user: WHERE user_id = ? - ~5 matches
  loans-by-book: WHERE book_id = ? - ~5 matches
  resv-by-user: WHERE user_id = ? on reservations
  books-by-author: WHERE author_id = ? - middle selectivity
  books-by-genre: WHERE genre = ? - 1/16 of the relation
  loans-by-daterange: WHERE loaned_day BETWEEN ? AND ? - 30 days
  overdue: WHERE status = ? AND due_day BETWEEN ? AND ?
  join-loan-user: loans JOIN users ON user_id = id
  join-no-literal: JOIN ON l.user_id = u.id, u.id BETWEEN 1 AND 16 - no literal to propagate
  exists-correlated: EXISTS(loans WHERE user_id = users.id), 20 outer rows
  count-by-user: SELECT COUNT(*) ... WHERE user_id = ?

  index mode none (after load), analyze on
  sizes: users=2000, books=2000, reservations=5000, loans=10000
  no Cabin equivalent exists here - a --cabin ckdbs run has no twin column in the comparison
  EXPLAIN:
      loans-by-user: Seq Scan on loans_083800  (cost=0.00..219.00 rows=5 width=8) /   Filter: (user_id = 1)
      books-by-genre: Seq Scan on books_083800  (cost=0.00..50.00 rows=131 width=13) /   Filter: (genre = 3)
      overdue: Seq Scan on loans_083800  (cost=0.00..269.00 rows=1351 width=8) /   Filter: ((due_day >= 19700) AND (due_day <= 20000) AND (status = 2))
      join-no-literal: Hash Join  (cost=8.80..229.10 rows=80 width=17) /   Hash Cond: (l.user_id = u.id) /   ->  Seq Scan on loans_083800 l  (cost=0.00..194.00 rows=10000 width=16) / 
      exists-correlated: Hash Join  (cost=227.93..275.01 rows=20 width=8) /   Hash Cond: (l.user_id = users_083800.id) /   ->  HashAggregate  (cost=219.00..238.88 rows=1988 width=8) /  
  wrote /home/cdkbs/bench-runs/pg18-f2f1ee7/json/s3-pg-n10000-none-r3.json
