
postgresql benchmark - 34 columns, 10000 rows resident, 1 connection
server 127.0.0.1:15700  table users_083653, books_083653, reservations_083653, loans_083653

phase                      ops       qps   mean us       p0      p25      p50      p95      p99       max   err
---------------------------------------------------------------------------------------------------------------
ddl                          4         0    2575.6   1842.9   1842.9   2057.5   3864.1   3864.1    3864.1     0
load                     19000         0    1212.8    907.6   1018.8   1058.2   1798.9   4736.7   24043.5     0
create-index                12         0    4975.5   2042.1   2434.0   4187.6  11973.0  11973.0   11973.0     0
pk-user                    200         0      64.7     60.3     61.4     62.0     75.7     84.0     284.2     0
loans-by-user              200         0      91.6     73.3     81.6     86.0    109.7    127.3     451.4     0
loans-by-book              200         0      83.3     68.4     77.5     80.5    104.0    109.0     153.8     0
resv-by-user               200         0      74.3     62.0     70.2     72.7     90.3     96.5     181.2     0
books-by-author            200         0      80.0     65.5     74.9     77.7     92.8    107.3     195.5     0
books-by-genre             200         0     256.9    230.5    247.2    255.8    275.7    283.3     376.0     0
loans-by-daterange         200         0     937.7    505.4    915.2    930.6    972.1   1180.0    2625.0     0
overdue                    200         0     517.9     88.3    507.9    530.4    595.0    657.5     782.7     0
join-loan-user             200         0     114.0     99.4    107.3    110.8    131.8    138.7     228.9     0
join-no-literal            200         0     681.7    659.2    674.1    680.9    696.8    717.7     861.0     0
exists-correlated          200         0     194.5    186.8    188.9    190.6    209.5    220.2     284.6     0
count-by-user              200         0      85.1     78.0     81.7     82.7     97.1    110.7     196.0     0

  ddl: CREATE TABLE x4
  load: INSERT x all four relations
  create-index: --index-mode all
  pk-user: WHERE id = ? - index scan on the pk, the control
  loans-by-user: WHERE user_id = ? - ~5 matches
  loans-by-book: WHERE book_id = ? - ~5 matches
  resv-by-user: WHERE user_id = ? on reservations
  books-by-author: WHERE author_id = ? - middle selectivity
  books-by-genre: WHERE genre = ? - 1/16 of the relation
  loans-by-daterange: WHERE loaned_day BETWEEN ? AND ? - 30 days
  overdue: WHERE status = ? AND due_day BETWEEN ? AND ?
  join-loan-user: loans JOIN users ON user_id = id
  join-no-literal: JOIN ON l.user_id = u.id, u.id BETWEEN 1 AND 16 - no literal to propagate
  exists-correlated: EXISTS(loans WHERE user_id = users.id), 20 outer rows
  count-by-user: SELECT COUNT(*) ... WHERE user_id = ?

  index mode all (after load), analyze on
  sizes: users=2000, books=2000, reservations=5000, loans=10000
  no Cabin equivalent exists here - a --cabin ckdbs run has no twin column in the comparison
  EXPLAIN:
      loans-by-user: Bitmap Heap Scan on loans_083653  (cost=4.32..20.93 rows=5 width=8) /   Recheck Cond: (user_id = 1) /   ->  Bitmap Index Scan on loans_user_cov_083653  (cost=0.
      books-by-genre: Bitmap Heap Scan on books_083653  (cost=5.29..31.93 rows=131 width=13) /   Recheck Cond: (genre = 3) /   ->  Bitmap Index Scan on books_genre_083653  (cost=0.00
      overdue: Bitmap Heap Scan on loans_083653  (cost=29.51..147.15 rows=1351 width=8) /   Recheck Cond: ((status = 2) AND (due_day >= 19700) AND (due_day <= 20000)) /   ->  
      join-no-literal: Hash Join  (cost=8.80..229.10 rows=80 width=17) /   Hash Cond: (l.user_id = u.id) /   ->  Seq Scan on loans_083653 l  (cost=0.00..194.00 rows=10000 width=16) / 
      exists-correlated: Nested Loop Semi Join  (cost=0.56..120.09 rows=20 width=8) /   ->  Index Only Scan using users_083653_pkey on users_083653  (cost=0.28..8.68 rows=20 width=8) / 
  wrote /home/cdkbs/bench-runs/pg18-f2f1ee7/json/s3-pg-n10000-all-r2.json
