==== g7-c8-group (load 0.10) : 2026-09-02T05:00:23+00:00 ====
AF-T5: 7 groups x 2 relations, cores=8, rows=2000, reps=3, arms interleaved
(the docstring says why the DA2 cell itself cannot answer AF-T5)
  rep 0 creating  wall=  4.572s   3062.0 join/s  p50=  2059.1us  load= 42.81s  split=0/7 cores=1 sess/core=7
  rep 0 rotate    wall=  2.470s   5669.2 join/s  p50=  1065.5us  load= 16.53s  split=7/7 cores=7 sess/core=2
  rep 0 namespace wall=  1.602s   8738.6 join/s  p50=   751.2us  load= 31.70s  split=0/7 cores=7 sess/core=1
  rep 1 creating  wall=  2.494s   5612.4 join/s  p50=  1075.7us  load= 11.69s  split=0/7 cores=1 sess/core=7
  rep 1 rotate    wall=  1.580s   8860.2 join/s  p50=   740.7us  load= 12.86s  split=7/7 cores=7 sess/core=2
  rep 1 namespace wall=  2.336s   5992.2 join/s  p50=   998.4us  load= 31.86s  split=0/7 cores=7 sess/core=1
  rep 2 creating  wall=  2.554s   5480.7 join/s  p50=  1085.8us  load= 12.02s  split=0/7 cores=1 sess/core=7
  rep 2 rotate    wall=  1.600s   8751.6 join/s  p50=   748.4us  load= 13.54s  split=7/7 cores=7 sess/core=2
  rep 2 namespace wall=  1.651s   8482.1 join/s  p50=   764.5us  load= 46.28s  split=0/7 cores=7 sess/core=1

arm         median join/s       min       max        p0       p25       p50       p90       p99      p100  split  cores  errors
creating           5480.7    3062.0    5612.4     296.6    1063.3    1085.8    2153.8    2234.0    3704.6      0      1       0
rotate             8751.6    5669.2    8860.2     322.3     641.2     748.4    1065.4    1546.6    6249.6      7      7       0
namespace          8482.1    5992.2    8738.6     264.3     624.5     764.5    1176.0    1743.9    4783.1      0      7       0

  rotate / creating = 1.597x
  namespace / creating = 1.548x
  namespace / rotate   = 0.969x

wrote bench/v2.8.0/archive/af-t5-namespace-grouping/g7-c8-group.json
==== g7-c8-group done : 2026-09-02T05:05:10+00:00 ====
==== g7-c8-relaxed (load 1.90) : 2026-09-02T05:07:11+00:00 ====
AF-T5: 7 groups x 2 relations, cores=8, rows=2000, reps=3, arms interleaved
(the docstring says why the DA2 cell itself cannot answer AF-T5)
  rep 0 creating  wall=  2.618s   5347.7 join/s  p50=  1100.4us  load=  1.51s  split=0/7 cores=1 sess/core=7
  rep 0 rotate    wall=  1.755s   7976.7 join/s  p50=   816.2us  load=  1.78s  split=7/7 cores=7 sess/core=2
  rep 0 namespace wall=  1.764s   7935.5 join/s  p50=   785.7us  load=  1.81s  split=0/7 cores=7 sess/core=1
  rep 1 creating  wall=  2.557s   5474.9 join/s  p50=  1091.9us  load=  1.51s  split=0/7 cores=1 sess/core=7
  rep 1 rotate    wall=  1.775s   7886.4 join/s  p50=   814.4us  load=  1.77s  split=7/7 cores=7 sess/core=2
  rep 1 namespace wall=  1.787s   7832.3 join/s  p50=   818.8us  load=  1.83s  split=0/7 cores=7 sess/core=1
  rep 2 creating  wall=  2.613s   5357.7 join/s  p50=  1097.2us  load=  1.51s  split=0/7 cores=1 sess/core=7
  rep 2 rotate    wall=  1.777s   7880.4 join/s  p50=   809.0us  load=  1.79s  split=7/7 cores=7 sess/core=2
  rep 2 namespace wall=  1.781s   7860.6 join/s  p50=   816.6us  load=  1.81s  split=0/7 cores=7 sess/core=1

arm         median join/s       min       max        p0       p25       p50       p90       p99      p100  split  cores  errors
creating           5357.7    5347.7    5474.9     203.7    1069.6    1097.2    2169.6    2280.1    3516.1      0      1       0
rotate             7886.4    7880.4    7976.7     298.5     678.2     814.4    1204.0    1829.2    6332.5      7      7       0
namespace          7860.6    7832.3    7935.5     271.9     656.5     816.6    1269.9    1924.8    4210.7      0      7       0

  rotate / creating = 1.472x
  namespace / creating = 1.467x
  namespace / rotate   = 0.997x

wrote bench/v2.8.0/archive/af-t5-namespace-grouping/g7-c8-relaxed.json
==== g7-c8-relaxed done : 2026-09-02T05:08:26+00:00 ====
==== g3-c8-relaxed (load 1.58) : 2026-09-02T05:09:26+00:00 ====
AF-T5: 3 groups x 2 relations, cores=8, rows=2000, reps=3, arms interleaved
(the docstring says why the DA2 cell itself cannot answer AF-T5)
  rep 0 creating  wall=  1.063s   5644.7 join/s  p50=   362.0us  load=  0.38s  split=0/3 cores=1 sess/core=3
  rep 0 rotate    wall=  0.754s   7962.3 join/s  p50=   365.1us  load=  0.70s  split=3/3 cores=6 sess/core=1
  rep 0 namespace wall=  0.749s   8011.2 join/s  p50=   354.0us  load=  0.63s  split=0/3 cores=3 sess/core=1
  rep 1 creating  wall=  1.051s   5711.1 join/s  p50=   355.2us  load=  0.40s  split=0/3 cores=1 sess/core=3
  rep 1 rotate    wall=  0.752s   7976.7 join/s  p50=   369.0us  load=  0.72s  split=3/3 cores=6 sess/core=1
  rep 1 namespace wall=  0.752s   7981.5 join/s  p50=   355.1us  load=  0.63s  split=0/3 cores=3 sess/core=1
  rep 2 creating  wall=  1.094s   5483.2 join/s  p50=   392.2us  load=  0.40s  split=0/3 cores=1 sess/core=3
  rep 2 rotate    wall=  0.744s   8061.0 join/s  p50=   364.0us  load=  0.71s  split=3/3 cores=6 sess/core=1
  rep 2 namespace wall=  0.750s   7999.7 join/s  p50=   355.1us  load=  0.61s  split=0/3 cores=3 sess/core=1

arm         median join/s       min       max        p0       p25       p50       p90       p99      p100  split  cores  errors
creating           5644.7    5483.2    5711.1     205.5     332.4     362.0     697.7     832.3    1202.2      0      1       0
rotate             7976.7    7962.3    8061.0     285.7     351.0     365.1     400.5     463.4    2154.3      3      6       0
namespace          7999.7    7981.5    8011.2     244.0     330.1     355.1     421.2     497.8    2331.2      0      3       0

  rotate / creating = 1.413x
  namespace / creating = 1.417x
  namespace / rotate   = 1.003x

wrote bench/v2.8.0/archive/af-t5-namespace-grouping/g3-c8-relaxed.json
==== g3-c8-relaxed done : 2026-09-02T05:10:20+00:00 ====
DIAG COMPLETE 2026-09-02T05:10:20+00:00
