==== g1-c4 : 2026-09-02T02:45:23+00:00 ====
AF-T5: 1 groups x 2 relations, cores=4, rows=2000, reps=5, arms interleaved
(the docstring says why the DA2 cell itself cannot answer AF-T5)
  rep 0 creating  wall=  0.429s   4664.7 join/s  p50=   208.7us  load=  6.70s  split=0/1 cores=1
  rep 0 rotate    wall=  0.577s   3467.8 join/s  p50=   283.0us  load=  8.49s  split=1/1 cores=2
  rep 0 namespace wall=  0.508s   3939.3 join/s  p50=   247.3us  load= 15.15s  split=0/1 cores=1
  rep 1 creating  wall=  0.429s   4660.2 join/s  p50=   209.5us  load=  5.35s  split=0/1 cores=1
  rep 1 rotate    wall=  0.604s   3311.3 join/s  p50=   299.6us  load=  5.68s  split=1/1 cores=2
  rep 1 namespace wall=  0.515s   3883.9 join/s  p50=   247.0us  load=  5.69s  split=0/1 cores=1
  rep 2 creating  wall=  0.434s   4611.1 join/s  p50=   212.1us  load=  5.03s  split=0/1 cores=1
  rep 2 rotate    wall=  0.561s   3562.7 join/s  p50=   274.6us  load=  5.42s  split=1/1 cores=2
  rep 2 namespace wall=  0.538s   3714.5 join/s  p50=   273.2us  load=  5.33s  split=0/1 cores=1
  rep 3 creating  wall=  0.450s   4449.3 join/s  p50=   211.9us  load=  4.85s  split=0/1 cores=1
  rep 3 rotate    wall=  0.612s   3265.8 join/s  p50=   306.2us  load=  5.50s  split=1/1 cores=2
  rep 3 namespace wall=  0.557s   3590.3 join/s  p50=   278.9us  load=  5.73s  split=0/1 cores=1
  rep 4 creating  wall=  0.468s   4275.3 join/s  p50=   244.7us  load=  5.05s  split=0/1 cores=1
  rep 4 rotate    wall=  0.588s   3402.9 join/s  p50=   293.5us  load=  5.63s  split=1/1 cores=2
  rep 4 namespace wall=  0.564s   3544.4 join/s  p50=   279.1us  load=  5.49s  split=0/1 cores=1

arm         median join/s       min       max        p0       p25       p50       p90       p99      p100  split  cores  errors
creating           4611.1    4275.3    4664.7     202.5     208.9     211.9     228.3     263.3     378.5      0      1       0
rotate             3402.9    3265.8    3562.7     260.4     287.8     293.5     314.1     336.8     472.8      1      2       0
namespace          3714.5    3544.4    3939.3     237.2     247.1     273.2     291.3     310.1     435.9      0      1       0

  rotate / creating = 0.738x
  namespace / creating = 0.806x
  namespace / rotate   = 1.092x

wrote bench/v2.8.0/archive/af-t5-namespace-grouping/g1-c4.json
==== g1-c4 done : 2026-09-02T02:47:51+00:00 ====
==== g2-c4 : 2026-09-02T02:47:51+00:00 ====
AF-T5: 2 groups x 2 relations, cores=4, rows=2000, reps=5, arms interleaved
(the docstring says why the DA2 cell itself cannot answer AF-T5)
  rep 0 creating  wall=  0.669s   5981.8 join/s  p50=   321.1us  load=  9.86s  split=0/2 cores=1
  rep 0 rotate    wall=  0.650s   6150.6 join/s  p50=   323.6us  load=  7.04s  split=2/2 cores=3
  rep 0 namespace wall=  0.632s   6331.8 join/s  p50=   315.1us  load=  6.63s  split=0/2 cores=2
  rep 1 creating  wall=  0.684s   5845.0 join/s  p50=   323.0us  load=  9.78s  split=0/2 cores=1
  rep 1 rotate    wall=  0.593s   6749.8 join/s  p50=   285.1us  load=  7.04s  split=2/2 cores=3
  rep 1 namespace wall=  0.600s   6670.4 join/s  p50=   293.9us  load=  6.21s  split=0/2 cores=2
  rep 2 creating  wall=  0.691s   5792.4 join/s  p50=   323.3us  load=  9.66s  split=0/2 cores=1
  rep 2 rotate    wall=  0.674s   5937.5 join/s  p50=   329.3us  load=  6.86s  split=2/2 cores=3
  rep 2 namespace wall=  0.599s   6678.0 join/s  p50=   292.3us  load=  6.49s  split=0/2 cores=2
  rep 3 creating  wall=  0.690s   5794.3 join/s  p50=   324.1us  load=  9.69s  split=0/2 cores=1
  rep 3 rotate    wall=  0.655s   6104.2 join/s  p50=   324.0us  load=  7.02s  split=2/2 cores=3
  rep 3 namespace wall=  0.615s   6501.7 join/s  p50=   306.3us  load=  6.61s  split=0/2 cores=2
  rep 4 creating  wall=  0.703s   5688.6 join/s  p50=   334.2us  load=  9.90s  split=0/2 cores=1
  rep 4 rotate    wall=  0.645s   6206.0 join/s  p50=   317.5us  load=  6.83s  split=2/2 cores=3
  rep 4 namespace wall=  0.617s   6484.1 join/s  p50=   301.4us  load= 17.20s  split=0/2 cores=2

arm         median join/s       min       max        p0       p25       p50       p90       p99      p100  split  cores  errors
creating           5794.3    5688.6    5981.8     267.5     317.3     323.3     400.0     417.6   12325.1      0      1       0
rotate             6150.6    5937.5    6749.8     264.7     313.6     323.6     341.2     384.5     748.3      2      3       0
namespace          6501.7    6331.8    6678.0     232.7     282.3     301.4     328.8     356.5     566.3      0      2       0

  rotate / creating = 1.061x
  namespace / creating = 1.122x
  namespace / rotate   = 1.057x

wrote bench/v2.8.0/archive/af-t5-namespace-grouping/g2-c4.json
==== g2-c4 done : 2026-09-02T02:50:52+00:00 ====
==== g2-c8 : 2026-09-02T02:50:52+00:00 ====
AF-T5: 2 groups x 2 relations, cores=8, rows=2000, reps=5, arms interleaved
(the docstring says why the DA2 cell itself cannot answer AF-T5)
  rep 0 creating  wall=  0.691s   5791.1 join/s  p50=   341.7us  load= 17.18s  split=0/2 cores=1
  rep 0 rotate    wall=  0.704s   5681.0 join/s  p50=   349.5us  load=  6.64s  split=2/2 cores=4
  rep 0 namespace wall=  0.627s   6383.5 join/s  p50=   305.1us  load=  6.56s  split=0/2 cores=2
  rep 1 creating  wall=  0.701s   5702.2 join/s  p50=   338.9us  load=  9.50s  split=0/2 cores=1
  rep 1 rotate    wall=  0.692s   5781.9 join/s  p50=   339.6us  load=  6.29s  split=2/2 cores=4
  rep 1 namespace wall=  0.632s   6333.1 join/s  p50=   308.1us  load=  6.57s  split=0/2 cores=2
  rep 2 creating  wall=  0.733s   5460.6 join/s  p50=   343.6us  load=  9.71s  split=0/2 cores=1
  rep 2 rotate    wall=  0.668s   5987.7 join/s  p50=   329.5us  load=  6.83s  split=2/2 cores=4
  rep 2 namespace wall=  0.634s   6305.6 join/s  p50=   313.0us  load=  6.59s  split=0/2 cores=2
  rep 3 creating  wall=  0.745s   5369.9 join/s  p50=   345.5us  load=  9.71s  split=0/2 cores=1
  rep 3 rotate    wall=  0.694s   5765.1 join/s  p50=   346.2us  load=  6.93s  split=2/2 cores=4
  rep 3 namespace wall=  0.602s   6639.8 join/s  p50=   291.6us  load=  6.45s  split=0/2 cores=2
  rep 4 creating  wall=  0.685s   5836.1 join/s  p50=   337.5us  load=  9.93s  split=0/2 cores=1
  rep 4 rotate    wall=  0.691s   5788.8 join/s  p50=   339.2us  load=  6.68s  split=2/2 cores=4
  rep 4 namespace wall=  0.611s   6547.6 join/s  p50=   297.1us  load=  6.57s  split=0/2 cores=2

arm         median join/s       min       max        p0       p25       p50       p90       p99      p100  split  cores  errors
creating           5702.2    5369.9    5836.1     240.7     328.5     341.7     365.2     434.6   18091.4      0      1       0
rotate             5781.9    5681.0    5987.7     281.3     329.6     339.6     371.6     402.2    1088.3      2      4       0
namespace          6383.5    6305.6    6639.8     233.3     290.4     305.1     348.2     374.4     700.9      0      2       0

  rotate / creating = 1.014x
  namespace / creating = 1.119x
  namespace / rotate   = 1.104x

wrote bench/v2.8.0/archive/af-t5-namespace-grouping/g2-c8.json
==== g2-c8 done : 2026-09-02T02:54:12+00:00 ====
==== g3-c4 : 2026-09-02T02:54:12+00:00 ====
AF-T5: 3 groups x 2 relations, cores=4, rows=2000, reps=5, arms interleaved
(the docstring says why the DA2 cell itself cannot answer AF-T5)
  rep 0 creating  wall=  1.084s   5534.5 join/s  p50=   380.8us  load= 10.09s  split=0/3 cores=1
  rep 0 rotate    wall=  0.793s   7569.4 join/s  p50=   374.8us  load=  8.66s  split=3/3 cores=3
  rep 0 namespace wall=  0.732s   8192.5 join/s  p50=   350.6us  load=  8.96s  split=0/3 cores=3
  rep 1 creating  wall=  1.046s   5733.6 join/s  p50=   352.5us  load=  9.98s  split=0/3 cores=1
  rep 1 rotate    wall=  0.810s   7406.7 join/s  p50=   381.2us  load=  9.07s  split=3/3 cores=3
  rep 1 namespace wall=  0.793s   7568.5 join/s  p50=   355.8us  load= 14.60s  split=0/3 cores=3
  rep 2 creating  wall=  1.023s   5865.6 join/s  p50=   396.9us  load= 30.28s  split=0/3 cores=1
  rep 2 rotate    wall=  0.805s   7451.9 join/s  p50=   380.7us  load=  8.89s  split=3/3 cores=3
  rep 2 namespace wall=  0.752s   7973.7 join/s  p50=   354.2us  load=  9.16s  split=0/3 cores=3
  rep 3 creating  wall=  1.053s   5700.3 join/s  p50=   393.3us  load=  9.95s  split=0/3 cores=1
  rep 3 rotate    wall=  0.742s   8085.4 join/s  p50=   366.0us  load=  9.01s  split=3/3 cores=3
  rep 3 namespace wall=  0.780s   7696.9 join/s  p50=   357.8us  load=  9.16s  split=0/3 cores=3
  rep 4 creating  wall=  1.024s   5857.6 join/s  p50=   349.5us  load=  9.94s  split=0/3 cores=1
  rep 4 rotate    wall=  0.759s   7901.5 join/s  p50=   369.1us  load=  8.75s  split=3/3 cores=3
  rep 4 namespace wall=  0.747s   8026.9 join/s  p50=   354.2us  load=  8.88s  split=0/3 cores=3

arm         median join/s       min       max        p0       p25       p50       p90       p99      p100  split  cores  errors
creating           5733.6    5534.5    5865.6     244.4     332.6     380.8     687.0     775.0    1169.6      0      1       0
rotate             7569.4    7406.7    8085.4     269.6     359.2     374.8     455.5     496.0    1857.8      3      3       0
namespace          7973.7    7568.5    8192.5     241.2     325.5     354.2     424.0     488.3   10281.0      0      3       0

  rotate / creating = 1.320x
  namespace / creating = 1.391x
  namespace / rotate   = 1.053x

wrote bench/v2.8.0/archive/af-t5-namespace-grouping/g3-c4.json
==== g3-c4 done : 2026-09-02T02:57:54+00:00 ====
==== g3-c8 : 2026-09-02T02:57:54+00:00 ====
AF-T5: 3 groups x 2 relations, cores=8, rows=2000, reps=5, arms interleaved
(the docstring says why the DA2 cell itself cannot answer AF-T5)
  rep 0 creating  wall=  1.060s   5658.0 join/s  p50=   351.8us  load=  9.82s  split=0/3 cores=1
  rep 0 rotate    wall=  0.755s   7945.8 join/s  p50=   366.6us  load=  8.91s  split=3/3 cores=6
  rep 0 namespace wall=  0.758s   7918.8 join/s  p50=   359.8us  load=  8.57s  split=0/3 cores=3
  rep 1 creating  wall=  1.094s   5486.1 join/s  p50=   363.3us  load=  9.67s  split=0/3 cores=1
  rep 1 rotate    wall=  0.774s   7754.4 join/s  p50=   369.4us  load=  9.29s  split=3/3 cores=6
  rep 1 namespace wall=  0.771s   7780.7 join/s  p50=   368.4us  load=  8.98s  split=0/3 cores=3
  rep 2 creating  wall=  1.029s   5830.4 join/s  p50=   351.1us  load= 10.03s  split=0/3 cores=1
  rep 2 rotate    wall=  0.762s   7872.1 join/s  p50=   368.9us  load=  8.72s  split=3/3 cores=6
  rep 2 namespace wall=  0.770s   7787.3 join/s  p50=   359.4us  load=  8.98s  split=0/3 cores=3
  rep 3 creating  wall=  1.084s   5535.2 join/s  p50=   379.1us  load= 10.24s  split=0/3 cores=1
  rep 3 rotate    wall=  0.762s   7869.3 join/s  p50=   370.6us  load= 15.50s  split=3/3 cores=6
  rep 3 namespace wall=  0.760s   7895.5 join/s  p50=   362.5us  load= 19.35s  split=0/3 cores=3
  rep 4 creating  wall=  1.009s   5949.2 join/s  p50=   346.1us  load= 10.00s  split=0/3 cores=1
  rep 4 rotate    wall=  0.762s   7874.3 join/s  p50=   372.8us  load=  9.06s  split=3/3 cores=6
  rep 4 namespace wall=  0.774s   7755.5 join/s  p50=   378.3us  load=  8.80s  split=0/3 cores=3

arm         median join/s       min       max        p0       p25       p50       p90       p99      p100  split  cores  errors
creating           5658.0    5486.1    5949.2     220.9     332.5     351.8     690.2     779.1    1557.7      0      1       0
rotate             7872.1    7754.4    7945.8     286.9     354.2     369.4     407.0     479.1    3373.3      3      6       0
namespace          7787.3    7755.5    7918.8     241.4     339.4     362.5     427.7     494.2     752.3      0      3       0

  rotate / creating = 1.391x
  namespace / creating = 1.376x
  namespace / rotate   = 0.989x

wrote bench/v2.8.0/archive/af-t5-namespace-grouping/g3-c8.json
==== g3-c8 done : 2026-09-02T03:01:53+00:00 ====
==== g7-c4 : 2026-09-02T03:01:53+00:00 ====
