waiting for the box to go quiet: 2026-09-02T04:43:25+00:00
load now 1.72 at 2026-09-02T04:44:05+00:00
==== g7-c8 : 2026-09-02T04:44:05+00:00 ====
AF-T5: 7 groups x 2 relations, cores=8, rows=2000, reps=5, arms interleaved
(the docstring says why the DA2 cell itself cannot answer AF-T5)
  rep 0 creating  wall=  2.504s   5591.5 join/s  p50=  1071.4us  load= 10.61s  split=0/7 cores=1
  rep 0 rotate    wall=  1.618s   8655.1 join/s  p50=   747.4us  load= 13.41s  split=7/7 cores=7
  rep 0 namespace wall=  1.591s   8797.3 join/s  p50=   741.8us  load= 29.70s  split=0/7 cores=7
  rep 1 creating  wall=  2.644s   5294.7 join/s  p50=  1087.4us  load= 18.65s  split=0/7 cores=1
  rep 1 rotate    wall=  1.590s   8807.6 join/s  p50=   744.2us  load= 39.84s  split=7/7 cores=7
  rep 1 namespace wall=  1.740s   8046.1 join/s  p50=   777.6us  load= 47.88s  split=0/7 cores=7
  rep 2 creating  wall=  2.600s   5385.6 join/s  p50=  1106.3us  load= 10.61s  split=0/7 cores=1
  rep 2 rotate    wall=  1.809s   7740.2 join/s  p50=   820.1us  load= 12.98s  split=7/7 cores=7
  rep 2 namespace wall=  1.798s   7787.5 join/s  p50=   808.3us  load= 28.49s  split=0/7 cores=7
  rep 3 creating  wall=  2.601s   5382.1 join/s  p50=  1114.8us  load= 10.88s  split=0/7 cores=1
  rep 3 rotate    wall=  1.767s   7922.0 join/s  p50=   772.8us  load= 13.26s  split=7/7 cores=7
  rep 3 namespace wall=  1.797s   7792.3 join/s  p50=   817.2us  load= 28.15s  split=0/7 cores=7
  rep 4 creating  wall=  2.532s   5529.8 join/s  p50=  1071.8us  load= 10.94s  split=0/7 cores=1
  rep 4 rotate    wall=  1.592s   8794.5 join/s  p50=   741.9us  load= 40.29s  split=7/7 cores=7
  rep 4 namespace wall=  2.293s   6106.2 join/s  p50=  1027.0us  load= 34.11s  split=0/7 cores=7

arm         median join/s       min       max        p0       p25       p50       p90       p99      p100  split  cores  errors
creating           5385.6    5294.7    5591.5     261.3    1055.8    1087.4    2148.3    2273.3    3244.3      0      1       0
rotate             8655.1    7740.2    8807.6     295.3     633.7     747.4    1080.4    1624.0   19389.6      7      7       0
namespace          7792.3    6106.2    8797.3     269.7     649.6     808.3    1274.7    2148.0   18573.7      0      7       0

  rotate / creating = 1.607x
  namespace / creating = 1.447x
  namespace / rotate   = 0.900x

wrote bench/v2.8.0/archive/af-t5-namespace-grouping/g7-c8.json
==== g7-c8 done : 2026-09-02T04:51:49+00:00 ====
