
postgresql benchmark - 34 columns, 1000 rows resident, 1 connection
server 127.0.0.1:15700  table users_083211, books_083211, reservations_083211, loans_083211

phase                      ops       qps   mean us       p0      p25      p50      p95      p99       max   err
---------------------------------------------------------------------------------------------------------------
ddl                          4         0    4612.2   2624.3   2624.3   3080.1   8606.7   8606.7    8606.7     0
load                      1900         0   15053.3   1075.2   1388.0   2203.6  24216.5 445401.2 1358071.2     0
pk-user                    200         0     106.6     68.0     87.2    110.0    144.8    155.7     417.6     0
loans-by-user              200         0     142.0     92.0    105.5    150.8    191.9    221.5     289.2     0
loans-by-book              200         0     129.2     92.6     99.8    111.6    176.5    183.0     184.9     0
resv-by-user               200         0      78.3     70.2     74.1     76.0     91.9     98.4     230.4     0
books-by-author            200         0      70.6     60.8     66.1     68.8     83.9     98.9     161.0     0
books-by-genre             200         0      83.8     72.0     79.4     81.6     98.3    117.4     132.4     0
loans-by-daterange         200         0     163.9    106.1    156.7    162.1    184.1    197.7     258.9     0
overdue                    200         0     150.0    102.7    144.0    148.8    170.6    176.8     192.8     0
join-loan-user             200         0     152.4    121.6    133.8    149.4    196.3    236.5     272.8     0
join-no-literal            200         0     383.8    363.8    375.8    381.6    400.1    417.4     580.1     0
exists-correlated          200         0     333.2    309.9    319.4    329.7    367.1    400.9     434.5     0
count-by-user              200         0     130.4     92.1    109.4    124.4    180.4    195.5     253.7     0

  ddl: CREATE TABLE x4
  load: INSERT x all four relations
  pk-user: WHERE id = ? - index scan on the pk, the control
  loans-by-user: WHERE user_id = ? - ~5 matches
  loans-by-book: WHERE book_id = ? - ~5 matches
  resv-by-user: WHERE user_id = ? on reservations
  books-by-author: WHERE author_id = ? - middle selectivity
  books-by-genre: WHERE genre = ? - 1/16 of the relation
  loans-by-daterange: WHERE loaned_day BETWEEN ? AND ? - 30 days
  overdue: WHERE status = ? AND due_day BETWEEN ? AND ?
  join-loan-user: loans JOIN users ON user_id = id
  join-no-literal: JOIN ON l.user_id = u.id, u.id BETWEEN 1 AND 16 - no literal to propagate
  exists-correlated: EXISTS(loans WHERE user_id = users.id), 20 outer rows
  count-by-user: SELECT COUNT(*) ... WHERE user_id = ?

  index mode none (after load), analyze on
  sizes: users=200, books=200, reservations=500, loans=1000
  no Cabin equivalent exists here - a --cabin ckdbs run has no twin column in the comparison
  EXPLAIN:
      loans-by-user: Seq Scan on loans_083211  (cost=0.00..22.50 rows=5 width=8) /   Filter: (user_id = 1)
      books-by-genre: Seq Scan on books_083211  (cost=0.00..5.50 rows=16 width=13) /   Filter: (genre = 3)
      overdue: Seq Scan on loans_083211  (cost=0.00..27.50 rows=135 width=8) /   Filter: ((due_day >= 19700) AND (due_day <= 20000) AND (status = 2))
      join-no-literal: Hash Join  (cost=6.20..28.88 rows=80 width=17) /   Hash Cond: (l.user_id = u.id) /   ->  Seq Scan on loans_083211 l  (cost=0.00..20.00 rows=1000 width=16) /   -
      exists-correlated: Hash Join  (cost=26.98..33.25 rows=20 width=8) /   Hash Cond: (users_083211.id = l.user_id) /   ->  Seq Scan on users_083211  (cost=0.00..6.00 rows=20 width=8) 
  wrote /home/cdkbs/bench-runs/pg18-f2f1ee7/json/s3-pg-n1000-none-r3.json
