
postgresql benchmark - 34 columns, 10000 rows resident, 1 connection
server 127.0.0.1:15700  table users_083412, books_083412, reservations_083412, loans_083412

phase                      ops       qps   mean us       p0      p25      p50      p95      p99       max   err
---------------------------------------------------------------------------------------------------------------
ddl                          4         0    3872.8   2036.4   2036.4   2913.5   6737.8   6737.8    6737.8     0
load                     19000         0    1247.3    897.5   1023.1   1068.5   1973.1   4987.1  146958.8     0
pk-user                    200         0      88.2     82.3     83.7     84.6    104.9    113.4     283.7     0
loans-by-user              200         0     426.6    407.7    415.9    421.5    442.1    449.5     783.9     0
loans-by-book              200         0     446.2    426.8    436.4    442.8    463.3    474.8     478.1     0
resv-by-user               200         0     239.5    216.5    223.0    235.7    269.6    277.3     416.7     0
books-by-author            200         0     141.1    129.0    136.8    138.8    152.2    158.0     283.7     0
books-by-genre             200         0     321.1    288.5    308.8    319.0    355.3    374.0     400.2     0
loans-by-daterange         200         0     923.2    486.6    899.6    916.2    955.0   1216.4    2585.5     0
overdue                    200         0     865.3    462.9    872.0    883.5    909.6    988.1    1107.7     0
join-loan-user             200         0     452.1    412.3    443.5    450.6    476.5    511.0     571.9     0
join-no-literal            200         0     675.1    642.7    657.5    667.2    705.5    872.0     977.3     0
exists-correlated          200         0    1306.8   1273.1   1288.6   1302.9   1335.1   1393.7    1807.9     0
count-by-user              200         0     407.9    387.1    394.8    408.8    425.2    438.1     532.5     0

  ddl: CREATE TABLE x4
  load: INSERT x all four relations
  pk-user: WHERE id = ? - index scan on the pk, the control
  loans-by-user: WHERE user_id = ? - ~5 matches
  loans-by-book: WHERE book_id = ? - ~5 matches
  resv-by-user: WHERE user_id = ? on reservations
  books-by-author: WHERE author_id = ? - middle selectivity
  books-by-genre: WHERE genre = ? - 1/16 of the relation
  loans-by-daterange: WHERE loaned_day BETWEEN ? AND ? - 30 days
  overdue: WHERE status = ? AND due_day BETWEEN ? AND ?
  join-loan-user: loans JOIN users ON user_id = id
  join-no-literal: JOIN ON l.user_id = u.id, u.id BETWEEN 1 AND 16 - no literal to propagate
  exists-correlated: EXISTS(loans WHERE user_id = users.id), 20 outer rows
  count-by-user: SELECT COUNT(*) ... WHERE user_id = ?

  index mode none (after load), analyze on
  sizes: users=2000, books=2000, reservations=5000, loans=10000
  no Cabin equivalent exists here - a --cabin ckdbs run has no twin column in the comparison
  EXPLAIN:
      loans-by-user: Seq Scan on loans_083412  (cost=0.00..219.00 rows=5 width=8) /   Filter: (user_id = 1)
      books-by-genre: Seq Scan on books_083412  (cost=0.00..50.00 rows=131 width=13) /   Filter: (genre = 3)
      overdue: Seq Scan on loans_083412  (cost=0.00..269.00 rows=1351 width=8) /   Filter: ((due_day >= 19700) AND (due_day <= 20000) AND (status = 2))
      join-no-literal: Hash Join  (cost=8.80..229.10 rows=80 width=17) /   Hash Cond: (l.user_id = u.id) /   ->  Seq Scan on loans_083412 l  (cost=0.00..194.00 rows=10000 width=16) / 
      exists-correlated: Hash Join  (cost=227.93..275.01 rows=20 width=8) /   Hash Cond: (l.user_id = users_083412.id) /   ->  HashAggregate  (cost=219.00..238.88 rows=1988 width=8) /  
  wrote /home/cdkbs/bench-runs/pg18-f2f1ee7/json/s3-pg-n10000-none-r3.json
