
postgresql benchmark - 34 columns, 200 rows resident, 1 connection
server 127.0.0.1:15700  table users_083206, books_083206, reservations_083206, loans_083206

phase                      ops       qps   mean us       p0      p25      p50      p95      p99       max   err
---------------------------------------------------------------------------------------------------------------
ddl                          4         0    3446.8   2034.7   2034.7   2281.8   5078.8   5078.8    5078.8     0
load                       380         0    1543.2   1145.7   1275.0   1326.6   2885.4   5505.3    8822.9     0
pk-user                    200         0      61.3     57.2     58.2     58.7     71.1     85.7     225.1     0
loans-by-user              200         0      72.9     60.7     66.9     70.6     84.3     98.6     289.6     0
loans-by-book              200         0      71.7     62.5     66.7     70.4     85.7     96.5     104.0     0
resv-by-user               200         0      63.1     56.6     60.1     61.5     72.9     86.2     150.1     0
books-by-author            200         0      63.5     56.3     58.5     63.0     74.8     86.4     146.5     0
books-by-genre             200         0      61.2     55.7     58.2     59.7     71.9     83.3     118.2     0
loans-by-daterange         200         0      83.3     67.6     76.4     80.9    102.5    121.3     148.1     0
overdue                    200         0      79.7     67.9     76.0     78.4     94.3    107.3     122.0     0
join-loan-user             200         0      99.6     83.8     93.5     97.1    116.9    123.2     208.2     0
join-no-literal            200         0     222.1    212.7    215.3    217.8    239.3    264.1     383.9     0
exists-correlated          200         0     181.4    166.9    170.0    172.5    220.1    268.5     282.3     0
count-by-user              200         0      74.5     69.0     70.1     71.0     93.4    102.0     199.4     0

  ddl: CREATE TABLE x4
  load: INSERT x all four relations
  pk-user: WHERE id = ? - index scan on the pk, the control
  loans-by-user: WHERE user_id = ? - ~5 matches
  loans-by-book: WHERE book_id = ? - ~5 matches
  resv-by-user: WHERE user_id = ? on reservations
  books-by-author: WHERE author_id = ? - middle selectivity
  books-by-genre: WHERE genre = ? - 1/16 of the relation
  loans-by-daterange: WHERE loaned_day BETWEEN ? AND ? - 30 days
  overdue: WHERE status = ? AND due_day BETWEEN ? AND ?
  join-loan-user: loans JOIN users ON user_id = id
  join-no-literal: JOIN ON l.user_id = u.id, u.id BETWEEN 1 AND 16 - no literal to propagate
  exists-correlated: EXISTS(loans WHERE user_id = users.id), 20 outer rows
  count-by-user: SELECT COUNT(*) ... WHERE user_id = ?

  index mode none (after load), analyze on
  sizes: users=40, books=40, reservations=100, loans=200
  no Cabin equivalent exists here - a --cabin ckdbs run has no twin column in the comparison
  EXPLAIN:
      loans-by-user: Seq Scan on loans_083206  (cost=0.00..4.50 rows=6 width=8) /   Filter: (user_id = 1)
      books-by-genre: Seq Scan on books_083206  (cost=0.00..1.50 rows=3 width=13) /   Filter: (genre = 3)
      overdue: Seq Scan on loans_083206  (cost=0.00..5.50 rows=25 width=8) /   Filter: ((due_day >= 19700) AND (due_day <= 20000) AND (status = 2))
      join-no-literal: Hash Join  (cost=1.79..6.37 rows=75 width=17) /   Hash Cond: (l.user_id = u.id) /   ->  Seq Scan on loans_083206 l  (cost=0.00..4.00 rows=200 width=16) /   ->  
      exists-correlated: Hash Join  (cost=5.38..7.24 rows=19 width=8) /   Hash Cond: (users_083206.id = l.user_id) /   ->  Seq Scan on users_083206  (cost=0.00..1.60 rows=19 width=8) / 
  wrote /home/cdkbs/bench-runs/pg18-f2f1ee7/json/s3-pg-n200-none-r3.json
