
postgresql benchmark - 34 columns, 10000 rows resident, 1 connection
server 127.0.0.1:15700  table users_083438, books_083438, reservations_083438, loans_083438

phase                      ops       qps   mean us       p0      p25      p50      p95      p99       max   err
---------------------------------------------------------------------------------------------------------------
ddl                          4         0    2505.4   1812.1   1812.1   2063.4   3874.1   3874.1    3874.1     0
load                     19000         0    1231.7    899.4   1013.2   1055.5   1978.0   4939.0   22388.7     0
create-index                12         0    5075.2   2185.5   3433.7   5151.1  11798.6  11798.6   11798.6     0
pk-user                    200         0      64.5     58.8     60.2     60.9     76.8     91.7     331.8     0
loans-by-user              200         0      92.3     72.1     81.5     87.2    111.6    123.2     467.5     0
loans-by-book              200         0      85.2     65.8     78.0     81.9    106.1    116.2     127.3     0
resv-by-user               200         0      75.9     61.6     69.4     72.3     95.6    101.4     221.7     0
books-by-author            200         0      80.3     65.4     75.0     77.3     98.0    117.6     211.4     0
books-by-genre             200         0     256.3    228.3    247.0    255.9    275.8    288.6     349.7     0
loans-by-daterange         200         0     930.6    493.7    907.8    920.3    964.6   1187.1    2649.5     0
overdue                    200         0     504.2     86.8    500.4    519.8    571.4    591.5     692.0     0
join-loan-user             200         0     110.3     97.2    104.8    108.2    125.9    134.4     232.1     0
join-no-literal            200         0     694.5    658.7    669.8    676.8    857.6   1042.2    1057.8     0
exists-correlated          200         0     194.7    184.1    186.8    189.0    210.3    259.7     286.6     0
count-by-user              200         0      85.7     78.3     81.3     82.7    102.6    111.8     193.4     0

  ddl: CREATE TABLE x4
  load: INSERT x all four relations
  create-index: --index-mode all
  pk-user: WHERE id = ? - index scan on the pk, the control
  loans-by-user: WHERE user_id = ? - ~5 matches
  loans-by-book: WHERE book_id = ? - ~5 matches
  resv-by-user: WHERE user_id = ? on reservations
  books-by-author: WHERE author_id = ? - middle selectivity
  books-by-genre: WHERE genre = ? - 1/16 of the relation
  loans-by-daterange: WHERE loaned_day BETWEEN ? AND ? - 30 days
  overdue: WHERE status = ? AND due_day BETWEEN ? AND ?
  join-loan-user: loans JOIN users ON user_id = id
  join-no-literal: JOIN ON l.user_id = u.id, u.id BETWEEN 1 AND 16 - no literal to propagate
  exists-correlated: EXISTS(loans WHERE user_id = users.id), 20 outer rows
  count-by-user: SELECT COUNT(*) ... WHERE user_id = ?

  index mode all (after load), analyze on
  sizes: users=2000, books=2000, reservations=5000, loans=10000
  no Cabin equivalent exists here - a --cabin ckdbs run has no twin column in the comparison
  EXPLAIN:
      loans-by-user: Bitmap Heap Scan on loans_083438  (cost=4.32..20.93 rows=5 width=8) /   Recheck Cond: (user_id = 1) /   ->  Bitmap Index Scan on loans_user_cov_083438  (cost=0.
      books-by-genre: Bitmap Heap Scan on books_083438  (cost=5.29..31.93 rows=131 width=13) /   Recheck Cond: (genre = 3) /   ->  Bitmap Index Scan on books_genre_083438  (cost=0.00
      overdue: Bitmap Heap Scan on loans_083438  (cost=29.51..147.15 rows=1351 width=8) /   Recheck Cond: ((status = 2) AND (due_day >= 19700) AND (due_day <= 20000)) /   ->  
      join-no-literal: Hash Join  (cost=8.80..229.10 rows=80 width=17) /   Hash Cond: (l.user_id = u.id) /   ->  Seq Scan on loans_083438 l  (cost=0.00..194.00 rows=10000 width=16) / 
      exists-correlated: Nested Loop Semi Join  (cost=0.56..120.09 rows=20 width=8) /   ->  Index Only Scan using users_083438_pkey on users_083438  (cost=0.28..8.68 rows=20 width=8) / 
  wrote /home/cdkbs/bench-runs/pg18-f2f1ee7/json/s3-pg-n10000-all-r3.json
