
postgresql benchmark - 34 columns, 10000 rows resident, 1 connection
server 127.0.0.1:15700  table users_082839, books_082839, reservations_082839, loans_082839

phase                      ops       qps   mean us       p0      p25      p50      p95      p99       max   err
---------------------------------------------------------------------------------------------------------------
ddl                          4         0    2982.5   2328.5   2328.5   2500.0   4479.3   4479.3    4479.3     0
load                     19000         0    1570.5   1036.0   1244.4   1323.0   2633.7   6292.5  144879.0     0
pk-user                    200         0     290.1    116.4    186.9    239.0    442.3    998.3    3133.0     0
loans-by-user              200         0     901.2    656.9    724.5    783.2   1149.8   3810.8    3896.7     0
loans-by-book              200         0     690.2    543.5    611.6    648.0    994.2   1014.8    1636.1     0
resv-by-user               200         0     350.6    294.9    339.4    347.6    377.9    473.2     518.1     0
books-by-author            200         0     220.5    177.0    211.7    218.0    240.2    258.7     414.3     0
books-by-genre             200         0     533.8    419.8    493.0    534.1    589.0    624.5    1691.4     0
loans-by-daterange         200         0    1844.1    773.5   1764.9   1852.1   2005.2   2682.5    3722.0     0
overdue                    200         0    1514.3    731.5   1471.3   1550.7   1690.2   1726.8    1731.0     0
join-loan-user             200         0     653.5    563.4    636.6    655.8    693.0    739.5     765.1     0
join-no-literal            200         0     974.0    916.3    965.1    976.3    995.7   1006.9    1223.9     0
exists-correlated          200         0    2025.3   1708.1   1975.1   2031.4   2116.4   2184.1    4835.9     0
count-by-user              200         0     674.2    564.4    654.4    684.3    722.3    734.4     797.9     0

  ddl: CREATE TABLE x4
  load: INSERT x all four relations
  pk-user: WHERE id = ? - index scan on the pk, the control
  loans-by-user: WHERE user_id = ? - ~5 matches
  loans-by-book: WHERE book_id = ? - ~5 matches
  resv-by-user: WHERE user_id = ? on reservations
  books-by-author: WHERE author_id = ? - middle selectivity
  books-by-genre: WHERE genre = ? - 1/16 of the relation
  loans-by-daterange: WHERE loaned_day BETWEEN ? AND ? - 30 days
  overdue: WHERE status = ? AND due_day BETWEEN ? AND ?
  join-loan-user: loans JOIN users ON user_id = id
  join-no-literal: JOIN ON l.user_id = u.id, u.id BETWEEN 1 AND 16 - no literal to propagate
  exists-correlated: EXISTS(loans WHERE user_id = users.id), 20 outer rows
  count-by-user: SELECT COUNT(*) ... WHERE user_id = ?

  index mode none (after load), analyze on
  sizes: users=2000, books=2000, reservations=5000, loans=10000
  no Cabin equivalent exists here - a --cabin ckdbs run has no twin column in the comparison
  EXPLAIN:
      loans-by-user: Seq Scan on loans_082839  (cost=0.00..219.00 rows=5 width=8) /   Filter: (user_id = 1)
      books-by-genre: Seq Scan on books_082839  (cost=0.00..50.00 rows=131 width=13) /   Filter: (genre = 3)
      overdue: Seq Scan on loans_082839  (cost=0.00..269.00 rows=1351 width=8) /   Filter: ((due_day >= 19700) AND (due_day <= 20000) AND (status = 2))
      join-no-literal: Hash Join  (cost=8.80..229.10 rows=80 width=17) /   Hash Cond: (l.user_id = u.id) /   ->  Seq Scan on loans_082839 l  (cost=0.00..194.00 rows=10000 width=16) / 
      exists-correlated: Hash Join  (cost=227.93..275.01 rows=20 width=8) /   Hash Cond: (l.user_id = users_082839.id) /   ->  HashAggregate  (cost=219.00..238.88 rows=1988 width=8) /  
  wrote /home/cdkbs/bench-runs/pg18-f2f1ee7/json/s3-pg-n10000-none-r2.json
