loading: users=100 assets=30 accounts~300  (tables suffixed _s0c8g)
  users         100 rows
  assets         30 rows
  accounts      287 rows   (load took 0.6s)
running until 5,000 transactions commit (50 per user, ceiling 60s): 8 trader process(es) + 1 reporting process, 180 simulated days

ckdbs benchmark - 27 columns, 287 rows resident, 9 connections
server 127.0.0.1:15601  table *_s0c8g

phase                      ops       qps   mean us       p0      p25      p50      p95      p99       max   err
---------------------------------------------------------------------------------------------------------------
load-users                 100       711    1406.4   1139.4   1299.1   1351.8   1604.7   2780.4    3751.0     0
load-assets                 30       693    1442.6   1250.0   1290.6   1331.9   2580.8   3040.1    3040.1     0
load-accounts              287       678    1474.4   1079.2   1224.2   1303.3   2510.3   7090.9    8906.6     0
txn                       5000       661   11865.6   5716.1   9779.0  10706.8  19599.4  26259.4   58317.1     0
trade-insert             10000     1,322    2988.4   1186.7   2319.8   2506.4   5504.8   9568.8   48541.2     0
account-update           10000     1,322    2940.5   1192.2   2313.8   2496.4   5305.4   9490.8   38556.1     0
profit-scan                250        33     243.8    143.8    198.4    236.0    329.6    400.9    1065.2     0
profit-insert              250        33    2870.2   1593.3   2085.2   2358.8   5478.5  10015.2   10351.9     0
sync                         1       307    3255.5   3255.5   3255.5   3255.5   3255.5   3255.5    3255.5     0

  load-users: one row per customer
  load-assets: instruments
  load-accounts: 3+-1 per user
  txn: one business transaction: 2 INSERT trades + 2 UPDATE accounts, latency measured across all four; qps here IS the TPS
  trade-insert: clustered-btree append (BTREE since AS-Q6), WAL-logged
  account-update: in-place overwrite after a clustered-btree descent, WAL-logged as HEAP_OVERWRITE
  profit-scan: FilterScan: WHERE user_id = <n>, a non-pk equality, so the whole accounts relation is walked per user
  profit-insert: one user_periodic_profit row per user per period
  sync: page store flushed to the data file

  the four statements are NOT atomic as this tool runs them: the engine has BEGIN/COMMIT (docs/spec/txn.md, built) but this tool does not use them, so a failure between them leaves a trade recorded against balances that never moved. `torn` in the scenario block below counts those.
  balances are computed client-side because UPDATE ... SET takes a literal, not an expression; each trader owns a disjoint account partition so no update can be lost between them, and --verify reads a sample back to confirm it.
  money is int64 minor units - float/decimal columns are refused at CREATE TABLE under the fixed-length rule.
  every statement is WAL-logged - INSERT as HEAP_INSERT, UPDATE as HEAP_OVERWRITE, CREATE TABLE as catalog records (docs/spec/wal.md). Do not measure this on tmpfs, where fsync is free and every durability class looks identical.
  no Cabin (--cabin declares one on accounts.user_id): the reporter's `WHERE user_id = <n>` walks the whole accounts relation per user, per period, which is what a reporting job on an unindexed foreign key costs.
  every relation is BTREE (AS-Q6, 2026-09-08: heap relations are suspended under SUS-1 and measurement is BTREE only for now). trades/user_periodic_profit were HEAP in the AL-S8 files at f6ed10c, so a number from this driver compares only with a number from this driver; a heap accounts relation would in any case make every UPDATE a full chain scan, and the update number a function of --users rather than of the engine.

business scenario
------------------------------------------------------------------------
  users 100   accounts 287   assets 30   simulated span 180 days in 7.6s wall
  transaction = 2 INSERT trades + 2 UPDATE accounts, 8 trader process(es)
  statement grouping  four autocommit statements: four transactions, four durability points (--txn groups them)
  ran to a work target of 5,000 transactions (ceiling was 60s); TPS below is over the 7.6s the work took

  TPS                        660.9   committed transactions/sec
  statements/sec           2,643.8   4 statements per transaction
  committed                  5,000
  torn                           0   partially applied; no transaction was open to roll back (--txn opens one)
  underfunded                  179   skipped before any statement was sent
  per trader          #0:625  #1:625  #2:625  #3:625  #4:625  #5:625  #6:625  #7:625

  cabin               disabled (--cabin declares one on accounts.user_id); the reporting scan above is a FilterScan

  foreign key         none (--fk declares trades.account_id -> accounts)

  reporting process              6 periods, 250 user_periodic_profit rows written
                      one FilterScan of accounts per user per period

  balance verify               200 accounts read back - all match

  trades relation holds 10,000 rows (2 per committed transaction)

  wrote /home/cdkbs/bench-runs/rebaseline-9a0525d/json/r2-s0-c8-g.json
