loading: users=100 assets=30 accounts~300  (tables suffixed _s0c1s)
  users         100 rows
  assets         30 rows
  accounts      287 rows   (load took 0.6s)
running until 5,000 transactions commit (50 per user, ceiling 60s): 8 trader process(es) + 1 reporting process, 180 simulated days

ckdbs benchmark - 27 columns, 287 rows resident, 9 connections
server 127.0.0.1:15602  table *_s0c1s

phase                      ops       qps   mean us       p0      p25      p50      p95      p99       max   err
---------------------------------------------------------------------------------------------------------------
load-users                 100       616    1623.3   1153.1   1257.4   1339.7   2423.7   7771.1   12578.9     0
load-assets                 30       798    1253.5   1153.1   1185.5   1216.6   1451.8   1542.9    1542.9     0
load-accounts              287       739    1352.7   1090.7   1233.5   1293.4   1605.7   2797.5    5445.2     0
txn                       5000       172   43200.5   5106.0  37026.9  40595.4  80020.6  95088.1  116505.9     0
trade-insert             10000       345   10807.9   1235.8   8786.5   9704.3  20580.3  28330.7   50627.6     0
account-update           10000       345   10788.5   1237.4   8785.2   9792.9  20274.9  27380.4   49378.9     0
profit-scan                351        12   21323.6   9191.3  18736.9  19847.4  30287.6  39079.5   46713.1     0
profit-insert              351        12   22416.0  17804.9  19788.2  20824.0  31074.3  40667.5   51648.2     0
sync                         1       254    3929.1   3929.1   3929.1   3929.1   3929.1   3929.1    3929.1     0

  load-users: one row per customer
  load-assets: instruments
  load-accounts: 3+-1 per user
  txn: one business transaction: 2 INSERT trades + 2 UPDATE accounts, latency measured across all four; qps here IS the TPS
  trade-insert: clustered-btree append (BTREE since AS-Q6), WAL-logged
  account-update: in-place overwrite after a clustered-btree descent, WAL-logged as HEAP_OVERWRITE
  profit-scan: FilterScan: WHERE user_id = <n>, a non-pk equality, so the whole accounts relation is walked per user
  profit-insert: one user_periodic_profit row per user per period
  sync: page store flushed to the data file

  the four statements are NOT atomic as this tool runs them: the engine has BEGIN/COMMIT (docs/spec/txn.md, built) but this tool does not use them, so a failure between them leaves a trade recorded against balances that never moved. `torn` in the scenario block below counts those.
  balances are computed client-side because UPDATE ... SET takes a literal, not an expression; each trader owns a disjoint account partition so no update can be lost between them, and --verify reads a sample back to confirm it.
  money is int64 minor units - float/decimal columns are refused at CREATE TABLE under the fixed-length rule.
  every statement is WAL-logged - INSERT as HEAP_INSERT, UPDATE as HEAP_OVERWRITE, CREATE TABLE as catalog records (docs/spec/wal.md). Do not measure this on tmpfs, where fsync is free and every durability class looks identical.
  no Cabin (--cabin declares one on accounts.user_id): the reporter's `WHERE user_id = <n>` walks the whole accounts relation per user, per period, which is what a reporting job on an unindexed foreign key costs.
  every relation is BTREE (AS-Q6, 2026-09-08: heap relations are suspended under SUS-1 and measurement is BTREE only for now). trades/user_periodic_profit were HEAP in the AL-S8 files at f6ed10c, so a number from this driver compares only with a number from this driver; a heap accounts relation would in any case make every UPDATE a full chain scan, and the update number a function of --users rather than of the engine.

business scenario
------------------------------------------------------------------------
  users 100   accounts 287   assets 30   simulated span 180 days in 29.0s wall
  transaction = 2 INSERT trades + 2 UPDATE accounts, 8 trader process(es)
  statement grouping  four autocommit statements: four transactions, four durability points (--txn groups them)
  ran to a work target of 5,000 transactions (ceiling was 60s); TPS below is over the 29.0s the work took

  TPS                        172.5   committed transactions/sec
  statements/sec             690.1   4 statements per transaction
  committed                  5,000
  torn                           0   partially applied; no transaction was open to roll back (--txn opens one)
  underfunded                  179   skipped before any statement was sent
  per trader          #0:625  #1:625  #2:625  #3:625  #4:625  #5:625  #6:625  #7:625

  cabin               disabled (--cabin declares one on accounts.user_id); the reporting scan above is a FilterScan

  foreign key         none (--fk declares trades.account_id -> accounts)

  reporting process              8 periods, 351 user_periodic_profit rows written
                      one FilterScan of accounts per user per period

  balance verify               200 accounts read back - all match

  trades relation holds 10,000 rows (2 per committed transaction)

  wrote /home/cdkbs/bench-runs/rebaseline-9a0525d/json/r2-s0-c1-s.json
