loading: users=100 assets=30 accounts~300  (tables suffixed _s0c8s)
  users         100 rows
  assets         30 rows
  accounts      287 rows   (load took 0.7s)
running until 5,000 transactions commit (50 per user, ceiling 60s): 8 trader process(es) + 1 reporting process, 180 simulated days
  1 statements replied ERR; first: INSERT INTO trades_s0c8s VALUES (275, 8, 1, 99, 367557, 2)  ->  ERR TXN_CONFLICT retryable=1 btree descent for key 113 from page 138 gave up after 5 attempts: each leaf it reached had already given the key away. Either the chain is being split faster than a descent can cross it, or this core is descending from a root that has since grown a level

ckdbs benchmark - 27 columns, 287 rows resident, 9 connections
server 127.0.0.1:15603  table *_s0c8s

phase                      ops       qps   mean us       p0      p25      p50      p95      p99       max   err
---------------------------------------------------------------------------------------------------------------
load-users                 100       636    1572.3   1126.5   1341.0   1402.0   1932.8   6446.8    8359.1     0
load-assets                 30       550    1818.2   1268.7   1364.3   1455.2   5399.5   7467.9    7467.9     0
load-accounts              287       632    1582.8   1186.2   1407.1   1487.8   1903.4   4094.4   12945.9     0
txn                       5001       338   17886.8   5464.6  11244.1  17997.4  31052.2  39089.7   58584.7     1
trade-insert             10002       675    4482.2    345.3   2672.4   4139.3   8530.5  14272.1   50027.7     1
account-update           10002       675    4457.3   1168.4   2662.8   4135.1   8473.7  13831.2   47306.3     0
profit-scan                200        14     182.0    137.3    163.4    173.8    239.2    301.6     388.5     0
profit-insert              200        14    3472.8   1845.2   2459.2   2729.0   7051.8  12572.5   29566.4     0
sync                         1       359    2786.5   2786.5   2786.5   2786.5   2786.5   2786.5    2786.5     0

  load-users: one row per customer
  load-assets: instruments
  load-accounts: 3+-1 per user
  txn: one business transaction: 2 INSERT trades + 2 UPDATE accounts, latency measured across all four; qps here IS the TPS
  txn: 1 error replies, first: ERR partial
  trade-insert: clustered-btree append (BTREE since AS-Q6), WAL-logged
  trade-insert: 1 error replies, first: ERR TXN_CONFLICT retryable=1 btree descent for key 113 from page 138 gave up after 5 attempts: each leaf it reached had already given the key away. Either the chain is being split faster than a descent can cross it, or this core is descending from a root that has since grown a level
  account-update: in-place overwrite after a clustered-btree descent, WAL-logged as HEAP_OVERWRITE
  profit-scan: FilterScan: WHERE user_id = <n>, a non-pk equality, so the whole accounts relation is walked per user
  profit-insert: one user_periodic_profit row per user per period
  sync: page store flushed to the data file

  the four statements are NOT atomic as this tool runs them: the engine has BEGIN/COMMIT (docs/spec/txn.md, built) but this tool does not use them, so a failure between them leaves a trade recorded against balances that never moved. `torn` in the scenario block below counts those.
  balances are computed client-side because UPDATE ... SET takes a literal, not an expression; each trader owns a disjoint account partition so no update can be lost between them, and --verify reads a sample back to confirm it.
  money is int64 minor units - float/decimal columns are refused at CREATE TABLE under the fixed-length rule.
  every statement is WAL-logged - INSERT as HEAP_INSERT, UPDATE as HEAP_OVERWRITE, CREATE TABLE as catalog records (docs/spec/wal.md). Do not measure this on tmpfs, where fsync is free and every durability class looks identical.
  no Cabin (--cabin declares one on accounts.user_id): the reporter's `WHERE user_id = <n>` walks the whole accounts relation per user, per period, which is what a reporting job on an unindexed foreign key costs.
  every relation is BTREE (AS-Q6, 2026-09-08: heap relations are suspended under SUS-1 and measurement is BTREE only for now). trades/user_periodic_profit were HEAP in the AL-S8 files at f6ed10c, so a number from this driver compares only with a number from this driver; a heap accounts relation would in any case make every UPDATE a full chain scan, and the update number a function of --users rather than of the engine.

business scenario
------------------------------------------------------------------------
  users 100   accounts 287   assets 30   simulated span 180 days in 14.8s wall
  transaction = 2 INSERT trades + 2 UPDATE accounts, 8 trader process(es)
  statement grouping  four autocommit statements: four transactions, four durability points (--txn groups them)
  ran to a work target of 5,000 transactions (ceiling was 60s); TPS below is over the 14.8s the work took

  TPS                        337.6   committed transactions/sec
  statements/sec           1,350.4   4 statements per transaction
  committed                  5,000
  torn                           1   partially applied; no transaction was open to roll back (--txn opens one)
  underfunded                  179   skipped before any statement was sent
  per trader          #0:625  #1:625  #2:625  #3:625  #4:625  #5:625  #6:625  #7:625

  cabin               disabled (--cabin declares one on accounts.user_id); the reporting scan above is a FilterScan

  foreign key         none (--fk declares trades.account_id -> accounts)

  reporting process              4 periods, 200 user_periodic_profit rows written
                      one FilterScan of accounts per user per period

  balance verify               200 accounts read back - all match

  trades relation holds 10,001 rows (2 per committed transaction)

  wrote /home/cdkbs/bench-runs/rebaseline-9a0525d/json/r3-s0-c8-s.json
