ok   seed=1 mode=clean faults=none profile=uniform
ok   seed=1 mode=clean faults=none profile=zipfian
ok   seed=1 mode=clean faults=none profile=colliding
ok   seed=1 mode=clean faults=io profile=uniform
ok   seed=1 mode=clean faults=io profile=zipfian
ok   seed=1 mode=clean faults=io profile=colliding
ok   seed=1 mode=sync-crash faults=none profile=uniform
ok   seed=1 mode=sync-crash faults=none profile=zipfian
ok   seed=1 mode=sync-crash faults=none profile=colliding
ok   seed=1 mode=sync-crash faults=io profile=uniform
ok   seed=1 mode=sync-crash faults=io profile=zipfian
ok   seed=1 mode=sync-crash faults=io profile=colliding
ok   seed=1 mode=crash faults=none profile=uniform
ok   seed=1 mode=crash faults=none profile=zipfian
ok   seed=1 mode=crash faults=none profile=colliding
ok   seed=1 mode=crash faults=io profile=uniform
ok   seed=1 mode=crash faults=io profile=zipfian
ok   seed=1 mode=crash faults=io profile=colliding
ok   seed=1 pair
ok   seed=2 mode=clean faults=none profile=uniform
ok   seed=2 mode=clean faults=none profile=zipfian
ok   seed=2 mode=clean faults=none profile=colliding
ok   seed=2 mode=clean faults=io profile=uniform
ok   seed=2 mode=clean faults=io profile=zipfian
ok   seed=2 mode=clean faults=io profile=colliding
ok   seed=2 mode=sync-crash faults=none profile=uniform
ok   seed=2 mode=sync-crash faults=none profile=zipfian
ok   seed=2 mode=sync-crash faults=none profile=colliding
ok   seed=2 mode=sync-crash faults=io profile=uniform
ok   seed=2 mode=sync-crash faults=io profile=zipfian
ok   seed=2 mode=sync-crash faults=io profile=colliding
ok   seed=2 mode=crash faults=none profile=uniform
ok   seed=2 mode=crash faults=none profile=zipfian
ok   seed=2 mode=crash faults=none profile=colliding
ok   seed=2 mode=crash faults=io profile=uniform
ok   seed=2 mode=crash faults=io profile=zipfian
ok   seed=2 mode=crash faults=io profile=colliding
ok   seed=2 pair
ok   seed=3 mode=clean faults=none profile=uniform
ok   seed=3 mode=clean faults=none profile=zipfian
ok   seed=3 mode=clean faults=none profile=colliding
ok   seed=3 mode=clean faults=io profile=uniform
ok   seed=3 mode=clean faults=io profile=zipfian
ok   seed=3 mode=clean faults=io profile=colliding
ok   seed=3 mode=sync-crash faults=none profile=uniform
ok   seed=3 mode=sync-crash faults=none profile=zipfian
ok   seed=3 mode=sync-crash faults=none profile=colliding
ok   seed=3 mode=sync-crash faults=io profile=uniform
ok   seed=3 mode=sync-crash faults=io profile=zipfian
ok   seed=3 mode=sync-crash faults=io profile=colliding
ok   seed=3 mode=crash faults=none profile=uniform
ok   seed=3 mode=crash faults=none profile=zipfian
ok   seed=3 mode=crash faults=none profile=colliding
ok   seed=3 mode=crash faults=io profile=uniform
ok   seed=3 mode=crash faults=io profile=zipfian
ok   seed=3 mode=crash faults=io profile=colliding
ok   seed=3 pair
ok   seed=4 mode=clean faults=none profile=uniform
ok   seed=4 mode=clean faults=none profile=zipfian
ok   seed=4 mode=clean faults=none profile=colliding
ok   seed=4 mode=clean faults=io profile=uniform
ok   seed=4 mode=clean faults=io profile=zipfian
ok   seed=4 mode=clean faults=io profile=colliding
ok   seed=4 mode=sync-crash faults=none profile=uniform
ok   seed=4 mode=sync-crash faults=none profile=zipfian
ok   seed=4 mode=sync-crash faults=none profile=colliding
ok   seed=4 mode=sync-crash faults=io profile=uniform
ok   seed=4 mode=sync-crash faults=io profile=zipfian
ok   seed=4 mode=sync-crash faults=io profile=colliding
ok   seed=4 mode=crash faults=none profile=uniform
ok   seed=4 mode=crash faults=none profile=zipfian
ok   seed=4 mode=crash faults=none profile=colliding
ok   seed=4 mode=crash faults=io profile=uniform
ok   seed=4 mode=crash faults=io profile=zipfian
ok   seed=4 mode=crash faults=io profile=colliding
ok   seed=4 pair
ok   seed=5 mode=clean faults=none profile=uniform
ok   seed=5 mode=clean faults=none profile=zipfian
ok   seed=5 mode=clean faults=none profile=colliding
ok   seed=5 mode=clean faults=io profile=uniform
ok   seed=5 mode=clean faults=io profile=zipfian
ok   seed=5 mode=clean faults=io profile=colliding
ok   seed=5 mode=sync-crash faults=none profile=uniform
ok   seed=5 mode=sync-crash faults=none profile=zipfian
ok   seed=5 mode=sync-crash faults=none profile=colliding
ok   seed=5 mode=sync-crash faults=io profile=uniform
ok   seed=5 mode=sync-crash faults=io profile=zipfian
ok   seed=5 mode=sync-crash faults=io profile=colliding
ok   seed=5 mode=crash faults=none profile=uniform
ok   seed=5 mode=crash faults=none profile=zipfian
ok   seed=5 mode=crash faults=none profile=colliding
ok   seed=5 mode=crash faults=io profile=uniform
ok   seed=5 mode=crash faults=io profile=zipfian
ok   seed=5 mode=crash faults=io profile=colliding
ok   seed=5 pair
ok   seed=20260826003 mode=clean faults=none profile=uniform
ok   seed=20260826003 mode=clean faults=none profile=zipfian
ok   seed=20260826003 mode=clean faults=none profile=colliding
ok   seed=20260826003 mode=clean faults=io profile=uniform
ok   seed=20260826003 mode=clean faults=io profile=zipfian
ok   seed=20260826003 mode=clean faults=io profile=colliding
ok   seed=20260826003 mode=sync-crash faults=none profile=uniform
ok   seed=20260826003 mode=sync-crash faults=none profile=zipfian
ok   seed=20260826003 mode=sync-crash faults=none profile=colliding
ok   seed=20260826003 mode=sync-crash faults=io profile=uniform
ok   seed=20260826003 mode=sync-crash faults=io profile=zipfian
ok   seed=20260826003 mode=sync-crash faults=io profile=colliding
ok   seed=20260826003 mode=crash faults=none profile=uniform
ok   seed=20260826003 mode=crash faults=none profile=zipfian
ok   seed=20260826003 mode=crash faults=none profile=colliding
ok   seed=20260826003 mode=crash faults=io profile=uniform
ok   seed=20260826003 mode=crash faults=io profile=zipfian
ok   seed=20260826003 mode=crash faults=io profile=colliding
ok   seed=20260826003 pair
ok   seed=20260831000 mode=clean faults=none profile=uniform
ok   seed=20260831000 mode=clean faults=none profile=zipfian
ok   seed=20260831000 mode=clean faults=none profile=colliding
ok   seed=20260831000 mode=clean faults=io profile=uniform
ok   seed=20260831000 mode=clean faults=io profile=zipfian
ok   seed=20260831000 mode=clean faults=io profile=colliding
ok   seed=20260831000 mode=sync-crash faults=none profile=uniform
ok   seed=20260831000 mode=sync-crash faults=none profile=zipfian
ok   seed=20260831000 mode=sync-crash faults=none profile=colliding
ok   seed=20260831000 mode=sync-crash faults=io profile=uniform
ok   seed=20260831000 mode=sync-crash faults=io profile=zipfian
ok   seed=20260831000 mode=sync-crash faults=io profile=colliding
ok   seed=20260831000 mode=crash faults=none profile=uniform
ok   seed=20260831000 mode=crash faults=none profile=zipfian
ok   seed=20260831000 mode=crash faults=none profile=colliding
ok   seed=20260831000 mode=crash faults=io profile=uniform
ok   seed=20260831000 mode=crash faults=io profile=zipfian
ok   seed=20260831000 mode=crash faults=io profile=colliding
ok   seed=20260831000 pair
ok   seed=20260831001 mode=clean faults=none profile=uniform
ok   seed=20260831001 mode=clean faults=none profile=zipfian
ok   seed=20260831001 mode=clean faults=none profile=colliding
ok   seed=20260831001 mode=clean faults=io profile=uniform
ok   seed=20260831001 mode=clean faults=io profile=zipfian
ok   seed=20260831001 mode=clean faults=io profile=colliding
ok   seed=20260831001 mode=sync-crash faults=none profile=uniform
ok   seed=20260831001 mode=sync-crash faults=none profile=zipfian
ok   seed=20260831001 mode=sync-crash faults=none profile=colliding
ok   seed=20260831001 mode=sync-crash faults=io profile=uniform
ok   seed=20260831001 mode=sync-crash faults=io profile=zipfian
ok   seed=20260831001 mode=sync-crash faults=io profile=colliding
ok   seed=20260831001 mode=crash faults=none profile=uniform
ok   seed=20260831001 mode=crash faults=none profile=zipfian
ok   seed=20260831001 mode=crash faults=none profile=colliding
ok   seed=20260831001 mode=crash faults=io profile=uniform
ok   seed=20260831001 mode=crash faults=io profile=zipfian
ok   seed=20260831001 mode=crash faults=io profile=colliding
ok   seed=20260831001 pair
ok   seed=20260831002 mode=clean faults=none profile=uniform
ok   seed=20260831002 mode=clean faults=none profile=zipfian
ok   seed=20260831002 mode=clean faults=none profile=colliding
ok   seed=20260831002 mode=clean faults=io profile=uniform
ok   seed=20260831002 mode=clean faults=io profile=zipfian
ok   seed=20260831002 mode=clean faults=io profile=colliding
ok   seed=20260831002 mode=sync-crash faults=none profile=uniform
ok   seed=20260831002 mode=sync-crash faults=none profile=zipfian
ok   seed=20260831002 mode=sync-crash faults=none profile=colliding
ok   seed=20260831002 mode=sync-crash faults=io profile=uniform
ok   seed=20260831002 mode=sync-crash faults=io profile=zipfian
ok   seed=20260831002 mode=sync-crash faults=io profile=colliding
ok   seed=20260831002 mode=crash faults=none profile=uniform
ok   seed=20260831002 mode=crash faults=none profile=zipfian
ok   seed=20260831002 mode=crash faults=none profile=colliding
ok   seed=20260831002 mode=crash faults=io profile=uniform
ok   seed=20260831002 mode=crash faults=io profile=zipfian
ok   seed=20260831002 mode=crash faults=io profile=colliding
ok   seed=20260831002 pair
ok   seed=20260831003 mode=clean faults=none profile=uniform
ok   seed=20260831003 mode=clean faults=none profile=zipfian
ok   seed=20260831003 mode=clean faults=none profile=colliding
ok   seed=20260831003 mode=clean faults=io profile=uniform
ok   seed=20260831003 mode=clean faults=io profile=zipfian
ok   seed=20260831003 mode=clean faults=io profile=colliding
ok   seed=20260831003 mode=sync-crash faults=none profile=uniform
ok   seed=20260831003 mode=sync-crash faults=none profile=zipfian
ok   seed=20260831003 mode=sync-crash faults=none profile=colliding
ok   seed=20260831003 mode=sync-crash faults=io profile=uniform
ok   seed=20260831003 mode=sync-crash faults=io profile=zipfian
ok   seed=20260831003 mode=sync-crash faults=io profile=colliding
ok   seed=20260831003 mode=crash faults=none profile=uniform
ok   seed=20260831003 mode=crash faults=none profile=zipfian
ok   seed=20260831003 mode=crash faults=none profile=colliding
ok   seed=20260831003 mode=crash faults=io profile=uniform
ok   seed=20260831003 mode=crash faults=io profile=zipfian
ok   seed=20260831003 mode=crash faults=io profile=colliding
ok   seed=20260831003 pair
sim: 190 run(s), 0 failure(s)
sim.sh exit=0
