
placed=600 placement=creating cores=2 range_size_ids=512
split_relation_detail=4000:2@2

shape                spread: c0  c1               whole (control): c0  c1      verdict
----------------------------------------------------------------------------------------------------
star                 ok    ok                     ok    ok                     reachable everywhere
star+where-pk        ok    ok                     ok    ok                     reachable everywhere
star+where-nonpk     ok    ok                     ok    ok                     reachable everywhere
star+between         ok    ok                     ok    ok                     reachable everywhere
star+order-pk-asc    ok    ok                     ok    ok                     reachable everywhere
star+order-pk-desc   no-r  no-r                   ok    repl                   refused BY THE SPLIT
star+order-nonpk     no-r  no-r                   ok    repl                   refused BY THE SPLIT
projection           no-r  no-r                   ok    repl                   refused BY THE SPLIT
projection-multi     no-r  no-r                   ok    repl                   refused BY THE SPLIT
limit                no-r  no-r                   ok    ok                     refused BY THE SPLIT
limit+offset         no-r  no-r                   ok    ok                     refused BY THE SPLIT
order+limit          no-r  no-r                   ok    ok                     refused BY THE SPLIT
count                no-r  no-r                   ok    ok                     refused BY THE SPLIT
sum                  no-r  no-r                   ok    ok                     refused BY THE SPLIT
count-distinct       no-r  no-r                   ok    ok                     refused BY THE SPLIT
group-by             no-r  no-r                   ok    repl                   refused BY THE SPLIT

**Separately**: on a peer, these shapes lose their reply against the *unsplit* control and answer UNKNOWN_OUTCOME - statement shipping, not ranges: group-by, projection, projection-multi, star+order-nonpk, star+order-pk-desc

{
  "star": {
    "shape": "star",
    "sql": "SELECT * FROM <rel>",
    "cores": {
      "0": {
        "spread": "ok",
        "whole": "ok",
        "detail": ""
      },
      "1": {
        "spread": "ok",
        "whole": "ok",
        "detail": ""
      }
    }
  },
  "star+where-pk": {
    "shape": "star+where-pk",
    "sql": "SELECT * FROM <rel> WHERE id = 1",
    "cores": {
      "0": {
        "spread": "ok",
        "whole": "ok",
        "detail": ""
      },
      "1": {
        "spread": "ok",
        "whole": "ok",
        "detail": ""
      }
    }
  },
  "star+where-nonpk": {
    "shape": "star+where-nonpk",
    "sql": "SELECT * FROM <rel> WHERE v = 1",
    "cores": {
      "0": {
        "spread": "ok",
        "whole": "ok",
        "detail": ""
      },
      "1": {
        "spread": "ok",
        "whole": "ok",
        "detail": ""
      }
    }
  },
  "star+between": {
    "shape": "star+between",
    "sql": "SELECT * FROM <rel> WHERE id BETWEEN 1 AND 100000",
    "cores": {
      "0": {
        "spread": "ok",
        "whole": "ok",
        "detail": ""
      },
      "1": {
        "spread": "ok",
        "whole": "ok",
        "detail": ""
      }
    }
  },
  "star+order-pk-asc": {
    "shape": "star+order-pk-asc",
    "sql": "SELECT * FROM <rel> ORDER BY id ASC",
    "cores": {
      "0": {
        "spread": "ok",
        "whole": "ok",
        "detail": ""
      },
      "1": {
        "spread": "ok",
        "whole": "ok",
        "detail": ""
      }
    }
  },
  "star+order-pk-desc": {
    "shape": "star+order-pk-desc",
    "sql": "SELECT * FROM <rel> ORDER BY id DESC",
    "cores": {
      "0": {
        "spread": "no-route",
        "whole": "ok",
        "detail": "ERR relation 'spread' has ranges on another core and this shape cannot fan in over them; reading it here would answer short"
      },
      "1": {
        "spread": "no-route",
        "whole": "reply-lost",
        "detail": "ERR relation 'spread' has ranges on another core and this shape cannot fan in over them; reading it here would answer short"
      }
    }
  },
  "star+order-nonpk": {
    "shape": "star+order-nonpk",
    "sql": "SELECT * FROM <rel> ORDER BY v ASC",
    "cores": {
      "0": {
        "spread": "no-route",
        "whole": "ok",
        "detail": "ERR relation 'spread' has ranges on another core and this shape cannot fan in over them; reading it here would answer short"
      },
      "1": {
        "spread": "no-route",
        "whole": "reply-lost",
        "detail": "ERR relation 'spread' has ranges on another core and this shape cannot fan in over them; reading it here would answer short"
      }
    }
  },
  "projection": {
    "shape": "projection",
    "sql": "SELECT id FROM <rel>",
    "cores": {
      "0": {
        "spread": "no-route",
        "whole": "ok",
        "detail": "ERR relation 'spread' has ranges on another core and this shape cannot fan in over them; reading it here would answer short"
      },
      "1": {
        "spread": "no-route",
        "whole": "reply-lost",
        "detail": "ERR relation 'spread' has ranges on another core and this shape cannot fan in over them; reading it here would answer short"
      }
    }
  },
  "projection-multi": {
    "shape": "projection-multi",
    "sql": "SELECT v, id FROM <rel>",
    "cores": {
      "0": {
        "spread": "no-route",
        "whole": "ok",
        "detail": "ERR relation 'spread' has ranges on another core and this shape cannot fan in over them; reading it here would answer short"
      },
      "1": {
        "spread": "no-route",
        "whole": "reply-lost",
        "detail": "ERR relation 'spread' has ranges on another core and this shape cannot fan in over them; reading it here would answer short"
      }
    }
  },
  "limit": {
    "shape": "limit",
    "sql": "SELECT * FROM <rel> LIMIT 2",
    "cores": {
      "0": {
        "spread": "no-route",
        "whole": "ok",
        "detail": "ERR relation 'spread' has ranges on another core and this shape cannot fan in over them; reading it here would answer short"
      },
      "1": {
        "spread": "no-route",
        "whole": "ok",
        "detail": "ERR relation 'spread' has ranges on another core and this shape cannot fan in over them; reading it here would answer short"
      }
    }
  },
  "limit+offset": {
    "shape": "limit+offset",
    "sql": "SELECT * FROM <rel> LIMIT 2 OFFSET 2",
    "cores": {
      "0": {
        "spread": "no-route",
        "whole": "ok",
        "detail": "ERR relation 'spread' has ranges on another core and this shape cannot fan in over them; reading it here would answer short"
      },
      "1": {
        "spread": "no-route",
        "whole": "ok",
        "detail": "ERR relation 'spread' has ranges on another core and this shape cannot fan in over them; reading it here would answer short"
      }
    }
  },
  "order+limit": {
    "shape": "order+limit",
    "sql": "SELECT * FROM <rel> ORDER BY id ASC LIMIT 3",
    "cores": {
      "0": {
        "spread": "no-route",
        "whole": "ok",
        "detail": "ERR relation 'spread' has ranges on another core and this shape cannot fan in over them; reading it here would answer short"
      },
      "1": {
        "spread": "no-route",
        "whole": "ok",
        "detail": "ERR relation 'spread' has ranges on another core and this shape cannot fan in over them; reading it here would answer short"
      }
    }
  },
  "count": {
    "shape": "count",
    "sql": "SELECT COUNT(*) FROM <rel>",
    "cores": {
      "0": {
        "spread": "no-route",
        "whole": "ok",
        "detail": "ERR relation 'spread' has ranges on another core and this shape cannot fan in over them; reading it here would answer short"
      },
      "1": {
        "spread": "no-route",
        "whole": "ok",
        "detail": "ERR relation 'spread' has ranges on another core and this shape cannot fan in over them; reading it here would answer short"
      }
    }
  },
  "sum": {
    "shape": "sum",
    "sql": "SELECT SUM(v) FROM <rel>",
    "cores": {
      "0": {
        "spread": "no-route",
        "whole": "ok",
        "detail": "ERR relation 'spread' has ranges on another core and this shape cannot fan in over them; reading it here would answer short"
      },
      "1": {
        "spread": "no-route",
        "whole": "ok",
        "detail": "ERR relation 'spread' has ranges on another core and this shape cannot fan in over them; reading it here would answer short"
      }
    }
  },
  "count-distinct": {
    "shape": "count-distinct",
    "sql": "SELECT COUNT(DISTINCT v) FROM <rel>",
    "cores": {
      "0": {
        "spread": "no-route",
        "whole": "ok",
        "detail": "ERR relation 'spread' has ranges on another core and this shape cannot fan in over them; reading it here would answer short"
      },
      "1": {
        "spread": "no-route",
        "whole": "ok",
        "detail": "ERR relation 'spread' has ranges on another core and this shape cannot fan in over them; reading it here would answer short"
      }
    }
  },
  "group-by": {
    "shape": "group-by",
    "sql": "SELECT v, COUNT(*) FROM <rel> GROUP BY v",
    "cores": {
      "0": {
        "spread": "no-route",
        "whole": "ok",
        "detail": "ERR relation 'spread' has ranges on another core and this shape cannot fan in over them; reading it here would answer short"
      },
      "1": {
        "spread": "no-route",
        "whole": "reply-lost",
        "detail": "ERR relation 'spread' has ranges on another core and this shape cannot fan in over them; reading it here would answer short"
      }
    }
  }
}
