K | reps pooled | per-row median us: B fk, A fk, B plain, A plain | fk-plain: B, A | paired B-A per row: fk (IQR), plain (IQR) | p25 per row B fk / A fk
K=1      n=163840 | 119.9 119.1 117.2 116.5 | +2.6 +2.6 | fk +0.69 (-7.0..+8.1) plain +0.63 (-6.2..+7.7) | 115.8/115.4  errors=0
K=64     n=2560 | 54.1 54.2 53.0 53.4 | +1.0 +0.7 | fk -0.10 (-1.0..+0.7) plain -0.54 (-22.4..+0.7) | 53.4/53.5  errors=0
K=1024   n=160 | 53.0 53.1 51.6 51.8 | +1.3 +1.3 | fk -0.05 (-1.3..+0.9) plain -0.16 (-2.8..+0.4) | 52.6/52.7  errors=0
K=4096   n=40 | 54.1 54.0 51.4 51.5 | +2.6 +2.6 | fk -0.09 (-7.4..+2.8) plain +0.13 (-3.2..+0.9) | 53.6/53.5  errors=0
K=16384  n=25 | 60.5 61.2 52.2 52.0 | +8.3 +9.1 | fk -0.19 (-4.3..+3.0) plain -0.46 (-3.7..+1.5) | 57.5/57.8  errors=0
engine us/row (sum polled us / rows):
K=1      fk-B 53.8 fk-A 53.2 plain-B 51.7 plain-A 50.9
K=64     fk-B 15.1 fk-A 15.4 plain-B 14.5 plain-A 17.4
K=1024   fk-B 24.6 fk-A 25.3 plain-B 13.3 plain-A 14.7
K=4096   fk-B 15.5 fk-A 16.9 plain-B 13.6 plain-A 14.1
K=16384  fk-B 22.8 fk-A 22.7 plain-B 13.6 plain-A 14.1
fk stmt-by-position (8 octiles) K=16384, pooled runs, us:
fk B 1024 56.7 55.0 54.6 57.5 54.5 132.5 54.4 54.5
fk B 4096 55.5 56.2 54.3 53.8 53.8 53.9 54.5 54.8
fk B 16384 54.7 55.7 56.3 54.7 56.5 57.4 89.5 57.9
fk A 1024 56.8 54.8 54.7 54.6 54.4 136.2 54.4 54.4
fk A 4096 57.9 57.5 58.1 57.6 57.4 57.0 57.0 57.3
fk A 16384 56.2 55.7 54.4 58.2 58.9 58.9 88.8 60.8
plain B 1024 53.3 54.0 52.4 54.0 52.2 52.1 52.4 54.8
plain B 4096 53.2 54.5 52.3 52.3 52.6 54.3 52.9 52.4
plain B 16384 55.0 51.9 51.6 50.3 52.1 51.2 51.6 52.4
plain A 1024 56.2 55.2 54.9 56.3 55.0 54.9 55.2 55.8
plain A 4096 53.6 53.0 52.8 53.2 53.9 54.7 54.3 56.9
plain A 16384 53.5 53.4 54.5 54.6 52.5 51.7 52.3 52.9
