loading: users=100 assets=30 accounts~300  (tables suffixed _s0c1g)
  users         100 rows
  assets         30 rows
  accounts      287 rows   (load took 0.6s)
running until 5,000 transactions commit (50 per user, ceiling 60s): 8 trader process(es) + 1 reporting process, 180 simulated days

ckdbs benchmark - 27 columns, 287 rows resident, 9 connections
server 127.0.0.1:15700  table *_s0c1g

phase                      ops       qps   mean us       p0      p25      p50      p95      p99       max   err
---------------------------------------------------------------------------------------------------------------
load-users                 100       665    1504.6   1130.9   1256.4   1301.8   3115.4   3817.7    5328.7     0
load-assets                 30       789    1267.5   1129.0   1201.6   1282.3   1397.5   1426.2    1426.2     0
load-accounts              287       722    1384.2   1050.3   1171.3   1226.4   1953.9   5438.5   15052.5     0
txn                       5000       650   12285.9   9140.9  10452.1  11045.5  19618.7  27571.3   41013.4     0
trade-insert             10000     1,301    3061.0   1559.2   2539.1   2682.0   5382.6  10224.1   27081.2     0
account-update           10000     1,301    3079.1   2219.7   2548.7   2687.5   5455.9  10621.5   28553.2     0
profit-scan                300        39    1737.0    413.2   1398.9   1477.9   3084.6   5664.3   25610.9     0
profit-insert              300        39    2923.4   2274.3   2494.1   2655.4   4985.7   7483.2   11161.8     0
sync                         1       164    6104.8   6104.8   6104.8   6104.8   6104.8   6104.8    6104.8     0

  load-users: one row per customer
  load-assets: instruments
  load-accounts: 3+-1 per user
  txn: one business transaction: 2 INSERT trades + 2 UPDATE accounts, latency measured across all four; qps here IS the TPS
  trade-insert: clustered-btree append (BTREE since AS-Q6), WAL-logged
  account-update: in-place overwrite after a clustered-btree descent, WAL-logged as HEAP_OVERWRITE
  profit-scan: FilterScan: WHERE user_id = <n>, a non-pk equality, so the whole accounts relation is walked per user
  profit-insert: one user_periodic_profit row per user per period
  sync: page store flushed to the data file

  the four statements are NOT atomic as this tool runs them: the engine has BEGIN/COMMIT (docs/spec/txn.md, built) but this tool does not use them, so a failure between them leaves a trade recorded against balances that never moved. `torn` in the scenario block below counts those.
  balances are computed client-side because UPDATE ... SET takes a literal, not an expression; each trader owns a disjoint account partition so no update can be lost between them, and --verify reads a sample back to confirm it.
  money is int64 minor units - float/decimal columns are refused at CREATE TABLE under the fixed-length rule.
  every statement is WAL-logged - INSERT as HEAP_INSERT, UPDATE as HEAP_OVERWRITE, CREATE TABLE as catalog records (docs/spec/wal.md). Do not measure this on tmpfs, where fsync is free and every durability class looks identical.
  no Cabin (--cabin declares one on accounts.user_id): the reporter's `WHERE user_id = <n>` walks the whole accounts relation per user, per period, which is what a reporting job on an unindexed foreign key costs.
  every relation is BTREE (AS-Q6, 2026-09-08: heap relations are suspended under SUS-1 and measurement is BTREE only for now). trades/user_periodic_profit were HEAP in the AL-S8 files at f6ed10c, so a number from this driver compares only with a number from this driver; a heap accounts relation would in any case make every UPDATE a full chain scan, and the update number a function of --users rather than of the engine.

business scenario
------------------------------------------------------------------------
  users 100   accounts 287   assets 30   simulated span 180 days in 7.7s wall
  transaction = 2 INSERT trades + 2 UPDATE accounts, 8 trader process(es)
  statement grouping  four autocommit statements: four transactions, four durability points (--txn groups them)
  ran to a work target of 5,000 transactions (ceiling was 60s); TPS below is over the 7.7s the work took

  TPS                        650.4   committed transactions/sec
  statements/sec           2,601.5   4 statements per transaction
  committed                  5,000
  torn                           0   partially applied; no transaction was open to roll back (--txn opens one)
  underfunded                  179   skipped before any statement was sent
  per trader          #0:625  #1:625  #2:625  #3:625  #4:625  #5:625  #6:625  #7:625

  cabin               disabled (--cabin declares one on accounts.user_id); the reporting scan above is a FilterScan

  foreign key         none (--fk declares trades.account_id -> accounts)

  reporting process              7 periods, 300 user_periodic_profit rows written
                      one FilterScan of accounts per user per period

  balance verify               200 accounts read back - all match

  trades relation holds 10,000 rows (2 per committed transaction)

  wrote /home/cdkbs/bench-runs/ba-close/s0/json/r2-s0-c1-g.json
