loading: users=100 assets=30 accounts~300  (tables suffixed _s0c1g)
  users         100 rows
  assets         30 rows
  accounts      287 rows   (load took 0.6s)
running until 5,000 transactions commit (50 per user, ceiling 60s): 8 trader process(es) + 1 reporting process, 180 simulated days

ckdbs benchmark - 27 columns, 287 rows resident, 9 connections
server 127.0.0.1:15700  table *_s0c1g

phase                      ops       qps   mean us       p0      p25      p50      p95      p99       max   err
---------------------------------------------------------------------------------------------------------------
load-users                 100       626    1597.7   1154.6   1249.9   1314.5   2088.7   7146.4   11312.2     0
load-assets                 30       688    1454.4   1305.9   1394.9   1439.1   1624.3   1689.2    1689.2     0
load-accounts              287       718    1392.4   1063.4   1230.9   1280.4   1811.8   4053.5    9396.3     0
txn                       5000       651   12265.4   9566.0  10594.7  11170.1  19015.0  24857.9   35070.5     0
trade-insert             10000     1,302    3070.7   1776.3   2586.3   2726.0   5214.4  10281.3   25288.9     0
account-update           10000     1,302    3059.0   2290.8   2588.1   2724.9   5180.6   9723.3   25275.5     0
profit-scan                300        39    1644.8    374.3   1414.5   1484.8   1948.5   8440.8    9348.9     0
profit-insert              300        39    3086.4   2260.5   2509.4   2639.6   5544.5  10322.7   18724.6     0
sync                         1       205    4888.3   4888.3   4888.3   4888.3   4888.3   4888.3    4888.3     0

  load-users: one row per customer
  load-assets: instruments
  load-accounts: 3+-1 per user
  txn: one business transaction: 2 INSERT trades + 2 UPDATE accounts, latency measured across all four; qps here IS the TPS
  trade-insert: clustered-btree append (BTREE since AS-Q6), WAL-logged
  account-update: in-place overwrite after a clustered-btree descent, WAL-logged as HEAP_OVERWRITE
  profit-scan: FilterScan: WHERE user_id = <n>, a non-pk equality, so the whole accounts relation is walked per user
  profit-insert: one user_periodic_profit row per user per period
  sync: page store flushed to the data file

  the four statements are NOT atomic as this tool runs them: the engine has BEGIN/COMMIT (docs/spec/txn.md, built) but this tool does not use them, so a failure between them leaves a trade recorded against balances that never moved. `torn` in the scenario block below counts those.
  balances are computed client-side because UPDATE ... SET takes a literal, not an expression; each trader owns a disjoint account partition so no update can be lost between them, and --verify reads a sample back to confirm it.
  money is int64 minor units - float/decimal columns are refused at CREATE TABLE under the fixed-length rule.
  every statement is WAL-logged - INSERT as HEAP_INSERT, UPDATE as HEAP_OVERWRITE, CREATE TABLE as catalog records (docs/spec/wal.md). Do not measure this on tmpfs, where fsync is free and every durability class looks identical.
  no Cabin (--cabin declares one on accounts.user_id): the reporter's `WHERE user_id = <n>` walks the whole accounts relation per user, per period, which is what a reporting job on an unindexed foreign key costs.
  every relation is BTREE (AS-Q6, 2026-09-08: heap relations are suspended under SUS-1 and measurement is BTREE only for now). trades/user_periodic_profit were HEAP in the AL-S8 files at f6ed10c, so a number from this driver compares only with a number from this driver; a heap accounts relation would in any case make every UPDATE a full chain scan, and the update number a function of --users rather than of the engine.

business scenario
------------------------------------------------------------------------
  users 100   accounts 287   assets 30   simulated span 180 days in 7.7s wall
  transaction = 2 INSERT trades + 2 UPDATE accounts, 8 trader process(es)
  statement grouping  four autocommit statements: four transactions, four durability points (--txn groups them)
  ran to a work target of 5,000 transactions (ceiling was 60s); TPS below is over the 7.7s the work took

  TPS                        651.1   committed transactions/sec
  statements/sec           2,604.5   4 statements per transaction
  committed                  5,000
  torn                           0   partially applied; no transaction was open to roll back (--txn opens one)
  underfunded                  179   skipped before any statement was sent
  per trader          #0:625  #1:625  #2:625  #3:625  #4:625  #5:625  #6:625  #7:625

  cabin               disabled (--cabin declares one on accounts.user_id); the reporting scan above is a FilterScan

  foreign key         none (--fk declares trades.account_id -> accounts)

  reporting process              7 periods, 300 user_periodic_profit rows written
                      one FilterScan of accounts per user per period

  balance verify               200 accounts read back - all match

  trades relation holds 10,000 rows (2 per committed transaction)

  wrote /home/cdkbs/bench-runs/ba-close/s0/json/s0-c1-g.json
