loading: users=100 assets=30 accounts~300  (tables suffixed _1790756587_29943)
  users         100 rows
  assets         30 rows
  accounts      287 rows   (load took 0.0s)
running until 5,000 transactions commit (50 per user, ceiling 60s): 8 trader process(es) + 1 reporting process, 180 simulated days

PostgreSQL 18.6 benchmark - 27 columns, 287 rows resident, 9 connections
server 127.0.0.1:15700  table *_1790756587_29943

phase                      ops       qps   mean us       p0      p25      p50      p95      p99       max   err
---------------------------------------------------------------------------------------------------------------
load-users                 100    13,825      72.3     65.1     67.0     67.9     86.5     94.1     304.3     0
load-assets                 30    13,113      76.3     65.9     67.3     67.8     99.0    218.7     218.7     0
load-accounts              287    14,208      70.4     65.5     66.9     67.5     82.5     99.9     202.1     0
txn                       5000    15,849     478.0    292.0    436.3    465.6    578.6    752.6    2367.0     0
trade-insert             10000    31,698     110.8     61.5     96.3    105.8    143.2    208.0    1293.9     0
account-update           10000    31,698     122.4     75.9    108.7    118.7    156.5    221.6    1099.7     0
profit-scan                  0         0       0.0      0.0      0.0      0.0      0.0      0.0       0.0     0
profit-insert                0         0       0.0      0.0      0.0      0.0      0.0      0.0       0.0     0
checkpoint                   1         7  142419.3 142419.3 142419.3 142419.3 142419.3 142419.3  142419.3     0

  load-users: one row per customer
  load-assets: instruments
  load-accounts: 3+-1 per user
  txn: one business transaction: 2 INSERT trades + 2 UPDATE accounts, latency measured across all four; qps here IS the TPS
  trade-insert: heap append plus one pk index entry (PRIMARY KEY since AS-Q6), WAL-logged, one commit per statement
  account-update: new row version after a pk index scan (MVCC), WAL-logged, one commit per statement
  profit-scan: seqscan: WHERE user_id = <n>, a non-pk equality with no index, so the whole accounts relation is read per user; values are decoded client-side, unlike the benchmark phases
  profit-insert: one user_periodic_profit row per user per period
  checkpoint: server-wide checkpoint; needs a superuser role

  the four statements are NOT one transaction as this tool runs them - four autocommits, matching scenario0_stockmarket.py statement for statement. PostgreSQL would happily wrap them; wrapping them would price the commit, not the statements, and would drive `torn` to zero.
  balances are computed client-side and sent as literals because ckdbs's UPDATE takes a literal, not an expression. `balance = balance - <n>` is expressible here and is deliberately not used; each trader owns a disjoint account partition so no update can be lost between them, and --verify reads a sample back to confirm it.
  money is int64 minor units (bigint cents), not numeric - the type ckdbs can store, and the faster of the two here.
  synchronous_commit = off: writes did NOT wait for a WAL fsync - the analogue of ckdbs durability = relaxed, and not a durable configuration.
  no index on accounts.user_id (--user-id-index creates one): the reporter's `WHERE user_id = <n>` seqscans the whole accounts relation per user, per period, which is what a reporting job on an unindexed foreign key costs.
  every relation carries a PRIMARY KEY on its identity, mirroring the ckdbs run's all-BTREE schema (AS-Q6, 2026-09-08) - so neither engine is paying for an index the other does not have. Through the AL-S8 files at f6ed10c the ckdbs run stored trades/user_periodic_profit HEAP and those two carried no index here, so a number from this driver compares only with a number from this driver.
  PostgreSQL UPDATE writes a new row version and leaves dead tuples behind; autovacuum ran or did not run according to the cluster's settings, and no manual VACUUM was issued between phases.
  latencies include the Python client's own socket cost, as in every tool here.

business scenario
------------------------------------------------------------------------
  users 100   accounts 287   assets 30   simulated span 180 days in 0.3s wall
  transaction = 2 INSERT trades + 2 UPDATE accounts, 8 trader process(es)
  ran to a work target of 5,000 transactions (ceiling was 60s); TPS below is over the 0.3s the work took

  TPS                     15,873.0   committed transactions/sec
  statements/sec          63,492.1   4 statements per transaction
  committed                  5,000
  torn                           0   partially applied; the four statements are four transactions here (--txn groups them)
  underfunded                  179   skipped before any statement was sent
  per trader          #0:625  #1:625  #2:625  #3:625  #4:625  #5:625  #6:625  #7:625

  index               none on accounts.user_id (--user-id-index creates one); the reporting scan above is a seqscan
    index / seq scans        9,288 / 714   92.9% of accounts accesses used an index
    tuples read              9,288 by index, 204,631 by seqscan
    relation + index          0.11 MB   pg_total_relation_size
                      every UPDATE of accounts above maintained the pk index, and the user_id one when present

  reporting process              1 periods, 0 user_periodic_profit rows written
                      one read of accounts per user per period, index scans available

  balance verify               200 accounts read back - all match

  trades relation holds 10,000 rows (2 per committed transaction)

  wrote /home/cdkbs/bench-runs/pg18-f2f1ee7/json/s0-pg-off-r1.json
