  null1 r1: a=1787.1 b=1758.8
  null1 r2: a=1861.1 b=1788.0
  null1 r3: a=1761.7 b=1810.8
  null1 r4: a=1664.5 b=1754.7
  null1 r5: a=1710.9 b=1785.5
  null1 r6: a=1671.6 b=1761.5
  null1 r7: a=None b=None
  null1 r8: a=None b=None
== null1: a=1736.3000000000002 b=1773.5 ratio=1.0357 (0.9607..1.0542) refused a=0 b=0
{
  "null1": {
    "cell": "null1",
    "reps": 8,
    "contended": [],
    "gate_wait_max_s": 0,
    "a_ips_median": 1736.3000000000002,
    "a_ips_min": 1664.5,
    "a_ips_max": 1861.1,
    "a_p0_us": 961.3,
    "a_p25_us": 1924.7,
    "a_p50_us": 2007.1,
    "a_p95_us": 3888.6,
    "a_p99_us": 7150.299999999999,
    "a_attempted": 72000,
    "a_executed": 72000,
    "a_refused": 0,
    "a_retries": 0,
    "a_verify_bad": [],
    "a_classes": {},
    "b_ips_median": 1773.5,
    "b_ips_min": 1754.7,
    "b_ips_max": 1810.8,
    "b_p0_us": 949.05,
    "b_p25_us": 1898.4,
    "b_p50_us": 1974.9,
    "b_p95_us": 3769.45,
    "b_p99_us": 6881.55,
    "b_attempted": 72000,
    "b_executed": 72000,
    "b_refused": 0,
    "b_retries": 0,
    "b_verify_bad": [],
    "b_classes": {},
    "ratio_per_rep": [
      0.9842,
      0.9607,
      1.0279,
      1.0542,
      1.0436,
      1.0538
    ],
    "ratio_median": 1.0357,
    "ratio_min": 0.9607,
    "ratio_max": 1.0542
  }
}
