
ckdbs benchmark - 34 columns, 1000 rows resident, 1 connection
server 127.0.0.1:15620  table users_r2_s3_c1_n1000_none, books_r2_s3_c1_n1000_none, reservations_r2_s3_c1_n1000_none, loans_r2_s3_c1_n1000_none

phase                      ops       qps   mean us       p0      p25      p50      p95      p99       max   err
---------------------------------------------------------------------------------------------------------------
ddl                          4         0    3105.2   1618.0   1618.0   1657.3   7483.4   7483.4    7483.4     0
load                      1900         0    1442.9   1067.9   1243.8   1306.9   2012.1   4489.0   15732.6     0
pk-user                    200         0      73.2     65.3     67.5     70.5     91.6    100.4     162.7     0
loans-by-user              200         0     155.2    136.6    146.6    154.3    174.1    194.9     266.4     0
loans-by-book              200         0     148.4    133.4    142.3    147.0    164.4    172.4     177.1     0
resv-by-user               200         0     106.6     94.4    101.9    105.4    118.4    126.0     128.0     0
books-by-author            200         0     120.8     80.5    116.5    124.8    148.4    168.4     171.0     0
books-by-genre             200         0     132.1     97.3    114.5    129.0    167.9    179.8     219.9     0
loans-by-daterange         200         0     262.2    149.5    249.7    261.3    295.8    324.7     331.7     0
overdue                    200         0     226.9    150.8    217.6    227.3    252.7    259.3     266.8     0
join-loan-user             200         0     162.9    139.9    154.6    161.1    184.1    192.3     210.2     0
join-no-literal            200         0     351.3    337.2    343.6    348.5    365.0    390.6     421.8     0
exists-correlated          200         0     177.6    168.8    170.8    173.1    200.9    207.1     230.1     0
count-by-user              200         0     135.9    128.6    130.7    131.7    158.7    165.1     169.1     0

  ddl: CREATE TABLE x4
  load: INSERT x all four relations
  pk-user: WHERE id = ? - Lookup, the control
  loans-by-user: WHERE user_id = ? - ~5 matches
  loans-by-book: WHERE book_id = ? - ~5 matches
  resv-by-user: WHERE user_id = ? on reservations
  books-by-author: WHERE author_id = ? - middle selectivity
  books-by-genre: WHERE genre = ? - 1/16 of the relation
  loans-by-daterange: WHERE loaned_day BETWEEN ? AND ? - 30 days
  overdue: WHERE status = ? AND due_day BETWEEN ? AND ?
  join-loan-user: loans JOIN users ON user_id = id
  join-no-literal: JOIN ON user_id, u.id BETWEEN 1 AND 16 - no literal to propagate
  exists-correlated: EXISTS(loans.user_id = users.id), 20 outer rows - under --cabin the mean mixes the observation charge
  count-by-user: SELECT COUNT(*) ... WHERE user_id = ?

  index mode none (after load), cabin off, server indexes on
  sizes: users=200, books=200, reservations=500, loans=1000
  ANALYZE (the access kind each shape compiled to):
      loans-by-user: FilterScan
      loans-by-book: FilterScan
      resv-by-user: FilterScan
      books-by-author: FilterScan
      books-by-genre: FilterScan
      loans-by-daterange: Scan
      overdue: FilterScan
      join-no-literal: Range, Scan
      exists-correlated: Range, Scan
  wrote /home/cdkbs/bench-runs/rebaseline-9a0525d/json/r2-s3-c1-n1000-none.json
