
ckdbs benchmark - 34 columns, 10000 rows resident, 1 connection
server 127.0.0.1:15620  table users_r2_s3_c8_n10000_none, books_r2_s3_c8_n10000_none, reservations_r2_s3_c8_n10000_none, loans_r2_s3_c8_n10000_none

phase                      ops       qps   mean us       p0      p25      p50      p95      p99       max   err
---------------------------------------------------------------------------------------------------------------
ddl                          4         0    2013.9   1365.2   1365.2   1563.2   3535.8   3535.8    3535.8     0
load                     19000         0    1563.9   1079.2   1290.2   1362.0   2614.5   6000.5   23199.7     0
pk-user                    200         0      74.3     65.4     67.6     70.2     92.5    115.9     170.0     0
loans-by-user              200         0     829.0    786.4    817.3    828.7    854.3    900.6     972.9     0
loans-by-book              200         0     841.3    780.6    815.8    826.5    896.9   1114.9    1213.7     0
resv-by-user               200         0     427.3    395.5    414.1    426.8    446.7    511.7     604.0     0
books-by-author            200         0     253.0    221.2    237.8    247.9    286.5    362.2     405.6     0
books-by-genre             200         0     608.5    534.3    579.0    592.3    747.2    848.5     884.2     0
loans-by-daterange         200         0    2035.0    931.1   2003.2   2055.0   2158.7   2204.8    2563.9     0
overdue                    200         0    1721.3    950.5   1711.1   1753.7   1865.3   1893.0    1934.2     0
join-loan-user             200         0     844.7    793.5    830.4    838.1    884.4   1054.5    1073.8     0
join-no-literal            200         0    1368.7   1323.5   1341.8   1352.1   1456.6   1784.0    1881.6     0
exists-correlated          200         0     682.8    641.7    667.0    679.1    738.7    753.1     767.0     0
count-by-user              200         0     807.6    768.9    797.6    805.4    829.7    885.1    1003.0     0

  ddl: CREATE TABLE x4
  load: INSERT x all four relations
  pk-user: WHERE id = ? - Lookup, the control
  loans-by-user: WHERE user_id = ? - ~5 matches
  loans-by-book: WHERE book_id = ? - ~5 matches
  resv-by-user: WHERE user_id = ? on reservations
  books-by-author: WHERE author_id = ? - middle selectivity
  books-by-genre: WHERE genre = ? - 1/16 of the relation
  loans-by-daterange: WHERE loaned_day BETWEEN ? AND ? - 30 days
  overdue: WHERE status = ? AND due_day BETWEEN ? AND ?
  join-loan-user: loans JOIN users ON user_id = id
  join-no-literal: JOIN ON user_id, u.id BETWEEN 1 AND 16 - no literal to propagate
  exists-correlated: EXISTS(loans.user_id = users.id), 20 outer rows - under --cabin the mean mixes the observation charge
  count-by-user: SELECT COUNT(*) ... WHERE user_id = ?

  index mode none (after load), cabin off, server indexes on
  sizes: users=2000, books=2000, reservations=5000, loans=10000
  ANALYZE (the access kind each shape compiled to):
      loans-by-user: FilterScan
      loans-by-book: FilterScan
      resv-by-user: FilterScan
      books-by-author: FilterScan
      books-by-genre: FilterScan
      loans-by-daterange: Scan
      overdue: FilterScan
      join-no-literal: Range, Scan
      exists-correlated: Range, Scan
  wrote /home/cdkbs/bench-runs/rebaseline-9a0525d/json/r2-s3-c8-n10000-none.json
