
ckdbs benchmark - 34 columns, 200 rows resident, 1 connection
server 127.0.0.1:15620  table users_r2_s3_c8_n200_all, books_r2_s3_c8_n200_all, reservations_r2_s3_c8_n200_all, loans_r2_s3_c8_n200_all

phase                      ops       qps   mean us       p0      p25      p50      p95      p99       max   err
---------------------------------------------------------------------------------------------------------------
ddl                          4         0    2509.2   1386.2   1386.2   1391.4   3770.7   3770.7    3770.7     0
load                       380         0    1484.8   1132.5   1249.7   1298.8   2064.5   7319.3   13700.9     0
create-index                 8         0    1851.0   1291.4   1312.8   1510.0   4651.0   4651.0    4651.0     0
pk-user                    200         0      95.7     65.7     71.7    101.2    123.8    159.8     186.3     0
loans-by-user              200         0     112.4     66.6     91.7    115.5    147.7    160.1     176.4     0
loans-by-book              200         0     113.5     70.5    100.8    117.7    141.6    149.4     155.1     0
resv-by-user               200         0      97.7     61.9     78.1    104.9    125.3    138.1     154.2     0
books-by-author            200         0     115.3     71.5    106.8    115.6    138.9    145.5     155.9     0
books-by-genre             200         0      97.1     67.2     77.9    102.6    123.8    133.5     143.9     0
loans-by-daterange         200         0     115.3     88.9    103.8    112.6    146.2    158.8     163.2     0
overdue                    200         0     117.0     67.1     88.1     99.3    140.8    513.3    1624.2     0
join-loan-user             200         0     120.1     66.7     98.1    114.8    165.6    181.5     188.9     0
join-no-literal            200         0     322.2    273.7    316.0    322.8    344.1    347.9     361.2     0
exists-correlated          200         0     157.8    138.2    142.4    149.4    196.8    204.8     216.3     0
count-by-user              200         0      78.9     63.1     67.4     70.7    107.9    121.8     123.8     0

  ddl: CREATE TABLE x4
  load: INSERT x all four relations
  create-index: --index-mode all
  pk-user: WHERE id = ? - Lookup, the control
  loans-by-user: WHERE user_id = ? - ~5 matches
  loans-by-book: WHERE book_id = ? - ~5 matches
  resv-by-user: WHERE user_id = ? on reservations
  books-by-author: WHERE author_id = ? - middle selectivity
  books-by-genre: WHERE genre = ? - 1/16 of the relation
  loans-by-daterange: WHERE loaned_day BETWEEN ? AND ? - 30 days
  overdue: WHERE status = ? AND due_day BETWEEN ? AND ?
  join-loan-user: loans JOIN users ON user_id = id
  join-no-literal: JOIN ON user_id, u.id BETWEEN 1 AND 16 - no literal to propagate
  exists-correlated: EXISTS(loans.user_id = users.id), 20 outer rows - under --cabin the mean mixes the observation charge
  count-by-user: SELECT COUNT(*) ... WHERE user_id = ?

  index mode all (after load), cabin off, server indexes on
  sizes: users=40, books=40, reservations=100, loans=200
  ANALYZE (the access kind each shape compiled to):
      loans-by-user: IndexProbe
      loans-by-book: IndexProbe
      resv-by-user: IndexProbe
      books-by-author: IndexProbe
      books-by-genre: IndexProbe
      loans-by-daterange: Scan
      overdue: IndexRange
      join-no-literal: Range, IndexProbe
      exists-correlated: Range, IndexProbe
  SHOW INDEXES:
      indexes=8
      index_oid=1 name=loans_user_r2_s3_c8_n200_all rel=loans_r2_s3_c8_n200_all keys=(user_id) root_page=146 key_width=9 entry_width=17 height=1 entries=200
      index_oid=2 name=loans_book_r2_s3_c8_n200_all rel=loans_r2_s3_c8_n200_all keys=(book_id) root_page=147 key_width=9 entry_width=17 height=1 entries=200
      index_oid=3 name=resv_user_r2_s3_c8_n200_all rel=reservations_r2_s3_c8_n200_all keys=(user_id) root_page=148 key_width=9 entry_width=17 height=1 entries=100
      index_oid=4 name=books_author_r2_s3_c8_n200_all rel=books_r2_s3_c8_n200_all keys=(author_id) root_page=149 key_width=9 entry_width=17 height=1 entries=40
      index_oid=5 name=books_genre_r2_s3_c8_n200_all rel=books_r2_s3_c8_n200_all keys=(genre) root_page=150 key_width=5 entry_width=13 height=1 entries=40
      index_oid=6 name=loans_status_due_r2_s3_c8_n200_all rel=loans_r2_s3_c8_n200_all keys=(status,due_day) root_page=151 key_width=10 entry_width=18 height=1 entries=200
      index_oid=7 name=books_branch_genre_r2_s3_c8_n200_all rel=books_r2_s3_c8_n200_all keys=(branch_id,genre) root_page=152 key_width=10 entry_width=18 height=1 entries=40
      index_oid=8 name=loans_user_cov_r2_s3_c8_n200_all rel=loans_r2_s3_c8_n200_all keys=(user_id) covering=(book_id,due_day,status) root_page=153 key_width=9 entry_width=33 height=1 entries=200
  wrote /home/cdkbs/bench-runs/rebaseline-9a0525d/json/r2-s3-c8-n200-all.json
