
ckdbs benchmark - 34 columns, 10000 rows resident, 1 connection
server 127.0.0.1:15620  table users_r2_s3_c8_n10000_all, books_r2_s3_c8_n10000_all, reservations_r2_s3_c8_n10000_all, loans_r2_s3_c8_n10000_all

phase                      ops       qps   mean us       p0      p25      p50      p95      p99       max   err
---------------------------------------------------------------------------------------------------------------
ddl                          4         0    2037.7   1415.1   1415.1   1418.2   3750.1   3750.1    3750.1     0
load                     19000         0    1525.5   1055.6   1264.4   1332.8   2512.4   5544.7   28579.8     0
create-index                 8         0    8817.5   3681.5   4189.5   7017.2  14000.1  14000.1   14000.1     0
pk-user                    200         0      74.9     62.2     68.2     70.8     92.4    107.5     198.8     0
loans-by-user              200         0     182.6     73.9     89.9     97.4    125.6    145.9   16823.7     0
loans-by-book              200         0      92.3     66.4     81.6     90.7    117.4    131.6     150.6     0
resv-by-user               200         0      85.1     64.6     76.5     82.6    110.3    118.8     131.9     0
books-by-author            200         0      89.7     64.7     81.8     87.5    109.9    126.2     128.7     0
books-by-genre             200         0     487.6    429.0    469.2    488.6    523.5    537.8     561.6     0
loans-by-daterange         200         0    2135.5    995.0   2021.7   2086.7   2735.3   3318.5    3561.5     0
overdue                    200         0    1012.0     91.5    993.3   1044.8   1171.6   1211.4    1611.0     0
join-loan-user             200         0     102.8     80.7     92.1    100.4    131.4    142.9     163.9     0
join-no-literal            200         0     324.7    275.5    293.6    309.0    393.2    410.8     417.7     0
exists-correlated          200         0     150.3    140.0    142.4    145.2    170.8    177.2     179.7     0
count-by-user              200         0      73.9     66.3     69.4     71.8     94.5    102.6     111.2     0

  ddl: CREATE TABLE x4
  load: INSERT x all four relations
  create-index: --index-mode all
  pk-user: WHERE id = ? - Lookup, the control
  loans-by-user: WHERE user_id = ? - ~5 matches
  loans-by-book: WHERE book_id = ? - ~5 matches
  resv-by-user: WHERE user_id = ? on reservations
  books-by-author: WHERE author_id = ? - middle selectivity
  books-by-genre: WHERE genre = ? - 1/16 of the relation
  loans-by-daterange: WHERE loaned_day BETWEEN ? AND ? - 30 days
  overdue: WHERE status = ? AND due_day BETWEEN ? AND ?
  join-loan-user: loans JOIN users ON user_id = id
  join-no-literal: JOIN ON user_id, u.id BETWEEN 1 AND 16 - no literal to propagate
  exists-correlated: EXISTS(loans.user_id = users.id), 20 outer rows - under --cabin the mean mixes the observation charge
  count-by-user: SELECT COUNT(*) ... WHERE user_id = ?

  index mode all (after load), cabin off, server indexes on
  sizes: users=2000, books=2000, reservations=5000, loans=10000
  ANALYZE (the access kind each shape compiled to):
      loans-by-user: IndexProbe
      loans-by-book: IndexProbe
      resv-by-user: IndexProbe
      books-by-author: IndexProbe
      books-by-genre: IndexProbe
      loans-by-daterange: Scan
      overdue: IndexRange
      join-no-literal: Range, IndexProbe
      exists-correlated: Range, IndexProbe
  SHOW INDEXES:
      indexes=8
      index_oid=1 name=loans_user_r2_s3_c8_n10000_all rel=loans_r2_s3_c8_n10000_all keys=(user_id) root_page=402 key_width=9 entry_width=17 height=2 entries=10000
      index_oid=2 name=loans_book_r2_s3_c8_n10000_all rel=loans_r2_s3_c8_n10000_all keys=(book_id) root_page=435 key_width=9 entry_width=17 height=2 entries=10000
      index_oid=3 name=resv_user_r2_s3_c8_n10000_all rel=reservations_r2_s3_c8_n10000_all keys=(user_id) root_page=468 key_width=9 entry_width=17 height=2 entries=5000
      index_oid=4 name=books_author_r2_s3_c8_n10000_all rel=books_r2_s3_c8_n10000_all keys=(author_id) root_page=485 key_width=9 entry_width=17 height=2 entries=2000
      index_oid=5 name=books_genre_r2_s3_c8_n10000_all rel=books_r2_s3_c8_n10000_all keys=(genre) root_page=494 key_width=5 entry_width=13 height=2 entries=2000
      index_oid=6 name=loans_status_due_r2_s3_c8_n10000_all rel=loans_r2_s3_c8_n10000_all keys=(status,due_day) root_page=499 key_width=10 entry_width=18 height=2 entries=10000
      index_oid=7 name=books_branch_genre_r2_s3_c8_n10000_all rel=books_r2_s3_c8_n10000_all keys=(branch_id,genre) root_page=532 key_width=10 entry_width=18 height=2 entries=2000
      index_oid=8 name=loans_user_cov_r2_s3_c8_n10000_all rel=loans_r2_s3_c8_n10000_all keys=(user_id) covering=(book_id,due_day,status) root_page=541 key_width=9 entry_width=33 height=2 entries=10000
  wrote /home/cdkbs/bench-runs/rebaseline-9a0525d/json/r2-s3-c8-n10000-all.json
