
ckdbs benchmark - 34 columns, 1000 rows resident, 1 connection
server 127.0.0.1:15620  table users_r2_s3_c8_n1000_none, books_r2_s3_c8_n1000_none, reservations_r2_s3_c8_n1000_none, loans_r2_s3_c8_n1000_none

phase                      ops       qps   mean us       p0      p25      p50      p95      p99       max   err
---------------------------------------------------------------------------------------------------------------
ddl                          4         0    2359.8   1433.0   1433.0   1450.7   4980.3   4980.3    4980.3     0
load                      1900         0    1481.7   1056.6   1263.6   1322.3   1926.0   5332.8   20879.4     0
pk-user                    200         0      75.4     63.8     67.1     72.5     93.3    113.2     165.3     0
loans-by-user              200         0     179.7    149.6    162.1    172.7    239.2    273.1     529.5     0
loans-by-book              200         0     169.1    144.2    158.6    165.0    197.5    224.4     248.4     0
resv-by-user               200         0     119.7    104.0    112.1    116.9    139.1    148.1     158.3     0
books-by-author            200         0     102.4     80.6     93.3     99.1    131.9    161.1     169.9     0
books-by-genre             200         0     123.9    100.3    114.7    120.6    151.1    176.9     182.2     0
loans-by-daterange         200         0     283.3    166.7    265.8    278.2    336.8    385.7     409.2     0
overdue                    200         0     248.0    157.5    236.1    246.0    281.8    303.1     404.8     0
join-loan-user             200         0     183.7    152.0    171.1    181.0    215.9    225.2     233.1     0
join-no-literal            200         0     388.9    361.4    374.5    383.8    443.0    466.4     487.3     0
exists-correlated          200         0     194.0    180.1    184.3    190.2    217.5    225.4     229.3     0
count-by-user              200         0     149.0    138.9    141.6    144.8    168.9    178.5     189.5     0

  ddl: CREATE TABLE x4
  load: INSERT x all four relations
  pk-user: WHERE id = ? - Lookup, the control
  loans-by-user: WHERE user_id = ? - ~5 matches
  loans-by-book: WHERE book_id = ? - ~5 matches
  resv-by-user: WHERE user_id = ? on reservations
  books-by-author: WHERE author_id = ? - middle selectivity
  books-by-genre: WHERE genre = ? - 1/16 of the relation
  loans-by-daterange: WHERE loaned_day BETWEEN ? AND ? - 30 days
  overdue: WHERE status = ? AND due_day BETWEEN ? AND ?
  join-loan-user: loans JOIN users ON user_id = id
  join-no-literal: JOIN ON user_id, u.id BETWEEN 1 AND 16 - no literal to propagate
  exists-correlated: EXISTS(loans.user_id = users.id), 20 outer rows - under --cabin the mean mixes the observation charge
  count-by-user: SELECT COUNT(*) ... WHERE user_id = ?

  index mode none (after load), cabin off, server indexes on
  sizes: users=200, books=200, reservations=500, loans=1000
  ANALYZE (the access kind each shape compiled to):
      loans-by-user: FilterScan
      loans-by-book: FilterScan
      resv-by-user: FilterScan
      books-by-author: FilterScan
      books-by-genre: FilterScan
      loans-by-daterange: Scan
      overdue: FilterScan
      join-no-literal: Range, Scan
      exists-correlated: Range, Scan
  wrote /home/cdkbs/bench-runs/rebaseline-9a0525d/json/r2-s3-c8-n1000-none.json
