
ckdbs benchmark - 34 columns, 1000 rows resident, 1 connection
server 127.0.0.1:15620  table users_r2_s3_c8_n1000_all, books_r2_s3_c8_n1000_all, reservations_r2_s3_c8_n1000_all, loans_r2_s3_c8_n1000_all

phase                      ops       qps   mean us       p0      p25      p50      p95      p99       max   err
---------------------------------------------------------------------------------------------------------------
ddl                          4         0    2839.9   1529.4   1529.4   1629.4   4171.7   4171.7    4171.7     0
load                      1900         0    1524.7   1087.5   1274.9   1334.9   2313.2   6469.7   17815.9     0
create-index                 8         0    2704.2   1527.6   1582.2   2853.0   4688.6   4688.6    4688.6     0
pk-user                    200         0      76.4     65.4     68.4     73.0     95.4    107.7     168.3     0
loans-by-user              200         0      94.0     67.6     84.7     92.6    119.8    135.0     141.4     0
loans-by-book              200         0      88.6     68.4     80.6     87.0    107.5    120.1     122.6     0
resv-by-user               200         0      79.9     63.7     72.9     77.2    102.0    109.9     110.5     0
books-by-author            200         0      83.6     64.8     76.5     81.3    102.2    109.2     117.8     0
books-by-genre             200         0     113.0     87.4    104.6    111.6    136.3    142.1     147.6     0
loans-by-daterange         200         0     279.6    165.9    265.2    280.4    313.9    324.9     394.6     0
overdue                    200         0     165.2     71.6    153.2    164.3    202.0    213.5     217.9     0
join-loan-user             200         0     104.1     78.0     93.8    102.3    131.8    146.2     158.0     0
join-no-literal            200         0     304.0    282.0    293.3    302.0    329.7    342.5     363.5     0
exists-correlated          200         0     151.8    139.6    143.1    145.6    174.6    183.7     198.5     0
count-by-user              200         0      71.3     63.8     66.8     68.5     91.7     97.7     112.6     0

  ddl: CREATE TABLE x4
  load: INSERT x all four relations
  create-index: --index-mode all
  pk-user: WHERE id = ? - Lookup, the control
  loans-by-user: WHERE user_id = ? - ~5 matches
  loans-by-book: WHERE book_id = ? - ~5 matches
  resv-by-user: WHERE user_id = ? on reservations
  books-by-author: WHERE author_id = ? - middle selectivity
  books-by-genre: WHERE genre = ? - 1/16 of the relation
  loans-by-daterange: WHERE loaned_day BETWEEN ? AND ? - 30 days
  overdue: WHERE status = ? AND due_day BETWEEN ? AND ?
  join-loan-user: loans JOIN users ON user_id = id
  join-no-literal: JOIN ON user_id, u.id BETWEEN 1 AND 16 - no literal to propagate
  exists-correlated: EXISTS(loans.user_id = users.id), 20 outer rows - under --cabin the mean mixes the observation charge
  count-by-user: SELECT COUNT(*) ... WHERE user_id = ?

  index mode all (after load), cabin off, server indexes on
  sizes: users=200, books=200, reservations=500, loans=1000
  ANALYZE (the access kind each shape compiled to):
      loans-by-user: IndexProbe
      loans-by-book: IndexProbe
      resv-by-user: IndexProbe
      books-by-author: IndexProbe
      books-by-genre: IndexProbe
      loans-by-daterange: Scan
      overdue: IndexRange
      join-no-literal: Range, IndexProbe
      exists-correlated: Range, IndexProbe
  SHOW INDEXES:
      indexes=8
      index_oid=1 name=loans_user_r2_s3_c8_n1000_all rel=loans_r2_s3_c8_n1000_all keys=(user_id) root_page=177 key_width=9 entry_width=17 height=2 entries=1000
      index_oid=2 name=loans_book_r2_s3_c8_n1000_all rel=loans_r2_s3_c8_n1000_all keys=(book_id) root_page=182 key_width=9 entry_width=17 height=2 entries=1000
      index_oid=3 name=resv_user_r2_s3_c8_n1000_all rel=reservations_r2_s3_c8_n1000_all keys=(user_id) root_page=186 key_width=9 entry_width=17 height=2 entries=500
      index_oid=4 name=books_author_r2_s3_c8_n1000_all rel=books_r2_s3_c8_n1000_all keys=(author_id) root_page=187 key_width=9 entry_width=17 height=1 entries=200
      index_oid=5 name=books_genre_r2_s3_c8_n1000_all rel=books_r2_s3_c8_n1000_all keys=(genre) root_page=188 key_width=5 entry_width=13 height=1 entries=200
      index_oid=6 name=loans_status_due_r2_s3_c8_n1000_all rel=loans_r2_s3_c8_n1000_all keys=(status,due_day) root_page=191 key_width=10 entry_width=18 height=2 entries=1000
      index_oid=7 name=books_branch_genre_r2_s3_c8_n1000_all rel=books_r2_s3_c8_n1000_all keys=(branch_id,genre) root_page=194 key_width=10 entry_width=18 height=1 entries=200
      index_oid=8 name=loans_user_cov_r2_s3_c8_n1000_all rel=loans_r2_s3_c8_n1000_all keys=(user_id) covering=(book_id,due_day,status) root_page=197 key_width=9 entry_width=33 height=2 entries=1000
  wrote /home/cdkbs/bench-runs/rebaseline-9a0525d/json/r2-s3-c8-n1000-all.json
