
ckdbs benchmark - 34 columns, 200 rows resident, 1 connection
server 127.0.0.1:15620  table users_r2_s3_c1_n200_all, books_r2_s3_c1_n200_all, reservations_r2_s3_c1_n200_all, loans_r2_s3_c1_n200_all

phase                      ops       qps   mean us       p0      p25      p50      p95      p99       max   err
---------------------------------------------------------------------------------------------------------------
ddl                          4         0    1887.0   1221.7   1221.7   1317.8   3648.0   3648.0    3648.0     0
load                       380         0    1549.1   1123.8   1319.6   1380.4   2511.4   5067.9    7130.2     0
create-index                 8         0    1548.5   1275.8   1414.1   1494.4   1913.7   1913.7    1913.7     0
pk-user                    200         0      72.1     65.5     66.8     68.8     87.3    105.0     163.9     0
loans-by-user              200         0      89.2     65.0     79.4     86.7    113.6    123.2     137.1     0
loans-by-book              200         0      84.6     67.7     76.8     84.5     99.0    109.1     115.0     0
resv-by-user               200         0      74.6     62.3     70.7     73.3     86.1     99.1     107.2     0
books-by-author            200         0      79.9     67.0     71.6     81.0     94.4    104.9     110.8     0
books-by-genre             200         0      75.1     66.8     70.8     74.3     90.0     96.0     106.3     0
loans-by-daterange         200         0     106.9     85.7     97.8    105.0    125.9    136.7     140.3     0
overdue                    200         0      86.7     66.0     81.3     85.7    102.3    115.7     118.9     0
join-loan-user             200         0      99.1     73.5     90.5     97.2    123.0    135.2     144.7     0
join-no-literal            200         0     276.8    261.7    268.6    275.1    293.7    301.4     316.0     0
exists-correlated          200         0     141.7    134.0    135.8    137.8    156.6    175.7     214.9     0
count-by-user              200         0      69.1     63.8     66.1     67.6     80.9     90.5      95.2     0

  ddl: CREATE TABLE x4
  load: INSERT x all four relations
  create-index: --index-mode all
  pk-user: WHERE id = ? - Lookup, the control
  loans-by-user: WHERE user_id = ? - ~5 matches
  loans-by-book: WHERE book_id = ? - ~5 matches
  resv-by-user: WHERE user_id = ? on reservations
  books-by-author: WHERE author_id = ? - middle selectivity
  books-by-genre: WHERE genre = ? - 1/16 of the relation
  loans-by-daterange: WHERE loaned_day BETWEEN ? AND ? - 30 days
  overdue: WHERE status = ? AND due_day BETWEEN ? AND ?
  join-loan-user: loans JOIN users ON user_id = id
  join-no-literal: JOIN ON user_id, u.id BETWEEN 1 AND 16 - no literal to propagate
  exists-correlated: EXISTS(loans.user_id = users.id), 20 outer rows - under --cabin the mean mixes the observation charge
  count-by-user: SELECT COUNT(*) ... WHERE user_id = ?

  index mode all (after load), cabin off, server indexes on
  sizes: users=40, books=40, reservations=100, loans=200
  ANALYZE (the access kind each shape compiled to):
      loans-by-user: IndexProbe
      loans-by-book: IndexProbe
      resv-by-user: IndexProbe
      books-by-author: IndexProbe
      books-by-genre: IndexProbe
      loans-by-daterange: Scan
      overdue: IndexRange
      join-no-literal: Range, IndexProbe
      exists-correlated: Range, IndexProbe
  SHOW INDEXES:
      indexes=8
      index_oid=1 name=loans_user_r2_s3_c1_n200_all rel=loans_r2_s3_c1_n200_all keys=(user_id) root_page=145 key_width=9 entry_width=17 height=1 entries=200
      index_oid=2 name=loans_book_r2_s3_c1_n200_all rel=loans_r2_s3_c1_n200_all keys=(book_id) root_page=146 key_width=9 entry_width=17 height=1 entries=200
      index_oid=3 name=resv_user_r2_s3_c1_n200_all rel=reservations_r2_s3_c1_n200_all keys=(user_id) root_page=147 key_width=9 entry_width=17 height=1 entries=100
      index_oid=4 name=books_author_r2_s3_c1_n200_all rel=books_r2_s3_c1_n200_all keys=(author_id) root_page=148 key_width=9 entry_width=17 height=1 entries=40
      index_oid=5 name=books_genre_r2_s3_c1_n200_all rel=books_r2_s3_c1_n200_all keys=(genre) root_page=149 key_width=5 entry_width=13 height=1 entries=40
      index_oid=6 name=loans_status_due_r2_s3_c1_n200_all rel=loans_r2_s3_c1_n200_all keys=(status,due_day) root_page=150 key_width=10 entry_width=18 height=1 entries=200
      index_oid=7 name=books_branch_genre_r2_s3_c1_n200_all rel=books_r2_s3_c1_n200_all keys=(branch_id,genre) root_page=151 key_width=10 entry_width=18 height=1 entries=40
      index_oid=8 name=loans_user_cov_r2_s3_c1_n200_all rel=loans_r2_s3_c1_n200_all keys=(user_id) covering=(book_id,due_day,status) root_page=152 key_width=9 entry_width=33 height=1 entries=200
  wrote /home/cdkbs/bench-runs/rebaseline-9a0525d/json/r2-s3-c1-n200-all.json
