
ckdbs benchmark - 34 columns, 200 rows resident, 1 connection
server 127.0.0.1:15620  table users_r2_s3_c8_n200_none, books_r2_s3_c8_n200_none, reservations_r2_s3_c8_n200_none, loans_r2_s3_c8_n200_none

phase                      ops       qps   mean us       p0      p25      p50      p95      p99       max   err
---------------------------------------------------------------------------------------------------------------
ddl                          4         0    2740.4   1417.5   1417.5   1466.8   6532.5   6532.5    6532.5     0
load                       380         0    1519.4   1116.4   1314.5   1375.8   2325.3   4838.5   10852.1     0
pk-user                    200         0     108.0     78.4     99.7    102.8    128.8    142.8     205.7     0
loans-by-user              200         0     135.3    111.6    127.1    133.8    152.2    163.9     172.6     0
loans-by-book              200         0     130.7    113.3    124.2    129.4    153.1    163.2     166.4     0
resv-by-user               200         0     112.0     99.3    107.5    110.5    130.8    134.7     136.6     0
books-by-author            200         0     113.4    100.5    104.8    112.6    133.8    141.0     168.7     0
books-by-genre             200         0     108.2     99.2    102.7    106.8    126.2    132.2     135.4     0
loans-by-daterange         200         0     142.0    118.9    132.6    139.9    164.6    174.4     184.5     0
overdue                    200         0     132.9    111.7    127.1    131.9    151.1    161.3     162.9     0
join-loan-user             200         0     151.3    117.0    142.0    150.0    173.3    190.5     225.5     0
join-no-literal            200         0     308.9    295.2    300.2    305.2    324.9    346.9     429.7     0
exists-correlated          200         0     173.7    165.5    168.0    169.9    191.9    198.2     215.2     0
count-by-user              200         0     112.2    106.7    108.6    109.5    131.7    136.4     139.5     0

  ddl: CREATE TABLE x4
  load: INSERT x all four relations
  pk-user: WHERE id = ? - Lookup, the control
  loans-by-user: WHERE user_id = ? - ~5 matches
  loans-by-book: WHERE book_id = ? - ~5 matches
  resv-by-user: WHERE user_id = ? on reservations
  books-by-author: WHERE author_id = ? - middle selectivity
  books-by-genre: WHERE genre = ? - 1/16 of the relation
  loans-by-daterange: WHERE loaned_day BETWEEN ? AND ? - 30 days
  overdue: WHERE status = ? AND due_day BETWEEN ? AND ?
  join-loan-user: loans JOIN users ON user_id = id
  join-no-literal: JOIN ON user_id, u.id BETWEEN 1 AND 16 - no literal to propagate
  exists-correlated: EXISTS(loans.user_id = users.id), 20 outer rows - under --cabin the mean mixes the observation charge
  count-by-user: SELECT COUNT(*) ... WHERE user_id = ?

  index mode none (after load), cabin off, server indexes on
  sizes: users=40, books=40, reservations=100, loans=200
  ANALYZE (the access kind each shape compiled to):
      loans-by-user: FilterScan
      loans-by-book: FilterScan
      resv-by-user: FilterScan
      books-by-author: FilterScan
      books-by-genre: FilterScan
      loans-by-daterange: Scan
      overdue: FilterScan
      join-no-literal: Range, Scan
      exists-correlated: Range, Scan
  wrote /home/cdkbs/bench-runs/rebaseline-9a0525d/json/r2-s3-c8-n200-none.json
