
ckdbs benchmark - 34 columns, 1000 rows resident, 1 connection
server 127.0.0.1:15620  table users_r2_s3_c1_n1000_all, books_r2_s3_c1_n1000_all, reservations_r2_s3_c1_n1000_all, loans_r2_s3_c1_n1000_all

phase                      ops       qps   mean us       p0      p25      p50      p95      p99       max   err
---------------------------------------------------------------------------------------------------------------
ddl                          4         0    3819.6   1397.5   1397.5   1520.6  10824.1  10824.1   10824.1     0
load                      1900         0    1582.2   1100.0   1281.8   1349.8   2871.3   6519.3   30270.0     0
create-index                 8         0    3144.2   1569.5   1603.9   2349.5   6676.5   6676.5    6676.5     0
pk-user                    200         0      72.3     65.4     67.4     69.8     87.0     93.5     167.9     0
loans-by-user              200         0      90.0     66.8     82.7     88.7    108.5    114.4     122.7     0
loans-by-book              200         0      85.3     69.0     78.9     84.1    101.6    113.2     117.4     0
resv-by-user               200         0      76.9     63.6     71.9     76.0     90.6     98.4     103.9     0
books-by-author            200         0      81.9     64.3     75.9     80.3     97.0    104.8     123.3     0
books-by-genre             200         0     107.7     87.4    101.9    106.8    130.2    137.9     146.9     0
loans-by-daterange         200         0     259.0    148.3    248.0    256.4    291.2    319.0     387.6     0
overdue                    200         0     155.5     71.8    145.5    154.2    183.6    191.9     200.1     0
join-loan-user             200         0     123.0     72.8     95.9    127.4    163.5    179.9     315.8     0
join-no-literal            200         0     325.1    310.7    318.1    322.5    339.8    344.9     346.5     0
exists-correlated          200         0     160.9    134.3    137.3    152.4    196.9    240.7     251.7     0
count-by-user              200         0      68.0     62.9     65.6     66.8     78.5     84.3      91.0     0

  ddl: CREATE TABLE x4
  load: INSERT x all four relations
  create-index: --index-mode all
  pk-user: WHERE id = ? - Lookup, the control
  loans-by-user: WHERE user_id = ? - ~5 matches
  loans-by-book: WHERE book_id = ? - ~5 matches
  resv-by-user: WHERE user_id = ? on reservations
  books-by-author: WHERE author_id = ? - middle selectivity
  books-by-genre: WHERE genre = ? - 1/16 of the relation
  loans-by-daterange: WHERE loaned_day BETWEEN ? AND ? - 30 days
  overdue: WHERE status = ? AND due_day BETWEEN ? AND ?
  join-loan-user: loans JOIN users ON user_id = id
  join-no-literal: JOIN ON user_id, u.id BETWEEN 1 AND 16 - no literal to propagate
  exists-correlated: EXISTS(loans.user_id = users.id), 20 outer rows - under --cabin the mean mixes the observation charge
  count-by-user: SELECT COUNT(*) ... WHERE user_id = ?

  index mode all (after load), cabin off, server indexes on
  sizes: users=200, books=200, reservations=500, loans=1000
  ANALYZE (the access kind each shape compiled to):
      loans-by-user: IndexProbe
      loans-by-book: IndexProbe
      resv-by-user: IndexProbe
      books-by-author: IndexProbe
      books-by-genre: IndexProbe
      loans-by-daterange: Scan
      overdue: IndexRange
      join-no-literal: Range, IndexProbe
      exists-correlated: Range, IndexProbe
  SHOW INDEXES:
      indexes=8
      index_oid=1 name=loans_user_r2_s3_c1_n1000_all rel=loans_r2_s3_c1_n1000_all keys=(user_id) root_page=168 key_width=9 entry_width=17 height=2 entries=1000
      index_oid=2 name=loans_book_r2_s3_c1_n1000_all rel=loans_r2_s3_c1_n1000_all keys=(book_id) root_page=173 key_width=9 entry_width=17 height=2 entries=1000
      index_oid=3 name=resv_user_r2_s3_c1_n1000_all rel=reservations_r2_s3_c1_n1000_all keys=(user_id) root_page=177 key_width=9 entry_width=17 height=2 entries=500
      index_oid=4 name=books_author_r2_s3_c1_n1000_all rel=books_r2_s3_c1_n1000_all keys=(author_id) root_page=178 key_width=9 entry_width=17 height=1 entries=200
      index_oid=5 name=books_genre_r2_s3_c1_n1000_all rel=books_r2_s3_c1_n1000_all keys=(genre) root_page=179 key_width=5 entry_width=13 height=1 entries=200
      index_oid=6 name=loans_status_due_r2_s3_c1_n1000_all rel=loans_r2_s3_c1_n1000_all keys=(status,due_day) root_page=182 key_width=10 entry_width=18 height=2 entries=1000
      index_oid=7 name=books_branch_genre_r2_s3_c1_n1000_all rel=books_r2_s3_c1_n1000_all keys=(branch_id,genre) root_page=185 key_width=10 entry_width=18 height=1 entries=200
      index_oid=8 name=loans_user_cov_r2_s3_c1_n1000_all rel=loans_r2_s3_c1_n1000_all keys=(user_id) covering=(book_id,due_day,status) root_page=188 key_width=9 entry_width=33 height=2 entries=1000
  wrote /home/cdkbs/bench-runs/rebaseline-9a0525d/json/r2-s3-c1-n1000-all.json
