
ckdbs benchmark - 34 columns, 200 rows resident, 1 connection
server 127.0.0.1:15620  table users_r3_s3_c1_n200_none, books_r3_s3_c1_n200_none, reservations_r3_s3_c1_n200_none, loans_r3_s3_c1_n200_none

phase                      ops       qps   mean us       p0      p25      p50      p95      p99       max   err
---------------------------------------------------------------------------------------------------------------
ddl                          4         0    2285.2   1559.2   1559.2   1656.5   4168.9   4168.9    4168.9     0
load                       380         0    1478.7   1088.5   1232.3   1319.9   2043.4   5173.5   10388.1     0
pk-user                    200         0      72.2     64.2     66.8     68.7     87.9    105.7     170.9     0
loans-by-user              200         0      99.4     77.7     91.1     98.3    118.6    136.1     145.8     0
loans-by-book              200         0     117.3     79.5     99.0    120.7    145.5    157.3     160.6     0
resv-by-user               200         0      87.3     67.7     75.1     78.6    115.9    131.6     137.6     0
books-by-author            200         0     113.1    100.3    105.8    113.0    128.9    140.7     141.4     0
books-by-genre             200         0     108.6     99.1    103.8    107.2    125.1    131.6     136.3     0
loans-by-daterange         200         0     113.3     82.8     98.8    108.7    153.9    177.0     180.8     0
overdue                    200         0     113.7     78.4     95.3    112.4    142.0    156.5     162.1     0
join-loan-user             200         0     110.5     82.5     99.6    106.0    152.2    178.7     199.7     0
join-no-literal            200         0     263.3    249.4    254.4    258.3    285.5    356.9     447.7     0
exists-correlated          200         0     128.4    123.1    124.6    125.8    142.8    149.8     151.7     0
count-by-user              200         0      76.7     73.5     74.6     75.1     88.4     94.1     109.5     0

  ddl: CREATE TABLE x4
  load: INSERT x all four relations
  pk-user: WHERE id = ? - Lookup, the control
  loans-by-user: WHERE user_id = ? - ~5 matches
  loans-by-book: WHERE book_id = ? - ~5 matches
  resv-by-user: WHERE user_id = ? on reservations
  books-by-author: WHERE author_id = ? - middle selectivity
  books-by-genre: WHERE genre = ? - 1/16 of the relation
  loans-by-daterange: WHERE loaned_day BETWEEN ? AND ? - 30 days
  overdue: WHERE status = ? AND due_day BETWEEN ? AND ?
  join-loan-user: loans JOIN users ON user_id = id
  join-no-literal: JOIN ON user_id, u.id BETWEEN 1 AND 16 - no literal to propagate
  exists-correlated: EXISTS(loans.user_id = users.id), 20 outer rows - under --cabin the mean mixes the observation charge
  count-by-user: SELECT COUNT(*) ... WHERE user_id = ?

  index mode none (after load), cabin off, server indexes on
  sizes: users=40, books=40, reservations=100, loans=200
  ANALYZE (the access kind each shape compiled to):
      loans-by-user: FilterScan
      loans-by-book: FilterScan
      resv-by-user: FilterScan
      books-by-author: FilterScan
      books-by-genre: FilterScan
      loans-by-daterange: Scan
      overdue: FilterScan
      join-no-literal: Range, Scan
      exists-correlated: Range, Scan
  wrote /home/cdkbs/bench-runs/rebaseline-9a0525d/json/r3-s3-c1-n200-none.json
