
ckdbs benchmark - 34 columns, 1000 rows resident, 1 connection
server 127.0.0.1:15620  table users_r3_s3_c8_n1000_all, books_r3_s3_c8_n1000_all, reservations_r3_s3_c8_n1000_all, loans_r3_s3_c8_n1000_all

phase                      ops       qps   mean us       p0      p25      p50      p95      p99       max   err
---------------------------------------------------------------------------------------------------------------
ddl                          4         0    3001.9   1654.4   1654.4   1769.8   4398.6   4398.6    4398.6     0
load                      1900         0    1911.2   1121.4   1338.3   1435.9   3797.9   8340.2   76931.9     0
create-index                 8         0    2517.1   1524.6   1549.8   1935.9   4048.3   4048.3    4048.3     0
pk-user                    200         0      76.4     65.6     68.4     70.8     96.9    109.8     194.3     0
loans-by-user              200         0      93.0     68.8     83.3     91.2    117.6    125.2     131.5     0
loans-by-book              200         0      88.5     69.7     80.3     86.3    106.9    115.1     135.2     0
resv-by-user               200         0      79.5     63.3     72.9     78.0     98.9    107.0     121.4     0
books-by-author            200         0      84.4     64.7     76.6     82.4    106.0    113.1     126.4     0
books-by-genre             200         0     113.0     87.9    104.9    111.2    135.2    144.0     157.2     0
loans-by-daterange         200         0     277.0    162.5    264.3    275.4    311.0    346.6     370.2     0
overdue                    200         0     173.3     73.9    152.8    166.5    200.2    215.7    1676.0     0
join-loan-user             200         0     103.6     72.1     93.3    101.3    132.1    144.8     169.2     0
join-no-literal            200         0     300.3    280.4    290.0    297.9    320.9    328.3     334.4     0
exists-correlated          200         0     150.6    140.2    142.6    145.9    170.3    180.0     196.8     0
count-by-user              200         0      70.7     63.5     66.6     68.3     87.3     92.8     106.2     0

  ddl: CREATE TABLE x4
  load: INSERT x all four relations
  create-index: --index-mode all
  pk-user: WHERE id = ? - Lookup, the control
  loans-by-user: WHERE user_id = ? - ~5 matches
  loans-by-book: WHERE book_id = ? - ~5 matches
  resv-by-user: WHERE user_id = ? on reservations
  books-by-author: WHERE author_id = ? - middle selectivity
  books-by-genre: WHERE genre = ? - 1/16 of the relation
  loans-by-daterange: WHERE loaned_day BETWEEN ? AND ? - 30 days
  overdue: WHERE status = ? AND due_day BETWEEN ? AND ?
  join-loan-user: loans JOIN users ON user_id = id
  join-no-literal: JOIN ON user_id, u.id BETWEEN 1 AND 16 - no literal to propagate
  exists-correlated: EXISTS(loans.user_id = users.id), 20 outer rows - under --cabin the mean mixes the observation charge
  count-by-user: SELECT COUNT(*) ... WHERE user_id = ?

  index mode all (after load), cabin off, server indexes on
  sizes: users=200, books=200, reservations=500, loans=1000
  ANALYZE (the access kind each shape compiled to):
      loans-by-user: IndexProbe
      loans-by-book: IndexProbe
      resv-by-user: IndexProbe
      books-by-author: IndexProbe
      books-by-genre: IndexProbe
      loans-by-daterange: Scan
      overdue: IndexRange
      join-no-literal: Range, IndexProbe
      exists-correlated: Range, IndexProbe
  SHOW INDEXES:
      indexes=8
      index_oid=1 name=loans_user_r3_s3_c8_n1000_all rel=loans_r3_s3_c8_n1000_all keys=(user_id) root_page=177 key_width=9 entry_width=17 height=2 entries=1000
      index_oid=2 name=loans_book_r3_s3_c8_n1000_all rel=loans_r3_s3_c8_n1000_all keys=(book_id) root_page=182 key_width=9 entry_width=17 height=2 entries=1000
      index_oid=3 name=resv_user_r3_s3_c8_n1000_all rel=reservations_r3_s3_c8_n1000_all keys=(user_id) root_page=186 key_width=9 entry_width=17 height=2 entries=500
      index_oid=4 name=books_author_r3_s3_c8_n1000_all rel=books_r3_s3_c8_n1000_all keys=(author_id) root_page=187 key_width=9 entry_width=17 height=1 entries=200
      index_oid=5 name=books_genre_r3_s3_c8_n1000_all rel=books_r3_s3_c8_n1000_all keys=(genre) root_page=188 key_width=5 entry_width=13 height=1 entries=200
      index_oid=6 name=loans_status_due_r3_s3_c8_n1000_all rel=loans_r3_s3_c8_n1000_all keys=(status,due_day) root_page=191 key_width=10 entry_width=18 height=2 entries=1000
      index_oid=7 name=books_branch_genre_r3_s3_c8_n1000_all rel=books_r3_s3_c8_n1000_all keys=(branch_id,genre) root_page=194 key_width=10 entry_width=18 height=1 entries=200
      index_oid=8 name=loans_user_cov_r3_s3_c8_n1000_all rel=loans_r3_s3_c8_n1000_all keys=(user_id) covering=(book_id,due_day,status) root_page=197 key_width=9 entry_width=33 height=2 entries=1000
  wrote /home/cdkbs/bench-runs/rebaseline-9a0525d/json/r3-s3-c8-n1000-all.json
