
ckdbs benchmark - 34 columns, 200 rows resident, 1 connection
server 127.0.0.1:15620  table users_r3_s3_c1_n200_all, books_r3_s3_c1_n200_all, reservations_r3_s3_c1_n200_all, loans_r3_s3_c1_n200_all

phase                      ops       qps   mean us       p0      p25      p50      p95      p99       max   err
---------------------------------------------------------------------------------------------------------------
ddl                          4         0    2095.4   1495.7   1495.7   1545.3   3746.8   3746.8    3746.8     0
load                       380         0    1563.5   1106.8   1271.4   1322.0   2730.1   8757.3   11880.2     0
create-index                 8         0    1490.2   1350.1   1351.3   1414.8   1655.8   1655.8    1655.8     0
pk-user                    200         0      73.1     57.8     67.1     69.2     91.4    102.3     166.3     0
loans-by-user              200         0      94.5     66.3     82.6     91.8    128.1    152.2     171.7     0
loans-by-book              200         0     104.8     68.6     84.4    104.2    141.5    153.3     170.4     0
resv-by-user               200         0      93.7     62.8     74.3     94.9    127.9    147.4     159.4     0
books-by-author            200         0      83.9     66.9     73.5     82.4    109.6    126.6     134.0     0
books-by-genre             200         0      75.1     66.2     70.2     73.7     89.6    102.2     104.4     0
loans-by-daterange         200         0     106.2     84.0     96.8    103.1    130.0    143.8     170.4     0
overdue                    200         0      88.3     66.1     81.1     85.6    113.9    131.9     143.7     0
join-loan-user             200         0      97.5     71.7     89.8     96.0    115.3    127.5     133.5     0
join-no-literal            200         0     269.7    256.7    262.3    266.5    289.4    325.6     371.3     0
exists-correlated          200         0     143.6    132.5    134.3    136.6    178.5    208.6     216.0     0
count-by-user              200         0      68.5     62.0     65.3     66.6     81.6     96.5     100.5     0

  ddl: CREATE TABLE x4
  load: INSERT x all four relations
  create-index: --index-mode all
  pk-user: WHERE id = ? - Lookup, the control
  loans-by-user: WHERE user_id = ? - ~5 matches
  loans-by-book: WHERE book_id = ? - ~5 matches
  resv-by-user: WHERE user_id = ? on reservations
  books-by-author: WHERE author_id = ? - middle selectivity
  books-by-genre: WHERE genre = ? - 1/16 of the relation
  loans-by-daterange: WHERE loaned_day BETWEEN ? AND ? - 30 days
  overdue: WHERE status = ? AND due_day BETWEEN ? AND ?
  join-loan-user: loans JOIN users ON user_id = id
  join-no-literal: JOIN ON user_id, u.id BETWEEN 1 AND 16 - no literal to propagate
  exists-correlated: EXISTS(loans.user_id = users.id), 20 outer rows - under --cabin the mean mixes the observation charge
  count-by-user: SELECT COUNT(*) ... WHERE user_id = ?

  index mode all (after load), cabin off, server indexes on
  sizes: users=40, books=40, reservations=100, loans=200
  ANALYZE (the access kind each shape compiled to):
      loans-by-user: IndexProbe
      loans-by-book: IndexProbe
      resv-by-user: IndexProbe
      books-by-author: IndexProbe
      books-by-genre: IndexProbe
      loans-by-daterange: Scan
      overdue: IndexRange
      join-no-literal: Range, IndexProbe
      exists-correlated: Range, IndexProbe
  SHOW INDEXES:
      indexes=8
      index_oid=1 name=loans_user_r3_s3_c1_n200_all rel=loans_r3_s3_c1_n200_all keys=(user_id) root_page=145 key_width=9 entry_width=17 height=1 entries=200
      index_oid=2 name=loans_book_r3_s3_c1_n200_all rel=loans_r3_s3_c1_n200_all keys=(book_id) root_page=146 key_width=9 entry_width=17 height=1 entries=200
      index_oid=3 name=resv_user_r3_s3_c1_n200_all rel=reservations_r3_s3_c1_n200_all keys=(user_id) root_page=147 key_width=9 entry_width=17 height=1 entries=100
      index_oid=4 name=books_author_r3_s3_c1_n200_all rel=books_r3_s3_c1_n200_all keys=(author_id) root_page=148 key_width=9 entry_width=17 height=1 entries=40
      index_oid=5 name=books_genre_r3_s3_c1_n200_all rel=books_r3_s3_c1_n200_all keys=(genre) root_page=149 key_width=5 entry_width=13 height=1 entries=40
      index_oid=6 name=loans_status_due_r3_s3_c1_n200_all rel=loans_r3_s3_c1_n200_all keys=(status,due_day) root_page=150 key_width=10 entry_width=18 height=1 entries=200
      index_oid=7 name=books_branch_genre_r3_s3_c1_n200_all rel=books_r3_s3_c1_n200_all keys=(branch_id,genre) root_page=151 key_width=10 entry_width=18 height=1 entries=40
      index_oid=8 name=loans_user_cov_r3_s3_c1_n200_all rel=loans_r3_s3_c1_n200_all keys=(user_id) covering=(book_id,due_day,status) root_page=152 key_width=9 entry_width=33 height=1 entries=200
  wrote /home/cdkbs/bench-runs/rebaseline-9a0525d/json/r3-s3-c1-n200-all.json
