
ckdbs benchmark - 34 columns, 1000 rows resident, 1 connection
server 127.0.0.1:15620  table users_r3_s3_c1_n1000_none, books_r3_s3_c1_n1000_none, reservations_r3_s3_c1_n1000_none, loans_r3_s3_c1_n1000_none

phase                      ops       qps   mean us       p0      p25      p50      p95      p99       max   err
---------------------------------------------------------------------------------------------------------------
ddl                          4         0    1965.7   1404.7   1404.7   1439.4   3551.0   3551.0    3551.0     0
load                      1900         0    1510.4   1067.1   1264.3   1320.8   2159.5   6627.9   29341.8     0
pk-user                    200         0      75.7     65.2     68.4     72.5     99.6    113.8     166.8     0
loans-by-user              200         0     157.7    135.8    148.3    155.7    182.9    194.9     207.7     0
loans-by-book              200         0     153.0    134.0    144.8    150.1    172.0    207.1     220.3     0
resv-by-user               200         0     108.4     95.3    102.1    106.4    126.3    134.2     137.4     0
books-by-author            200         0      94.6     80.0     88.3     93.7    109.8    117.5     118.0     0
books-by-genre             200         0     118.9     98.3    112.3    117.6    141.1    157.1     164.2     0
loans-by-daterange         200         0     262.1    158.2    249.6    261.1    302.3    325.6     345.6     0
overdue                    200         0     231.8    146.8    220.6    229.4    270.1    301.4     344.6     0
join-loan-user             200         0     166.4    138.1    157.5    164.6    189.7    196.8     211.4     0
join-no-literal            200         0     370.4    350.7    358.8    365.0    391.6    460.7     520.6     0
exists-correlated          200         0     181.4    169.5    172.1    175.9    205.0    230.3     242.2     0
count-by-user              200         0     142.3    127.7    131.1    134.2    178.5    250.0     278.2     0

  ddl: CREATE TABLE x4
  load: INSERT x all four relations
  pk-user: WHERE id = ? - Lookup, the control
  loans-by-user: WHERE user_id = ? - ~5 matches
  loans-by-book: WHERE book_id = ? - ~5 matches
  resv-by-user: WHERE user_id = ? on reservations
  books-by-author: WHERE author_id = ? - middle selectivity
  books-by-genre: WHERE genre = ? - 1/16 of the relation
  loans-by-daterange: WHERE loaned_day BETWEEN ? AND ? - 30 days
  overdue: WHERE status = ? AND due_day BETWEEN ? AND ?
  join-loan-user: loans JOIN users ON user_id = id
  join-no-literal: JOIN ON user_id, u.id BETWEEN 1 AND 16 - no literal to propagate
  exists-correlated: EXISTS(loans.user_id = users.id), 20 outer rows - under --cabin the mean mixes the observation charge
  count-by-user: SELECT COUNT(*) ... WHERE user_id = ?

  index mode none (after load), cabin off, server indexes on
  sizes: users=200, books=200, reservations=500, loans=1000
  ANALYZE (the access kind each shape compiled to):
      loans-by-user: FilterScan
      loans-by-book: FilterScan
      resv-by-user: FilterScan
      books-by-author: FilterScan
      books-by-genre: FilterScan
      loans-by-daterange: Scan
      overdue: FilterScan
      join-no-literal: Range, Scan
      exists-correlated: Range, Scan
  wrote /home/cdkbs/bench-runs/rebaseline-9a0525d/json/r3-s3-c1-n1000-none.json
