
ckdbs benchmark - 34 columns, 10000 rows resident, 1 connection
server 127.0.0.1:15620  table users_r3_s3_c8_n10000_all, books_r3_s3_c8_n10000_all, reservations_r3_s3_c8_n10000_all, loans_r3_s3_c8_n10000_all

phase                      ops       qps   mean us       p0      p25      p50      p95      p99       max   err
---------------------------------------------------------------------------------------------------------------
ddl                          4         0    3937.7   1338.9   1338.9   1502.9  10868.1  10868.1   10868.1     0
load                     19000         0    1511.2   1053.9   1254.5   1322.3   2528.9   5555.2   35492.0     0
create-index                 8         0    9627.5   3506.5   4124.5  10076.9  16546.2  16546.2   16546.2     0
pk-user                    200         0      73.0     65.0     66.9     68.9     91.2     99.9     188.2     0
loans-by-user              200         0      96.5     75.3     87.5     94.7    119.8    129.3     148.2     0
loans-by-book              200         0      89.9     64.9     81.5     86.7    114.7    119.3     131.1     0
resv-by-user               200         0      80.1     62.5     74.3     79.0     97.9    108.2     115.7     0
books-by-author            200         0      87.5     64.5     79.3     85.2    110.7    119.7     127.0     0
books-by-genre             200         0     490.9    425.7    470.2    487.2    524.6    537.1    1075.6     0
loans-by-daterange         200         0    2050.5    955.3   2022.7   2074.1   2175.3   2235.6    2583.4     0
overdue                    200         0     980.3     91.8    970.5   1017.0   1135.2   1177.3    1186.2     0
join-loan-user             200         0     100.8     78.3     91.4     98.2    125.6    137.3     141.7     0
join-no-literal            200         0     296.5    277.3    286.0    294.8    317.5    323.5     330.5     0
exists-correlated          200         0     150.0    139.0    141.9    144.4    172.4    184.8     255.0     0
count-by-user              200         0      71.8     63.1     67.4     69.2     90.7    105.5     123.7     0

  ddl: CREATE TABLE x4
  load: INSERT x all four relations
  create-index: --index-mode all
  pk-user: WHERE id = ? - Lookup, the control
  loans-by-user: WHERE user_id = ? - ~5 matches
  loans-by-book: WHERE book_id = ? - ~5 matches
  resv-by-user: WHERE user_id = ? on reservations
  books-by-author: WHERE author_id = ? - middle selectivity
  books-by-genre: WHERE genre = ? - 1/16 of the relation
  loans-by-daterange: WHERE loaned_day BETWEEN ? AND ? - 30 days
  overdue: WHERE status = ? AND due_day BETWEEN ? AND ?
  join-loan-user: loans JOIN users ON user_id = id
  join-no-literal: JOIN ON user_id, u.id BETWEEN 1 AND 16 - no literal to propagate
  exists-correlated: EXISTS(loans.user_id = users.id), 20 outer rows - under --cabin the mean mixes the observation charge
  count-by-user: SELECT COUNT(*) ... WHERE user_id = ?

  index mode all (after load), cabin off, server indexes on
  sizes: users=2000, books=2000, reservations=5000, loans=10000
  ANALYZE (the access kind each shape compiled to):
      loans-by-user: IndexProbe
      loans-by-book: IndexProbe
      resv-by-user: IndexProbe
      books-by-author: IndexProbe
      books-by-genre: IndexProbe
      loans-by-daterange: Scan
      overdue: IndexRange
      join-no-literal: Range, IndexProbe
      exists-correlated: Range, IndexProbe
  SHOW INDEXES:
      indexes=8
      index_oid=1 name=loans_user_r3_s3_c8_n10000_all rel=loans_r3_s3_c8_n10000_all keys=(user_id) root_page=402 key_width=9 entry_width=17 height=2 entries=10000
      index_oid=2 name=loans_book_r3_s3_c8_n10000_all rel=loans_r3_s3_c8_n10000_all keys=(book_id) root_page=435 key_width=9 entry_width=17 height=2 entries=10000
      index_oid=3 name=resv_user_r3_s3_c8_n10000_all rel=reservations_r3_s3_c8_n10000_all keys=(user_id) root_page=468 key_width=9 entry_width=17 height=2 entries=5000
      index_oid=4 name=books_author_r3_s3_c8_n10000_all rel=books_r3_s3_c8_n10000_all keys=(author_id) root_page=485 key_width=9 entry_width=17 height=2 entries=2000
      index_oid=5 name=books_genre_r3_s3_c8_n10000_all rel=books_r3_s3_c8_n10000_all keys=(genre) root_page=494 key_width=5 entry_width=13 height=2 entries=2000
      index_oid=6 name=loans_status_due_r3_s3_c8_n10000_all rel=loans_r3_s3_c8_n10000_all keys=(status,due_day) root_page=499 key_width=10 entry_width=18 height=2 entries=10000
      index_oid=7 name=books_branch_genre_r3_s3_c8_n10000_all rel=books_r3_s3_c8_n10000_all keys=(branch_id,genre) root_page=532 key_width=10 entry_width=18 height=2 entries=2000
      index_oid=8 name=loans_user_cov_r3_s3_c8_n10000_all rel=loans_r3_s3_c8_n10000_all keys=(user_id) covering=(book_id,due_day,status) root_page=541 key_width=9 entry_width=33 height=2 entries=10000
  wrote /home/cdkbs/bench-runs/rebaseline-9a0525d/json/r3-s3-c8-n10000-all.json
