
ckdbs benchmark - 34 columns, 10000 rows resident, 1 connection
server 127.0.0.1:15620  table users_r3_s3_c1_n10000_all, books_r3_s3_c1_n10000_all, reservations_r3_s3_c1_n10000_all, loans_r3_s3_c1_n10000_all

phase                      ops       qps   mean us       p0      p25      p50      p95      p99       max   err
---------------------------------------------------------------------------------------------------------------
ddl                          4         0    1893.1   1276.3   1276.3   1298.9   3661.6   3661.6    3661.6     0
load                     19000         0    1608.0   1038.7   1273.4   1340.8   2728.3   6692.4  147933.4     0
create-index                 8         0    7723.7   3638.7   3870.3   6302.2  11912.0  11912.0   11912.0     0
pk-user                    200         0      69.5     64.7     66.1     66.8     81.3     90.9     204.6     0
loans-by-user              200         0      91.9     71.2     83.9     91.0    111.8    125.1     148.7     0
loans-by-book              200         0      85.2     67.7     78.6     84.1    101.2    111.6     122.1     0
resv-by-user               200         0      77.1     62.1     72.6     76.5     90.0     95.2      96.8     0
books-by-author            200         0     100.1     64.1     81.1     96.1    140.5    149.6     157.4     0
books-by-genre             200         0     504.1    447.0    485.1    502.4    538.8    546.4     551.9     0
loans-by-daterange         200         0    1944.0    868.9   1902.9   1964.4   2085.8   2115.2    2439.6     0
overdue                    200         0     926.1     81.3    919.4    958.7   1072.9   1099.6    1114.5     0
join-loan-user             200         0      95.3     77.0     88.3     94.3    111.1    120.9     133.0     0
join-no-literal            200         0     277.2    267.5    271.9    275.6    289.3    296.2     306.0     0
exists-correlated          200         0     140.3    135.5    136.9    137.8    153.5    156.7     157.1     0
count-by-user              200         0      69.5     63.7     66.9     68.4     80.9     86.3     105.3     0

  ddl: CREATE TABLE x4
  load: INSERT x all four relations
  create-index: --index-mode all
  pk-user: WHERE id = ? - Lookup, the control
  loans-by-user: WHERE user_id = ? - ~5 matches
  loans-by-book: WHERE book_id = ? - ~5 matches
  resv-by-user: WHERE user_id = ? on reservations
  books-by-author: WHERE author_id = ? - middle selectivity
  books-by-genre: WHERE genre = ? - 1/16 of the relation
  loans-by-daterange: WHERE loaned_day BETWEEN ? AND ? - 30 days
  overdue: WHERE status = ? AND due_day BETWEEN ? AND ?
  join-loan-user: loans JOIN users ON user_id = id
  join-no-literal: JOIN ON user_id, u.id BETWEEN 1 AND 16 - no literal to propagate
  exists-correlated: EXISTS(loans.user_id = users.id), 20 outer rows - under --cabin the mean mixes the observation charge
  count-by-user: SELECT COUNT(*) ... WHERE user_id = ?

  index mode all (after load), cabin off, server indexes on
  sizes: users=2000, books=2000, reservations=5000, loans=10000
  ANALYZE (the access kind each shape compiled to):
      loans-by-user: IndexProbe
      loans-by-book: IndexProbe
      resv-by-user: IndexProbe
      books-by-author: IndexProbe
      books-by-genre: IndexProbe
      loans-by-daterange: Scan
      overdue: IndexRange
      join-no-literal: Range, IndexProbe
      exists-correlated: Range, IndexProbe
  SHOW INDEXES:
      indexes=8
      index_oid=1 name=loans_user_r3_s3_c1_n10000_all rel=loans_r3_s3_c1_n10000_all keys=(user_id) root_page=380 key_width=9 entry_width=17 height=2 entries=10000
      index_oid=2 name=loans_book_r3_s3_c1_n10000_all rel=loans_r3_s3_c1_n10000_all keys=(book_id) root_page=413 key_width=9 entry_width=17 height=2 entries=10000
      index_oid=3 name=resv_user_r3_s3_c1_n10000_all rel=reservations_r3_s3_c1_n10000_all keys=(user_id) root_page=446 key_width=9 entry_width=17 height=2 entries=5000
      index_oid=4 name=books_author_r3_s3_c1_n10000_all rel=books_r3_s3_c1_n10000_all keys=(author_id) root_page=463 key_width=9 entry_width=17 height=2 entries=2000
      index_oid=5 name=books_genre_r3_s3_c1_n10000_all rel=books_r3_s3_c1_n10000_all keys=(genre) root_page=472 key_width=5 entry_width=13 height=2 entries=2000
      index_oid=6 name=loans_status_due_r3_s3_c1_n10000_all rel=loans_r3_s3_c1_n10000_all keys=(status,due_day) root_page=477 key_width=10 entry_width=18 height=2 entries=10000
      index_oid=7 name=books_branch_genre_r3_s3_c1_n10000_all rel=books_r3_s3_c1_n10000_all keys=(branch_id,genre) root_page=510 key_width=10 entry_width=18 height=2 entries=2000
      index_oid=8 name=loans_user_cov_r3_s3_c1_n10000_all rel=loans_r3_s3_c1_n10000_all keys=(user_id) covering=(book_id,due_day,status) root_page=519 key_width=9 entry_width=33 height=2 entries=10000
  wrote /home/cdkbs/bench-runs/rebaseline-9a0525d/json/r3-s3-c1-n10000-all.json
