
ckdbs benchmark - 34 columns, 200 rows resident, 1 connection
server 127.0.0.1:15620  table users_r3_s3_c8_n200_all, books_r3_s3_c8_n200_all, reservations_r3_s3_c8_n200_all, loans_r3_s3_c8_n200_all

phase                      ops       qps   mean us       p0      p25      p50      p95      p99       max   err
---------------------------------------------------------------------------------------------------------------
ddl                          4         0    1851.7   1227.2   1227.2   1242.2   3538.7   3538.7    3538.7     0
load                       380         0    1435.1   1109.5   1278.8   1337.0   1631.7   4780.2    7422.0     0
create-index                 8         0    2465.8   1345.9   1381.6   1441.0   8811.8   8811.8    8811.8     0
pk-user                    200         0      75.5     63.9     67.3     71.3     94.1    106.4     194.7     0
loans-by-user              200         0      92.7     65.8     81.9     90.4    121.4    132.3     135.6     0
loans-by-book              200         0      87.0     68.8     79.5     86.3    106.8    115.9     120.8     0
resv-by-user               200         0      76.5     62.0     71.1     74.6     95.8    104.8     113.8     0
books-by-author            200         0      82.2     66.7     72.3     81.9    104.9    118.3     130.8     0
books-by-genre             200         0      78.9     66.8     71.2     75.6     97.7    122.9     142.6     0
loans-by-daterange         200         0     111.3     89.1    102.5    108.9    133.3    141.3     145.3     0
overdue                    200         0      88.2     66.3     81.6     87.2    108.3    117.8     124.9     0
join-loan-user             200         0     104.5     71.8     95.9    104.1    129.8    137.8     149.6     0
join-no-literal            200         0     291.5    273.9    282.7    289.2    313.2    323.3     334.3     0
exists-correlated          200         0     151.9    138.1    142.5    146.8    175.9    188.5     196.4     0
count-by-user              200         0      71.4     61.7     66.5     68.5     89.1     98.5     122.1     0

  ddl: CREATE TABLE x4
  load: INSERT x all four relations
  create-index: --index-mode all
  pk-user: WHERE id = ? - Lookup, the control
  loans-by-user: WHERE user_id = ? - ~5 matches
  loans-by-book: WHERE book_id = ? - ~5 matches
  resv-by-user: WHERE user_id = ? on reservations
  books-by-author: WHERE author_id = ? - middle selectivity
  books-by-genre: WHERE genre = ? - 1/16 of the relation
  loans-by-daterange: WHERE loaned_day BETWEEN ? AND ? - 30 days
  overdue: WHERE status = ? AND due_day BETWEEN ? AND ?
  join-loan-user: loans JOIN users ON user_id = id
  join-no-literal: JOIN ON user_id, u.id BETWEEN 1 AND 16 - no literal to propagate
  exists-correlated: EXISTS(loans.user_id = users.id), 20 outer rows - under --cabin the mean mixes the observation charge
  count-by-user: SELECT COUNT(*) ... WHERE user_id = ?

  index mode all (after load), cabin off, server indexes on
  sizes: users=40, books=40, reservations=100, loans=200
  ANALYZE (the access kind each shape compiled to):
      loans-by-user: IndexProbe
      loans-by-book: IndexProbe
      resv-by-user: IndexProbe
      books-by-author: IndexProbe
      books-by-genre: IndexProbe
      loans-by-daterange: Scan
      overdue: IndexRange
      join-no-literal: Range, IndexProbe
      exists-correlated: Range, IndexProbe
  SHOW INDEXES:
      indexes=8
      index_oid=1 name=loans_user_r3_s3_c8_n200_all rel=loans_r3_s3_c8_n200_all keys=(user_id) root_page=146 key_width=9 entry_width=17 height=1 entries=200
      index_oid=2 name=loans_book_r3_s3_c8_n200_all rel=loans_r3_s3_c8_n200_all keys=(book_id) root_page=147 key_width=9 entry_width=17 height=1 entries=200
      index_oid=3 name=resv_user_r3_s3_c8_n200_all rel=reservations_r3_s3_c8_n200_all keys=(user_id) root_page=148 key_width=9 entry_width=17 height=1 entries=100
      index_oid=4 name=books_author_r3_s3_c8_n200_all rel=books_r3_s3_c8_n200_all keys=(author_id) root_page=149 key_width=9 entry_width=17 height=1 entries=40
      index_oid=5 name=books_genre_r3_s3_c8_n200_all rel=books_r3_s3_c8_n200_all keys=(genre) root_page=150 key_width=5 entry_width=13 height=1 entries=40
      index_oid=6 name=loans_status_due_r3_s3_c8_n200_all rel=loans_r3_s3_c8_n200_all keys=(status,due_day) root_page=151 key_width=10 entry_width=18 height=1 entries=200
      index_oid=7 name=books_branch_genre_r3_s3_c8_n200_all rel=books_r3_s3_c8_n200_all keys=(branch_id,genre) root_page=152 key_width=10 entry_width=18 height=1 entries=40
      index_oid=8 name=loans_user_cov_r3_s3_c8_n200_all rel=loans_r3_s3_c8_n200_all keys=(user_id) covering=(book_id,due_day,status) root_page=153 key_width=9 entry_width=33 height=1 entries=200
  wrote /home/cdkbs/bench-runs/rebaseline-9a0525d/json/r3-s3-c8-n200-all.json
