
ckdbs benchmark - 34 columns, 1000 rows resident, 1 connection
server 127.0.0.1:15620  table users_r3_s3_c1_n1000_all, books_r3_s3_c1_n1000_all, reservations_r3_s3_c1_n1000_all, loans_r3_s3_c1_n1000_all

phase                      ops       qps   mean us       p0      p25      p50      p95      p99       max   err
---------------------------------------------------------------------------------------------------------------
ddl                          4         0    1826.5   1188.4   1188.4   1220.4   3514.1   3514.1    3514.1     0
load                      1900         0    1488.2   1055.2   1232.9   1303.3   2568.5   5315.5   16585.1     0
create-index                 8         0    2021.6   1427.6   1468.0   1886.7   2725.3   2725.3    2725.3     0
pk-user                    200         0      72.3     65.5     67.6     69.3     86.6     91.4     167.8     0
loans-by-user              200         0      90.3     67.0     82.7     89.1    108.3    119.9     127.4     0
loans-by-book              200         0      86.2     70.1     79.4     85.4    102.4    107.5     116.1     0
resv-by-user               200         0      76.9     63.1     72.3     75.8     89.4     96.3     101.6     0
books-by-author            200         0     113.8     70.0    109.0    115.8    134.3    140.9     143.3     0
books-by-genre             200         0     146.1    122.6    138.9    145.4    169.0    188.4     193.3     0
loans-by-daterange         200         0     274.4    150.1    252.8    266.0    342.8    374.3     421.0     0
overdue                    200         0     162.3     79.4    149.6    160.1    199.4    226.3     243.4     0
join-loan-user             200         0      99.3     74.8     90.3     97.4    123.4    133.1     147.5     0
join-no-literal            200         0     289.3    274.1    280.4    287.6    305.9    339.9     376.6     0
exists-correlated          200         0     144.4    136.4    138.6    140.6    158.1    172.0     231.6     0
count-by-user              200         0      69.3     63.3     66.0     67.4     81.8     89.3      93.8     0

  ddl: CREATE TABLE x4
  load: INSERT x all four relations
  create-index: --index-mode all
  pk-user: WHERE id = ? - Lookup, the control
  loans-by-user: WHERE user_id = ? - ~5 matches
  loans-by-book: WHERE book_id = ? - ~5 matches
  resv-by-user: WHERE user_id = ? on reservations
  books-by-author: WHERE author_id = ? - middle selectivity
  books-by-genre: WHERE genre = ? - 1/16 of the relation
  loans-by-daterange: WHERE loaned_day BETWEEN ? AND ? - 30 days
  overdue: WHERE status = ? AND due_day BETWEEN ? AND ?
  join-loan-user: loans JOIN users ON user_id = id
  join-no-literal: JOIN ON user_id, u.id BETWEEN 1 AND 16 - no literal to propagate
  exists-correlated: EXISTS(loans.user_id = users.id), 20 outer rows - under --cabin the mean mixes the observation charge
  count-by-user: SELECT COUNT(*) ... WHERE user_id = ?

  index mode all (after load), cabin off, server indexes on
  sizes: users=200, books=200, reservations=500, loans=1000
  ANALYZE (the access kind each shape compiled to):
      loans-by-user: IndexProbe
      loans-by-book: IndexProbe
      resv-by-user: IndexProbe
      books-by-author: IndexProbe
      books-by-genre: IndexProbe
      loans-by-daterange: Scan
      overdue: IndexRange
      join-no-literal: Range, IndexProbe
      exists-correlated: Range, IndexProbe
  SHOW INDEXES:
      indexes=8
      index_oid=1 name=loans_user_r3_s3_c1_n1000_all rel=loans_r3_s3_c1_n1000_all keys=(user_id) root_page=168 key_width=9 entry_width=17 height=2 entries=1000
      index_oid=2 name=loans_book_r3_s3_c1_n1000_all rel=loans_r3_s3_c1_n1000_all keys=(book_id) root_page=173 key_width=9 entry_width=17 height=2 entries=1000
      index_oid=3 name=resv_user_r3_s3_c1_n1000_all rel=reservations_r3_s3_c1_n1000_all keys=(user_id) root_page=177 key_width=9 entry_width=17 height=2 entries=500
      index_oid=4 name=books_author_r3_s3_c1_n1000_all rel=books_r3_s3_c1_n1000_all keys=(author_id) root_page=178 key_width=9 entry_width=17 height=1 entries=200
      index_oid=5 name=books_genre_r3_s3_c1_n1000_all rel=books_r3_s3_c1_n1000_all keys=(genre) root_page=179 key_width=5 entry_width=13 height=1 entries=200
      index_oid=6 name=loans_status_due_r3_s3_c1_n1000_all rel=loans_r3_s3_c1_n1000_all keys=(status,due_day) root_page=182 key_width=10 entry_width=18 height=2 entries=1000
      index_oid=7 name=books_branch_genre_r3_s3_c1_n1000_all rel=books_r3_s3_c1_n1000_all keys=(branch_id,genre) root_page=185 key_width=10 entry_width=18 height=1 entries=200
      index_oid=8 name=loans_user_cov_r3_s3_c1_n1000_all rel=loans_r3_s3_c1_n1000_all keys=(user_id) covering=(book_id,due_day,status) root_page=188 key_width=9 entry_width=33 height=2 entries=1000
  wrote /home/cdkbs/bench-runs/rebaseline-9a0525d/json/r3-s3-c1-n1000-all.json
