
ckdbs benchmark - 34 columns, 1000 rows resident, 1 connection
server 127.0.0.1:15620  table users_s3_c8_n1000_all, books_s3_c8_n1000_all, reservations_s3_c8_n1000_all, loans_s3_c8_n1000_all

phase                      ops       qps   mean us       p0      p25      p50      p95      p99       max   err
---------------------------------------------------------------------------------------------------------------
ddl                          4         0    3579.2   1479.8   1479.8   1496.5   9775.7   9775.7    9775.7     0
load                      1900         0    1511.5   1060.9   1259.9   1332.6   2277.8   5213.3   19921.0     0
create-index                 8         0    2229.4   1521.9   1658.9   2162.4   2761.5   2761.5    2761.5     0
pk-user                    200         0      78.0     64.0     69.7     76.2     94.9    106.6     180.8     0
loans-by-user              200         0      96.0     71.1     86.5     94.1    118.0    128.9     130.8     0
loans-by-book              200         0      90.0     69.8     80.9     88.0    113.1    119.7     121.4     0
resv-by-user               200         0      80.6     62.6     73.4     78.1     99.9    111.8     122.5     0
books-by-author            200         0      84.7     64.1     76.7     82.7    103.0    111.5     122.5     0
books-by-genre             200         0     114.4     89.0    104.8    112.0    139.3    158.4     216.6     0
loans-by-daterange         200         0     281.5    159.3    267.2    280.1    322.2    333.5     382.4     0
overdue                    200         0     171.5     73.3    158.4    169.6    206.2    239.5     264.9     0
join-loan-user             200         0     107.8     74.6     94.8    104.8    140.0    159.8     175.9     0
join-no-literal            200         0     308.9    283.3    296.8    305.7    330.8    406.7     417.1     0
exists-correlated          200         0     152.8    140.9    144.2    147.8    174.6    182.7     185.9     0
count-by-user              200         0      70.3     63.3     66.2     67.8     88.4     95.0     100.0     0

  ddl: CREATE TABLE x4
  load: INSERT x all four relations
  create-index: --index-mode all
  pk-user: WHERE id = ? - Lookup, the control
  loans-by-user: WHERE user_id = ? - ~5 matches
  loans-by-book: WHERE book_id = ? - ~5 matches
  resv-by-user: WHERE user_id = ? on reservations
  books-by-author: WHERE author_id = ? - middle selectivity
  books-by-genre: WHERE genre = ? - 1/16 of the relation
  loans-by-daterange: WHERE loaned_day BETWEEN ? AND ? - 30 days
  overdue: WHERE status = ? AND due_day BETWEEN ? AND ?
  join-loan-user: loans JOIN users ON user_id = id
  join-no-literal: JOIN ON user_id, u.id BETWEEN 1 AND 16 - no literal to propagate
  exists-correlated: EXISTS(loans.user_id = users.id), 20 outer rows - under --cabin the mean mixes the observation charge
  count-by-user: SELECT COUNT(*) ... WHERE user_id = ?

  index mode all (after load), cabin off, server indexes on
  sizes: users=200, books=200, reservations=500, loans=1000
  ANALYZE (the access kind each shape compiled to):
      loans-by-user: IndexProbe
      loans-by-book: IndexProbe
      resv-by-user: IndexProbe
      books-by-author: IndexProbe
      books-by-genre: IndexProbe
      loans-by-daterange: Scan
      overdue: IndexRange
      join-no-literal: Range, IndexProbe
      exists-correlated: Range, IndexProbe
  SHOW INDEXES:
      indexes=8
      index_oid=1 name=loans_user_s3_c8_n1000_all rel=loans_s3_c8_n1000_all keys=(user_id) root_page=177 key_width=9 entry_width=17 height=2 entries=1000
      index_oid=2 name=loans_book_s3_c8_n1000_all rel=loans_s3_c8_n1000_all keys=(book_id) root_page=182 key_width=9 entry_width=17 height=2 entries=1000
      index_oid=3 name=resv_user_s3_c8_n1000_all rel=reservations_s3_c8_n1000_all keys=(user_id) root_page=186 key_width=9 entry_width=17 height=2 entries=500
      index_oid=4 name=books_author_s3_c8_n1000_all rel=books_s3_c8_n1000_all keys=(author_id) root_page=187 key_width=9 entry_width=17 height=1 entries=200
      index_oid=5 name=books_genre_s3_c8_n1000_all rel=books_s3_c8_n1000_all keys=(genre) root_page=188 key_width=5 entry_width=13 height=1 entries=200
      index_oid=6 name=loans_status_due_s3_c8_n1000_all rel=loans_s3_c8_n1000_all keys=(status,due_day) root_page=191 key_width=10 entry_width=18 height=2 entries=1000
      index_oid=7 name=books_branch_genre_s3_c8_n1000_all rel=books_s3_c8_n1000_all keys=(branch_id,genre) root_page=194 key_width=10 entry_width=18 height=1 entries=200
      index_oid=8 name=loans_user_cov_s3_c8_n1000_all rel=loans_s3_c8_n1000_all keys=(user_id) covering=(book_id,due_day,status) root_page=197 key_width=9 entry_width=33 height=2 entries=1000
  wrote /home/cdkbs/bench-runs/rebaseline-9a0525d/json/s3-c8-n1000-all.json
