
ckdbs benchmark - 34 columns, 10000 rows resident, 1 connection
server 127.0.0.1:15620  table users_s3_c1_n10000_all, books_s3_c1_n10000_all, reservations_s3_c1_n10000_all, loans_s3_c1_n10000_all

phase                      ops       qps   mean us       p0      p25      p50      p95      p99       max   err
---------------------------------------------------------------------------------------------------------------
ddl                          4         0    1895.4   1217.6   1217.6   1306.9   3699.7   3699.7    3699.7     0
load                     19000         0    1569.0   1050.0   1285.1   1364.1   2552.9   5924.9  138550.3     0
create-index                 8         0    8573.2   3148.3   3904.3  10431.0  11712.0  11712.0   11712.0     0
pk-user                    200         0      69.3     64.2     65.4     66.5     80.9     90.0     236.2     0
loans-by-user              200         0      90.8     70.5     83.6     90.2    111.3    118.7     122.9     0
loans-by-book              200         0      84.8     64.3     78.5     83.6    100.7    115.2     142.2     0
resv-by-user               200         0      76.2     61.3     71.5     75.3     88.5     96.8     102.3     0
books-by-author            200         0      82.8     63.2     76.5     81.4    100.9    113.7     116.3     0
books-by-genre             200         0     459.9    409.7    444.2    457.3    492.7    499.3     513.9     0
loans-by-daterange         200         0    1941.0    867.5   1910.4   1964.5   2062.7   2102.2    2371.9     0
overdue                    200         0     934.3     82.8    918.9    972.8   1077.5   1123.7    1170.8     0
join-loan-user             200         0     126.3     79.2    106.2    131.0    158.6    163.9     164.7     0
join-no-literal            200         0     277.2    267.3    271.9    275.9    288.2    291.6     321.0     0
exists-correlated          200         0     139.7    135.3    136.6    137.5    152.6    154.4     158.8     0
count-by-user              200         0      69.9     63.2     67.1     68.7     79.4     87.2     105.0     0

  ddl: CREATE TABLE x4
  load: INSERT x all four relations
  create-index: --index-mode all
  pk-user: WHERE id = ? - Lookup, the control
  loans-by-user: WHERE user_id = ? - ~5 matches
  loans-by-book: WHERE book_id = ? - ~5 matches
  resv-by-user: WHERE user_id = ? on reservations
  books-by-author: WHERE author_id = ? - middle selectivity
  books-by-genre: WHERE genre = ? - 1/16 of the relation
  loans-by-daterange: WHERE loaned_day BETWEEN ? AND ? - 30 days
  overdue: WHERE status = ? AND due_day BETWEEN ? AND ?
  join-loan-user: loans JOIN users ON user_id = id
  join-no-literal: JOIN ON user_id, u.id BETWEEN 1 AND 16 - no literal to propagate
  exists-correlated: EXISTS(loans.user_id = users.id), 20 outer rows - under --cabin the mean mixes the observation charge
  count-by-user: SELECT COUNT(*) ... WHERE user_id = ?

  index mode all (after load), cabin off, server indexes on
  sizes: users=2000, books=2000, reservations=5000, loans=10000
  ANALYZE (the access kind each shape compiled to):
      loans-by-user: IndexProbe
      loans-by-book: IndexProbe
      resv-by-user: IndexProbe
      books-by-author: IndexProbe
      books-by-genre: IndexProbe
      loans-by-daterange: Scan
      overdue: IndexRange
      join-no-literal: Range, IndexProbe
      exists-correlated: Range, IndexProbe
  SHOW INDEXES:
      indexes=8
      index_oid=1 name=loans_user_s3_c1_n10000_all rel=loans_s3_c1_n10000_all keys=(user_id) root_page=380 key_width=9 entry_width=17 height=2 entries=10000
      index_oid=2 name=loans_book_s3_c1_n10000_all rel=loans_s3_c1_n10000_all keys=(book_id) root_page=413 key_width=9 entry_width=17 height=2 entries=10000
      index_oid=3 name=resv_user_s3_c1_n10000_all rel=reservations_s3_c1_n10000_all keys=(user_id) root_page=446 key_width=9 entry_width=17 height=2 entries=5000
      index_oid=4 name=books_author_s3_c1_n10000_all rel=books_s3_c1_n10000_all keys=(author_id) root_page=463 key_width=9 entry_width=17 height=2 entries=2000
      index_oid=5 name=books_genre_s3_c1_n10000_all rel=books_s3_c1_n10000_all keys=(genre) root_page=472 key_width=5 entry_width=13 height=2 entries=2000
      index_oid=6 name=loans_status_due_s3_c1_n10000_all rel=loans_s3_c1_n10000_all keys=(status,due_day) root_page=477 key_width=10 entry_width=18 height=2 entries=10000
      index_oid=7 name=books_branch_genre_s3_c1_n10000_all rel=books_s3_c1_n10000_all keys=(branch_id,genre) root_page=510 key_width=10 entry_width=18 height=2 entries=2000
      index_oid=8 name=loans_user_cov_s3_c1_n10000_all rel=loans_s3_c1_n10000_all keys=(user_id) covering=(book_id,due_day,status) root_page=519 key_width=9 entry_width=33 height=2 entries=10000
  wrote /home/cdkbs/bench-runs/rebaseline-9a0525d/json/s3-c1-n10000-all.json
