
ckdbs benchmark - 34 columns, 200 rows resident, 1 connection
server 127.0.0.1:15620  table users_s3_c1_n200_all, books_s3_c1_n200_all, reservations_s3_c1_n200_all, loans_s3_c1_n200_all

phase                      ops       qps   mean us       p0      p25      p50      p95      p99       max   err
---------------------------------------------------------------------------------------------------------------
ddl                          4         0    2525.4   1336.7   1336.7   1373.4   5937.1   5937.1    5937.1     0
load                       380         0    1781.5   1177.6   1309.9   1388.5   4228.2   7763.5   10147.0     0
create-index                 8         0    1537.2   1261.2   1359.3   1397.4   2177.7   2177.7    2177.7     0
pk-user                    200         0      72.6     65.5     67.6     69.0     88.3     98.9     175.5     0
loans-by-user              200         0      89.4     66.7     81.3     88.1    107.5    119.8     139.9     0
loans-by-book              200         0      86.1     68.5     77.8     84.2    104.8    115.6     199.9     0
resv-by-user               200         0      75.9     62.4     70.6     73.7     86.3    105.0     363.4     0
books-by-author            200         0      94.5     67.8     72.6     82.3    226.1    356.5     369.4     0
books-by-genre             200         0     103.9     67.7    102.0    108.2    128.8    135.8     139.7     0
loans-by-daterange         200         0     142.4    119.9    132.3    138.5    168.9    176.8     183.2     0
overdue                    200         0     122.2     97.7    116.6    121.3    144.2    149.7     159.0     0
join-loan-user             200         0     128.2     70.9    106.6    133.2    162.2    178.8     181.9     0
join-no-literal            200         0     271.3    259.6    264.2    269.3    287.8    298.1     310.4     0
exists-correlated          200         0     138.6    133.2    134.6    135.7    153.2    157.5     159.7     0
count-by-user              200         0      67.7     62.1     65.1     66.2     80.2     83.6      88.0     0

  ddl: CREATE TABLE x4
  load: INSERT x all four relations
  create-index: --index-mode all
  pk-user: WHERE id = ? - Lookup, the control
  loans-by-user: WHERE user_id = ? - ~5 matches
  loans-by-book: WHERE book_id = ? - ~5 matches
  resv-by-user: WHERE user_id = ? on reservations
  books-by-author: WHERE author_id = ? - middle selectivity
  books-by-genre: WHERE genre = ? - 1/16 of the relation
  loans-by-daterange: WHERE loaned_day BETWEEN ? AND ? - 30 days
  overdue: WHERE status = ? AND due_day BETWEEN ? AND ?
  join-loan-user: loans JOIN users ON user_id = id
  join-no-literal: JOIN ON user_id, u.id BETWEEN 1 AND 16 - no literal to propagate
  exists-correlated: EXISTS(loans.user_id = users.id), 20 outer rows - under --cabin the mean mixes the observation charge
  count-by-user: SELECT COUNT(*) ... WHERE user_id = ?

  index mode all (after load), cabin off, server indexes on
  sizes: users=40, books=40, reservations=100, loans=200
  ANALYZE (the access kind each shape compiled to):
      loans-by-user: IndexProbe
      loans-by-book: IndexProbe
      resv-by-user: IndexProbe
      books-by-author: IndexProbe
      books-by-genre: IndexProbe
      loans-by-daterange: Scan
      overdue: IndexRange
      join-no-literal: Range, IndexProbe
      exists-correlated: Range, IndexProbe
  SHOW INDEXES:
      indexes=8
      index_oid=1 name=loans_user_s3_c1_n200_all rel=loans_s3_c1_n200_all keys=(user_id) root_page=145 key_width=9 entry_width=17 height=1 entries=200
      index_oid=2 name=loans_book_s3_c1_n200_all rel=loans_s3_c1_n200_all keys=(book_id) root_page=146 key_width=9 entry_width=17 height=1 entries=200
      index_oid=3 name=resv_user_s3_c1_n200_all rel=reservations_s3_c1_n200_all keys=(user_id) root_page=147 key_width=9 entry_width=17 height=1 entries=100
      index_oid=4 name=books_author_s3_c1_n200_all rel=books_s3_c1_n200_all keys=(author_id) root_page=148 key_width=9 entry_width=17 height=1 entries=40
      index_oid=5 name=books_genre_s3_c1_n200_all rel=books_s3_c1_n200_all keys=(genre) root_page=149 key_width=5 entry_width=13 height=1 entries=40
      index_oid=6 name=loans_status_due_s3_c1_n200_all rel=loans_s3_c1_n200_all keys=(status,due_day) root_page=150 key_width=10 entry_width=18 height=1 entries=200
      index_oid=7 name=books_branch_genre_s3_c1_n200_all rel=books_s3_c1_n200_all keys=(branch_id,genre) root_page=151 key_width=10 entry_width=18 height=1 entries=40
      index_oid=8 name=loans_user_cov_s3_c1_n200_all rel=loans_s3_c1_n200_all keys=(user_id) covering=(book_id,due_day,status) root_page=152 key_width=9 entry_width=33 height=1 entries=200
  wrote /home/cdkbs/bench-runs/rebaseline-9a0525d/json/s3-c1-n200-all.json
