
ckdbs benchmark - 34 columns, 10000 rows resident, 1 connection
server 127.0.0.1:15620  table users_s3_c8_n10000_all, books_s3_c8_n10000_all, reservations_s3_c8_n10000_all, loans_s3_c8_n10000_all

phase                      ops       qps   mean us       p0      p25      p50      p95      p99       max   err
---------------------------------------------------------------------------------------------------------------
ddl                          4         0    2430.5   1455.2   1455.2   1466.0   5122.7   5122.7    5122.7     0
load                     19000         0    1616.4   1056.3   1278.5   1356.6   2494.2   5594.1 1425694.5     0
create-index                 8         0    9773.2   4320.5   4577.9   7510.6  15191.9  15191.9   15191.9     0
pk-user                    200         0      73.3     63.2     67.4     69.2     91.8    118.9     181.7     0
loans-by-user              200         0      97.1     72.1     88.3     94.8    116.2    128.8     145.8     0
loans-by-book              200         0      90.0     67.3     81.6     87.3    116.7    130.8     138.8     0
resv-by-user               200         0      80.7     63.8     74.7     78.9     97.2    108.3     118.8     0
books-by-author            200         0      86.9     66.2     79.9     84.6    108.0    113.3     131.0     0
books-by-genre             200         0     487.9    423.9    468.1    487.1    526.5    591.8     633.6     0
loans-by-daterange         200         0    2045.2    961.9   2016.1   2068.0   2173.7   2239.1    2575.3     0
overdue                    200         0     981.5     90.5    970.2   1019.5   1128.1   1148.8    1165.2     0
join-loan-user             200         0     101.8     80.2     92.0     99.9    126.9    133.6     139.4     0
join-no-literal            200         0     299.6    278.3    288.1    297.9    321.1    327.8     383.9     0
exists-correlated          200         0     152.1    141.9    144.7    148.3    173.1    181.1     184.3     0
count-by-user              200         0      74.2     64.8     69.3     71.6     93.6    101.7     109.7     0

  ddl: CREATE TABLE x4
  load: INSERT x all four relations
  create-index: --index-mode all
  pk-user: WHERE id = ? - Lookup, the control
  loans-by-user: WHERE user_id = ? - ~5 matches
  loans-by-book: WHERE book_id = ? - ~5 matches
  resv-by-user: WHERE user_id = ? on reservations
  books-by-author: WHERE author_id = ? - middle selectivity
  books-by-genre: WHERE genre = ? - 1/16 of the relation
  loans-by-daterange: WHERE loaned_day BETWEEN ? AND ? - 30 days
  overdue: WHERE status = ? AND due_day BETWEEN ? AND ?
  join-loan-user: loans JOIN users ON user_id = id
  join-no-literal: JOIN ON user_id, u.id BETWEEN 1 AND 16 - no literal to propagate
  exists-correlated: EXISTS(loans.user_id = users.id), 20 outer rows - under --cabin the mean mixes the observation charge
  count-by-user: SELECT COUNT(*) ... WHERE user_id = ?

  index mode all (after load), cabin off, server indexes on
  sizes: users=2000, books=2000, reservations=5000, loans=10000
  ANALYZE (the access kind each shape compiled to):
      loans-by-user: IndexProbe
      loans-by-book: IndexProbe
      resv-by-user: IndexProbe
      books-by-author: IndexProbe
      books-by-genre: IndexProbe
      loans-by-daterange: Scan
      overdue: IndexRange
      join-no-literal: Range, IndexProbe
      exists-correlated: Range, IndexProbe
  SHOW INDEXES:
      indexes=8
      index_oid=1 name=loans_user_s3_c8_n10000_all rel=loans_s3_c8_n10000_all keys=(user_id) root_page=402 key_width=9 entry_width=17 height=2 entries=10000
      index_oid=2 name=loans_book_s3_c8_n10000_all rel=loans_s3_c8_n10000_all keys=(book_id) root_page=435 key_width=9 entry_width=17 height=2 entries=10000
      index_oid=3 name=resv_user_s3_c8_n10000_all rel=reservations_s3_c8_n10000_all keys=(user_id) root_page=468 key_width=9 entry_width=17 height=2 entries=5000
      index_oid=4 name=books_author_s3_c8_n10000_all rel=books_s3_c8_n10000_all keys=(author_id) root_page=485 key_width=9 entry_width=17 height=2 entries=2000
      index_oid=5 name=books_genre_s3_c8_n10000_all rel=books_s3_c8_n10000_all keys=(genre) root_page=494 key_width=5 entry_width=13 height=2 entries=2000
      index_oid=6 name=loans_status_due_s3_c8_n10000_all rel=loans_s3_c8_n10000_all keys=(status,due_day) root_page=499 key_width=10 entry_width=18 height=2 entries=10000
      index_oid=7 name=books_branch_genre_s3_c8_n10000_all rel=books_s3_c8_n10000_all keys=(branch_id,genre) root_page=532 key_width=10 entry_width=18 height=2 entries=2000
      index_oid=8 name=loans_user_cov_s3_c8_n10000_all rel=loans_s3_c8_n10000_all keys=(user_id) covering=(book_id,due_day,status) root_page=541 key_width=9 entry_width=33 height=2 entries=10000
  wrote /home/cdkbs/bench-runs/rebaseline-9a0525d/json/s3-c8-n10000-all.json
