
ckdbs benchmark - 34 columns, 1000 rows resident, 1 connection
server 127.0.0.1:15620  table users_s3_c1_n1000_all, books_s3_c1_n1000_all, reservations_s3_c1_n1000_all, loans_s3_c1_n1000_all

phase                      ops       qps   mean us       p0      p25      p50      p95      p99       max   err
---------------------------------------------------------------------------------------------------------------
ddl                          4         0    1851.1   1260.2   1260.2   1290.2   3544.0   3544.0    3544.0     0
load                      1900         0    1520.5   1103.1   1289.2   1352.5   2255.9   5424.0   12087.8     0
create-index                 8         0    2565.6   1498.3   1614.4   2344.4   5339.9   5339.9    5339.9     0
pk-user                    200         0     106.4     96.3     99.1    102.3    126.5    132.5     207.8     0
loans-by-user              200         0     127.9     99.9    119.2    126.7    150.5    160.2     172.2     0
loans-by-book              200         0     121.5    102.4    114.6    120.0    140.8    150.0     151.2     0
resv-by-user               200         0      87.7     63.6     73.2     78.6    120.8    134.8     145.2     0
books-by-author            200         0      81.0     63.9     75.6     80.6     94.1    104.0     115.7     0
books-by-genre             200         0     107.4     87.5    101.6    106.9    130.9    136.3     140.6     0
loans-by-daterange         200         0     259.4    147.3    247.4    257.7    290.1    319.6     347.2     0
overdue                    200         0     154.9     69.1    145.2    154.8    179.7    186.0     190.6     0
join-loan-user             200         0      97.0     72.4     89.1     95.3    116.9    131.0     136.0     0
join-no-literal            200         0     278.9    269.4    273.2    277.8    289.8    299.7     310.0     0
exists-correlated          200         0     172.9    137.7    153.5    178.6    201.2    209.8     242.4     0
count-by-user              200         0     103.5     95.3     99.5    101.1    121.2    127.6     132.2     0

  ddl: CREATE TABLE x4
  load: INSERT x all four relations
  create-index: --index-mode all
  pk-user: WHERE id = ? - Lookup, the control
  loans-by-user: WHERE user_id = ? - ~5 matches
  loans-by-book: WHERE book_id = ? - ~5 matches
  resv-by-user: WHERE user_id = ? on reservations
  books-by-author: WHERE author_id = ? - middle selectivity
  books-by-genre: WHERE genre = ? - 1/16 of the relation
  loans-by-daterange: WHERE loaned_day BETWEEN ? AND ? - 30 days
  overdue: WHERE status = ? AND due_day BETWEEN ? AND ?
  join-loan-user: loans JOIN users ON user_id = id
  join-no-literal: JOIN ON user_id, u.id BETWEEN 1 AND 16 - no literal to propagate
  exists-correlated: EXISTS(loans.user_id = users.id), 20 outer rows - under --cabin the mean mixes the observation charge
  count-by-user: SELECT COUNT(*) ... WHERE user_id = ?

  index mode all (after load), cabin off, server indexes on
  sizes: users=200, books=200, reservations=500, loans=1000
  ANALYZE (the access kind each shape compiled to):
      loans-by-user: IndexProbe
      loans-by-book: IndexProbe
      resv-by-user: IndexProbe
      books-by-author: IndexProbe
      books-by-genre: IndexProbe
      loans-by-daterange: Scan
      overdue: IndexRange
      join-no-literal: Range, IndexProbe
      exists-correlated: Range, IndexProbe
  SHOW INDEXES:
      indexes=8
      index_oid=1 name=loans_user_s3_c1_n1000_all rel=loans_s3_c1_n1000_all keys=(user_id) root_page=168 key_width=9 entry_width=17 height=2 entries=1000
      index_oid=2 name=loans_book_s3_c1_n1000_all rel=loans_s3_c1_n1000_all keys=(book_id) root_page=173 key_width=9 entry_width=17 height=2 entries=1000
      index_oid=3 name=resv_user_s3_c1_n1000_all rel=reservations_s3_c1_n1000_all keys=(user_id) root_page=177 key_width=9 entry_width=17 height=2 entries=500
      index_oid=4 name=books_author_s3_c1_n1000_all rel=books_s3_c1_n1000_all keys=(author_id) root_page=178 key_width=9 entry_width=17 height=1 entries=200
      index_oid=5 name=books_genre_s3_c1_n1000_all rel=books_s3_c1_n1000_all keys=(genre) root_page=179 key_width=5 entry_width=13 height=1 entries=200
      index_oid=6 name=loans_status_due_s3_c1_n1000_all rel=loans_s3_c1_n1000_all keys=(status,due_day) root_page=182 key_width=10 entry_width=18 height=2 entries=1000
      index_oid=7 name=books_branch_genre_s3_c1_n1000_all rel=books_s3_c1_n1000_all keys=(branch_id,genre) root_page=185 key_width=10 entry_width=18 height=1 entries=200
      index_oid=8 name=loans_user_cov_s3_c1_n1000_all rel=loans_s3_c1_n1000_all keys=(user_id) covering=(book_id,due_day,status) root_page=188 key_width=9 entry_width=33 height=2 entries=1000
  wrote /home/cdkbs/bench-runs/rebaseline-9a0525d/json/s3-c1-n1000-all.json
