
ckdbs benchmark - 34 columns, 200 rows resident, 1 connection
server 127.0.0.1:15620  table users_s3_c8_n200_all, books_s3_c8_n200_all, reservations_s3_c8_n200_all, loans_s3_c8_n200_all

phase                      ops       qps   mean us       p0      p25      p50      p95      p99       max   err
---------------------------------------------------------------------------------------------------------------
ddl                          4         0    2900.2   1504.2   1504.2   1537.2   5602.8   5602.8    5602.8     0
load                       380         0    1534.7   1160.2   1265.9   1339.7   2368.7   5830.3   15665.5     0
create-index                 8         0    1739.9   1497.6   1581.8   1767.3   1883.6   1883.6    1883.6     0
pk-user                    200         0      76.2     60.5     68.6     72.3     92.9    114.4     167.2     0
loans-by-user              200         0      92.3     66.7     82.3     91.4    115.5    128.6     132.5     0
loans-by-book              200         0      88.0     68.7     80.7     86.5    108.5    114.0     119.3     0
resv-by-user               200         0      77.0     61.4     71.5     74.9     98.1    108.1     122.5     0
books-by-author            200         0      83.5     66.7     74.4     84.4    101.1    116.0     118.4     0
books-by-genre             200         0      79.2     67.4     73.4     77.0     96.6    106.7     111.6     0
loans-by-daterange         200         0     114.1     90.7    102.8    111.6    138.2    151.6     154.6     0
overdue                    200         0      89.7     65.8     81.9     87.6    112.9    125.4     136.1     0
join-loan-user             200         0     103.3     70.6     92.9    102.4    129.5    132.7     135.6     0
join-no-literal            200         0     293.5    269.7    281.9    291.6    318.3    330.6     409.0     0
exists-correlated          200         0     150.0    137.7    141.4    145.4    173.1    180.9     183.0     0
count-by-user              200         0      71.1     63.0     66.6     68.4     85.9     98.2     102.2     0

  ddl: CREATE TABLE x4
  load: INSERT x all four relations
  create-index: --index-mode all
  pk-user: WHERE id = ? - Lookup, the control
  loans-by-user: WHERE user_id = ? - ~5 matches
  loans-by-book: WHERE book_id = ? - ~5 matches
  resv-by-user: WHERE user_id = ? on reservations
  books-by-author: WHERE author_id = ? - middle selectivity
  books-by-genre: WHERE genre = ? - 1/16 of the relation
  loans-by-daterange: WHERE loaned_day BETWEEN ? AND ? - 30 days
  overdue: WHERE status = ? AND due_day BETWEEN ? AND ?
  join-loan-user: loans JOIN users ON user_id = id
  join-no-literal: JOIN ON user_id, u.id BETWEEN 1 AND 16 - no literal to propagate
  exists-correlated: EXISTS(loans.user_id = users.id), 20 outer rows - under --cabin the mean mixes the observation charge
  count-by-user: SELECT COUNT(*) ... WHERE user_id = ?

  index mode all (after load), cabin off, server indexes on
  sizes: users=40, books=40, reservations=100, loans=200
  ANALYZE (the access kind each shape compiled to):
      loans-by-user: IndexProbe
      loans-by-book: IndexProbe
      resv-by-user: IndexProbe
      books-by-author: IndexProbe
      books-by-genre: IndexProbe
      loans-by-daterange: Scan
      overdue: IndexRange
      join-no-literal: Range, IndexProbe
      exists-correlated: Range, IndexProbe
  SHOW INDEXES:
      indexes=8
      index_oid=1 name=loans_user_s3_c8_n200_all rel=loans_s3_c8_n200_all keys=(user_id) root_page=146 key_width=9 entry_width=17 height=1 entries=200
      index_oid=2 name=loans_book_s3_c8_n200_all rel=loans_s3_c8_n200_all keys=(book_id) root_page=147 key_width=9 entry_width=17 height=1 entries=200
      index_oid=3 name=resv_user_s3_c8_n200_all rel=reservations_s3_c8_n200_all keys=(user_id) root_page=148 key_width=9 entry_width=17 height=1 entries=100
      index_oid=4 name=books_author_s3_c8_n200_all rel=books_s3_c8_n200_all keys=(author_id) root_page=149 key_width=9 entry_width=17 height=1 entries=40
      index_oid=5 name=books_genre_s3_c8_n200_all rel=books_s3_c8_n200_all keys=(genre) root_page=150 key_width=5 entry_width=13 height=1 entries=40
      index_oid=6 name=loans_status_due_s3_c8_n200_all rel=loans_s3_c8_n200_all keys=(status,due_day) root_page=151 key_width=10 entry_width=18 height=1 entries=200
      index_oid=7 name=books_branch_genre_s3_c8_n200_all rel=books_s3_c8_n200_all keys=(branch_id,genre) root_page=152 key_width=10 entry_width=18 height=1 entries=40
      index_oid=8 name=loans_user_cov_s3_c8_n200_all rel=loans_s3_c8_n200_all keys=(user_id) covering=(book_id,due_day,status) root_page=153 key_width=9 entry_width=33 height=1 entries=200
  wrote /home/cdkbs/bench-runs/rebaseline-9a0525d/json/s3-c8-n200-all.json
