
ckdbs benchmark - 34 columns, 200 rows resident, 1 connection
server 127.0.0.1:15620  table users_s3_c1_n200_none, books_s3_c1_n200_none, reservations_s3_c1_n200_none, loans_s3_c1_n200_none

phase                      ops       qps   mean us       p0      p25      p50      p95      p99       max   err
---------------------------------------------------------------------------------------------------------------
ddl                          4         0   13114.1   1463.2   1463.2   1497.7  45379.3  45379.3   45379.3     0
load                       380         0    2414.6   1134.5   1326.7   1414.7   4483.3  33313.6   57225.0     0
pk-user                    200         0      71.5     64.6     66.4     68.3     85.9    101.9     169.9     0
loans-by-user              200         0      97.8     77.1     89.7     97.1    117.7    122.4     129.4     0
loans-by-book              200         0      93.2     78.8     86.8     92.7    108.7    117.3     121.6     0
resv-by-user               200         0      78.0     67.4     74.3     77.0     91.3     96.8     102.1     0
books-by-author            200         0      78.8     67.1     71.5     77.3     97.4    101.8     104.8     0
books-by-genre             200         0      75.2     67.0     70.6     73.5     88.3    102.2     120.6     0
loans-by-daterange         200         0     106.4     87.7     97.9    104.6    127.2    132.9     140.1     0
overdue                    200         0      97.2     79.6     92.3     96.2    114.5    118.7     122.6     0
join-loan-user             200         0     108.2     83.2     99.3    105.3    127.8    140.4     320.4     0
join-no-literal            200         0     264.1    249.7    255.4    261.9    282.3    294.5     342.3     0
exists-correlated          200         0     129.4    122.8    124.9    126.3    142.5    149.6     151.4     0
count-by-user              200         0      77.5     73.6     74.7     75.6     90.5     94.9      99.5     0

  ddl: CREATE TABLE x4
  load: INSERT x all four relations
  pk-user: WHERE id = ? - Lookup, the control
  loans-by-user: WHERE user_id = ? - ~5 matches
  loans-by-book: WHERE book_id = ? - ~5 matches
  resv-by-user: WHERE user_id = ? on reservations
  books-by-author: WHERE author_id = ? - middle selectivity
  books-by-genre: WHERE genre = ? - 1/16 of the relation
  loans-by-daterange: WHERE loaned_day BETWEEN ? AND ? - 30 days
  overdue: WHERE status = ? AND due_day BETWEEN ? AND ?
  join-loan-user: loans JOIN users ON user_id = id
  join-no-literal: JOIN ON user_id, u.id BETWEEN 1 AND 16 - no literal to propagate
  exists-correlated: EXISTS(loans.user_id = users.id), 20 outer rows - under --cabin the mean mixes the observation charge
  count-by-user: SELECT COUNT(*) ... WHERE user_id = ?

  index mode none (after load), cabin off, server indexes on
  sizes: users=40, books=40, reservations=100, loans=200
  ANALYZE (the access kind each shape compiled to):
      loans-by-user: FilterScan
      loans-by-book: FilterScan
      resv-by-user: FilterScan
      books-by-author: FilterScan
      books-by-genre: FilterScan
      loans-by-daterange: Scan
      overdue: FilterScan
      join-no-literal: Range, Scan
      exists-correlated: Range, Scan
  wrote /home/cdkbs/bench-runs/rebaseline-9a0525d/json/s3-c1-n200-none.json
