created 8 relations with suffix _s2_kds_b1_c1_g_r2:
  organizations_s2_kds_b1_c1_g_r2
  ships_s2_kds_b1_c1_g_r2
  operations_s2_kds_b1_c1_g_r2
  cargos_s2_kds_b1_c1_g_r2
  fees_s2_kds_b1_c1_g_r2
  recipes_s2_kds_b1_c1_g_r2
  freights_s2_kds_b1_c1_g_r2
  charges_s2_kds_b1_c1_g_r2

read probe - which of the reads S2-02..S2-04 need does this server take?

  pk lookup           ok
  capacity aggregate  ok
  recipe filterscan   ok
  voyage manifest     ok
  voyage rollup       ok
  customer statement  ok


ckdbs benchmark - 68 columns, 24642 rows resident, 1 connection
server 127.0.0.1:15710  table scenario2_s2_kds_b1_c1_g_r2

phase                      ops       qps   mean us       p0      p25      p50      p95      p99       max   err
---------------------------------------------------------------------------------------------------------------
ddl                          8         0    1372.8   1263.8   1293.7   1341.5   1677.6   1677.6    1677.6     0
load-organizations         300         0    1446.4   1064.1   1241.1   1302.5   2007.8   4387.0   10139.8     0
load-ships                  30         0    1435.7   1134.6   1250.3   1298.4   2173.9   2315.1    2315.1     0
load-operations            300         0    1389.3   1071.1   1232.6   1274.4   1569.6   4364.5    7991.7     0
load-fees                   12         0    1964.9   1161.3   1195.9   1240.6   5851.9   5851.9    5851.9     0
load-recipes                93         0    1492.7   1095.9   1161.8   1229.6   1972.9   9829.4    9829.4     0
load-cargos               4000         0    1473.5   1049.7   1247.8   1311.0   2117.2   5581.9   15736.3     0
booking                   3402       429    2326.6    475.5   2175.0   2280.0   3659.8   7673.6   42927.5     0
cargo-lookup              3402       429      91.2     73.5     86.8     88.5    106.6    122.4    1910.4     0
credit-lookup             3402       429      78.6     59.4     71.9     73.1     95.4    129.1    1590.0     0
capacity-read             3402       429      75.5     65.0     68.8     69.8     91.6    122.9    1697.7     0
recipe-read               3402       429     190.3    164.8    179.9    185.8    211.4    243.3    1659.4     0
freight-insert            3000       378      68.0     52.7     62.4     63.8     83.6    102.9    1387.4     0
charge-insert            16907     2,131      55.4     43.2     50.4     51.4     70.3     90.7    1592.2     0
operation-update          3000       378      61.9     56.3     58.1     58.7     76.4     88.8     941.7     0
org-update                3000       378      59.5     49.7     55.5     56.2     74.4     86.5     948.4     0
commit                    3000       378    1538.7   1081.9   1233.8   1305.5   2635.8   6605.4   41940.7     0
manifest-scan              160        20     325.4     58.5    163.3    238.3   1403.7   1743.2    2053.0     0
voyage-rollup              160        20     339.0     61.6    150.7    207.6   1458.5   1821.6    6220.8     0
customer-statement          80        10     996.6     59.6    541.7    940.9   2118.8   3848.2    3848.2     0

  ddl: 8 relations
  booking: BEGIN/COMMIT, capacity=cached, 1 booker, contended

  S2-01..S2-05: builds, loads, books from --bookers processes, and
  runs the analytic reporter beside them. The PostgreSQL twin is
  tools/pg_scenario2_freight.py (single booker, reporter interleaved);
  diff the two --json files with tools/compare_scenario2.py.
  every relation is BTREE (AS-Q6, 2026-09-08: heap relations are suspended under SUS-1 and measurement is BTREE only for now); freights/charges were HEAP in the AL-S8 files at f6ed10c, so a number from this driver compares only with a number from this driver.
bookings
  committed                 3000       378.2 TPS
  rejected-capacity          328        9.6% of attempts
  rejected-credit             74        2.2% of attempts
  conflicted                   0          0 retries

  mode                 BEGIN/COMMIT, capacity=cached, max_fees=uncapped
  bookers              1, contended (shared voyages and customers)
  cargo pool left      926

  manifest reporter    8 passes, 400 reads, 693 freight rows scanned
                       latency is in the table above, beside the bookings it contended with

verify (§4)          400 checks, 0 failure(s)
  I1 booked_cbm == SUM(freights.cbm), I2 within ship capacity,
  I3 outstanding == recomputed charges, I4 charge rows == rules

  wrote /home/cdkbs/bench-runs/pg18-f2f1ee7/json/s2-kds-b1-c1-g-r2.json
