created 8 relations with suffix _s2_kds_b1_c1_g_r3:
  organizations_s2_kds_b1_c1_g_r3
  ships_s2_kds_b1_c1_g_r3
  operations_s2_kds_b1_c1_g_r3
  cargos_s2_kds_b1_c1_g_r3
  fees_s2_kds_b1_c1_g_r3
  recipes_s2_kds_b1_c1_g_r3
  freights_s2_kds_b1_c1_g_r3
  charges_s2_kds_b1_c1_g_r3

read probe - which of the reads S2-02..S2-04 need does this server take?

  pk lookup           ok
  capacity aggregate  ok
  recipe filterscan   ok
  voyage manifest     ok
  voyage rollup       ok
  customer statement  ok


ckdbs benchmark - 68 columns, 24642 rows resident, 1 connection
server 127.0.0.1:15710  table scenario2_s2_kds_b1_c1_g_r3

phase                      ops       qps   mean us       p0      p25      p50      p95      p99       max   err
---------------------------------------------------------------------------------------------------------------
ddl                          8         0    1608.1   1293.5   1344.5   1432.9   2141.6   2141.6    2141.6     0
load-organizations         300         0    1577.4   1070.4   1217.5   1311.2   3121.7   5531.7   11813.4     0
load-ships                  30         0    1641.5   1164.0   1191.4   1279.0   3976.9   8332.4    8332.4     0
load-operations            300         0    1620.6   1099.9   1251.3   1318.8   2988.6   9687.8   11603.4     0
load-fees                   12         0    1317.6   1210.5   1249.2   1304.4   1438.6   1438.6    1438.6     0
load-recipes                93         0    1356.6   1146.1   1253.7   1303.6   1591.9   3976.3    3976.3     0
load-cargos               4000         0    1471.8   1034.7   1241.2   1313.9   2126.4   5541.8   16311.0     0
booking                   3402       416    2396.7    472.8   2213.4   2325.2   3917.5   7742.1   47977.6     0
cargo-lookup              3402       416      93.0     73.6     87.5     89.1    116.9    134.1    1357.4     0
credit-lookup             3402       416      79.4     65.8     72.3     73.5    105.9    127.3    1442.3     0
capacity-read             3402       416      76.0     61.4     68.5     69.8    102.5    129.7    1469.5     0
recipe-read               3402       416     194.2    163.6    182.6    188.2    221.7    281.0    1908.9     0
freight-insert            3000       367      69.8     59.0     62.4     63.9     88.6    105.4    1511.4     0
charge-insert            16907     2,069      59.4     43.0     50.6     51.9     74.2     93.1   45032.4     0
operation-update          3000       367      64.1     56.1     58.0     58.7     81.2     96.1    1629.2     0
org-update                3000       367      62.3     50.6     55.4     56.2     79.9    103.4    1658.2     0
commit                    3000       367    1577.7   1080.5   1262.5   1342.3   2903.5   6282.2   23419.0     0
manifest-scan              180        22     280.6     59.0    176.3    247.2    419.3   1631.8    1769.6     0
voyage-rollup              180        22     392.9     62.5    150.8    218.3   1468.3   2292.9    7512.9     0
customer-statement          90        11    1050.0     61.1    511.2    947.7   2085.2   5334.6    5334.6     0

  ddl: 8 relations
  booking: BEGIN/COMMIT, capacity=cached, 1 booker, contended

  S2-01..S2-05: builds, loads, books from --bookers processes, and
  runs the analytic reporter beside them. The PostgreSQL twin is
  tools/pg_scenario2_freight.py (single booker, reporter interleaved);
  diff the two --json files with tools/compare_scenario2.py.
  every relation is BTREE (AS-Q6, 2026-09-08: heap relations are suspended under SUS-1 and measurement is BTREE only for now); freights/charges were HEAP in the AL-S8 files at f6ed10c, so a number from this driver compares only with a number from this driver.
bookings
  committed                 3000       367.1 TPS
  rejected-capacity          328        9.6% of attempts
  rejected-credit             74        2.2% of attempts
  conflicted                   0          0 retries

  mode                 BEGIN/COMMIT, capacity=cached, max_fees=uncapped
  bookers              1, contended (shared voyages and customers)
  cargo pool left      926

  manifest reporter    9 passes, 450 reads, 878 freight rows scanned
                       latency is in the table above, beside the bookings it contended with

verify (§4)          400 checks, 0 failure(s)
  I1 booked_cbm == SUM(freights.cbm), I2 within ship capacity,
  I3 outstanding == recomputed charges, I4 charge rows == rules

  wrote /home/cdkbs/bench-runs/pg18-f2f1ee7/json/s2-kds-b1-c1-g-r3.json
