created 8 relations with suffix _s2_kds_b1_c1_g_r1:
  organizations_s2_kds_b1_c1_g_r1
  ships_s2_kds_b1_c1_g_r1
  operations_s2_kds_b1_c1_g_r1
  cargos_s2_kds_b1_c1_g_r1
  fees_s2_kds_b1_c1_g_r1
  recipes_s2_kds_b1_c1_g_r1
  freights_s2_kds_b1_c1_g_r1
  charges_s2_kds_b1_c1_g_r1

read probe - which of the reads S2-02..S2-04 need does this server take?

  pk lookup           ok
  capacity aggregate  ok
  recipe filterscan   ok
  voyage manifest     ok
  voyage rollup       ok
  customer statement  ok


ckdbs benchmark - 68 columns, 24642 rows resident, 1 connection
server 127.0.0.1:15710  table scenario2_s2_kds_b1_c1_g_r1

phase                      ops       qps   mean us       p0      p25      p50      p95      p99       max   err
---------------------------------------------------------------------------------------------------------------
ddl                          8         0    1457.7   1236.5   1242.6   1281.1   2687.3   2687.3    2687.3     0
load-organizations         300         0    1465.5   1050.9   1244.6   1305.8   2083.7   4598.1    8248.3     0
load-ships                  30         0    1327.0   1137.1   1185.4   1243.4   1605.4   1605.7    1605.7     0
load-operations            300         0    1609.0   1160.3   1274.4   1332.0   2845.5   7272.2   10540.0     0
load-fees                   12         0    1672.9   1259.9   1319.1   1378.5   5141.2   5141.2    5141.2     0
load-recipes                93         0    1501.0   1088.5   1213.6   1280.4   2733.2   7321.3    7321.3     0
load-cargos               4000         0    1452.2   1025.5   1225.8   1283.2   2131.8   5449.7   34268.5     0
booking                   3402       429    2326.5    471.9   2195.9   2307.3   3573.1   6697.7   40061.5     0
cargo-lookup              3402       429      92.1     73.8     87.3     88.9    116.4    127.3     368.8     0
credit-lookup             3402       429      79.4     66.8     72.1     73.4    106.2    130.0    1493.3     0
capacity-read             3402       429      76.0     62.2     68.7     69.7    103.3    128.3    1527.4     0
recipe-read               3402       429     191.6    164.4    181.7    186.8    221.7    255.7    1636.0     0
freight-insert            3000       378      68.9     53.6     62.6     64.1     89.1    104.3    1405.1     0
charge-insert            16907     2,131      56.4     42.5     50.4     51.5     74.1     93.5    1562.3     0
operation-update          3000       378      63.8     56.1     58.2     58.9     81.6    107.6    1359.6     0
org-update                3000       378      61.5     53.9     55.7     56.4     80.3     96.1    1323.8     0
commit                    3000       378    1523.1   1079.5   1255.2   1325.5   2543.6   5347.8   39112.2     0
manifest-scan              160        20     339.8     68.0    154.9    278.3   1509.8   1698.9    1870.2     0
voyage-rollup              160        20     326.6     64.3    134.1    229.0   1517.6   1710.1    1739.7     0
customer-statement          80        10     949.3     62.0    477.0    976.7   2017.5   2604.6    2604.6     0

  ddl: 8 relations
  booking: BEGIN/COMMIT, capacity=cached, 1 booker, contended

  S2-01..S2-05: builds, loads, books from --bookers processes, and
  runs the analytic reporter beside them. The PostgreSQL twin is
  tools/pg_scenario2_freight.py (single booker, reporter interleaved);
  diff the two --json files with tools/compare_scenario2.py.
  every relation is BTREE (AS-Q6, 2026-09-08: heap relations are suspended under SUS-1 and measurement is BTREE only for now); freights/charges were HEAP in the AL-S8 files at f6ed10c, so a number from this driver compares only with a number from this driver.
bookings
  committed                 3000       378.2 TPS
  rejected-capacity          328        9.6% of attempts
  rejected-credit             74        2.2% of attempts
  conflicted                   0          0 retries

  mode                 BEGIN/COMMIT, capacity=cached, max_fees=uncapped
  bookers              1, contended (shared voyages and customers)
  cargo pool left      926

  manifest reporter    8 passes, 400 reads, 693 freight rows scanned
                       latency is in the table above, beside the bookings it contended with

verify (§4)          400 checks, 0 failure(s)
  I1 booked_cbm == SUM(freights.cbm), I2 within ship capacity,
  I3 outstanding == recomputed charges, I4 charge rows == rules

  wrote /home/cdkbs/bench-runs/pg18-f2f1ee7/json/s2-kds-b1-c1-g-r1.json
