created 8 relations with suffix _s2_kds_b1_c1_s_r2:
  organizations_s2_kds_b1_c1_s_r2
  ships_s2_kds_b1_c1_s_r2
  operations_s2_kds_b1_c1_s_r2
  cargos_s2_kds_b1_c1_s_r2
  fees_s2_kds_b1_c1_s_r2
  recipes_s2_kds_b1_c1_s_r2
  freights_s2_kds_b1_c1_s_r2
  charges_s2_kds_b1_c1_s_r2

read probe - which of the reads S2-02..S2-04 need does this server take?

  pk lookup           ok
  capacity aggregate  ok
  recipe filterscan   ok
  voyage manifest     ok
  voyage rollup       ok
  customer statement  ok


ckdbs benchmark - 68 columns, 24642 rows resident, 1 connection
server 127.0.0.1:15711  table scenario2_s2_kds_b1_c1_s_r2

phase                      ops       qps   mean us       p0      p25      p50      p95      p99       max   err
---------------------------------------------------------------------------------------------------------------
ddl                          8         0    1594.5   1244.7   1260.0   1286.3   3450.7   3450.7    3450.7     0
load-organizations         300         0    1386.8   1049.0   1202.7   1297.8   1777.1   3438.8   10564.0     0
load-ships                  30         0    1174.3   1056.9   1124.1   1140.6   1416.9   1421.8    1421.8     0
load-operations            300         0    1512.3   1113.7   1261.9   1312.1   2217.7   5488.5    8546.3     0
load-fees                   12         0    1325.1   1219.1   1240.5   1267.8   1792.2   1792.2    1792.2     0
load-recipes                93         0    1249.2   1020.5   1132.4   1198.1   1571.5   3622.9    3622.9     0
load-cargos               4000         0    1400.4   1016.3   1209.0   1264.2   1951.0   4823.7   11309.0     0
booking                   3402       419    2383.0    467.2   2173.9   2286.9   3761.9   8908.2   40189.9     0
cargo-lookup              3402       419      93.0     72.4     86.6     88.3    118.5    134.1     273.6     0
credit-lookup             3402       419      82.2     65.5     71.9     73.3    112.5    148.5    1643.7     0
capacity-read             3402       419      78.2     62.6     68.2     69.3    107.8    130.9    1661.3     0
recipe-read               3402       419     193.9    164.3    181.7    186.8    229.2    259.3    1756.4     0
freight-insert            3000       369      70.1     58.1     61.8     63.5     91.5    109.1    1339.3     0
charge-insert            16907     2,081      59.5     42.6     50.6     51.8     76.6     99.9   28126.5     0
operation-update          3000       369      64.6     56.2     57.9     58.6     82.5    106.4    1321.8     0
org-update                3000       369      63.8     49.5     55.7     56.5     81.3    114.7    1817.3     0
commit                    3000       369    1540.0   1085.8   1231.9   1301.9   2748.6   7680.9   24349.5     0
manifest-scan              180        22     404.4     75.2    177.6    240.5   1387.7   4468.4   11351.9     0
voyage-rollup              180        22     344.8     71.4    165.7    200.6   1416.9   2220.6    2697.7     0
customer-statement          90        11    1120.5     91.4    541.7    908.9   1829.5  12332.1   12332.1     0

  ddl: 8 relations
  booking: BEGIN/COMMIT, capacity=cached, 1 booker, contended

  S2-01..S2-05: builds, loads, books from --bookers processes, and
  runs the analytic reporter beside them. The PostgreSQL twin is
  tools/pg_scenario2_freight.py (single booker, reporter interleaved);
  diff the two --json files with tools/compare_scenario2.py.
  every relation is BTREE (AS-Q6, 2026-09-08: heap relations are suspended under SUS-1 and measurement is BTREE only for now); freights/charges were HEAP in the AL-S8 files at f6ed10c, so a number from this driver compares only with a number from this driver.
bookings
  committed                 3000       369.2 TPS
  rejected-capacity          328        9.6% of attempts
  rejected-credit             74        2.2% of attempts
  conflicted                   0          0 retries

  mode                 BEGIN/COMMIT, capacity=cached, max_fees=uncapped
  bookers              1, contended (shared voyages and customers)
  cargo pool left      926

  manifest reporter    9 passes, 450 reads, 869 freight rows scanned
                       latency is in the table above, beside the bookings it contended with

verify (§4)          400 checks, 0 failure(s)
  I1 booked_cbm == SUM(freights.cbm), I2 within ship capacity,
  I3 outstanding == recomputed charges, I4 charge rows == rules

  wrote /home/cdkbs/bench-runs/pg18-f2f1ee7/json/s2-kds-b1-c1-s-r2.json
