created 8 relations with suffix _082555

postgresql benchmark - 68 columns, 24624 rows resident, 1 connection
server 127.0.0.1:15700  table scenario2_082555

phase                      ops       qps   mean us       p0      p25      p50      p95      p99       max   err
---------------------------------------------------------------------------------------------------------------
ddl                         10         0    2483.2   1526.4   2248.3   2444.4   4376.3   4376.3    4376.3     0
load-organizations         300         0    1336.7   1092.6   1194.9   1274.0   1608.3   3026.9    3925.7     0
load-ships                  30         0    1296.6   1209.4   1242.8   1295.6   1457.5   1562.2    1562.2     0
load-operations            300         0    1396.3   1088.7   1171.8   1216.2   2227.6   5186.1   10643.1     0
load-fees                   12         0    1240.7   1111.8   1136.6   1219.3   1508.8   1508.8    1508.8     0
load-recipes                93         0    1403.9   1135.6   1202.8   1237.5   2268.3   7456.8    7456.8     0
load-cargos               4000         0    1458.8   1048.4   1222.3   1285.0   2171.8   5309.4   26405.0     0
booking                   3340         0    2222.9    340.2   2110.6   2221.6   3236.0   6423.8   20785.8     0
cargo-lookup              3340         0      77.7     60.6     75.3     76.6     92.1    101.4     265.6     0
credit-lookup             3340         0      67.6     57.1     65.3     66.6     80.9     92.6     154.7     0
capacity-read             3340         0      65.3     55.4     63.2     64.0     77.8     89.0     150.2     0
recipe-read               3340         0      90.8     79.6     87.1     88.9    105.8    117.0     373.4     0
freight-insert            3000         0      81.7     74.6     77.4     78.5     97.5    120.3     327.5     0
charge-insert            16889         0      54.0     47.5     49.7     50.9     68.4     87.8     267.1     0
operation-update          3000         0      72.9     67.0     70.1     70.9     86.6     97.1     147.9     0
org-update                3000         0      71.0     66.5     68.3     68.9     85.3     95.4     190.3     0
commit                    3000         0    1534.8   1062.3   1263.7   1345.4   2500.3   5748.3   19872.8     0
manifest-scan              140        19      95.4     71.0     85.2     93.7    120.0    135.2     139.5     0
voyage-rollup              140        19     100.6     85.0     93.1     96.0    120.4    132.0     382.2     0
customer-statement          70         9     339.7    266.6    300.9    334.5    460.4    517.7     517.7     0

  ddl: 8 relations + 2 indexes
  booking: BEGIN/COMMIT, capacity=cached

  PostgreSQL twin of tools/scenario2_freight.py: same booking, same
  work target, same seed. freights and charges carry a pk index they
  do not want and the two non-pk reads carry one they do.
bookings
  committed                 3000       400.9 TPS
  rejected-capacity          289        8.7% of attempts
  rejected-credit             51        1.5% of attempts
  conflicted                   0          0 retries

  mode                 BEGIN/COMMIT, capacity=cached, max_fees=uncapped
  bookers              1, partitioned (disjoint slices, no conflict possible)
  cargo pool left      949

  manifest reporter    7 passes, 350 reads, 738 freight rows scanned
                       latency is in the table above, beside the bookings it contended with

verify (§4)          400 checks, 0 failure(s)
  I1 booked_cbm == SUM(freights.cbm), I2 within ship capacity,
  I3 outstanding == recomputed charges, I4 charge rows == rules

  wrote /home/cdkbs/bench-runs/pg18-f2f1ee7/json/s2-pg-on-r3.json
