created 8 relations with suffix _082415

postgresql benchmark - 68 columns, 24624 rows resident, 1 connection
server 127.0.0.1:15700  table scenario2_082415

phase                      ops       qps   mean us       p0      p25      p50      p95      p99       max   err
---------------------------------------------------------------------------------------------------------------
ddl                         10         0     746.4    230.7    582.3    615.7   2295.6   2295.6    2295.6     0
load-organizations         300         0      71.6     65.6     67.1     67.9     84.8    101.9     303.3     0
load-ships                  30         0      76.9     66.7     67.9     68.3     90.1    255.8     255.8     0
load-operations            300         0      78.9     62.8     64.9     69.3    104.4    121.0     218.5     0
load-fees                   12         0      83.0     64.2     65.6     66.7    234.3    234.3     234.3     0
load-recipes                93         0      67.8     62.4     63.6     64.2     81.6    237.0     237.0     0
load-cargos               4000         0      69.0     64.1     65.6     66.2     82.2     98.1     757.3     0
booking                   3340         0     909.6    333.0    850.5    906.1   1266.6   1345.0    1737.5     0
cargo-lookup              3340         0      72.5     59.6     65.4     66.5     91.7    109.4     265.9     0
credit-lookup             3340         0      69.3     56.1     62.4     63.4     89.7    107.2     125.9     0
capacity-read             3340         0      68.7     54.3     61.6     62.6     88.4    105.9     175.3     0
recipe-read               3340         0      94.4     78.6     86.0     88.1    116.8    133.1     171.6     0
freight-insert            3000         0      83.5     72.2     74.3     76.0    106.5    123.9     302.8     0
charge-insert            16889         0      57.3     47.3     49.1     51.2     77.2     95.0     198.5     0
operation-update          3000         0      76.2     65.9     68.5     69.6     95.7    113.4     132.7     0
org-update                3000         0      73.8     64.4     66.1     67.0     94.5    112.2     125.8     0
commit                    3000         0      42.3     38.3     39.2     39.8     50.0     60.9     112.2     0
manifest-scan               60        20     107.7     69.9     90.4    113.5    134.5    146.6     146.6     0
voyage-rollup               60        20     113.0     82.0     93.8    101.7    137.1    374.3     374.3     0
customer-statement          30        10     370.1    298.7    316.1    375.4    466.1    544.1     544.1     0

  ddl: 8 relations + 2 indexes
  booking: BEGIN/COMMIT, capacity=cached

  PostgreSQL twin of tools/scenario2_freight.py: same booking, same
  work target, same seed. freights and charges carry a pk index they
  do not want and the two non-pk reads carry one they do.
bookings
  committed                 3000       977.5 TPS
  rejected-capacity          289        8.7% of attempts
  rejected-credit             51        1.5% of attempts
  conflicted                   0          0 retries

  mode                 BEGIN/COMMIT, capacity=cached, max_fees=uncapped
  bookers              1, partitioned (disjoint slices, no conflict possible)
  cargo pool left      949

  manifest reporter    3 passes, 150 reads, 413 freight rows scanned
                       latency is in the table above, beside the bookings it contended with

verify (§4)          400 checks, 0 failure(s)
  I1 booked_cbm == SUM(freights.cbm), I2 within ship capacity,
  I3 outstanding == recomputed charges, I4 charge rows == rules

  wrote /home/cdkbs/bench-runs/pg18-f2f1ee7/json/s2-pg-off-r1.json
