created 8 relations with suffix _084235

postgresql benchmark - 68 columns, 24624 rows resident, 1 connection
server 127.0.0.1:15700  table scenario2_084235

phase                      ops       qps   mean us       p0      p25      p50      p95      p99       max   err
---------------------------------------------------------------------------------------------------------------
ddl                         10         0    2405.2   1485.4   2098.8   2286.7   4263.2   4263.2    4263.2     0
load-organizations         300         0    1518.8   1108.4   1244.8   1287.6   2987.2   4801.2    9827.1     0
load-ships                  30         0    1314.0   1192.8   1261.5   1292.4   1482.5   1548.2    1548.2     0
load-operations            300         0    1351.5   1066.9   1149.2   1190.2   2015.0   4204.2    8535.1     0
load-fees                   12         0    1301.5   1131.4   1137.4   1203.9   2092.0   2092.0    2092.0     0
load-recipes                93         0    1405.5   1092.4   1177.7   1218.6   2521.9   6980.0    6980.0     0
load-cargos               4000         0    1497.1   1073.7   1228.5   1296.8   2374.6   5548.5   59999.5     0
booking                   3340         0    2346.4    338.0   2156.7   2286.5   3631.1   6957.7   27030.9     0
cargo-lookup              3340         0      82.9     61.0     76.1     78.1    101.9    117.2     398.7     0
credit-lookup             3340         0      72.8     57.6     65.8     67.2     93.6    111.9     133.7     0
capacity-read             3340         0      70.5     55.2     63.6     64.7     90.2    106.9     156.9     0
recipe-read               3340         0      96.6     80.4     88.2     90.4    118.8    135.9     200.8     0
freight-insert            3000         0      87.7     74.6     78.4     80.5    111.6    128.4     313.4     0
charge-insert            16889         0      59.0     48.0     50.5     52.8     79.6     98.8     282.2     0
operation-update          3000         0      79.0     65.9     71.1     72.4     98.6    115.1     169.0     0
org-update                3000         0      76.5     66.3     68.6     69.7     96.1    113.7     151.8     0
commit                    3000         0    1593.8   1087.2   1284.3   1357.3   2867.5   6207.3   26072.2     0
manifest-scan              140        18      98.1     67.6     84.0     93.8    134.9    141.5     154.3     0
voyage-rollup              140        18     103.6     80.7     92.8     95.9    130.0    152.5     365.3     0
customer-statement          70         9     341.2    265.2    301.5    334.1    425.0    512.5     512.5     0

  ddl: 8 relations + 2 indexes
  booking: BEGIN/COMMIT, capacity=cached

  PostgreSQL twin of tools/scenario2_freight.py: same booking, same
  work target, same seed. freights and charges carry a pk index they
  do not want and the two non-pk reads carry one they do.
bookings
  committed                 3000       379.9 TPS
  rejected-capacity          289        8.7% of attempts
  rejected-credit             51        1.5% of attempts
  conflicted                   0          0 retries

  mode                 BEGIN/COMMIT, capacity=cached, max_fees=uncapped
  bookers              1, partitioned (disjoint slices, no conflict possible)
  cargo pool left      949

  manifest reporter    7 passes, 350 reads, 718 freight rows scanned
                       latency is in the table above, beside the bookings it contended with

verify (§4)          400 checks, 0 failure(s)
  I1 booked_cbm == SUM(freights.cbm), I2 within ship capacity,
  I3 outstanding == recomputed charges, I4 charge rows == rules

  wrote /home/cdkbs/bench-runs/pg18-f2f1ee7/json/s2-pg-on-fsyncprobe.json
