
placed spread=600 twin=600 split_relation_detail=4000:2@2 reps=300 range_size_ids=512

arm relation   core  stages    ops   rows   mean us       p0      p25      p50      p90      p99  err
----------------------------------------------------------------------------------------------------
B   twin          0       0    300    600     129.5    111.0    125.0    128.8    137.8    164.3    0
A   twin          1       1    300    600     316.5    268.0    300.8    309.3    330.1    529.1    0
C   spread        1       2    300    600     224.1    207.6    218.2    221.7    234.2    282.9    0
D   spread        0       2    300    600     321.5    266.6    310.1    317.7    344.9    368.4    0

A - B (remote over none),      p50:    180.5 us   mean:    187.0 us
C - A (self-directed over remote), p50:    -87.6 us   mean:    -92.4 us
C - D (same two stages, opposite roles), p50:    -96.0 us

A/B byte-identical: True   C/D byte-identical: True

{
  "arms": {
    "B": {
      "phase": "B twin@core0",
      "detail": "",
      "ops": 300,
      "errors": 0,
      "first_error": null,
      "elapsed_s": 0.038852,
      "qps": 7721.6,
      "mean_us": 129.5,
      "p0_us": 111.0,
      "p25_us": 125.0,
      "p50_us": 128.8,
      "p95_us": 145.1,
      "p99_us": 164.3,
      "max_us": 202.8,
      "p90_us": 137.8,
      "relation": "twin",
      "core": 0,
      "expected_stages": 0,
      "rows_returned": [
        600
      ],
      "errors_sample": []
    },
    "A": {
      "phase": "A twin@core1",
      "detail": "",
      "ops": 300,
      "errors": 0,
      "first_error": null,
      "elapsed_s": 0.09494,
      "qps": 3159.9,
      "mean_us": 316.5,
      "p0_us": 268.0,
      "p25_us": 300.8,
      "p50_us": 309.3,
      "p95_us": 345.9,
      "p99_us": 529.1,
      "max_us": 847.5,
      "p90_us": 330.1,
      "relation": "twin",
      "core": 1,
      "expected_stages": 1,
      "rows_returned": [
        600
      ],
      "errors_sample": []
    },
    "C": {
      "phase": "C spread@core1",
      "detail": "",
      "ops": 300,
      "errors": 0,
      "first_error": null,
      "elapsed_s": 0.067239,
      "qps": 4461.7,
      "mean_us": 224.1,
      "p0_us": 207.6,
      "p25_us": 218.2,
      "p50_us": 221.7,
      "p95_us": 238.2,
      "p99_us": 282.9,
      "max_us": 396.2,
      "p90_us": 234.2,
      "relation": "spread",
      "core": 1,
      "expected_stages": 2,
      "rows_returned": [
        600
      ],
      "errors_sample": []
    },
    "D": {
      "phase": "D spread@core0",
      "detail": "",
      "ops": 300,
      "errors": 0,
      "first_error": null,
      "elapsed_s": 0.09646,
      "qps": 3110.1,
      "mean_us": 321.5,
      "p0_us": 266.6,
      "p25_us": 310.1,
      "p50_us": 317.7,
      "p95_us": 352.6,
      "p99_us": 368.4,
      "max_us": 394.2,
      "p90_us": 344.9,
      "relation": "spread",
      "core": 0,
      "expected_stages": 2,
      "rows_returned": [
        600
      ],
      "errors_sample": []
    }
  },
  "checks": {
    "A_B_byte_identical": true,
    "C_D_byte_identical": true,
    "A_distinct_replies": 1,
    "C_distinct_replies": 1
  },
  "placed_spread": 600,
  "placed_twin": 600,
  "split_relation_detail": "4000:2@2",
  "remote_over_none_p50_us": 180.5,
  "self_directed_over_remote_p50_us": -87.6,
  "c_d_gap_p50_us": -96.0,
  "remote_over_none_mean_us": 187.0,
  "self_directed_over_remote_mean_us": -92.4
}
  wrote /home/cdkbs/rs_run/self-directed/self-directed-stage.json
