quiet: loadavg 0.13
=== xe4-group-nopl-b1-base-r1 (attempt 1, port 16101) 2026-08-31T08:59:05Z ===
OK xe4-group-nopl-b1-base-r1 rc=0
quiet: loadavg 0.42
=== xe4-group-nopl-b8-base-r1 (attempt 1, port 16102) 2026-08-31T08:59:45Z ===
OK xe4-group-nopl-b8-base-r1 rc=0
quiet: loadavg 0.57
=== xe4xo-group-b1-base-r1 (port 16103) 2026-08-31T09:01:07Z ===
OK xe4xo-group-b1-base-r1 rc=0
quiet: loadavg 0.64
=== xe4xo-group-b8-base-r1 (port 16104) 2026-08-31T09:01:15Z ===
OK xe4xo-group-b8-base-r1 rc=0
quiet: loadavg 0.67
=== xe4-group-nopl-b1-base-r2 (attempt 1, port 16105) 2026-08-31T09:01:24Z ===
OK xe4-group-nopl-b1-base-r2 rc=0
quiet: loadavg 0.56
=== xe4-group-nopl-b8-base-r2 (attempt 1, port 16106) 2026-08-31T09:02:34Z ===
OK xe4-group-nopl-b8-base-r2 rc=0
quiet: loadavg 0.55
=== xe4xo-group-b1-base-r2 (port 16107) 2026-08-31T09:03:40Z ===
OK xe4xo-group-b1-base-r2 rc=0
quiet: loadavg 0.59
=== xe4xo-group-b8-base-r2 (port 16108) 2026-08-31T09:03:48Z ===
OK xe4xo-group-b8-base-r2 rc=0
quiet: loadavg 0.58
=== xe4-group-nopl-b1-base-r3 (attempt 1, port 16109) 2026-08-31T09:04:27Z ===
OK xe4-group-nopl-b1-base-r3 rc=0
quiet: loadavg 0.58
=== xe4-group-nopl-b8-base-r3 (attempt 1, port 16110) 2026-08-31T09:05:37Z ===
OK xe4-group-nopl-b8-base-r3 rc=0
quiet: loadavg 0.61
=== xe4xo-group-b1-base-r3 (port 16111) 2026-08-31T09:06:43Z ===
OK xe4xo-group-b1-base-r3 rc=0
quiet: loadavg 0.59
=== xe4xo-group-b8-base-r3 (port 16112) 2026-08-31T09:07:06Z ===
OK xe4xo-group-b8-base-r3 rc=0
quiet: loadavg 0.57
=== xe4xo-strict-b1-base-r1 (port 16113) 2026-08-31T09:07:15Z ===
OK xe4xo-strict-b1-base-r1 rc=0
quiet: loadavg 0.61
=== xe4xo-relaxed-b8-base-r1 (port 16114) 2026-08-31T09:07:23Z ===
OK xe4xo-relaxed-b8-base-r1 rc=0
quiet: loadavg 0.64
=== xe4-group-nopl-b1-xe1-r1 (attempt 1, port 16115) 2026-08-31T09:07:29Z ===
OK xe4-group-nopl-b1-xe1-r1 rc=0
quiet: loadavg 0.65
=== xe4-group-nopl-b8-xe1-r1 (attempt 1, port 16116) 2026-08-31T09:08:25Z ===
OK xe4-group-nopl-b8-xe1-r1 rc=0
quiet: loadavg 0.60
=== xe4xo-group-b1-xe1-r1 (port 16117) 2026-08-31T09:09:32Z ===
OK xe4xo-group-b1-xe1-r1 rc=0
quiet: loadavg 0.58
=== xe4xo-group-b8-xe1-r1 (port 16118) 2026-08-31T09:09:40Z ===
OK xe4xo-group-b8-xe1-r1 rc=0
quiet: loadavg 0.60
=== xe4-group-nopl-b1-xe1-r2 (attempt 1, port 16119) 2026-08-31T09:10:02Z ===
OK xe4-group-nopl-b1-xe1-r2 rc=0
quiet: loadavg 0.59
=== xe4-group-nopl-b8-xe1-r2 (attempt 1, port 16120) 2026-08-31T09:11:12Z ===
OK xe4-group-nopl-b8-xe1-r2 rc=0
quiet: loadavg 0.64
=== xe4xo-group-b1-xe1-r2 (port 16121) 2026-08-31T09:12:04Z ===
OK xe4xo-group-b1-xe1-r2 rc=0
quiet: loadavg 0.60
=== xe4xo-group-b8-xe1-r2 (port 16122) 2026-08-31T09:12:27Z ===
OK xe4xo-group-b8-xe1-r2 rc=0
quiet: loadavg 0.63
=== xe4-group-nopl-b1-xe1-r3 (attempt 1, port 16123) 2026-08-31T09:12:33Z ===
OK xe4-group-nopl-b1-xe1-r3 rc=0
quiet: loadavg 0.63
=== xe4-group-nopl-b8-xe1-r3 (attempt 1, port 16124) 2026-08-31T09:13:28Z ===
OK xe4-group-nopl-b8-xe1-r3 rc=0
quiet: loadavg 0.57
=== xe4xo-group-b1-xe1-r3 (port 16125) 2026-08-31T09:14:36Z ===
OK xe4xo-group-b1-xe1-r3 rc=0
quiet: loadavg 0.60
=== xe4xo-group-b8-xe1-r3 (port 16126) 2026-08-31T09:14:43Z ===
OK xe4xo-group-b8-xe1-r3 rc=0
quiet: loadavg 0.58
=== xe4xo-strict-b1-xe1-r1 (port 16127) 2026-08-31T09:14:50Z ===
OK xe4xo-strict-b1-xe1-r1 rc=0
quiet: loadavg 0.62
=== xe4xo-relaxed-b8-xe1-r1 (port 16128) 2026-08-31T09:14:58Z ===
OK xe4xo-relaxed-b8-xe1-r1 rc=0
ALL DONE 2026-08-31T09:15:04Z
