### e-c2-b8-nosplit (cores=2 pl=on extra='range_size_ids = 0' port=15651) 04:39:40
quiet: loadavg 0.34
== e-c2-b8-nosplit ==
cores: 2   peer_listeners: on   port: 15651
extra conf: range_size_ids = 0
driver flags: --cargos 20000 --bookings 5000 --seed 1 --verify 0 --manifest-customers 0 --bookers 8
binary sha256: 275317929d6dde4d384e90c6aa94725a9b39d3b017bc9b01b7e2471fa36bf9a4
uptime before:  04:39:40 up  6:30,  1 user,  load average: 0.34, 0.67, 0.77
driver exit: 0
server utime+stime ticks before: 0 9
server utime+stime ticks after:  276 242
load samples max: 0.67 0.71 0.78
data file bytes: 20447232
uptime after:  04:40:25 up  6:30,  1 user,  load average: 0.69, 0.72, 0.78
### e-c2-b8-nosplit rc=0
### e-c4-b8-nosplit (cores=4 pl=on extra='range_size_ids = 0' port=15652) 04:40:25
quiet: loadavg 0.69
== e-c4-b8-nosplit ==
cores: 4   peer_listeners: on   port: 15652
extra conf: range_size_ids = 0
driver flags: --cargos 20000 --bookings 5000 --seed 1 --verify 0 --manifest-customers 0 --bookers 8
binary sha256: 275317929d6dde4d384e90c6aa94725a9b39d3b017bc9b01b7e2471fa36bf9a4
uptime before:  04:40:25 up  6:30,  1 user,  load average: 0.69, 0.72, 0.78
driver exit: 0
server utime+stime ticks before: 0 9
server utime+stime ticks after:  277 277
load samples max: 0.93 0.77 0.80
data file bytes: 20971520
uptime after:  04:41:05 up  6:31,  2 users,  load average: 1.33, 0.86, 0.82
### e-c4-b8-nosplit rc=0
### e-c8-b8-nosplit (cores=8 pl=on extra='range_size_ids = 0' port=15653) 04:41:05
quiet: loadavg 0.63
== e-c8-b8-nosplit ==
cores: 8   peer_listeners: on   port: 15653
extra conf: range_size_ids = 0
driver flags: --cargos 20000 --bookings 5000 --seed 1 --verify 0 --manifest-customers 0 --bookers 8
binary sha256: 275317929d6dde4d384e90c6aa94725a9b39d3b017bc9b01b7e2471fa36bf9a4
uptime before:  04:41:50 up  6:32,  2 users,  load average: 0.63, 0.73, 0.78
driver exit: 0
server utime+stime ticks before: 0 9
server utime+stime ticks after:  294 335
load samples max: 0.87 0.78 0.80
data file bytes: 23592960
uptime after:  04:42:28 up  6:32,  2 users,  load average: 0.88, 0.79, 0.80
### e-c8-b8-nosplit rc=0
### f-c1-b8-relaxed (cores=1 pl=off extra='durability = relaxed' port=15654) 04:42:28
quiet: loadavg 0.69
== f-c1-b8-relaxed ==
cores: 1   peer_listeners: off   port: 15654
extra conf: durability = relaxed
driver flags: --cargos 20000 --bookings 5000 --seed 1 --verify 0 --manifest-customers 0 --bookers 8
binary sha256: 275317929d6dde4d384e90c6aa94725a9b39d3b017bc9b01b7e2471fa36bf9a4
uptime before:  04:42:43 up  6:33,  2 users,  load average: 0.69, 0.75, 0.79
server died
config: /home/ubuntu/bench-s2-cores/cells/f-c1-b8-relaxed/kds.conf:10: key 'durability' already set on line 5
### f-c1-b8-relaxed rc=3
### f-c8-b8-relaxed (cores=8 pl=off extra='durability = relaxed' port=15655) 04:42:43
quiet: loadavg 0.69
== f-c8-b8-relaxed ==
cores: 8   peer_listeners: off   port: 15655
extra conf: durability = relaxed
driver flags: --cargos 20000 --bookings 5000 --seed 1 --verify 0 --manifest-customers 0 --bookers 8
binary sha256: 275317929d6dde4d384e90c6aa94725a9b39d3b017bc9b01b7e2471fa36bf9a4
uptime before:  04:42:43 up  6:33,  2 users,  load average: 0.69, 0.75, 0.79
server died
config: /home/ubuntu/bench-s2-cores/cells/f-c8-b8-relaxed/kds.conf:10: key 'durability' already set on line 5
### f-c8-b8-relaxed rc=3
FOLLOWUP DONE 04:42:43
