### f-c1-b8-relaxed (cores=1 pl=off durability=relaxed port=15661) 04:43:20
quiet: loadavg 0.38
== f-c1-b8-relaxed ==
cores: 1   peer_listeners: off   port: 15661
extra conf: none
driver flags: --cargos 20000 --bookings 5000 --seed 1 --verify 0 --manifest-customers 0 --bookers 8
binary sha256: 275317929d6dde4d384e90c6aa94725a9b39d3b017bc9b01b7e2471fa36bf9a4
uptime before:  04:43:20 up  6:33,  2 users,  load average: 0.38, 0.66, 0.76
driver exit: 0
server utime+stime ticks before: 0 7
server utime+stime ticks after:  52 63
load samples max: 0.38 0.66 0.76
data file bytes: 19398656
uptime after:  04:43:22 up  6:33,  2 users,  load average: 0.67, 0.72, 0.77
### f-c1-b8-relaxed rc=0
### f-c8-b8-relaxed (cores=8 pl=off durability=relaxed port=15662) 04:43:22
quiet: loadavg 0.67
== f-c8-b8-relaxed ==
cores: 8   peer_listeners: off   port: 15662
extra conf: none
driver flags: --cargos 20000 --bookings 5000 --seed 1 --verify 0 --manifest-customers 0 --bookers 8
binary sha256: 275317929d6dde4d384e90c6aa94725a9b39d3b017bc9b01b7e2471fa36bf9a4
uptime before:  04:43:22 up  6:33,  2 users,  load average: 0.67, 0.72, 0.77
driver exit: 0
server utime+stime ticks before: 0 9
server utime+stime ticks after:  59 122
load samples max: 0.67 0.72 0.77
data file bytes: 23068672
uptime after:  04:43:28 up  6:33,  2 users,  load average: 0.62, 0.71, 0.77
### f-c8-b8-relaxed rc=0
### f-c8-b8-pl-relaxed (cores=8 pl=on durability=relaxed port=15663) 04:43:28
quiet: loadavg 0.62
== f-c8-b8-pl-relaxed ==
cores: 8   peer_listeners: on   port: 15663
extra conf: none
driver flags: --cargos 20000 --bookings 5000 --seed 1 --verify 0 --manifest-customers 0 --bookers 8
binary sha256: 275317929d6dde4d384e90c6aa94725a9b39d3b017bc9b01b7e2471fa36bf9a4
uptime before:  04:43:29 up  6:33,  2 users,  load average: 0.62, 0.71, 0.77
driver exit: 0
server utime+stime ticks before: 0 9
server utime+stime ticks after:  150 171
load samples max: 0.65 0.71 0.77
data file bytes: 23592960
uptime after:  04:43:39 up  6:34,  2 users,  load average: 0.76, 0.73, 0.78
### f-c8-b8-pl-relaxed rc=0
FOLLOWUP2 DONE 04:43:39
