### a-c1-b1 (cores=1 pl=off port=15611) 04:13:06
quiet: loadavg 0.15
== a-c1-b1 ==
cores: 1   peer_listeners: off   port: 15611
driver flags: --cargos 20000 --bookings 5000 --seed 1 --verify 0 --manifest-customers 0 --bookers 1
binary sha256: 275317929d6dde4d384e90c6aa94725a9b39d3b017bc9b01b7e2471fa36bf9a4
uptime before:  04:13:06 up  6:03,  1 user,  load average: 0.15, 0.96, 0.85
driver exit: 0
server utime+stime ticks before: 0 7
server utime+stime ticks after:  141 204
load samples max: 0.70 1.00 0.87
data file bytes: 19398656
uptime after:  04:13:47 up  6:04,  2 users,  load average: 0.70, 1.00, 0.87
### a-c1-b1 rc=0
### a-c1-b4 (cores=1 pl=off port=15612) 04:13:47
quiet: loadavg 0.54
== a-c1-b4 ==
cores: 1   peer_listeners: off   port: 15612
driver flags: --cargos 20000 --bookings 5000 --seed 1 --verify 0 --manifest-customers 0 --bookers 4
binary sha256: 275317929d6dde4d384e90c6aa94725a9b39d3b017bc9b01b7e2471fa36bf9a4
uptime before:  04:14:02 up  6:04,  1 user,  load average: 0.54, 0.95, 0.85
driver exit: 0
server utime+stime ticks before: 0 7
server utime+stime ticks after:  171 188
load samples max: 0.76 0.96 0.86
data file bytes: 19398656
uptime after:  04:14:42 up  6:05,  1 user,  load average: 0.78, 0.96, 0.86
### a-c1-b4 rc=0
### a-c1-b8 (cores=1 pl=off port=15613) 04:14:42
quiet: loadavg 0.58
== a-c1-b8 ==
cores: 1   peer_listeners: off   port: 15613
driver flags: --cargos 20000 --bookings 5000 --seed 1 --verify 0 --manifest-customers 0 --bookers 8
binary sha256: 275317929d6dde4d384e90c6aa94725a9b39d3b017bc9b01b7e2471fa36bf9a4
uptime before:  04:15:28 up  6:05,  1 user,  load average: 0.58, 0.89, 0.84
driver exit: 0
server utime+stime ticks before: 0 7
server utime+stime ticks after:  185 188
load samples max: 0.85 0.92 0.85
data file bytes: 19398656
uptime after:  04:16:07 up  6:06,  1 user,  load average: 0.86, 0.92, 0.85
### a-c1-b8 rc=0
### a-c2-b1 (cores=2 pl=on port=15614) 04:16:07
quiet: loadavg 0.67
== a-c2-b1 ==
cores: 2   peer_listeners: on   port: 15614
driver flags: --cargos 20000 --bookings 5000 --seed 1 --verify 0 --manifest-customers 0 --bookers 1
binary sha256: 275317929d6dde4d384e90c6aa94725a9b39d3b017bc9b01b7e2471fa36bf9a4
uptime before:  04:16:22 up  6:06,  1 user,  load average: 0.67, 0.87, 0.84
driver exit: 0
server utime+stime ticks before: 0 9
server utime+stime ticks after:  288 292
load samples max: 0.90 0.91 0.85
data file bytes: 20447232
uptime after:  04:17:19 up  6:07,  1 user,  load average: 0.85, 0.89, 0.85
### a-c2-b1 rc=0
### a-c2-b4 (cores=2 pl=on port=15615) 04:17:19
quiet: loadavg 0.63
== a-c2-b4 ==
cores: 2   peer_listeners: on   port: 15615
driver flags: --cargos 20000 --bookings 5000 --seed 1 --verify 0 --manifest-customers 0 --bookers 4
binary sha256: 275317929d6dde4d384e90c6aa94725a9b39d3b017bc9b01b7e2471fa36bf9a4
uptime before:  04:17:50 up  6:08,  1 user,  load average: 0.63, 0.84, 0.83
driver exit: 0
server utime+stime ticks before: 0 9
server utime+stime ticks after:  293 280
load samples max: 0.97 0.90 0.85
data file bytes: 20447232
uptime after:  04:18:38 up  6:09,  1 user,  load average: 0.97, 0.90, 0.85
### a-c2-b4 rc=0
### a-c2-b8 (cores=2 pl=on port=15616) 04:18:38
quiet: loadavg 0.59
== a-c2-b8 ==
cores: 2   peer_listeners: on   port: 15616
driver flags: --cargos 20000 --bookings 5000 --seed 1 --verify 0 --manifest-customers 0 --bookers 8
binary sha256: 275317929d6dde4d384e90c6aa94725a9b39d3b017bc9b01b7e2471fa36bf9a4
uptime before:  04:19:09 up  6:09,  1 user,  load average: 0.59, 0.81, 0.82
driver exit: 0
server utime+stime ticks before: 0 9
server utime+stime ticks after:  286 262
load samples max: 0.89 0.85 0.84
data file bytes: 20447232
uptime after:  04:19:55 up  6:10,  1 user,  load average: 0.89, 0.85, 0.84
### a-c2-b8 rc=0
### a-c4-b1 (cores=4 pl=on port=15617) 04:19:55
quiet: loadavg 0.69
== a-c4-b1 ==
cores: 4   peer_listeners: on   port: 15617
driver flags: --cargos 20000 --bookings 5000 --seed 1 --verify 0 --manifest-customers 0 --bookers 1
binary sha256: 275317929d6dde4d384e90c6aa94725a9b39d3b017bc9b01b7e2471fa36bf9a4
uptime before:  04:20:10 up  6:10,  1 user,  load average: 0.69, 0.81, 0.82
driver exit: 0
server utime+stime ticks before: 0 9
server utime+stime ticks after:  321 332
load samples max: 0.86 0.84 0.83
data file bytes: 21495808
uptime after:  04:21:01 up  6:11,  1 user,  load average: 0.95, 0.86, 0.84
### a-c4-b1 rc=0
### a-c4-b4 (cores=4 pl=on port=15618) 04:21:01
quiet: loadavg 0.68
== a-c4-b4 ==
cores: 4   peer_listeners: on   port: 15618
driver flags: --cargos 20000 --bookings 5000 --seed 1 --verify 0 --manifest-customers 0 --bookers 4
binary sha256: 275317929d6dde4d384e90c6aa94725a9b39d3b017bc9b01b7e2471fa36bf9a4
uptime before:  04:21:16 up  6:11,  1 user,  load average: 0.68, 0.80, 0.82
driver exit: 0
server utime+stime ticks before: 0 9
server utime+stime ticks after:  302 321
load samples max: 0.97 0.86 0.84
data file bytes: 20971520
uptime after:  04:21:58 up  6:12,  1 user,  load average: 0.97, 0.86, 0.84
### a-c4-b4 rc=0
### a-c4-b8 (cores=4 pl=on port=15619) 04:21:58
quiet: loadavg 0.58
== a-c4-b8 ==
cores: 4   peer_listeners: on   port: 15619
driver flags: --cargos 20000 --bookings 5000 --seed 1 --verify 0 --manifest-customers 0 --bookers 8
binary sha256: 275317929d6dde4d384e90c6aa94725a9b39d3b017bc9b01b7e2471fa36bf9a4
uptime before:  04:22:44 up  6:13,  1 user,  load average: 0.58, 0.77, 0.81
driver exit: 0
server utime+stime ticks before: 0 9
server utime+stime ticks after:  305 291
load samples max: 1.28 0.91 0.85
data file bytes: 21495808
uptime after:  04:23:25 up  6:13,  1 user,  load average: 1.42, 0.95, 0.86
### a-c4-b8 rc=0
### a-c8-b1 (cores=8 pl=on port=15620) 04:23:25
quiet: loadavg 0.67
== a-c8-b1 ==
cores: 8   peer_listeners: on   port: 15620
driver flags: --cargos 20000 --bookings 5000 --seed 1 --verify 0 --manifest-customers 0 --bookers 1
binary sha256: 275317929d6dde4d384e90c6aa94725a9b39d3b017bc9b01b7e2471fa36bf9a4
uptime before:  04:24:10 up  6:14,  1 user,  load average: 0.67, 0.81, 0.82
driver exit: 0
server utime+stime ticks before: 0 9
server utime+stime ticks after:  316 366
load samples max: 0.82 0.83 0.83
data file bytes: 23592960
uptime after:  04:24:57 up  6:15,  1 user,  load average: 0.71, 0.81, 0.82
### a-c8-b1 rc=0
### a-c8-b4 (cores=8 pl=on port=15621) 04:24:57
quiet: loadavg 0.55
== a-c8-b4 ==
cores: 8   peer_listeners: on   port: 15621
driver flags: --cargos 20000 --bookings 5000 --seed 1 --verify 0 --manifest-customers 0 --bookers 4
binary sha256: 275317929d6dde4d384e90c6aa94725a9b39d3b017bc9b01b7e2471fa36bf9a4
uptime before:  04:25:12 up  6:15,  1 user,  load average: 0.55, 0.77, 0.80
driver exit: 0
server utime+stime ticks before: 0 9
server utime+stime ticks after:  278 330
load samples max: 0.96 0.84 0.83
data file bytes: 23068672
uptime after:  04:25:51 up  6:16,  1 user,  load average: 0.97, 0.85, 0.83
### a-c8-b4 rc=0
### a-c8-b8 (cores=8 pl=on port=15622) 04:25:51
quiet: loadavg 0.58
== a-c8-b8 ==
cores: 8   peer_listeners: on   port: 15622
driver flags: --cargos 20000 --bookings 5000 --seed 1 --verify 0 --manifest-customers 0 --bookers 8
binary sha256: 275317929d6dde4d384e90c6aa94725a9b39d3b017bc9b01b7e2471fa36bf9a4
uptime before:  04:26:21 up  6:16,  1 user,  load average: 0.58, 0.76, 0.80
driver exit: 0
server utime+stime ticks before: 0 9
server utime+stime ticks after:  295 326
load samples max: 0.91 0.82 0.82
data file bytes: 23068672
uptime after:  04:26:59 up  6:17,  1 user,  load average: 0.91, 0.82, 0.82
### a-c8-b8 rc=0
### b-c2-b8-nopl (cores=2 pl=off port=15623) 04:26:59
quiet: loadavg 0.55
== b-c2-b8-nopl ==
cores: 2   peer_listeners: off   port: 15623
driver flags: --cargos 20000 --bookings 5000 --seed 1 --verify 0 --manifest-customers 0 --bookers 8
binary sha256: 275317929d6dde4d384e90c6aa94725a9b39d3b017bc9b01b7e2471fa36bf9a4
uptime before:  04:27:29 up  6:17,  1 user,  load average: 0.55, 0.74, 0.80
driver exit: 0
server utime+stime ticks before: 0 9
server utime+stime ticks after:  199 209
load samples max: 0.80 0.79 0.81
data file bytes: 19922944
uptime after:  04:28:08 up  6:18,  1 user,  load average: 0.82, 0.79, 0.81
### b-c2-b8-nopl rc=0
### b-c4-b8-nopl (cores=4 pl=off port=15624) 04:28:08
quiet: loadavg 0.64
== b-c4-b8-nopl ==
cores: 4   peer_listeners: off   port: 15624
driver flags: --cargos 20000 --bookings 5000 --seed 1 --verify 0 --manifest-customers 0 --bookers 8
binary sha256: 275317929d6dde4d384e90c6aa94725a9b39d3b017bc9b01b7e2471fa36bf9a4
uptime before:  04:28:23 up  6:18,  1 user,  load average: 0.64, 0.75, 0.80
driver exit: 0
server utime+stime ticks before: 0 9
server utime+stime ticks after:  191 250
load samples max: 0.78 0.78 0.81
data file bytes: 20971520
uptime after:  04:28:59 up  6:19,  1 user,  load average: 0.80, 0.78, 0.81
### b-c4-b8-nopl rc=0
### b-c8-b8-nopl (cores=8 pl=off port=15625) 04:28:59
quiet: loadavg 0.62
== b-c8-b8-nopl ==
cores: 8   peer_listeners: off   port: 15625
driver flags: --cargos 20000 --bookings 5000 --seed 1 --verify 0 --manifest-customers 0 --bookers 8
binary sha256: 275317929d6dde4d384e90c6aa94725a9b39d3b017bc9b01b7e2471fa36bf9a4
uptime before:  04:29:14 up  6:19,  1 user,  load average: 0.62, 0.74, 0.80
driver exit: 0
server utime+stime ticks before: 0 9
server utime+stime ticks after:  185 267
load samples max: 1.00 0.82 0.82
data file bytes: 23068672
uptime after:  04:29:47 up  6:20,  1 user,  load average: 1.00, 0.82, 0.82
### b-c8-b8-nopl rc=0
### c-stock-c1 (cores=1 pl=off port=15626) 04:29:47
quiet: loadavg 0.61
== c-stock-c1 ==
cores: 1   peer_listeners: off   port: 15626
driver flags: --cargos 20000 --bookings 3000 --seed 1 --verify 25 --bookers 4
binary sha256: 275317929d6dde4d384e90c6aa94725a9b39d3b017bc9b01b7e2471fa36bf9a4
uptime before:  04:30:18 up  6:20,  1 user,  load average: 0.61, 0.74, 0.80
driver exit: 0
server utime+stime ticks before: 0 7
server utime+stime ticks after:  156 174
load samples max: 0.86 0.79 0.81
data file bytes: 14680064
uptime after:  04:30:55 up  6:21,  1 user,  load average: 0.86, 0.79, 0.81
### c-stock-c1 rc=0
### c-stock-c2 (cores=2 pl=on port=15627) 04:30:55
quiet: loadavg 0.67
== c-stock-c2 ==
cores: 2   peer_listeners: on   port: 15627
driver flags: --cargos 20000 --bookings 3000 --seed 1 --verify 25 --bookers 4
binary sha256: 275317929d6dde4d384e90c6aa94725a9b39d3b017bc9b01b7e2471fa36bf9a4
uptime before:  04:31:10 up  6:21,  1 user,  load average: 0.67, 0.75, 0.80
driver exit: 1
server utime+stime ticks before: 0 9
server utime+stime ticks after:  210 229
load samples max: 0.82 0.78 0.81
data file bytes: 15204352
uptime after:  04:31:53 up  6:22,  1 user,  load average: 0.84, 0.78, 0.81
### c-stock-c2 rc=1
### c-stock-c4 (cores=4 pl=on port=15628) 04:31:53
quiet: loadavg 0.65
== c-stock-c4 ==
cores: 4   peer_listeners: on   port: 15628
driver flags: --cargos 20000 --bookings 3000 --seed 1 --verify 25 --bookers 4
binary sha256: 275317929d6dde4d384e90c6aa94725a9b39d3b017bc9b01b7e2471fa36bf9a4
uptime before:  04:32:08 up  6:22,  1 user,  load average: 0.65, 0.75, 0.80
driver exit: 1
server utime+stime ticks before: 0 9
server utime+stime ticks after:  221 253
load samples max: 0.89 0.79 0.81
data file bytes: 15728640
uptime after:  04:32:45 up  6:23,  1 user,  load average: 0.89, 0.79, 0.81
### c-stock-c4 rc=1
### c-stock-c8 (cores=8 pl=on port=15629) 04:32:45
quiet: loadavg 0.69
== c-stock-c8 ==
cores: 8   peer_listeners: on   port: 15629
driver flags: --cargos 20000 --bookings 3000 --seed 1 --verify 25 --bookers 4
binary sha256: 275317929d6dde4d384e90c6aa94725a9b39d3b017bc9b01b7e2471fa36bf9a4
uptime before:  04:33:00 up  6:23,  1 user,  load average: 0.69, 0.75, 0.80
driver exit: 1
server utime+stime ticks before: 0 10
server utime+stime ticks after:  228 306
load samples max: 0.96 0.81 0.82
data file bytes: 17301504
uptime after:  04:33:35 up  6:24,  1 user,  load average: 1.04, 0.83, 0.83
### c-stock-c8 rc=1
### d-c1-b1-r2 (cores=1 pl=off port=15630) 04:33:35
quiet: loadavg 0.63
== d-c1-b1-r2 ==
cores: 1   peer_listeners: off   port: 15630
driver flags: --cargos 20000 --bookings 5000 --seed 1 --verify 0 --manifest-customers 0 --bookers 1
binary sha256: 275317929d6dde4d384e90c6aa94725a9b39d3b017bc9b01b7e2471fa36bf9a4
uptime before:  04:34:05 up  6:24,  1 user,  load average: 0.63, 0.75, 0.80
driver exit: 0
server utime+stime ticks before: 0 7
server utime+stime ticks after:  154 198
load samples max: 0.74 0.76 0.80
data file bytes: 19398656
uptime after:  04:34:45 up  6:25,  1 user,  load average: 0.76, 0.77, 0.81
### d-c1-b1-r2 rc=0
### d-c1-b1-r3 (cores=1 pl=off port=15631) 04:34:45
quiet: loadavg 0.59
== d-c1-b1-r3 ==
cores: 1   peer_listeners: off   port: 15631
driver flags: --cargos 20000 --bookings 5000 --seed 1 --verify 0 --manifest-customers 0 --bookers 1
binary sha256: 275317929d6dde4d384e90c6aa94725a9b39d3b017bc9b01b7e2471fa36bf9a4
uptime before:  04:35:00 up  6:25,  1 user,  load average: 0.59, 0.73, 0.79
driver exit: 0
server utime+stime ticks before: 0 8
server utime+stime ticks after:  152 200
load samples max: 0.77 0.76 0.80
data file bytes: 19398656
uptime after:  04:35:40 up  6:26,  1 user,  load average: 0.79, 0.77, 0.80
### d-c1-b1-r3 rc=0
### d-c8-b8-r2 (cores=8 pl=on port=15632) 04:35:40
quiet: loadavg 0.69
== d-c8-b8-r2 ==
cores: 8   peer_listeners: on   port: 15632
driver flags: --cargos 20000 --bookings 5000 --seed 1 --verify 0 --manifest-customers 0 --bookers 8
binary sha256: 275317929d6dde4d384e90c6aa94725a9b39d3b017bc9b01b7e2471fa36bf9a4
uptime before:  04:35:55 up  6:26,  1 user,  load average: 0.69, 0.74, 0.80
driver exit: 0
server utime+stime ticks before: 0 9
server utime+stime ticks after:  279 328
load samples max: 0.99 0.81 0.82
data file bytes: 23068672
uptime after:  04:36:32 up  6:27,  1 user,  load average: 0.99, 0.81, 0.82
### d-c8-b8-r2 rc=0
### d-c8-b8-r3 (cores=8 pl=on port=15633) 04:36:32
quiet: loadavg 0.60
== d-c8-b8-r3 ==
cores: 8   peer_listeners: on   port: 15633
driver flags: --cargos 20000 --bookings 5000 --seed 1 --verify 0 --manifest-customers 0 --bookers 8
binary sha256: 275317929d6dde4d384e90c6aa94725a9b39d3b017bc9b01b7e2471fa36bf9a4
uptime before:  04:37:02 up  6:27,  1 user,  load average: 0.60, 0.73, 0.79
driver exit: 0
server utime+stime ticks before: 0 10
server utime+stime ticks after:  292 336
load samples max: 1.44 0.91 0.85
data file bytes: 23068672
uptime after:  04:37:40 up  6:28,  1 user,  load average: 1.44, 0.91, 0.85
### d-c8-b8-r3 rc=0
ALL DONE 04:37:40
