quiet: loadavg 0.15
=== xd2-pl-c8-b1 (attempt 1, port 15901) 2026-08-31T06:14:35Z ===
uptime:  06:14:35 up  8:05,  2 users,  load average: 0.15, 0.27, 0.58
load samples max: 0.71 0.40 0.61
OK xd2-pl-c8-b1 rc=0
quiet: loadavg 0.66
=== xd2-pl-c8-b8 (attempt 1, port 15902) 2026-08-31T06:15:23Z ===
uptime:  06:15:23 up  8:05,  2 users,  load average: 0.66, 0.40, 0.61
load samples max: 0.86 0.48 0.63
OK xd2-pl-c8-b8 rc=0
quiet: loadavg 0.67
=== xd2-nopl-c8-b1 (attempt 1, port 15903) 2026-08-31T06:16:17Z ===
uptime:  06:16:17 up  8:06,  2 users,  load average: 0.67, 0.46, 0.62
load samples max: 0.93 0.55 0.64
OK xd2-nopl-c8-b1 rc=0
quiet: loadavg 0.67
=== xd2-nopl-c8-b8 (attempt 1, port 15904) 2026-08-31T06:17:08Z ===
uptime:  06:17:08 up  8:07,  2 users,  load average: 0.67, 0.51, 0.63
load samples max: 1.35 0.68 0.68
OK xd2-nopl-c8-b8 rc=0
quiet: loadavg 0.57
=== xd3-tmpfs-pl-c8-b1 (attempt 1, port 15905) 2026-08-31T06:18:28Z ===
uptime:  06:18:28 up  8:08,  2 users,  load average: 0.57, 0.58, 0.65
load samples max: 0.57 0.58 0.65
OK xd3-tmpfs-pl-c8-b1 rc=0
quiet: loadavg 0.53
=== xd3-tmpfs-pl-c8-b8 (attempt 1, port 15906) 2026-08-31T06:18:34Z ===
uptime:  06:18:34 up  8:09,  2 users,  load average: 0.53, 0.57, 0.64
load samples max: 0.53 0.57 0.64
OK xd3-tmpfs-pl-c8-b8 rc=0
quiet: loadavg 0.48
=== xd3-tmpfs-pl-c8-b8-relaxed (attempt 1, port 15907) 2026-08-31T06:18:38Z ===
uptime:  06:18:38 up  8:09,  2 users,  load average: 0.48, 0.56, 0.64
load samples max: 0.48 0.56 0.64
OK xd3-tmpfs-pl-c8-b8-relaxed rc=0
quiet: loadavg 0.48
=== xd4-pl-c8-b2 (attempt 1, port 15908) 2026-08-31T06:18:41Z ===
uptime:  06:18:41 up  8:09,  2 users,  load average: 0.48, 0.56, 0.64
load samples max: 0.89 0.65 0.66
OK xd4-pl-c8-b2 rc=0
quiet: loadavg 0.64
=== xd4-pl-c8-b4 (attempt 1, port 15909) 2026-08-31T06:19:38Z ===
uptime:  06:19:38 up  8:10,  2 users,  load average: 0.64, 0.61, 0.65
load samples max: 1.13 0.73 0.69
OK xd4-pl-c8-b4 rc=0
quiet: loadavg 0.63
=== xd5-strict-c1-r1 (attempt 1, port 15910) 2026-08-31T06:20:48Z ===
uptime:  06:20:48 up  8:11,  2 users,  load average: 0.63, 0.65, 0.66
load samples max: 0.79 0.69 0.68
OK xd5-strict-c1-r1 rc=0
quiet: loadavg 0.63
=== xd5-strict-c1-r2 (attempt 1, port 15911) 2026-08-31T06:21:44Z ===
uptime:  06:21:44 up  8:12,  2 users,  load average: 0.63, 0.66, 0.67
load samples max: 0.82 0.70 0.68
OK xd5-strict-c1-r2 rc=0
quiet: loadavg 0.63
=== xd5-strict-c1-r3 (attempt 1, port 15912) 2026-08-31T06:22:39Z ===
uptime:  06:22:39 up  8:13,  2 users,  load average: 0.63, 0.67, 0.67
load samples max: 0.81 0.71 0.68
OK xd5-strict-c1-r3 rc=0
quiet: loadavg 0.63
=== xd5-strict-c8pl-r1 (attempt 1, port 15913) 2026-08-31T06:23:35Z ===
uptime:  06:23:35 up  8:14,  2 users,  load average: 0.63, 0.68, 0.67
load samples max: 0.94 0.75 0.70
RETRY xd5-strict-c8pl-r1 (landed_local)
quiet: loadavg 0.57
=== xd5-strict-c8pl-r1 (attempt 2, port 15914) 2026-08-31T06:24:42Z ===
uptime:  06:24:42 up  8:15,  2 users,  load average: 0.57, 0.67, 0.67
load samples max: 0.78 0.72 0.69
RETRY xd5-strict-c8pl-r1 (landed_local)
quiet: loadavg 0.61
=== xd5-strict-c8pl-r1 (attempt 3, port 15915) 2026-08-31T06:25:34Z ===
uptime:  06:25:34 up  8:16,  2 users,  load average: 0.61, 0.68, 0.68
load samples max: 0.97 0.77 0.71
OK xd5-strict-c8pl-r1 rc=0
quiet: loadavg 0.65
=== xd5-strict-c8pl-r2 (attempt 1, port 15916) 2026-08-31T06:26:53Z ===
uptime:  06:26:53 up  8:17,  2 users,  load average: 0.65, 0.72, 0.70
load samples max: 0.79 0.75 0.71
RETRY xd5-strict-c8pl-r2 (landed_local)
quiet: loadavg 0.63
=== xd5-strict-c8pl-r2 (attempt 2, port 15917) 2026-08-31T06:27:44Z ===
uptime:  06:27:44 up  8:18,  2 users,  load average: 0.63, 0.71, 0.70
load samples max: 0.88 0.77 0.72
OK xd5-strict-c8pl-r2 rc=0
quiet: loadavg 0.63
=== xd5-strict-c8pl-r3 (attempt 1, port 15918) 2026-08-31T06:28:48Z ===
uptime:  06:28:48 up  8:19,  2 users,  load average: 0.63, 0.72, 0.71
load samples max: 1.00 0.81 0.74
OK xd5-strict-c8pl-r3 rc=0
ALL DONE 2026-08-31T06:29:35Z
