{
  "label": "xd2-pl-c8-b8-allx",
  "cores": 8,
  "peer_listeners": "on",
  "durability": "group",
  "bookings": 5000,
  "bookers": 8,
  "wal_dir": "(default, beside data file)",
  "load_elapsed_s": 24.91,
  "loaded": {
    "organizations": 2000,
    "ships": 200,
    "operations": 2000,
    "fees": 12,
    "recipes": 93,
    "cargos": 20000
  },
  "reader_connect_attempts": 15,
  "outcomes": {
    "committed": 5000,
    "rejected-capacity": 17,
    "rejected-credit": 0,
    "conflicted": 16,
    "failed": 0
  },
  "axes": {
    "operations": 3,
    "organizations": 2,
    "read": 11,
    "commit": 0
  },
  "retries": 16,
  "abandoned": 0,
  "run_elapsed_s": 7.5957,
  "tps": 658.2643215974502,
  "phases": {
    "booking": {
      "phase": "booking",
      "detail": "",
      "ops": 5017,
      "errors": 0,
      "first_error": null,
      "elapsed_s": 7.595733,
      "qps": 660.5,
      "mean_us": 11339.1,
      "p0_us": 467.1,
      "p25_us": 9026.8,
      "p50_us": 10722.8,
      "p95_us": 16081.6,
      "p99_us": 19264.2,
      "max_us": 143635.7
    },
    "cargo-lookup": {
      "phase": "cargo-lookup",
      "detail": "",
      "ops": 5033,
      "errors": 0,
      "first_error": null,
      "elapsed_s": 7.595733,
      "qps": 662.6,
      "mean_us": 1378.6,
      "p0_us": 37.7,
      "p25_us": 784.6,
      "p50_us": 1028.9,
      "p95_us": 2844.3,
      "p99_us": 3706.3,
      "max_us": 131841.6
    },
    "credit-lookup": {
      "phase": "credit-lookup",
      "detail": "",
      "ops": 5033,
      "errors": 0,
      "first_error": null,
      "elapsed_s": 7.595733,
      "qps": 662.6,
      "mean_us": 907.4,
      "p0_us": 37.9,
      "p25_us": 114.3,
      "p50_us": 330.5,
      "p95_us": 2776.1,
      "p99_us": 3568.8,
      "max_us": 17183.2
    },
    "capacity-read": {
      "phase": "capacity-read",
      "detail": "",
      "ops": 5033,
      "errors": 0,
      "first_error": null,
      "elapsed_s": 7.595733,
      "qps": 662.6,
      "mean_us": 674.5,
      "p0_us": 39.5,
      "p25_us": 93.7,
      "p50_us": 143.6,
      "p95_us": 2148.8,
      "p99_us": 3064.0,
      "max_us": 131881.4
    },
    "recipe-read": {
      "phase": "recipe-read",
      "detail": "",
      "ops": 5033,
      "errors": 0,
      "first_error": null,
      "elapsed_s": 7.595733,
      "qps": 662.6,
      "mean_us": 588.1,
      "p0_us": 48.4,
      "p25_us": 102.9,
      "p50_us": 147.2,
      "p95_us": 2158.3,
      "p99_us": 3058.6,
      "max_us": 17420.7
    },
    "freight-insert": {
      "phase": "freight-insert",
      "detail": "",
      "ops": 5016,
      "errors": 5,
      "first_error": "ERR TXN_CONFLICT retryable=1 this transaction's writes are bound to core 0 and relation 'freights_xd2_pl_c8_b8_allx' is owned by core 1; a transaction may write on one core only until two-phase commit exists",
      "elapsed_s": 7.595733,
      "qps": 660.4,
      "mean_us": 71.0,
      "p0_us": 17.3,
      "p25_us": 33.5,
      "p50_us": 40.1,
      "p95_us": 90.2,
      "p99_us": 935.6,
      "max_us": 20757.1
    },
    "charge-insert": {
      "phase": "charge-insert",
      "detail": "",
      "ops": 28100,
      "errors": 6,
      "first_error": "ERR TXN_CONFLICT retryable=1 this transaction's writes are bound to core 0 and relation 'charges_xd2_pl_c8_b8_allx' is owned by core 1; a transaction may write on one core only until two-phase commit exists",
      "elapsed_s": 7.595733,
      "qps": 3699.4,
      "mean_us": 33.7,
      "p0_us": 10.4,
      "p25_us": 23.5,
      "p50_us": 26.1,
      "p95_us": 54.6,
      "p99_us": 86.9,
      "max_us": 20760.3
    },
    "operation-update": {
      "phase": "operation-update",
      "detail": "",
      "ops": 5005,
      "errors": 3,
      "first_error": "ERR TXN_CONFLICT retryable=1 row id=414 was written by transaction 53337",
      "elapsed_s": 7.595733,
      "qps": 658.9,
      "mean_us": 1092.7,
      "p0_us": 33.2,
      "p25_us": 118.2,
      "p50_us": 950.8,
      "p95_us": 2677.2,
      "p99_us": 3240.2,
      "max_us": 17179.6
    },
    "org-update": {
      "phase": "org-update",
      "detail": "",
      "ops": 5002,
      "errors": 2,
      "first_error": "ERR TXN_CONFLICT retryable=1 row id=1457 was written by transaction 54024",
      "elapsed_s": 7.595733,
      "qps": 658.5,
      "mean_us": 1097.1,
      "p0_us": 30.0,
      "p25_us": 96.5,
      "p50_us": 989.2,
      "p95_us": 2941.9,
      "p99_us": 3771.9,
      "max_us": 16794.4
    },
    "commit": {
      "phase": "commit",
      "detail": "",
      "ops": 5000,
      "errors": 0,
      "first_error": null,
      "elapsed_s": 7.595733,
      "qps": 658.3,
      "mean_us": 5228.1,
      "p0_us": 2396.9,
      "p25_us": 4167.6,
      "p50_us": 5006.1,
      "p95_us": 7322.0,
      "p99_us": 8517.7,
      "max_us": 134709.4
    }
  },
  "per_core_delta": {
    "0": {
      "shipped_unanswerable": 0,
      "shipped_early_evictions": 937,
      "shipped_running": 0,
      "sched_foreground_polled_us": 422200,
      "sched_foreground_consumed_us": -77814,
      "shipped_late_executed": 0,
      "shipped_waiting": 0,
      "wal_interval_syncs": 2,
      "sched_idle_blocks": 5966,
      "shipped_enrolments": 5033,
      "sched_system_consumed_us": 121655,
      "sched_parked_idle_blocks": 2,
      "sched_system_polled_us": 253114,
      "shipped_refusals": 0,
      "shipped_enrolment_refusals": 0,
      "wal_anchor_count": 0,
      "wal_syncs": 6945,
      "shipped_deduped": 0,
      "sched_idle_block_us": 457916,
      "shipped_replies": 0,
      "sched_foreground_polls": 45236,
      "wal_sync_failures": 0,
      "shipped_executed": 30158,
      "sched_wakes_received": 9042,
      "shipped_enrolled": 0,
      "sched_maintenance_consumed_us": 0,
      "sched_iterations": 36883,
      "sched_wakes_sent": 44441,
      "sched_maintenance_polls": 0,
      "sched_maintenance_polled_us": 0,
      "shipped_join_refusals": 0,
      "sched_wall_us": 7597039,
      "sched_wake_race_skips": 350,
      "shipped_identity_mismatches": 0,
      "shipped_statements": 0,
      "sched_spurious_wakes": 12,
      "shipped_enrolment_expiries": 0,
      "sched_system_polls": 80485,
      "shipped_wait_us_max": 0
    },
    "1": {
      "shipped_unanswerable": 0,
      "shipped_early_evictions": 0,
      "shipped_running": 0,
      "sched_foreground_polled_us": 283855,
      "sched_foreground_consumed_us": 283855,
      "shipped_late_executed": 0,
      "shipped_waiting": 0,
      "wal_interval_syncs": 27,
      "sched_idle_blocks": 26295,
      "shipped_enrolments": 0,
      "sched_system_consumed_us": 19940,
      "sched_parked_idle_blocks": 20604,
      "sched_system_polled_us": 19940,
      "shipped_refusals": 2,
      "shipped_enrolment_refusals": 0,
      "wal_anchor_count": 0,
      "wal_syncs": 1613,
      "shipped_deduped": 0,
      "sched_idle_block_us": 5696609,
      "shipped_replies": 11288,
      "sched_foreground_polls": 167737,
      "wal_sync_failures": 0,
      "shipped_executed": 0,
      "sched_wakes_received": 11626,
      "shipped_enrolled": 0,
      "sched_maintenance_consumed_us": 0,
      "sched_iterations": 71833,
      "sched_wakes_sent": 44441,
      "sched_maintenance_polls": 0,
      "sched_maintenance_polled_us": 0,
      "shipped_join_refusals": 0,
      "sched_wall_us": 7597195,
      "sched_wake_race_skips": 53,
      "shipped_identity_mismatches": 0,
      "shipped_statements": 11288,
      "sched_spurious_wakes": 83,
      "shipped_enrolment_expiries": 0,
      "sched_system_polls": 30198,
      "shipped_wait_us_max": 131820
    },
    "2": {
      "shipped_unanswerable": 0,
      "shipped_early_evictions": 0,
      "shipped_running": 0,
      "sched_foreground_polled_us": 111370,
      "sched_foreground_consumed_us": 111370,
      "shipped_late_executed": 0,
      "shipped_waiting": 0,
      "wal_interval_syncs": 196,
      "sched_idle_blocks": 17843,
      "shipped_enrolments": 0,
      "sched_system_consumed_us": 12399,
      "sched_parked_idle_blocks": 7785,
      "sched_system_polled_us": 12399,
      "shipped_refusals": 2,
      "shipped_enrolment_refusals": 0,
      "wal_anchor_count": 0,
      "wal_syncs": 825,
      "shipped_deduped": 0,
      "sched_idle_block_us": 6628622,
      "shipped_replies": 3768,
      "sched_foreground_polls": 35460,
      "wal_sync_failures": 0,
      "shipped_executed": 0,
      "sched_wakes_received": 4966,
      "shipped_enrolled": 0,
      "sched_maintenance_consumed_us": 0,
      "sched_iterations": 36562,
      "sched_wakes_sent": 44441,
      "sched_maintenance_polls": 0,
      "sched_maintenance_polled_us": 0,
      "shipped_join_refusals": 0,
      "sched_wall_us": 7597213,
      "sched_wake_race_skips": 0,
      "shipped_identity_mismatches": 0,
      "shipped_statements": 3768,
      "sched_spurious_wakes": 2,
      "shipped_enrolment_expiries": 0,
      "sched_system_polls": 10093,
      "shipped_wait_us_max": 17028
    },
    "3": {
      "shipped_unanswerable": 0,
      "shipped_early_evictions": 0,
      "shipped_running": 0,
      "sched_foreground_polled_us": 45,
      "sched_foreground_consumed_us": 45,
      "shipped_late_executed": 0,
      "shipped_waiting": 0,
      "wal_interval_syncs": 0,
      "sched_idle_blocks": 7165,
      "shipped_enrolments": 0,
      "sched_system_consumed_us": 116,
      "sched_parked_idle_blocks": 0,
      "sched_system_polled_us": 116,
      "shipped_refusals": 0,
      "shipped_enrolment_refusals": 0,
      "wal_anchor_count": 0,
      "wal_syncs": 1,
      "shipped_deduped": 0,
      "sched_idle_block_us": 7586053,
      "shipped_replies": 0,
      "sched_foreground_polls": 1,
      "wal_sync_failures": 0,
      "shipped_executed": 0,
      "sched_wakes_received": 10,
      "shipped_enrolled": 0,
      "sched_maintenance_consumed_us": 0,
      "sched_iterations": 7201,
      "sched_wakes_sent": 44441,
      "sched_maintenance_polls": 0,
      "sched_maintenance_polled_us": 0,
      "shipped_join_refusals": 0,
      "sched_wall_us": 7597071,
      "sched_wake_race_skips": 0,
      "shipped_identity_mismatches": 0,
      "shipped_statements": 0,
      "sched_spurious_wakes": 0,
      "shipped_enrolment_expiries": 0,
      "sched_system_polls": 11,
      "shipped_wait_us_max": 0
    },
    "4": {
      "shipped_unanswerable": 0,
      "shipped_early_evictions": 0,
      "shipped_running": 0,
      "sched_foreground_polled_us": 126257,
      "sched_foreground_consumed_us": 126257,
      "shipped_late_executed": 0,
      "shipped_waiting": 0,
      "wal_interval_syncs": 209,
      "sched_idle_blocks": 17786,
      "shipped_enrolments": 0,
      "sched_system_consumed_us": 16839,
      "sched_parked_idle_blocks": 7852,
      "sched_system_polled_us": 16839,
      "shipped_refusals": 4,
      "shipped_enrolment_refusals": 0,
      "wal_anchor_count": 0,
      "wal_syncs": 837,
      "shipped_deduped": 0,
      "sched_idle_block_us": 6541669,
      "shipped_replies": 3779,
      "sched_foreground_polls": 35622,
      "wal_sync_failures": 0,
      "shipped_executed": 0,
      "sched_wakes_received": 4976,
      "shipped_enrolled": 0,
      "sched_maintenance_consumed_us": 0,
      "sched_iterations": 36627,
      "sched_wakes_sent": 44441,
      "sched_maintenance_polls": 0,
      "sched_maintenance_polled_us": 0,
      "shipped_join_refusals": 0,
      "sched_wall_us": 7597082,
      "sched_wake_race_skips": 0,
      "shipped_identity_mismatches": 0,
      "shipped_statements": 3779,
      "sched_spurious_wakes": 4,
      "shipped_enrolment_expiries": 0,
      "sched_system_polls": 10143,
      "shipped_wait_us_max": 21299
    },
    "5": {
      "shipped_unanswerable": 0,
      "shipped_early_evictions": 0,
      "shipped_running": 0,
      "sched_foreground_polled_us": 108944,
      "sched_foreground_consumed_us": 108944,
      "shipped_late_executed": 0,
      "shipped_waiting": 0,
      "wal_interval_syncs": 225,
      "sched_idle_blocks": 17850,
      "shipped_enrolments": 0,
      "sched_system_consumed_us": 15896,
      "sched_parked_idle_blocks": 7822,
      "sched_system_polled_us": 15896,
      "shipped_refusals": 3,
      "shipped_enrolment_refusals": 0,
      "wal_anchor_count": 0,
      "wal_syncs": 853,
      "shipped_deduped": 0,
      "sched_idle_block_us": 6620568,
      "shipped_replies": 3774,
      "sched_foreground_polls": 35594,
      "wal_sync_failures": 0,
      "shipped_executed": 0,
      "sched_wakes_received": 4956,
      "shipped_enrolled": 0,
      "sched_maintenance_consumed_us": 0,
      "sched_iterations": 36592,
      "sched_wakes_sent": 44441,
      "sched_maintenance_polls": 0,
      "sched_maintenance_polled_us": 0,
      "shipped_join_refusals": 0,
      "sched_wall_us": 7597131,
      "sched_wake_race_skips": 0,
      "shipped_identity_mismatches": 0,
      "shipped_statements": 3774,
      "sched_spurious_wakes": 0,
      "shipped_enrolment_expiries": 0,
      "sched_system_polls": 10140,
      "shipped_wait_us_max": 19609
    },
    "6": {
      "shipped_unanswerable": 0,
      "shipped_early_evictions": 0,
      "shipped_running": 0,
      "sched_foreground_polled_us": 196250,
      "sched_foreground_consumed_us": 196250,
      "shipped_late_executed": 0,
      "shipped_waiting": 0,
      "wal_interval_syncs": 79,
      "sched_idle_blocks": 23896,
      "shipped_enrolments": 0,
      "sched_system_consumed_us": 17909,
      "sched_parked_idle_blocks": 15977,
      "sched_system_polled_us": 17909,
      "shipped_refusals": 5,
      "shipped_enrolment_refusals": 0,
      "wal_anchor_count": 0,
      "wal_syncs": 1198,
      "shipped_deduped": 0,
      "sched_idle_block_us": 6168494,
      "shipped_replies": 7549,
      "sched_foreground_polls": 92671,
      "wal_sync_failures": 0,
      "shipped_executed": 0,
      "sched_wakes_received": 8855,
      "shipped_enrolled": 0,
      "sched_maintenance_consumed_us": 0,
      "sched_iterations": 57037,
      "sched_wakes_sent": 44441,
      "sched_maintenance_polls": 0,
      "sched_maintenance_polled_us": 0,
      "shipped_join_refusals": 0,
      "sched_wall_us": 7596897,
      "sched_wake_race_skips": 18,
      "shipped_identity_mismatches": 0,
      "shipped_statements": 7549,
      "sched_spurious_wakes": 47,
      "shipped_enrolment_expiries": 0,
      "sched_system_polls": 20209,
      "shipped_wait_us_max": 131670
    },
    "7": {
      "shipped_unanswerable": 0,
      "shipped_early_evictions": 0,
      "shipped_running": 0,
      "sched_foreground_polled_us": 34,
      "sched_foreground_consumed_us": 34,
      "shipped_late_executed": 0,
      "shipped_waiting": 0,
      "wal_interval_syncs": 0,
      "sched_idle_blocks": 7163,
      "shipped_enrolments": 0,
      "sched_system_consumed_us": 129,
      "sched_parked_idle_blocks": 0,
      "sched_system_polled_us": 129,
      "shipped_refusals": 0,
      "shipped_enrolment_refusals": 0,
      "wal_anchor_count": 0,
      "wal_syncs": 1,
      "shipped_deduped": 0,
      "sched_idle_block_us": 7582941,
      "shipped_replies": 0,
      "sched_foreground_polls": 1,
      "wal_sync_failures": 0,
      "shipped_executed": 0,
      "sched_wakes_received": 10,
      "shipped_enrolled": 0,
      "sched_maintenance_consumed_us": 0,
      "sched_iterations": 7185,
      "sched_wakes_sent": 44441,
      "sched_maintenance_polls": 0,
      "sched_maintenance_polled_us": 0,
      "shipped_join_refusals": 0,
      "sched_wall_us": 7596903,
      "sched_wake_race_skips": 0,
      "shipped_identity_mismatches": 0,
      "shipped_statements": 0,
      "sched_spurious_wakes": 0,
      "shipped_enrolment_expiries": 0,
      "sched_system_polls": 11,
      "shipped_wait_us_max": 0
    }
  },
  "total_wal_syncs_delta": 12273,
  "syncs_per_booking": 2.4546,
  "landed_local": false,
  "shipped_rate_ratio": 1.0052666666666668,
  "some_landed_local": false,
  "verify": {
    "checks": 75,
    "failures": 0,
    "first": null,
    "unanswered": 25,
    "first_unanswered": "I3 organization 1566: SELECT f.id, f.cbm, f.price_per_cbm FROM freights_xd2_pl_c8_b8_allx AS f JOIN cargos_xd2_pl_c8_b8_allx AS c ON f.cargo_id = c.id WHERE c.org_id = 1566  ->  ERR NOT_IMPLEMENTED retryable=0 relation 'freights_xd2_pl_c8_b8_allx AS f' has ranges on another core and this shape cannot fan in over them; reading it here would answer short"
  }
}
