{
  "label": "xd2-nopl-c8-b8",
  "cores": 8,
  "peer_listeners": "off",
  "durability": "group",
  "bookings": 5000,
  "bookers": 8,
  "wal_dir": "(default, beside data file)",
  "load_elapsed_s": 24.728,
  "loaded": {
    "organizations": 2000,
    "ships": 200,
    "operations": 2000,
    "fees": 12,
    "recipes": 93,
    "cargos": 20000
  },
  "reader_connect_attempts": 1,
  "outcomes": {
    "committed": 5000,
    "rejected-capacity": 23,
    "rejected-credit": 0,
    "conflicted": 4,
    "failed": 0
  },
  "axes": {
    "operations": 3,
    "organizations": 1,
    "read": 0,
    "commit": 0
  },
  "retries": 4,
  "abandoned": 0,
  "run_elapsed_s": 4.8566,
  "tps": 1029.5338284169652,
  "phases": {
    "booking": {
      "phase": "booking",
      "detail": "",
      "ops": 5023,
      "errors": 0,
      "first_error": null,
      "elapsed_s": 4.856567,
      "qps": 1034.3,
      "mean_us": 7591.0,
      "p0_us": 1148.5,
      "p25_us": 6432.4,
      "p50_us": 7528.5,
      "p95_us": 10679.9,
      "p99_us": 12652.6,
      "max_us": 34771.1
    },
    "cargo-lookup": {
      "phase": "cargo-lookup",
      "detail": "",
      "ops": 5027,
      "errors": 0,
      "first_error": null,
      "elapsed_s": 4.856567,
      "qps": 1035.1,
      "mean_us": 565.5,
      "p0_us": 26.8,
      "p25_us": 108.2,
      "p50_us": 704.7,
      "p95_us": 1187.3,
      "p99_us": 1365.1,
      "max_us": 7111.5
    },
    "credit-lookup": {
      "phase": "credit-lookup",
      "detail": "",
      "ops": 5027,
      "errors": 0,
      "first_error": null,
      "elapsed_s": 4.856567,
      "qps": 1035.1,
      "mean_us": 516.3,
      "p0_us": 24.7,
      "p25_us": 83.4,
      "p50_us": 143.4,
      "p95_us": 1166.4,
      "p99_us": 1350.1,
      "max_us": 3115.3
    },
    "capacity-read": {
      "phase": "capacity-read",
      "detail": "",
      "ops": 5027,
      "errors": 0,
      "first_error": null,
      "elapsed_s": 4.856567,
      "qps": 1035.1,
      "mean_us": 518.8,
      "p0_us": 19.6,
      "p25_us": 73.2,
      "p50_us": 136.3,
      "p95_us": 1164.0,
      "p99_us": 1363.7,
      "max_us": 25667.3
    },
    "recipe-read": {
      "phase": "recipe-read",
      "detail": "",
      "ops": 5027,
      "errors": 0,
      "first_error": null,
      "elapsed_s": 4.856567,
      "qps": 1035.1,
      "mean_us": 492.3,
      "p0_us": 28.1,
      "p25_us": 76.2,
      "p50_us": 127.8,
      "p95_us": 1148.2,
      "p99_us": 1343.8,
      "max_us": 7092.3
    },
    "freight-insert": {
      "phase": "freight-insert",
      "detail": "",
      "ops": 5004,
      "errors": 0,
      "first_error": null,
      "elapsed_s": 4.856567,
      "qps": 1030.4,
      "mean_us": 553.3,
      "p0_us": 17.6,
      "p25_us": 74.2,
      "p50_us": 712.0,
      "p95_us": 1158.0,
      "p99_us": 1331.3,
      "max_us": 5335.3
    },
    "charge-insert": {
      "phase": "charge-insert",
      "detail": "",
      "ops": 28088,
      "errors": 0,
      "first_error": null,
      "elapsed_s": 4.856567,
      "qps": 5783.5,
      "mean_us": 428.3,
      "p0_us": 15.3,
      "p25_us": 61.3,
      "p50_us": 89.3,
      "p95_us": 1131.3,
      "p99_us": 1297.0,
      "max_us": 25730.6
    },
    "operation-update": {
      "phase": "operation-update",
      "detail": "",
      "ops": 5004,
      "errors": 3,
      "first_error": "ERR TXN_CONFLICT retryable=1 row id=229 was written by transaction 57620",
      "elapsed_s": 4.856567,
      "qps": 1030.4,
      "mean_us": 376.7,
      "p0_us": 20.9,
      "p25_us": 62.3,
      "p50_us": 82.1,
      "p95_us": 1104.4,
      "p99_us": 1277.5,
      "max_us": 4808.9
    },
    "org-update": {
      "phase": "org-update",
      "detail": "",
      "ops": 5001,
      "errors": 1,
      "first_error": "ERR TXN_CONFLICT retryable=1 row id=1255 was written by transaction 57326",
      "elapsed_s": 4.856567,
      "qps": 1029.7,
      "mean_us": 379.6,
      "p0_us": 18.6,
      "p25_us": 61.0,
      "p50_us": 79.3,
      "p95_us": 1109.2,
      "p99_us": 1299.8,
      "max_us": 25588.8
    },
    "commit": {
      "phase": "commit",
      "detail": "",
      "ops": 5000,
      "errors": 0,
      "first_error": null,
      "elapsed_s": 4.856567,
      "qps": 1029.5,
      "mean_us": 1319.1,
      "p0_us": 697.5,
      "p25_us": 1009.6,
      "p50_us": 1087.2,
      "p95_us": 2107.9,
      "p99_us": 2394.2,
      "max_us": 25591.3
    }
  },
  "per_core_delta": {
    "0": {
      "sched_system_polls": 0,
      "shipped_waiting": 0,
      "shipped_enrolment_refusals": 0,
      "sched_wakes_received": 0,
      "wal_interval_syncs": 2,
      "shipped_enrolled": 0,
      "sched_wake_race_skips": 0,
      "shipped_wait_us_max": 0,
      "shipped_identity_mismatches": 0,
      "sched_maintenance_polled_us": 0,
      "sched_idle_block_us": 72336,
      "shipped_unanswerable": 0,
      "wal_sync_failures": 0,
      "sched_parked_idle_blocks": 0,
      "sched_system_consumed_us": -101862,
      "sched_foreground_polled_us": 774696,
      "shipped_enrolment_expiries": 0,
      "wal_anchor_count": 0,
      "shipped_deduped": 0,
      "shipped_late_executed": 0,
      "sched_iterations": 12936,
      "sched_maintenance_consumed_us": 0,
      "sched_maintenance_polls": 0,
      "shipped_replies": 0,
      "sched_foreground_consumed_us": -225394,
      "shipped_join_refusals": 0,
      "sched_idle_blocks": 8101,
      "sched_foreground_polls": 78260,
      "shipped_early_evictions": 0,
      "shipped_enrolments": 0,
      "wal_syncs": 4282,
      "sched_spurious_wakes": 0,
      "sched_system_polled_us": 0,
      "sched_wakes_sent": 0,
      "shipped_executed": 0,
      "shipped_running": 0,
      "shipped_refusals": 0,
      "sched_wall_us": 4856705,
      "shipped_statements": 0
    }
  },
  "total_wal_syncs_delta": 4282,
  "syncs_per_booking": 0.8564,
  "landed_local": false
}
