{
  "label": "xd3-tmpfs-pl-c8-b8",
  "cores": 8,
  "peer_listeners": "on",
  "durability": "group",
  "bookings": 5000,
  "bookers": 8,
  "wal_dir": "/dev/shm/bench-xd-wal/xd3-tmpfs-pl-c8-b8",
  "load_elapsed_s": 0.739,
  "loaded": {
    "organizations": 2000,
    "ships": 200,
    "operations": 2000,
    "fees": 12,
    "recipes": 93,
    "cargos": 20000
  },
  "reader_connect_attempts": 26,
  "outcomes": {
    "committed": 5000,
    "rejected-capacity": 14,
    "rejected-credit": 0,
    "conflicted": 16,
    "failed": 0
  },
  "axes": {
    "operations": 4,
    "organizations": 2,
    "read": 10,
    "commit": 0
  },
  "retries": 16,
  "abandoned": 0,
  "run_elapsed_s": 0.8871,
  "tps": 5636.071127568164,
  "phases": {
    "booking": {
      "phase": "booking",
      "detail": "",
      "ops": 5014,
      "errors": 0,
      "first_error": null,
      "elapsed_s": 0.887143,
      "qps": 5651.9,
      "mean_us": 1297.1,
      "p0_us": 416.1,
      "p25_us": 1073.2,
      "p50_us": 1158.5,
      "p95_us": 1427.3,
      "p99_us": 3170.9,
      "max_us": 48121.6
    },
    "cargo-lookup": {
      "phase": "cargo-lookup",
      "detail": "",
      "ops": 5030,
      "errors": 0,
      "first_error": null,
      "elapsed_s": 0.887143,
      "qps": 5669.9,
      "mean_us": 158.5,
      "p0_us": 41.7,
      "p25_us": 90.2,
      "p50_us": 111.8,
      "p95_us": 188.1,
      "p99_us": 262.0,
      "max_us": 24244.0
    },
    "credit-lookup": {
      "phase": "credit-lookup",
      "detail": "",
      "ops": 5030,
      "errors": 0,
      "first_error": null,
      "elapsed_s": 0.887143,
      "qps": 5669.9,
      "mean_us": 131.9,
      "p0_us": 36.1,
      "p25_us": 84.6,
      "p50_us": 105.0,
      "p95_us": 177.2,
      "p99_us": 235.3,
      "max_us": 19072.6
    },
    "capacity-read": {
      "phase": "capacity-read",
      "detail": "",
      "ops": 5030,
      "errors": 0,
      "first_error": null,
      "elapsed_s": 0.887143,
      "qps": 5669.9,
      "mean_us": 127.0,
      "p0_us": 37.0,
      "p25_us": 82.5,
      "p50_us": 103.2,
      "p95_us": 173.0,
      "p99_us": 226.1,
      "max_us": 18451.2
    },
    "recipe-read": {
      "phase": "recipe-read",
      "detail": "",
      "ops": 5030,
      "errors": 0,
      "first_error": null,
      "elapsed_s": 0.887143,
      "qps": 5669.9,
      "mean_us": 135.4,
      "p0_us": 50.9,
      "p25_us": 95.1,
      "p50_us": 115.9,
      "p95_us": 188.4,
      "p99_us": 240.3,
      "max_us": 24199.9
    },
    "freight-insert": {
      "phase": "freight-insert",
      "detail": "",
      "ops": 5016,
      "errors": 4,
      "first_error": "ERR TXN_CONFLICT retryable=1 this transaction's writes are bound to core 0 and relation 'freights_xd3_tmpfs_pl_c8_b8' is owned by core 1; a transaction may write on one core only until two-phase commit exists",
      "elapsed_s": 0.887143,
      "qps": 5654.1,
      "mean_us": 41.1,
      "p0_us": 15.5,
      "p25_us": 29.6,
      "p50_us": 35.7,
      "p95_us": 71.6,
      "p99_us": 108.4,
      "max_us": 1835.6
    },
    "charge-insert": {
      "phase": "charge-insert",
      "detail": "",
      "ops": 28104,
      "errors": 6,
      "first_error": "ERR TXN_CONFLICT retryable=1 this transaction's writes are bound to core 0 and relation 'charges_xd3_tmpfs_pl_c8_b8' is owned by core 1; a transaction may write on one core only until two-phase commit exists",
      "elapsed_s": 0.887143,
      "qps": 31679.2,
      "mean_us": 33.0,
      "p0_us": 10.6,
      "p25_us": 23.3,
      "p50_us": 28.1,
      "p95_us": 61.9,
      "p99_us": 101.1,
      "max_us": 861.8
    },
    "operation-update": {
      "phase": "operation-update",
      "detail": "",
      "ops": 5006,
      "errors": 4,
      "first_error": "ERR TXN_CONFLICT retryable=1 row id=702 was written by transaction 55374",
      "elapsed_s": 0.887143,
      "qps": 5642.8,
      "mean_us": 132.7,
      "p0_us": 33.2,
      "p25_us": 82.1,
      "p50_us": 103.5,
      "p95_us": 174.3,
      "p99_us": 233.3,
      "max_us": 24141.7
    },
    "org-update": {
      "phase": "org-update",
      "detail": "",
      "ops": 5002,
      "errors": 2,
      "first_error": "ERR TXN_CONFLICT retryable=1 row id=825 was written by transaction 54909",
      "elapsed_s": 0.887143,
      "qps": 5638.3,
      "mean_us": 106.4,
      "p0_us": 35.0,
      "p25_us": 79.2,
      "p50_us": 100.1,
      "p95_us": 174.2,
      "p99_us": 215.8,
      "max_us": 4422.6
    },
    "commit": {
      "phase": "commit",
      "detail": "",
      "ops": 5000,
      "errors": 0,
      "first_error": null,
      "elapsed_s": 0.887143,
      "qps": 5636.1,
      "mean_us": 174.3,
      "p0_us": 48.6,
      "p25_us": 126.1,
      "p50_us": 162.0,
      "p95_us": 267.0,
      "p99_us": 315.0,
      "max_us": 10564.6
    }
  },
  "per_core_delta": {
    "0": {
      "shipped_early_evictions": 934,
      "shipped_enrolment_expiries": 0,
      "sched_maintenance_polls": 0,
      "shipped_waiting": 0,
      "shipped_refusals": 0,
      "sched_idle_blocks": 5052,
      "shipped_identity_mismatches": 0,
      "shipped_join_refusals": 0,
      "shipped_statements": 0,
      "sched_maintenance_polled_us": 0,
      "shipped_executed": 30146,
      "shipped_deduped": 0,
      "shipped_enrolments": 5030,
      "shipped_late_executed": 0,
      "sched_system_polls": 80448,
      "sched_wake_race_skips": 1053,
      "sched_maintenance_consumed_us": 0,
      "shipped_unanswerable": 0,
      "shipped_running": 0,
      "sched_wakes_received": 8902,
      "sched_wall_us": 888978,
      "sched_system_consumed_us": 235387,
      "wal_syncs": 8669,
      "sched_system_polled_us": 235387,
      "sched_iterations": 45733,
      "sched_spurious_wakes": 39,
      "wal_anchor_count": 0,
      "wal_interval_syncs": 2,
      "shipped_wait_us_max": 0,
      "shipped_enrolled": 0,
      "sched_wakes_sent": 42949,
      "sched_foreground_polls": 45177,
      "sched_idle_block_us": 178125,
      "sched_foreground_consumed_us": 376106,
      "shipped_enrolment_refusals": 0,
      "wal_sync_failures": 0,
      "shipped_replies": 0,
      "sched_foreground_polled_us": 376106,
      "sched_parked_idle_blocks": 0
    },
    "1": {
      "shipped_early_evictions": 0,
      "shipped_enrolment_expiries": 0,
      "sched_maintenance_polls": 0,
      "shipped_waiting": 0,
      "shipped_refusals": 5,
      "sched_idle_blocks": 22626,
      "shipped_identity_mismatches": 0,
      "shipped_join_refusals": 0,
      "shipped_statements": 11295,
      "sched_maintenance_polled_us": 0,
      "shipped_executed": 0,
      "shipped_deduped": 0,
      "shipped_enrolments": 0,
      "shipped_late_executed": 0,
      "sched_system_polls": 30212,
      "sched_wake_race_skips": 132,
      "sched_maintenance_consumed_us": 0,
      "shipped_unanswerable": 0,
      "shipped_running": 0,
      "sched_wakes_received": 10377,
      "sched_wall_us": 889030,
      "sched_system_consumed_us": 16652,
      "wal_syncs": 1786,
      "sched_system_polled_us": 16652,
      "sched_iterations": 69493,
      "sched_spurious_wakes": 204,
      "wal_anchor_count": 0,
      "wal_interval_syncs": 7,
      "shipped_wait_us_max": 24140,
      "shipped_enrolled": 0,
      "sched_wakes_sent": 42949,
      "sched_foreground_polls": 148421,
      "sched_idle_block_us": 525066,
      "sched_foreground_consumed_us": 259037,
      "shipped_enrolment_refusals": 0,
      "wal_sync_failures": 0,
      "shipped_replies": 11295,
      "sched_foreground_polled_us": 259037,
      "sched_parked_idle_blocks": 17396
    },
    "2": {
      "shipped_early_evictions": 0,
      "shipped_enrolment_expiries": 0,
      "sched_maintenance_polls": 0,
      "shipped_waiting": 0,
      "shipped_refusals": 3,
      "sched_idle_blocks": 14367,
      "shipped_identity_mismatches": 0,
      "shipped_join_refusals": 0,
      "shipped_statements": 3785,
      "sched_maintenance_polled_us": 0,
      "shipped_executed": 0,
      "shipped_deduped": 0,
      "shipped_enrolments": 0,
      "shipped_late_executed": 0,
      "sched_system_polls": 10158,
      "sched_wake_race_skips": 0,
      "sched_maintenance_consumed_us": 0,
      "shipped_unanswerable": 0,
      "shipped_running": 0,
      "sched_wakes_received": 5041,
      "sched_wall_us": 889048,
      "sched_system_consumed_us": 10422,
      "wal_syncs": 633,
      "sched_system_polled_us": 10422,
      "sched_iterations": 30365,
      "sched_spurious_wakes": 1,
      "wal_anchor_count": 0,
      "wal_interval_syncs": 6,
      "shipped_wait_us_max": 24185,
      "shipped_enrolled": 0,
      "sched_wakes_sent": 42949,
      "sched_foreground_polls": 30135,
      "sched_idle_block_us": 739394,
      "sched_foreground_consumed_us": 102296,
      "shipped_enrolment_refusals": 0,
      "wal_sync_failures": 0,
      "shipped_replies": 3785,
      "sched_foreground_polled_us": 102296,
      "sched_parked_idle_blocks": 5100
    },
    "3": {
      "shipped_early_evictions": 0,
      "shipped_enrolment_expiries": 0,
      "sched_maintenance_polls": 0,
      "shipped_waiting": 0,
      "shipped_refusals": 0,
      "sched_idle_blocks": 829,
      "shipped_identity_mismatches": 0,
      "shipped_join_refusals": 0,
      "shipped_statements": 0,
      "sched_maintenance_polled_us": 0,
      "shipped_executed": 0,
      "shipped_deduped": 0,
      "shipped_enrolments": 0,
      "shipped_late_executed": 0,
      "sched_system_polls": 10,
      "sched_wake_race_skips": 0,
      "sched_maintenance_consumed_us": 0,
      "shipped_unanswerable": 0,
      "shipped_running": 0,
      "sched_wakes_received": 10,
      "sched_wall_us": 889067,
      "sched_system_consumed_us": 109,
      "wal_syncs": 0,
      "sched_system_polled_us": 109,
      "sched_iterations": 835,
      "sched_spurious_wakes": 0,
      "wal_anchor_count": 0,
      "wal_interval_syncs": 0,
      "shipped_wait_us_max": 0,
      "shipped_enrolled": 0,
      "sched_wakes_sent": 42949,
      "sched_foreground_polls": 1,
      "sched_idle_block_us": 887245,
      "sched_foreground_consumed_us": 16,
      "shipped_enrolment_refusals": 0,
      "wal_sync_failures": 0,
      "shipped_replies": 0,
      "sched_foreground_polled_us": 16,
      "sched_parked_idle_blocks": 0
    },
    "4": {
      "shipped_early_evictions": 0,
      "shipped_enrolment_expiries": 0,
      "sched_maintenance_polls": 0,
      "shipped_waiting": 0,
      "shipped_refusals": 4,
      "sched_idle_blocks": 14320,
      "shipped_identity_mismatches": 0,
      "shipped_join_refusals": 0,
      "shipped_statements": 3772,
      "sched_maintenance_polled_us": 0,
      "shipped_executed": 0,
      "shipped_deduped": 0,
      "shipped_enrolments": 0,
      "shipped_late_executed": 0,
      "sched_system_polls": 10131,
      "sched_wake_race_skips": 0,
      "sched_maintenance_consumed_us": 0,
      "shipped_unanswerable": 0,
      "shipped_running": 0,
      "sched_wakes_received": 5026,
      "sched_wall_us": 889070,
      "sched_system_consumed_us": 9832,
      "wal_syncs": 632,
      "sched_system_polled_us": 9832,
      "sched_iterations": 30275,
      "sched_spurious_wakes": 0,
      "wal_anchor_count": 0,
      "wal_interval_syncs": 5,
      "shipped_wait_us_max": 24004,
      "shipped_enrolled": 0,
      "sched_wakes_sent": 42949,
      "sched_foreground_polls": 30043,
      "sched_idle_block_us": 745978,
      "sched_foreground_consumed_us": 97418,
      "shipped_enrolment_refusals": 0,
      "wal_sync_failures": 0,
      "shipped_replies": 3772,
      "sched_foreground_polled_us": 97418,
      "sched_parked_idle_blocks": 5078
    },
    "5": {
      "shipped_early_evictions": 0,
      "shipped_enrolment_expiries": 0,
      "sched_maintenance_polls": 0,
      "shipped_waiting": 0,
      "shipped_refusals": 0,
      "sched_idle_blocks": 832,
      "shipped_identity_mismatches": 0,
      "shipped_join_refusals": 0,
      "shipped_statements": 0,
      "sched_maintenance_polled_us": 0,
      "shipped_executed": 0,
      "shipped_deduped": 0,
      "shipped_enrolments": 0,
      "shipped_late_executed": 0,
      "sched_system_polls": 10,
      "sched_wake_race_skips": 0,
      "sched_maintenance_consumed_us": 0,
      "shipped_unanswerable": 0,
      "shipped_running": 0,
      "sched_wakes_received": 10,
      "sched_wall_us": 889119,
      "sched_system_consumed_us": 106,
      "wal_syncs": 0,
      "sched_system_polled_us": 106,
      "sched_iterations": 838,
      "sched_spurious_wakes": 0,
      "wal_anchor_count": 0,
      "wal_interval_syncs": 0,
      "shipped_wait_us_max": 0,
      "shipped_enrolled": 0,
      "sched_wakes_sent": 42949,
      "sched_foreground_polls": 1,
      "sched_idle_block_us": 887386,
      "sched_foreground_consumed_us": 16,
      "shipped_enrolment_refusals": 0,
      "wal_sync_failures": 0,
      "shipped_replies": 0,
      "sched_foreground_polled_us": 16,
      "sched_parked_idle_blocks": 0
    },
    "6": {
      "shipped_early_evictions": 0,
      "shipped_enrolment_expiries": 0,
      "sched_maintenance_polls": 0,
      "shipped_waiting": 0,
      "shipped_refusals": 2,
      "sched_idle_blocks": 20937,
      "shipped_identity_mismatches": 0,
      "shipped_join_refusals": 0,
      "shipped_statements": 7534,
      "sched_maintenance_polled_us": 0,
      "shipped_executed": 0,
      "shipped_deduped": 0,
      "shipped_enrolments": 0,
      "shipped_late_executed": 0,
      "sched_system_polls": 20154,
      "sched_wake_race_skips": 50,
      "sched_maintenance_consumed_us": 0,
      "shipped_unanswerable": 0,
      "shipped_running": 0,
      "sched_wakes_received": 8567,
      "sched_wall_us": 888109,
      "sched_system_consumed_us": 13424,
      "wal_syncs": 1215,
      "sched_system_polled_us": 13424,
      "sched_iterations": 53696,
      "sched_spurious_wakes": 115,
      "wal_anchor_count": 0,
      "wal_interval_syncs": 4,
      "shipped_wait_us_max": 24189,
      "shipped_enrolled": 0,
      "sched_wakes_sent": 42949,
      "sched_foreground_polls": 81850,
      "sched_idle_block_us": 626931,
      "sched_foreground_consumed_us": 182239,
      "shipped_enrolment_refusals": 0,
      "wal_sync_failures": 0,
      "shipped_replies": 7534,
      "sched_foreground_polled_us": 182239,
      "sched_parked_idle_blocks": 13245
    },
    "7": {
      "shipped_early_evictions": 0,
      "shipped_enrolment_expiries": 0,
      "sched_maintenance_polls": 0,
      "shipped_waiting": 0,
      "shipped_refusals": 2,
      "sched_idle_blocks": 14270,
      "shipped_identity_mismatches": 0,
      "shipped_join_refusals": 0,
      "shipped_statements": 3760,
      "sched_maintenance_polled_us": 0,
      "shipped_executed": 0,
      "shipped_deduped": 0,
      "shipped_enrolments": 0,
      "shipped_late_executed": 0,
      "sched_system_polls": 10073,
      "sched_wake_race_skips": 0,
      "sched_maintenance_consumed_us": 0,
      "shipped_unanswerable": 0,
      "shipped_running": 0,
      "sched_wakes_received": 5016,
      "sched_wall_us": 888120,
      "sched_system_consumed_us": 10465,
      "wal_syncs": 632,
      "sched_system_polled_us": 10465,
      "sched_iterations": 30176,
      "sched_spurious_wakes": 0,
      "wal_anchor_count": 0,
      "wal_interval_syncs": 5,
      "shipped_wait_us_max": 24096,
      "shipped_enrolled": 0,
      "sched_wakes_sent": 42949,
      "sched_foreground_polls": 29942,
      "sched_idle_block_us": 745332,
      "sched_foreground_consumed_us": 97452,
      "shipped_enrolment_refusals": 0,
      "wal_sync_failures": 0,
      "shipped_replies": 3760,
      "sched_foreground_polled_us": 97452,
      "sched_parked_idle_blocks": 5069
    }
  },
  "total_wal_syncs_delta": 13567,
  "syncs_per_booking": 2.7134,
  "landed_local": false
}
