{
  "label": "xd3-tmpfs-pl-c8-b8-relaxed",
  "cores": 8,
  "peer_listeners": "on",
  "durability": "relaxed",
  "bookings": 5000,
  "bookers": 8,
  "wal_dir": "/dev/shm/bench-xd-wal/xd3-tmpfs-pl-c8-b8-relaxed",
  "load_elapsed_s": 0.713,
  "loaded": {
    "organizations": 2000,
    "ships": 200,
    "operations": 2000,
    "fees": 12,
    "recipes": 93,
    "cargos": 20000
  },
  "reader_connect_attempts": 19,
  "outcomes": {
    "committed": 5000,
    "rejected-capacity": 29,
    "rejected-credit": 0,
    "conflicted": 10,
    "failed": 0
  },
  "axes": {
    "operations": 1,
    "organizations": 0,
    "read": 9,
    "commit": 0
  },
  "retries": 10,
  "abandoned": 0,
  "run_elapsed_s": 0.9608,
  "tps": 5204.011168973755,
  "phases": {
    "booking": {
      "phase": "booking",
      "detail": "",
      "ops": 5029,
      "errors": 0,
      "first_error": null,
      "elapsed_s": 0.960797,
      "qps": 5234.2,
      "mean_us": 1354.1,
      "p0_us": 201.1,
      "p25_us": 1091.1,
      "p50_us": 1231.0,
      "p95_us": 1720.2,
      "p99_us": 2176.7,
      "max_us": 47206.8
    },
    "cargo-lookup": {
      "phase": "cargo-lookup",
      "detail": "",
      "ops": 5039,
      "errors": 0,
      "first_error": null,
      "elapsed_s": 0.960797,
      "qps": 5244.6,
      "mean_us": 125.9,
      "p0_us": 17.9,
      "p25_us": 55.2,
      "p50_us": 94.7,
      "p95_us": 182.0,
      "p99_us": 246.5,
      "max_us": 21029.3
    },
    "credit-lookup": {
      "phase": "credit-lookup",
      "detail": "",
      "ops": 5039,
      "errors": 0,
      "first_error": null,
      "elapsed_s": 0.960797,
      "qps": 5244.6,
      "mean_us": 100.8,
      "p0_us": 17.2,
      "p25_us": 54.2,
      "p50_us": 87.2,
      "p95_us": 171.5,
      "p99_us": 232.1,
      "max_us": 9808.8
    },
    "capacity-read": {
      "phase": "capacity-read",
      "detail": "",
      "ops": 5039,
      "errors": 0,
      "first_error": null,
      "elapsed_s": 0.960797,
      "qps": 5244.6,
      "mean_us": 97.6,
      "p0_us": 17.0,
      "p25_us": 52.8,
      "p50_us": 85.9,
      "p95_us": 167.2,
      "p99_us": 223.1,
      "max_us": 21046.1
    },
    "recipe-read": {
      "phase": "recipe-read",
      "detail": "",
      "ops": 5039,
      "errors": 0,
      "first_error": null,
      "elapsed_s": 0.960797,
      "qps": 5244.6,
      "mean_us": 109.4,
      "p0_us": 24.0,
      "p25_us": 62.7,
      "p50_us": 97.8,
      "p95_us": 180.1,
      "p99_us": 229.6,
      "max_us": 20909.2
    },
    "freight-insert": {
      "phase": "freight-insert",
      "detail": "",
      "ops": 5010,
      "errors": 4,
      "first_error": "ERR TXN_CONFLICT retryable=1 this transaction's writes are bound to core 0 and relation 'freights_xd3_tmpfs_pl_c8_b8_relaxed' is owned by core 2; a transaction may write on one core only until two-phase commit exists",
      "elapsed_s": 0.960797,
      "qps": 5214.4,
      "mean_us": 78.5,
      "p0_us": 16.7,
      "p25_us": 31.9,
      "p50_us": 44.4,
      "p95_us": 162.4,
      "p99_us": 231.2,
      "max_us": 15653.0
    },
    "charge-insert": {
      "phase": "charge-insert",
      "detail": "",
      "ops": 28075,
      "errors": 5,
      "first_error": "ERR TXN_CONFLICT retryable=1 this transaction's writes are bound to core 0 and relation 'charges_xd3_tmpfs_pl_c8_b8_relaxed' is owned by core 2; a transaction may write on one core only until two-phase commit exists",
      "elapsed_s": 0.960797,
      "qps": 29220.5,
      "mean_us": 65.4,
      "p0_us": 10.8,
      "p25_us": 25.9,
      "p50_us": 38.1,
      "p95_us": 159.3,
      "p99_us": 214.4,
      "max_us": 21001.9
    },
    "operation-update": {
      "phase": "operation-update",
      "detail": "",
      "ops": 5001,
      "errors": 1,
      "first_error": "ERR TXN_CONFLICT retryable=1 row id=1927 was written by transaction 55481",
      "elapsed_s": 0.960797,
      "qps": 5205.1,
      "mean_us": 104.0,
      "p0_us": 16.4,
      "p25_us": 52.0,
      "p50_us": 86.5,
      "p95_us": 172.8,
      "p99_us": 224.6,
      "max_us": 20953.0
    },
    "org-update": {
      "phase": "org-update",
      "detail": "",
      "ops": 5000,
      "errors": 0,
      "first_error": null,
      "elapsed_s": 0.960797,
      "qps": 5204.0,
      "mean_us": 88.0,
      "p0_us": 15.7,
      "p25_us": 51.6,
      "p50_us": 82.7,
      "p95_us": 165.8,
      "p99_us": 210.5,
      "max_us": 2385.5
    },
    "commit": {
      "phase": "commit",
      "detail": "",
      "ops": 5000,
      "errors": 0,
      "first_error": null,
      "elapsed_s": 0.960797,
      "qps": 5204.0,
      "mean_us": 184.6,
      "p0_us": 43.2,
      "p25_us": 130.0,
      "p50_us": 168.2,
      "p95_us": 290.4,
      "p99_us": 368.5,
      "max_us": 21143.2
    }
  },
  "per_core_delta": {
    "0": {
      "wal_syncs": 4689,
      "shipped_late_executed": 0,
      "sched_spurious_wakes": 80,
      "shipped_enrolments": 3150,
      "sched_foreground_polled_us": 519380,
      "shipped_deduped": 0,
      "sched_idle_blocks": 4877,
      "sched_idle_block_us": 109832,
      "wal_sync_failures": 0,
      "sched_foreground_polls": 131991,
      "shipped_early_evictions": 0,
      "sched_maintenance_polls": 0,
      "sched_system_polled_us": 208284,
      "sched_wakes_received": 5016,
      "sched_wall_us": 962956,
      "sched_system_consumed_us": 208284,
      "shipped_join_refusals": 0,
      "shipped_statements": 12386,
      "shipped_identity_mismatches": 0,
      "shipped_unanswerable": 0,
      "sched_wakes_sent": 41253,
      "shipped_enrolled": 0,
      "sched_parked_idle_blocks": 3223,
      "shipped_executed": 18867,
      "shipped_enrolment_expiries": 0,
      "shipped_refusals": 0,
      "shipped_enrolment_refusals": 0,
      "sched_maintenance_polled_us": 0,
      "sched_maintenance_consumed_us": 0,
      "sched_iterations": 48830,
      "wal_anchor_count": 0,
      "shipped_wait_us_max": 20892,
      "shipped_waiting": 0,
      "wal_interval_syncs": 3,
      "sched_foreground_consumed_us": 519380,
      "sched_system_polls": 82676,
      "sched_wake_race_skips": 511,
      "shipped_replies": 12386,
      "shipped_running": 0
    },
    "1": {
      "wal_syncs": 632,
      "shipped_late_executed": 0,
      "sched_spurious_wakes": 0,
      "shipped_enrolments": 0,
      "sched_foreground_polled_us": 95597,
      "shipped_deduped": 0,
      "sched_idle_blocks": 14426,
      "sched_idle_block_us": 822922,
      "wal_sync_failures": 0,
      "sched_foreground_polls": 30107,
      "shipped_early_evictions": 0,
      "sched_maintenance_polls": 0,
      "sched_system_polled_us": 8857,
      "sched_wakes_received": 5051,
      "sched_wall_us": 962973,
      "sched_system_consumed_us": 8857,
      "shipped_join_refusals": 0,
      "shipped_statements": 3784,
      "shipped_identity_mismatches": 0,
      "shipped_unanswerable": 0,
      "sched_wakes_sent": 41253,
      "shipped_enrolled": 0,
      "sched_parked_idle_blocks": 5092,
      "shipped_executed": 0,
      "shipped_enrolment_expiries": 0,
      "shipped_refusals": 2,
      "shipped_enrolment_refusals": 0,
      "sched_maintenance_polled_us": 0,
      "sched_maintenance_consumed_us": 0,
      "sched_iterations": 30438,
      "wal_anchor_count": 0,
      "shipped_wait_us_max": 20966,
      "shipped_waiting": 0,
      "wal_interval_syncs": 5,
      "sched_foreground_consumed_us": 95597,
      "sched_system_polls": 10136,
      "sched_wake_race_skips": 0,
      "shipped_replies": 3784,
      "shipped_running": 0
    },
    "2": {
      "wal_syncs": 631,
      "shipped_late_executed": 0,
      "sched_spurious_wakes": 0,
      "shipped_enrolments": 0,
      "sched_foreground_polled_us": 97643,
      "shipped_deduped": 0,
      "sched_idle_blocks": 14324,
      "sched_idle_block_us": 821252,
      "wal_sync_failures": 0,
      "sched_foreground_polls": 29957,
      "shipped_early_evictions": 0,
      "sched_maintenance_polls": 0,
      "sched_system_polled_us": 7785,
      "sched_wakes_received": 5021,
      "sched_wall_us": 962987,
      "sched_system_consumed_us": 7785,
      "shipped_join_refusals": 0,
      "shipped_statements": 3762,
      "shipped_identity_mismatches": 0,
      "shipped_unanswerable": 0,
      "sched_wakes_sent": 41253,
      "shipped_enrolled": 0,
      "sched_parked_idle_blocks": 5075,
      "shipped_executed": 0,
      "shipped_enrolment_expiries": 0,
      "shipped_refusals": 0,
      "shipped_enrolment_refusals": 0,
      "sched_maintenance_polled_us": 0,
      "sched_maintenance_consumed_us": 0,
      "sched_iterations": 30210,
      "wal_anchor_count": 0,
      "shipped_wait_us_max": 17828,
      "shipped_waiting": 0,
      "wal_interval_syncs": 4,
      "sched_foreground_consumed_us": 97643,
      "sched_system_polls": 10083,
      "sched_wake_race_skips": 0,
      "shipped_replies": 3762,
      "shipped_running": 0
    },
    "3": {
      "wal_syncs": 634,
      "shipped_late_executed": 0,
      "sched_spurious_wakes": 0,
      "shipped_enrolments": 3,
      "sched_foreground_polled_us": 95515,
      "shipped_deduped": 0,
      "sched_idle_blocks": 14379,
      "sched_idle_block_us": 822357,
      "wal_sync_failures": 0,
      "sched_foreground_polls": 30098,
      "shipped_early_evictions": 0,
      "sched_maintenance_polls": 0,
      "sched_system_polled_us": 7973,
      "sched_wakes_received": 5045,
      "sched_wall_us": 961677,
      "sched_system_consumed_us": 7973,
      "shipped_join_refusals": 0,
      "shipped_statements": 3776,
      "shipped_identity_mismatches": 0,
      "shipped_unanswerable": 0,
      "sched_wakes_sent": 41253,
      "shipped_enrolled": 0,
      "sched_parked_idle_blocks": 5092,
      "shipped_executed": 6,
      "shipped_enrolment_expiries": 0,
      "shipped_refusals": 2,
      "shipped_enrolment_refusals": 0,
      "sched_maintenance_polled_us": 0,
      "sched_maintenance_consumed_us": 0,
      "sched_iterations": 30362,
      "wal_anchor_count": 0,
      "shipped_wait_us_max": 13650,
      "shipped_waiting": 0,
      "wal_interval_syncs": 4,
      "sched_foreground_consumed_us": 95515,
      "sched_system_polls": 10139,
      "sched_wake_race_skips": 0,
      "shipped_replies": 3776,
      "shipped_running": 0
    },
    "4": {
      "wal_syncs": 0,
      "shipped_late_executed": 0,
      "sched_spurious_wakes": 0,
      "shipped_enrolments": 0,
      "sched_foreground_polled_us": 34,
      "shipped_deduped": 0,
      "sched_idle_blocks": 902,
      "sched_idle_block_us": 959841,
      "wal_sync_failures": 0,
      "sched_foreground_polls": 1,
      "shipped_early_evictions": 0,
      "sched_maintenance_polls": 0,
      "sched_system_polled_us": 92,
      "sched_wakes_received": 10,
      "sched_wall_us": 961692,
      "sched_system_consumed_us": 92,
      "shipped_join_refusals": 0,
      "shipped_statements": 0,
      "shipped_identity_mismatches": 0,
      "shipped_unanswerable": 0,
      "sched_wakes_sent": 41253,
      "shipped_enrolled": 0,
      "sched_parked_idle_blocks": 0,
      "shipped_executed": 0,
      "shipped_enrolment_expiries": 0,
      "shipped_refusals": 0,
      "shipped_enrolment_refusals": 0,
      "sched_maintenance_polled_us": 0,
      "sched_maintenance_consumed_us": 0,
      "sched_iterations": 905,
      "wal_anchor_count": 0,
      "shipped_wait_us_max": 0,
      "shipped_waiting": 0,
      "wal_interval_syncs": 0,
      "sched_foreground_consumed_us": 34,
      "sched_system_polls": 10,
      "sched_wake_race_skips": 0,
      "shipped_replies": 0,
      "shipped_running": 0
    },
    "5": {
      "wal_syncs": 0,
      "shipped_late_executed": 0,
      "sched_spurious_wakes": 0,
      "shipped_enrolments": 0,
      "sched_foreground_polled_us": 33,
      "shipped_deduped": 0,
      "sched_idle_blocks": 900,
      "sched_idle_block_us": 959945,
      "wal_sync_failures": 0,
      "sched_foreground_polls": 1,
      "shipped_early_evictions": 0,
      "sched_maintenance_polls": 0,
      "sched_system_polled_us": 99,
      "sched_wakes_received": 10,
      "sched_wall_us": 961704,
      "sched_system_consumed_us": 99,
      "shipped_join_refusals": 0,
      "shipped_statements": 0,
      "shipped_identity_mismatches": 0,
      "shipped_unanswerable": 0,
      "sched_wakes_sent": 41253,
      "shipped_enrolled": 0,
      "sched_parked_idle_blocks": 0,
      "shipped_executed": 0,
      "shipped_enrolment_expiries": 0,
      "shipped_refusals": 0,
      "shipped_enrolment_refusals": 0,
      "sched_maintenance_polled_us": 0,
      "sched_maintenance_consumed_us": 0,
      "sched_iterations": 900,
      "wal_anchor_count": 0,
      "shipped_wait_us_max": 0,
      "shipped_waiting": 0,
      "wal_interval_syncs": 0,
      "sched_foreground_consumed_us": 33,
      "sched_system_polls": 10,
      "sched_wake_race_skips": 0,
      "shipped_replies": 0,
      "shipped_running": 0
    },
    "6": {
      "wal_syncs": 2447,
      "shipped_late_executed": 0,
      "sched_spurious_wakes": 112,
      "shipped_enrolments": 1876,
      "sched_foreground_polled_us": 160562,
      "shipped_deduped": 0,
      "sched_idle_blocks": 18803,
      "sched_idle_block_us": 707647,
      "wal_sync_failures": 0,
      "sched_foreground_polls": 61295,
      "shipped_early_evictions": 0,
      "sched_maintenance_polls": 0,
      "sched_system_polled_us": 25749,
      "sched_wakes_received": 16071,
      "sched_wall_us": 961731,
      "sched_system_consumed_us": 25749,
      "shipped_join_refusals": 0,
      "shipped_statements": 3781,
      "shipped_identity_mismatches": 0,
      "shipped_unanswerable": 0,
      "sched_wakes_sent": 41253,
      "shipped_enrolled": 0,
      "sched_parked_idle_blocks": 7972,
      "shipped_executed": 12377,
      "shipped_enrolment_expiries": 0,
      "shipped_refusals": 3,
      "shipped_enrolment_refusals": 0,
      "sched_maintenance_polled_us": 0,
      "sched_maintenance_consumed_us": 0,
      "sched_iterations": 61245,
      "wal_anchor_count": 0,
      "shipped_wait_us_max": 20963,
      "shipped_waiting": 0,
      "wal_interval_syncs": 6,
      "sched_foreground_consumed_us": 160562,
      "sched_system_polls": 42450,
      "sched_wake_race_skips": 961,
      "shipped_replies": 3781,
      "shipped_running": 0
    },
    "7": {
      "wal_syncs": 634,
      "shipped_late_executed": 0,
      "sched_spurious_wakes": 0,
      "shipped_enrolments": 3,
      "sched_foreground_polled_us": 93789,
      "shipped_deduped": 0,
      "sched_idle_blocks": 14394,
      "sched_idle_block_us": 823636,
      "wal_sync_failures": 0,
      "sched_foreground_polls": 30041,
      "shipped_early_evictions": 0,
      "sched_maintenance_polls": 0,
      "sched_system_polled_us": 9225,
      "sched_wakes_received": 5029,
      "sched_wall_us": 961744,
      "sched_system_consumed_us": 9225,
      "shipped_join_refusals": 0,
      "shipped_statements": 3764,
      "shipped_identity_mismatches": 0,
      "shipped_unanswerable": 0,
      "sched_wakes_sent": 41253,
      "shipped_enrolled": 0,
      "sched_parked_idle_blocks": 5081,
      "shipped_executed": 3,
      "shipped_enrolment_expiries": 0,
      "shipped_refusals": 2,
      "shipped_enrolment_refusals": 0,
      "sched_maintenance_polled_us": 0,
      "sched_maintenance_consumed_us": 0,
      "sched_iterations": 30321,
      "wal_anchor_count": 0,
      "shipped_wait_us_max": 20848,
      "shipped_waiting": 0,
      "wal_interval_syncs": 4,
      "sched_foreground_consumed_us": 93789,
      "sched_system_polls": 10111,
      "sched_wake_race_skips": 1,
      "shipped_replies": 3764,
      "shipped_running": 0
    }
  },
  "total_wal_syncs_delta": 9667,
  "syncs_per_booking": 1.9334,
  "landed_local": false
}
