{
  "label": "xd3-tmpfs-nopl-c8-b1",
  "cores": 8,
  "peer_listeners": "off",
  "durability": "group",
  "bookings": 5000,
  "bookers": 1,
  "wal_dir": "/dev/shm/bench-xd-wal/xd3-tmpfs-nopl-c8-b1",
  "load_elapsed_s": 0.746,
  "loaded": {
    "organizations": 2000,
    "ships": 200,
    "operations": 2000,
    "fees": 12,
    "recipes": 93,
    "cargos": 20000
  },
  "reader_connect_attempts": 1,
  "outcomes": {
    "committed": 5000,
    "rejected-capacity": 10,
    "rejected-credit": 0,
    "conflicted": 0,
    "failed": 0
  },
  "axes": {
    "operations": 0,
    "organizations": 0,
    "read": 0,
    "commit": 0
  },
  "retries": 0,
  "abandoned": 0,
  "run_elapsed_s": 2.1763,
  "tps": 2297.4441807886124,
  "phases": {
    "booking": {
      "phase": "booking",
      "detail": "",
      "ops": 5010,
      "errors": 0,
      "first_error": null,
      "elapsed_s": 2.176331,
      "qps": 2302.0,
      "mean_us": 419.5,
      "p0_us": 162.8,
      "p25_us": 385.8,
      "p50_us": 410.2,
      "p95_us": 494.6,
      "p99_us": 668.0,
      "max_us": 31020.7
    },
    "cargo-lookup": {
      "phase": "cargo-lookup",
      "detail": "",
      "ops": 5010,
      "errors": 0,
      "first_error": null,
      "elapsed_s": 2.176331,
      "qps": 2302.0,
      "mean_us": 29.7,
      "p0_us": 17.3,
      "p25_us": 27.0,
      "p50_us": 28.1,
      "p95_us": 41.7,
      "p99_us": 58.7,
      "max_us": 369.9
    },
    "credit-lookup": {
      "phase": "credit-lookup",
      "detail": "",
      "ops": 5010,
      "errors": 0,
      "first_error": null,
      "elapsed_s": 2.176331,
      "qps": 2302.0,
      "mean_us": 28.2,
      "p0_us": 16.2,
      "p25_us": 25.9,
      "p50_us": 26.9,
      "p95_us": 38.4,
      "p99_us": 52.1,
      "max_us": 317.5
    },
    "capacity-read": {
      "phase": "capacity-read",
      "detail": "",
      "ops": 5010,
      "errors": 0,
      "first_error": null,
      "elapsed_s": 2.176331,
      "qps": 2302.0,
      "mean_us": 28.2,
      "p0_us": 15.9,
      "p25_us": 25.7,
      "p50_us": 26.7,
      "p95_us": 38.1,
      "p99_us": 52.7,
      "max_us": 392.3
    },
    "recipe-read": {
      "phase": "recipe-read",
      "detail": "",
      "ops": 5010,
      "errors": 0,
      "first_error": null,
      "elapsed_s": 2.176331,
      "qps": 2302.0,
      "mean_us": 35.6,
      "p0_us": 23.6,
      "p25_us": 32.9,
      "p50_us": 33.8,
      "p95_us": 47.4,
      "p99_us": 60.6,
      "max_us": 344.5
    },
    "freight-insert": {
      "phase": "freight-insert",
      "detail": "",
      "ops": 5000,
      "errors": 0,
      "first_error": null,
      "elapsed_s": 2.176331,
      "qps": 2297.4,
      "mean_us": 26.9,
      "p0_us": 15.7,
      "p25_us": 24.8,
      "p50_us": 25.5,
      "p95_us": 36.8,
      "p99_us": 51.5,
      "max_us": 357.1
    },
    "charge-insert": {
      "phase": "charge-insert",
      "detail": "",
      "ops": 28161,
      "errors": 0,
      "first_error": null,
      "elapsed_s": 2.176331,
      "qps": 12939.7,
      "mean_us": 24.8,
      "p0_us": 13.6,
      "p25_us": 23.4,
      "p50_us": 24.1,
      "p95_us": 34.6,
      "p99_us": 45.3,
      "max_us": 418.3
    },
    "operation-update": {
      "phase": "operation-update",
      "detail": "",
      "ops": 5000,
      "errors": 0,
      "first_error": null,
      "elapsed_s": 2.176331,
      "qps": 2297.4,
      "mean_us": 26.4,
      "p0_us": 15.6,
      "p25_us": 24.6,
      "p50_us": 25.3,
      "p95_us": 37.2,
      "p99_us": 45.9,
      "max_us": 242.8
    },
    "org-update": {
      "phase": "org-update",
      "detail": "",
      "ops": 5000,
      "errors": 0,
      "first_error": null,
      "elapsed_s": 2.176331,
      "qps": 2297.4,
      "mean_us": 25.8,
      "p0_us": 15.2,
      "p25_us": 24.2,
      "p50_us": 24.9,
      "p95_us": 35.5,
      "p99_us": 46.5,
      "max_us": 256.9
    },
    "commit": {
      "phase": "commit",
      "detail": "",
      "ops": 5000,
      "errors": 0,
      "first_error": null,
      "elapsed_s": 2.176331,
      "qps": 2297.4,
      "mean_us": 23.9,
      "p0_us": 12.8,
      "p25_us": 22.3,
      "p50_us": 23.1,
      "p95_us": 33.4,
      "p99_us": 44.6,
      "max_us": 216.3
    }
  },
  "per_core_delta": {
    "0": {
      "wal_sync_failures": 0,
      "shipped_enrolled": 0,
      "shipped_enrolments": 0,
      "shipped_replies": 0,
      "sched_foreground_polls": 78222,
      "sched_wakes_received": 0,
      "sched_wake_race_skips": 0,
      "sched_idle_block_us": 1348038,
      "shipped_waiting": 0,
      "shipped_deduped": 0,
      "sched_maintenance_consumed_us": 0,
      "shipped_running": 0,
      "sched_foreground_consumed_us": 216502,
      "shipped_enrolment_refusals": 0,
      "wal_interval_syncs": 2,
      "sched_parked_idle_blocks": 0,
      "shipped_join_refusals": 0,
      "shipped_unanswerable": 0,
      "sched_wall_us": 2176474,
      "sched_spurious_wakes": 0,
      "sched_foreground_polled_us": 716505,
      "shipped_statements": 0,
      "sched_idle_blocks": 73287,
      "shipped_wait_us_max": 0,
      "shipped_enrolment_expiries": 0,
      "wal_anchor_count": 0,
      "sched_maintenance_polls": 0,
      "shipped_early_evictions": 0,
      "sched_maintenance_polled_us": 0,
      "shipped_late_executed": 0,
      "sched_system_polls": 0,
      "wal_syncs": 5004,
      "sched_system_polled_us": 0,
      "shipped_executed": 0,
      "shipped_refusals": 0,
      "sched_iterations": 78988,
      "sched_system_consumed_us": -19877,
      "shipped_identity_mismatches": 0,
      "sched_wakes_sent": 0
    }
  },
  "total_wal_syncs_delta": 5004,
  "syncs_per_booking": 1.0008,
  "landed_local": false
}
