{
  "label": "xd3-tmpfs-pl-c8-b1",
  "cores": 8,
  "peer_listeners": "on",
  "durability": "group",
  "bookings": 5000,
  "bookers": 1,
  "wal_dir": "/dev/shm/bench-xd-wal/xd3-tmpfs-pl-c8-b1",
  "load_elapsed_s": 0.754,
  "loaded": {
    "organizations": 2000,
    "ships": 200,
    "operations": 2000,
    "fees": 12,
    "recipes": 93,
    "cargos": 20000
  },
  "reader_connect_attempts": 19,
  "outcomes": {
    "committed": 5000,
    "rejected-capacity": 10,
    "rejected-credit": 0,
    "conflicted": 0,
    "failed": 0
  },
  "axes": {
    "operations": 0,
    "organizations": 0,
    "read": 0,
    "commit": 0
  },
  "retries": 0,
  "abandoned": 0,
  "run_elapsed_s": 2.8782,
  "tps": 1737.2087749193913,
  "phases": {
    "booking": {
      "phase": "booking",
      "detail": "",
      "ops": 5010,
      "errors": 0,
      "first_error": null,
      "elapsed_s": 2.87818,
      "qps": 1740.7,
      "mean_us": 559.3,
      "p0_us": 207.0,
      "p25_us": 460.8,
      "p50_us": 569.6,
      "p95_us": 656.1,
      "p99_us": 783.3,
      "max_us": 22125.4
    },
    "cargo-lookup": {
      "phase": "cargo-lookup",
      "detail": "",
      "ops": 5010,
      "errors": 0,
      "first_error": null,
      "elapsed_s": 2.87818,
      "qps": 1740.7,
      "mean_us": 58.4,
      "p0_us": 39.4,
      "p25_us": 45.6,
      "p50_us": 52.4,
      "p95_us": 68.8,
      "p99_us": 87.5,
      "max_us": 13302.2
    },
    "credit-lookup": {
      "phase": "credit-lookup",
      "detail": "",
      "ops": 5010,
      "errors": 0,
      "first_error": null,
      "elapsed_s": 2.87818,
      "qps": 1740.7,
      "mean_us": 50.7,
      "p0_us": 33.1,
      "p25_us": 42.0,
      "p50_us": 48.6,
      "p95_us": 62.9,
      "p99_us": 76.5,
      "max_us": 6749.7
    },
    "capacity-read": {
      "phase": "capacity-read",
      "detail": "",
      "ops": 5010,
      "errors": 0,
      "first_error": null,
      "elapsed_s": 2.87818,
      "qps": 1740.7,
      "mean_us": 47.5,
      "p0_us": 32.4,
      "p25_us": 41.0,
      "p50_us": 47.9,
      "p95_us": 60.8,
      "p99_us": 75.3,
      "max_us": 610.6
    },
    "recipe-read": {
      "phase": "recipe-read",
      "detail": "",
      "ops": 5010,
      "errors": 0,
      "first_error": null,
      "elapsed_s": 2.87818,
      "qps": 1740.7,
      "mean_us": 56.1,
      "p0_us": 41.2,
      "p25_us": 48.5,
      "p50_us": 56.3,
      "p95_us": 70.3,
      "p99_us": 84.2,
      "max_us": 2585.5
    },
    "freight-insert": {
      "phase": "freight-insert",
      "detail": "",
      "ops": 5000,
      "errors": 0,
      "first_error": null,
      "elapsed_s": 2.87818,
      "qps": 1737.2,
      "mean_us": 23.2,
      "p0_us": 15.1,
      "p25_us": 18.9,
      "p50_us": 24.1,
      "p95_us": 31.0,
      "p99_us": 40.0,
      "max_us": 107.2
    },
    "charge-insert": {
      "phase": "charge-insert",
      "detail": "",
      "ops": 28161,
      "errors": 0,
      "first_error": null,
      "elapsed_s": 2.87818,
      "qps": 9784.3,
      "mean_us": 21.3,
      "p0_us": 12.8,
      "p25_us": 15.2,
      "p50_us": 23.0,
      "p95_us": 30.3,
      "p99_us": 39.8,
      "max_us": 312.4
    },
    "operation-update": {
      "phase": "operation-update",
      "detail": "",
      "ops": 5000,
      "errors": 0,
      "first_error": null,
      "elapsed_s": 2.87818,
      "qps": 1737.2,
      "mean_us": 47.2,
      "p0_us": 29.8,
      "p25_us": 38.5,
      "p50_us": 46.8,
      "p95_us": 60.9,
      "p99_us": 75.8,
      "max_us": 2624.0
    },
    "org-update": {
      "phase": "org-update",
      "detail": "",
      "ops": 5000,
      "errors": 0,
      "first_error": null,
      "elapsed_s": 2.87818,
      "qps": 1737.2,
      "mean_us": 43.4,
      "p0_us": 27.2,
      "p25_us": 35.8,
      "p50_us": 45.3,
      "p95_us": 57.2,
      "p99_us": 69.5,
      "max_us": 356.9
    },
    "commit": {
      "phase": "commit",
      "detail": "",
      "ops": 5000,
      "errors": 0,
      "first_error": null,
      "elapsed_s": 2.87818,
      "qps": 1737.2,
      "mean_us": 63.7,
      "p0_us": 35.6,
      "p25_us": 53.1,
      "p50_us": 61.1,
      "p95_us": 74.8,
      "p99_us": 86.7,
      "max_us": 21598.2
    }
  },
  "per_core_delta": {
    "0": {
      "shipped_deduped": 0,
      "wal_sync_failures": 0,
      "shipped_enrolled": 0,
      "sched_maintenance_consumed_us": 0,
      "shipped_statements": 0,
      "shipped_join_refusals": 0,
      "sched_idle_blocks": 40128,
      "sched_foreground_polled_us": 279116,
      "wal_interval_syncs": 2,
      "wal_anchor_count": 0,
      "sched_system_consumed_us": 161785,
      "shipped_enrolment_refusals": 0,
      "sched_foreground_polls": 45057,
      "sched_wall_us": 2879564,
      "shipped_enrolment_expiries": 0,
      "shipped_late_executed": 0,
      "sched_foreground_consumed_us": 279116,
      "shipped_early_evictions": 914,
      "shipped_refusals": 0,
      "sched_wake_race_skips": 0,
      "shipped_running": 0,
      "shipped_replies": 0,
      "sched_system_polled_us": 161785,
      "sched_system_polls": 80142,
      "shipped_executed": 30046,
      "shipped_wait_us_max": 0,
      "shipped_identity_mismatches": 0,
      "sched_maintenance_polled_us": 0,
      "sched_wakes_sent": 80134,
      "sched_parked_idle_blocks": 0,
      "sched_iterations": 125323,
      "sched_wakes_received": 40060,
      "shipped_waiting": 0,
      "sched_spurious_wakes": 0,
      "sched_maintenance_polls": 0,
      "shipped_unanswerable": 0,
      "sched_idle_block_us": 2348124,
      "shipped_enrolments": 5010,
      "wal_syncs": 10009
    },
    "1": {
      "shipped_deduped": 0,
      "wal_sync_failures": 0,
      "shipped_enrolled": 0,
      "sched_maintenance_consumed_us": 0,
      "shipped_statements": 0,
      "shipped_join_refusals": 0,
      "sched_idle_blocks": 2706,
      "sched_foreground_polled_us": 34,
      "wal_interval_syncs": 0,
      "wal_anchor_count": 0,
      "sched_system_consumed_us": 32,
      "shipped_enrolment_refusals": 0,
      "sched_foreground_polls": 1,
      "sched_wall_us": 2879603,
      "shipped_enrolment_expiries": 0,
      "shipped_late_executed": 0,
      "sched_foreground_consumed_us": 34,
      "shipped_early_evictions": 0,
      "shipped_refusals": 0,
      "sched_wake_race_skips": 0,
      "shipped_running": 0,
      "shipped_replies": 0,
      "sched_system_polled_us": 32,
      "sched_system_polls": 2,
      "shipped_executed": 0,
      "shipped_wait_us_max": 0,
      "shipped_identity_mismatches": 0,
      "sched_maintenance_polled_us": 0,
      "sched_wakes_sent": 80134,
      "sched_parked_idle_blocks": 0,
      "sched_iterations": 2712,
      "sched_wakes_received": 2,
      "shipped_waiting": 0,
      "sched_spurious_wakes": 0,
      "sched_maintenance_polls": 0,
      "shipped_unanswerable": 0,
      "sched_idle_block_us": 2875302,
      "shipped_enrolments": 0,
      "wal_syncs": 0
    },
    "2": {
      "shipped_deduped": 0,
      "wal_sync_failures": 0,
      "shipped_enrolled": 0,
      "sched_maintenance_consumed_us": 0,
      "shipped_statements": 0,
      "shipped_join_refusals": 0,
      "sched_idle_blocks": 2698,
      "sched_foreground_polled_us": 43,
      "wal_interval_syncs": 0,
      "wal_anchor_count": 0,
      "sched_system_consumed_us": 36,
      "shipped_enrolment_refusals": 0,
      "sched_foreground_polls": 1,
      "sched_wall_us": 2879602,
      "shipped_enrolment_expiries": 0,
      "shipped_late_executed": 0,
      "sched_foreground_consumed_us": 43,
      "shipped_early_evictions": 0,
      "shipped_refusals": 0,
      "sched_wake_race_skips": 0,
      "shipped_running": 0,
      "shipped_replies": 0,
      "sched_system_polled_us": 36,
      "sched_system_polls": 2,
      "shipped_executed": 0,
      "shipped_wait_us_max": 0,
      "shipped_identity_mismatches": 0,
      "sched_maintenance_polled_us": 0,
      "sched_wakes_sent": 80134,
      "sched_parked_idle_blocks": 0,
      "sched_iterations": 2705,
      "sched_wakes_received": 2,
      "shipped_waiting": 0,
      "sched_spurious_wakes": 0,
      "sched_maintenance_polls": 0,
      "shipped_unanswerable": 0,
      "sched_idle_block_us": 2875505,
      "shipped_enrolments": 0,
      "wal_syncs": 0
    },
    "3": {
      "shipped_deduped": 0,
      "wal_sync_failures": 0,
      "shipped_enrolled": 0,
      "sched_maintenance_consumed_us": 0,
      "shipped_statements": 0,
      "shipped_join_refusals": 0,
      "sched_idle_blocks": 2660,
      "sched_foreground_polled_us": 40,
      "wal_interval_syncs": 0,
      "wal_anchor_count": 0,
      "sched_system_consumed_us": 20,
      "shipped_enrolment_refusals": 0,
      "sched_foreground_polls": 1,
      "sched_wall_us": 2879611,
      "shipped_enrolment_expiries": 0,
      "shipped_late_executed": 0,
      "sched_foreground_consumed_us": 40,
      "shipped_early_evictions": 0,
      "shipped_refusals": 0,
      "sched_wake_race_skips": 0,
      "shipped_running": 0,
      "shipped_replies": 0,
      "sched_system_polled_us": 20,
      "sched_system_polls": 2,
      "shipped_executed": 0,
      "shipped_wait_us_max": 0,
      "shipped_identity_mismatches": 0,
      "sched_maintenance_polled_us": 0,
      "sched_wakes_sent": 80134,
      "sched_parked_idle_blocks": 0,
      "sched_iterations": 2671,
      "sched_wakes_received": 2,
      "shipped_waiting": 0,
      "sched_spurious_wakes": 0,
      "sched_maintenance_polls": 0,
      "shipped_unanswerable": 0,
      "sched_idle_block_us": 2872904,
      "shipped_enrolments": 0,
      "wal_syncs": 0
    },
    "4": {
      "shipped_deduped": 0,
      "wal_sync_failures": 0,
      "shipped_enrolled": 0,
      "sched_maintenance_consumed_us": 0,
      "shipped_statements": 30046,
      "shipped_join_refusals": 0,
      "sched_idle_blocks": 113394,
      "sched_foreground_polled_us": 504886,
      "wal_interval_syncs": 3,
      "wal_anchor_count": 0,
      "sched_system_consumed_us": 83840,
      "shipped_enrolment_refusals": 0,
      "sched_foreground_polls": 238837,
      "sched_wall_us": 2879519,
      "shipped_enrolment_expiries": 0,
      "shipped_late_executed": 0,
      "sched_foreground_consumed_us": 504886,
      "shipped_early_evictions": 0,
      "shipped_refusals": 0,
      "sched_wake_race_skips": 0,
      "shipped_running": 0,
      "shipped_replies": 30046,
      "sched_system_polled_us": 83840,
      "sched_system_polls": 80266,
      "shipped_executed": 0,
      "shipped_wait_us_max": 13238,
      "shipped_identity_mismatches": 0,
      "sched_maintenance_polled_us": 0,
      "sched_wakes_sent": 80134,
      "sched_parked_idle_blocks": 40115,
      "sched_iterations": 239786,
      "sched_wakes_received": 40062,
      "shipped_waiting": 0,
      "sched_spurious_wakes": 0,
      "sched_maintenance_polls": 0,
      "shipped_unanswerable": 0,
      "sched_idle_block_us": 2095749,
      "shipped_enrolments": 0,
      "wal_syncs": 5005
    },
    "5": {
      "shipped_deduped": 0,
      "wal_sync_failures": 0,
      "shipped_enrolled": 0,
      "sched_maintenance_consumed_us": 0,
      "shipped_statements": 0,
      "shipped_join_refusals": 0,
      "sched_idle_blocks": 2699,
      "sched_foreground_polled_us": 75,
      "wal_interval_syncs": 0,
      "wal_anchor_count": 0,
      "sched_system_consumed_us": 31,
      "shipped_enrolment_refusals": 0,
      "sched_foreground_polls": 1,
      "sched_wall_us": 2879553,
      "shipped_enrolment_expiries": 0,
      "shipped_late_executed": 0,
      "sched_foreground_consumed_us": 75,
      "shipped_early_evictions": 0,
      "shipped_refusals": 0,
      "sched_wake_race_skips": 0,
      "shipped_running": 0,
      "shipped_replies": 0,
      "sched_system_polled_us": 31,
      "sched_system_polls": 2,
      "shipped_executed": 0,
      "shipped_wait_us_max": 0,
      "shipped_identity_mismatches": 0,
      "sched_maintenance_polled_us": 0,
      "sched_wakes_sent": 80134,
      "sched_parked_idle_blocks": 0,
      "sched_iterations": 2707,
      "sched_wakes_received": 2,
      "shipped_waiting": 0,
      "sched_spurious_wakes": 0,
      "sched_maintenance_polls": 0,
      "shipped_unanswerable": 0,
      "sched_idle_block_us": 2875475,
      "shipped_enrolments": 0,
      "wal_syncs": 0
    },
    "6": {
      "shipped_deduped": 0,
      "wal_sync_failures": 0,
      "shipped_enrolled": 0,
      "sched_maintenance_consumed_us": 0,
      "shipped_statements": 0,
      "shipped_join_refusals": 0,
      "sched_idle_blocks": 2701,
      "sched_foreground_polled_us": 46,
      "wal_interval_syncs": 0,
      "wal_anchor_count": 0,
      "sched_system_consumed_us": 30,
      "shipped_enrolment_refusals": 0,
      "sched_foreground_polls": 1,
      "sched_wall_us": 2879406,
      "shipped_enrolment_expiries": 0,
      "shipped_late_executed": 0,
      "sched_foreground_consumed_us": 46,
      "shipped_early_evictions": 0,
      "shipped_refusals": 0,
      "sched_wake_race_skips": 0,
      "shipped_running": 0,
      "shipped_replies": 0,
      "sched_system_polled_us": 30,
      "sched_system_polls": 2,
      "shipped_executed": 0,
      "shipped_wait_us_max": 0,
      "shipped_identity_mismatches": 0,
      "sched_maintenance_polled_us": 0,
      "sched_wakes_sent": 80134,
      "sched_parked_idle_blocks": 0,
      "sched_iterations": 2719,
      "sched_wakes_received": 2,
      "shipped_waiting": 0,
      "sched_spurious_wakes": 0,
      "sched_maintenance_polls": 0,
      "shipped_unanswerable": 0,
      "sched_idle_block_us": 2875398,
      "shipped_enrolments": 0,
      "wal_syncs": 0
    },
    "7": {
      "shipped_deduped": 0,
      "wal_sync_failures": 0,
      "shipped_enrolled": 0,
      "sched_maintenance_consumed_us": 0,
      "shipped_statements": 0,
      "shipped_join_refusals": 0,
      "sched_idle_blocks": 2663,
      "sched_foreground_polled_us": 38,
      "wal_interval_syncs": 0,
      "wal_anchor_count": 0,
      "sched_system_consumed_us": 24,
      "shipped_enrolment_refusals": 0,
      "sched_foreground_polls": 1,
      "sched_wall_us": 2879352,
      "shipped_enrolment_expiries": 0,
      "shipped_late_executed": 0,
      "sched_foreground_consumed_us": 38,
      "shipped_early_evictions": 0,
      "shipped_refusals": 0,
      "sched_wake_race_skips": 0,
      "shipped_running": 0,
      "shipped_replies": 0,
      "sched_system_polled_us": 24,
      "sched_system_polls": 2,
      "shipped_executed": 0,
      "shipped_wait_us_max": 0,
      "shipped_identity_mismatches": 0,
      "sched_maintenance_polled_us": 0,
      "sched_wakes_sent": 80134,
      "sched_parked_idle_blocks": 0,
      "sched_iterations": 2672,
      "sched_wakes_received": 2,
      "shipped_waiting": 0,
      "sched_spurious_wakes": 0,
      "sched_maintenance_polls": 0,
      "shipped_unanswerable": 0,
      "sched_idle_block_us": 2872670,
      "shipped_enrolments": 0,
      "wal_syncs": 0
    }
  },
  "total_wal_syncs_delta": 15014,
  "syncs_per_booking": 3.0028,
  "landed_local": false
}
