{
  "label": "xd4-pl-c8-b4",
  "cores": 8,
  "peer_listeners": "on",
  "durability": "group",
  "bookings": 5000,
  "bookers": 4,
  "wal_dir": "(default, beside data file)",
  "load_elapsed_s": 24.751,
  "loaded": {
    "organizations": 2000,
    "ships": 200,
    "operations": 2000,
    "fees": 12,
    "recipes": 93,
    "cargos": 20000
  },
  "reader_connect_attempts": 12,
  "outcomes": {
    "committed": 5000,
    "rejected-capacity": 10,
    "rejected-credit": 0,
    "conflicted": 5,
    "failed": 0
  },
  "axes": {
    "operations": 1,
    "organizations": 0,
    "read": 4,
    "commit": 0
  },
  "retries": 5,
  "abandoned": 0,
  "run_elapsed_s": 10.0652,
  "tps": 496.7597113638494,
  "phases": {
    "booking": {
      "phase": "booking",
      "detail": "",
      "ops": 5010,
      "errors": 0,
      "first_error": null,
      "elapsed_s": 10.065228,
      "qps": 497.8,
      "mean_us": 7279.8,
      "p0_us": 302.9,
      "p25_us": 5601.0,
      "p50_us": 6858.1,
      "p95_us": 10801.2,
      "p99_us": 13357.8,
      "max_us": 135665.3
    },
    "cargo-lookup": {
      "phase": "cargo-lookup",
      "detail": "",
      "ops": 5015,
      "errors": 0,
      "first_error": null,
      "elapsed_s": 10.065228,
      "qps": 498.2,
      "mean_us": 831.7,
      "p0_us": 39.3,
      "p25_us": 85.7,
      "p50_us": 874.5,
      "p95_us": 1974.7,
      "p99_us": 2831.5,
      "max_us": 26877.3
    },
    "credit-lookup": {
      "phase": "credit-lookup",
      "detail": "",
      "ops": 5015,
      "errors": 0,
      "first_error": null,
      "elapsed_s": 10.065228,
      "qps": 498.2,
      "mean_us": 495.1,
      "p0_us": 37.6,
      "p25_us": 62.8,
      "p50_us": 81.6,
      "p95_us": 2231.4,
      "p99_us": 2760.6,
      "max_us": 26964.5
    },
    "capacity-read": {
      "phase": "capacity-read",
      "detail": "",
      "ops": 5015,
      "errors": 0,
      "first_error": null,
      "elapsed_s": 10.065228,
      "qps": 498.2,
      "mean_us": 303.0,
      "p0_us": 36.6,
      "p25_us": 57.3,
      "p50_us": 71.0,
      "p95_us": 1703.7,
      "p99_us": 2278.3,
      "max_us": 16286.8
    },
    "recipe-read": {
      "phase": "recipe-read",
      "detail": "",
      "ops": 5015,
      "errors": 0,
      "first_error": null,
      "elapsed_s": 10.065228,
      "qps": 498.2,
      "mean_us": 252.0,
      "p0_us": 42.0,
      "p25_us": 66.7,
      "p50_us": 78.6,
      "p95_us": 1201.2,
      "p99_us": 2255.2,
      "max_us": 16293.2
    },
    "freight-insert": {
      "phase": "freight-insert",
      "detail": "",
      "ops": 5005,
      "errors": 2,
      "first_error": "ERR TXN_CONFLICT retryable=1 this transaction's writes are bound to core 0 and relation 'freights_xd4_pl_c8_b4' is owned by core 3; a transaction may write on one core only until two-phase commit exists",
      "elapsed_s": 10.065228,
      "qps": 497.3,
      "mean_us": 45.4,
      "p0_us": 15.1,
      "p25_us": 28.5,
      "p50_us": 32.1,
      "p95_us": 54.3,
      "p99_us": 681.4,
      "max_us": 3441.9
    },
    "charge-insert": {
      "phase": "charge-insert",
      "detail": "",
      "ops": 28179,
      "errors": 2,
      "first_error": "ERR TXN_CONFLICT retryable=1 this transaction's writes are bound to core 0 and relation 'charges_xd4_pl_c8_b4' is owned by core 7; a transaction may write on one core only until two-phase commit exists",
      "elapsed_s": 10.065228,
      "qps": 2799.6,
      "mean_us": 27.7,
      "p0_us": 13.0,
      "p25_us": 23.3,
      "p50_us": 24.9,
      "p95_us": 39.9,
      "p99_us": 58.0,
      "max_us": 2474.3
    },
    "operation-update": {
      "phase": "operation-update",
      "detail": "",
      "ops": 5001,
      "errors": 1,
      "first_error": "ERR TXN_CONFLICT retryable=1 row id=7 was written by transaction 54164",
      "elapsed_s": 10.065228,
      "qps": 496.9,
      "mean_us": 619.8,
      "p0_us": 30.0,
      "p25_us": 57.0,
      "p50_us": 86.3,
      "p95_us": 1885.6,
      "p99_us": 2444.8,
      "max_us": 125849.7
    },
    "org-update": {
      "phase": "org-update",
      "detail": "",
      "ops": 5000,
      "errors": 0,
      "first_error": null,
      "elapsed_s": 10.065228,
      "qps": 496.8,
      "mean_us": 564.0,
      "p0_us": 31.5,
      "p25_us": 51.1,
      "p50_us": 63.8,
      "p95_us": 1987.8,
      "p99_us": 2849.1,
      "max_us": 125940.6
    },
    "commit": {
      "phase": "commit",
      "detail": "",
      "ops": 5000,
      "errors": 0,
      "first_error": null,
      "elapsed_s": 10.065228,
      "qps": 496.8,
      "mean_us": 3923.8,
      "p0_us": 2099.1,
      "p25_us": 3024.5,
      "p50_us": 3728.0,
      "p95_us": 5560.8,
      "p99_us": 6409.7,
      "max_us": 128960.9
    }
  },
  "per_core_delta": {
    "0": {
      "shipped_unanswerable": 0,
      "sched_maintenance_polled_us": 0,
      "shipped_refusals": 0,
      "shipped_early_evictions": 919,
      "sched_iterations": 68887,
      "sched_foreground_consumed_us": -107337,
      "wal_syncs": 8665,
      "sched_idle_block_us": 1368022,
      "sched_maintenance_polls": 0,
      "shipped_identity_mismatches": 0,
      "shipped_replies": 0,
      "shipped_join_refusals": 0,
      "shipped_executed": 30073,
      "shipped_late_executed": 0,
      "shipped_enrolment_expiries": 0,
      "sched_foreground_polled_us": 392663,
      "shipped_wait_us_max": 0,
      "shipped_statements": 0,
      "sched_parked_idle_blocks": 7,
      "sched_system_polled_us": 233369,
      "sched_system_polls": 80252,
      "sched_wakes_sent": 57789,
      "shipped_enrolment_refusals": 0,
      "wal_anchor_count": 0,
      "shipped_enrolled": 0,
      "sched_spurious_wakes": 19,
      "shipped_enrolments": 5015,
      "wal_interval_syncs": 2,
      "sched_idle_blocks": 16342,
      "shipped_deduped": 0,
      "wal_sync_failures": 0,
      "sched_foreground_polls": 45119,
      "sched_wake_race_skips": 388,
      "shipped_waiting": 0,
      "shipped_running": 0,
      "sched_wall_us": 10066930,
      "sched_maintenance_consumed_us": 0,
      "sched_wakes_received": 20551,
      "sched_system_consumed_us": 113300
    },
    "1": {
      "shipped_unanswerable": 0,
      "sched_maintenance_polled_us": 0,
      "shipped_refusals": 2,
      "shipped_early_evictions": 0,
      "sched_iterations": 66617,
      "sched_foreground_consumed_us": 192230,
      "wal_syncs": 1267,
      "sched_idle_block_us": 8587262,
      "sched_maintenance_polls": 0,
      "shipped_identity_mismatches": 0,
      "shipped_replies": 7522,
      "shipped_join_refusals": 0,
      "shipped_executed": 0,
      "shipped_late_executed": 0,
      "shipped_enrolment_expiries": 0,
      "sched_foreground_polled_us": 192230,
      "shipped_wait_us_max": 26408,
      "shipped_statements": 7522,
      "sched_parked_idle_blocks": 12419,
      "sched_system_polled_us": 22112,
      "sched_system_polls": 20157,
      "sched_wakes_sent": 57789,
      "shipped_enrolment_refusals": 0,
      "wal_anchor_count": 0,
      "shipped_enrolled": 0,
      "sched_spurious_wakes": 6,
      "shipped_enrolments": 0,
      "wal_interval_syncs": 12,
      "sched_idle_blocks": 32471,
      "shipped_deduped": 0,
      "wal_sync_failures": 0,
      "sched_foreground_polls": 64541,
      "sched_wake_race_skips": 0,
      "shipped_waiting": 0,
      "shipped_running": 0,
      "sched_wall_us": 10066967,
      "sched_maintenance_consumed_us": 0,
      "sched_wakes_received": 10026,
      "sched_system_consumed_us": 22112
    },
    "2": {
      "shipped_unanswerable": 0,
      "sched_maintenance_polled_us": 0,
      "shipped_refusals": 0,
      "shipped_early_evictions": 0,
      "sched_iterations": 9507,
      "sched_foreground_consumed_us": 43,
      "wal_syncs": 2,
      "sched_idle_block_us": 10050752,
      "sched_maintenance_polls": 0,
      "shipped_identity_mismatches": 0,
      "shipped_replies": 0,
      "shipped_join_refusals": 0,
      "shipped_executed": 0,
      "shipped_late_executed": 0,
      "shipped_enrolment_expiries": 0,
      "sched_foreground_polled_us": 43,
      "shipped_wait_us_max": 0,
      "shipped_statements": 0,
      "sched_parked_idle_blocks": 0,
      "sched_system_polled_us": 80,
      "sched_system_polls": 8,
      "sched_wakes_sent": 57789,
      "shipped_enrolment_refusals": 0,
      "wal_anchor_count": 0,
      "shipped_enrolled": 0,
      "sched_spurious_wakes": 0,
      "shipped_enrolments": 0,
      "wal_interval_syncs": 0,
      "sched_idle_blocks": 9466,
      "shipped_deduped": 0,
      "wal_sync_failures": 0,
      "sched_foreground_polls": 1,
      "sched_wake_race_skips": 0,
      "shipped_waiting": 0,
      "shipped_running": 0,
      "sched_wall_us": 10066990,
      "sched_maintenance_consumed_us": 0,
      "sched_wakes_received": 6,
      "sched_system_consumed_us": 80
    },
    "3": {
      "shipped_unanswerable": 0,
      "sched_maintenance_polled_us": 0,
      "shipped_refusals": 0,
      "shipped_early_evictions": 0,
      "sched_iterations": 103684,
      "sched_foreground_consumed_us": 351492,
      "wal_syncs": 2257,
      "sched_idle_block_us": 7462593,
      "sched_maintenance_polls": 0,
      "shipped_identity_mismatches": 0,
      "shipped_replies": 15028,
      "shipped_join_refusals": 0,
      "shipped_executed": 0,
      "shipped_late_executed": 0,
      "shipped_enrolment_expiries": 0,
      "sched_foreground_polled_us": 351492,
      "shipped_wait_us_max": 118212,
      "shipped_statements": 15028,
      "sched_parked_idle_blocks": 25461,
      "sched_system_polled_us": 32230,
      "sched_system_polls": 40186,
      "sched_wakes_sent": 57789,
      "shipped_enrolment_refusals": 0,
      "wal_anchor_count": 0,
      "shipped_enrolled": 0,
      "sched_spurious_wakes": 163,
      "shipped_enrolments": 0,
      "wal_interval_syncs": 8,
      "sched_idle_blocks": 42928,
      "shipped_deduped": 0,
      "wal_sync_failures": 0,
      "sched_foreground_polls": 160588,
      "sched_wake_race_skips": 63,
      "shipped_waiting": 0,
      "shipped_running": 0,
      "sched_wall_us": 10066136,
      "sched_maintenance_consumed_us": 0,
      "sched_wakes_received": 17170,
      "sched_system_consumed_us": 32230
    },
    "4": {
      "shipped_unanswerable": 0,
      "sched_maintenance_polled_us": 0,
      "shipped_refusals": 0,
      "shipped_early_evictions": 0,
      "sched_iterations": 9478,
      "sched_foreground_consumed_us": 26,
      "wal_syncs": 2,
      "sched_idle_block_us": 10046904,
      "sched_maintenance_polls": 0,
      "shipped_identity_mismatches": 0,
      "shipped_replies": 0,
      "shipped_join_refusals": 0,
      "shipped_executed": 0,
      "shipped_late_executed": 0,
      "shipped_enrolment_expiries": 0,
      "sched_foreground_polled_us": 26,
      "shipped_wait_us_max": 0,
      "shipped_statements": 0,
      "sched_parked_idle_blocks": 0,
      "sched_system_polled_us": 47,
      "sched_system_polls": 8,
      "sched_wakes_sent": 57789,
      "shipped_enrolment_refusals": 0,
      "wal_anchor_count": 0,
      "shipped_enrolled": 0,
      "sched_spurious_wakes": 0,
      "shipped_enrolments": 0,
      "wal_interval_syncs": 0,
      "sched_idle_blocks": 9451,
      "shipped_deduped": 0,
      "wal_sync_failures": 0,
      "sched_foreground_polls": 1,
      "sched_wake_race_skips": 0,
      "shipped_waiting": 0,
      "shipped_running": 0,
      "sched_wall_us": 10066144,
      "sched_maintenance_consumed_us": 0,
      "sched_wakes_received": 6,
      "sched_system_consumed_us": 47
    },
    "5": {
      "shipped_unanswerable": 0,
      "sched_maintenance_polled_us": 0,
      "shipped_refusals": 0,
      "shipped_early_evictions": 0,
      "sched_iterations": 9517,
      "sched_foreground_consumed_us": 16,
      "wal_syncs": 2,
      "sched_idle_block_us": 10051828,
      "sched_maintenance_polls": 0,
      "shipped_identity_mismatches": 0,
      "shipped_replies": 0,
      "shipped_join_refusals": 0,
      "shipped_executed": 0,
      "shipped_late_executed": 0,
      "shipped_enrolment_expiries": 0,
      "sched_foreground_polled_us": 16,
      "shipped_wait_us_max": 0,
      "shipped_statements": 0,
      "sched_parked_idle_blocks": 0,
      "sched_system_polled_us": 70,
      "sched_system_polls": 8,
      "sched_wakes_sent": 57789,
      "shipped_enrolment_refusals": 0,
      "wal_anchor_count": 0,
      "shipped_enrolled": 0,
      "sched_spurious_wakes": 0,
      "shipped_enrolments": 0,
      "wal_interval_syncs": 0,
      "sched_idle_blocks": 9489,
      "shipped_deduped": 0,
      "wal_sync_failures": 0,
      "sched_foreground_polls": 1,
      "sched_wake_race_skips": 0,
      "shipped_waiting": 0,
      "shipped_running": 0,
      "sched_wall_us": 10066323,
      "sched_maintenance_consumed_us": 0,
      "sched_wakes_received": 6,
      "sched_system_consumed_us": 70
    },
    "6": {
      "shipped_unanswerable": 0,
      "sched_maintenance_polled_us": 0,
      "shipped_refusals": 0,
      "shipped_early_evictions": 0,
      "sched_iterations": 9484,
      "sched_foreground_consumed_us": 33,
      "wal_syncs": 2,
      "sched_idle_block_us": 10050066,
      "sched_maintenance_polls": 0,
      "shipped_identity_mismatches": 0,
      "shipped_replies": 0,
      "shipped_join_refusals": 0,
      "shipped_executed": 0,
      "shipped_late_executed": 0,
      "shipped_enrolment_expiries": 0,
      "sched_foreground_polled_us": 33,
      "shipped_wait_us_max": 0,
      "shipped_statements": 0,
      "sched_parked_idle_blocks": 0,
      "sched_system_polled_us": 72,
      "sched_system_polls": 8,
      "sched_wakes_sent": 57789,
      "shipped_enrolment_refusals": 0,
      "wal_anchor_count": 0,
      "shipped_enrolled": 0,
      "sched_spurious_wakes": 0,
      "shipped_enrolments": 0,
      "wal_interval_syncs": 0,
      "sched_idle_blocks": 9461,
      "shipped_deduped": 0,
      "wal_sync_failures": 0,
      "sched_foreground_polls": 1,
      "sched_wake_race_skips": 0,
      "shipped_waiting": 0,
      "shipped_running": 0,
      "sched_wall_us": 10066337,
      "sched_maintenance_consumed_us": 0,
      "sched_wakes_received": 6,
      "sched_system_consumed_us": 72
    },
    "7": {
      "shipped_unanswerable": 0,
      "sched_maintenance_polled_us": 0,
      "shipped_refusals": 3,
      "shipped_early_evictions": 0,
      "sched_iterations": 66465,
      "sched_foreground_consumed_us": 185619,
      "wal_syncs": 1271,
      "sched_idle_block_us": 8593578,
      "sched_maintenance_polls": 0,
      "shipped_identity_mismatches": 0,
      "shipped_replies": 7523,
      "shipped_join_refusals": 0,
      "shipped_executed": 0,
      "shipped_late_executed": 0,
      "shipped_enrolment_expiries": 0,
      "sched_foreground_polled_us": 185619,
      "shipped_wait_us_max": 125640,
      "shipped_statements": 7523,
      "sched_parked_idle_blocks": 12386,
      "sched_system_polled_us": 25928,
      "sched_system_polls": 20133,
      "sched_wakes_sent": 57789,
      "shipped_enrolment_refusals": 0,
      "wal_anchor_count": 0,
      "shipped_enrolled": 0,
      "sched_spurious_wakes": 2,
      "shipped_enrolments": 0,
      "wal_interval_syncs": 16,
      "sched_idle_blocks": 32419,
      "shipped_deduped": 0,
      "wal_sync_failures": 0,
      "sched_foreground_polls": 64487,
      "sched_wake_race_skips": 0,
      "shipped_waiting": 0,
      "shipped_running": 0,
      "sched_wall_us": 10066322,
      "sched_maintenance_consumed_us": 0,
      "sched_wakes_received": 10018,
      "sched_system_consumed_us": 25928
    }
  },
  "total_wal_syncs_delta": 13468,
  "syncs_per_booking": 2.6936,
  "landed_local": false
}
