{
  "label": "xd4-pl-c8-b2-allx",
  "cores": 8,
  "peer_listeners": "on",
  "durability": "group",
  "bookings": 5000,
  "bookers": 2,
  "wal_dir": "(default, beside data file)",
  "load_elapsed_s": 24.613,
  "loaded": {
    "organizations": 2000,
    "ships": 200,
    "operations": 2000,
    "fees": 12,
    "recipes": 93,
    "cargos": 20000
  },
  "reader_connect_attempts": 48,
  "outcomes": {
    "committed": 5000,
    "rejected-capacity": 17,
    "rejected-credit": 0,
    "conflicted": 3,
    "failed": 0
  },
  "axes": {
    "operations": 0,
    "organizations": 0,
    "read": 3,
    "commit": 0
  },
  "retries": 3,
  "abandoned": 0,
  "run_elapsed_s": 12.3125,
  "tps": 406.09300927768135,
  "phases": {
    "booking": {
      "phase": "booking",
      "detail": "",
      "ops": 5017,
      "errors": 0,
      "first_error": null,
      "elapsed_s": 12.31245,
      "qps": 407.5,
      "mean_us": 4739.6,
      "p0_us": 294.0,
      "p25_us": 4259.5,
      "p50_us": 4487.6,
      "p95_us": 6248.7,
      "p99_us": 7382.9,
      "max_us": 111979.9
    },
    "cargo-lookup": {
      "phase": "cargo-lookup",
      "detail": "",
      "ops": 5020,
      "errors": 0,
      "first_error": null,
      "elapsed_s": 12.31245,
      "qps": 407.7,
      "mean_us": 494.7,
      "p0_us": 43.8,
      "p25_us": 70.4,
      "p50_us": 111.6,
      "p95_us": 1057.1,
      "p99_us": 1163.6,
      "max_us": 99612.3
    },
    "credit-lookup": {
      "phase": "credit-lookup",
      "detail": "",
      "ops": 5020,
      "errors": 0,
      "first_error": null,
      "elapsed_s": 12.31245,
      "qps": 407.7,
      "mean_us": 148.0,
      "p0_us": 37.3,
      "p25_us": 54.2,
      "p50_us": 61.8,
      "p95_us": 941.4,
      "p99_us": 1106.4,
      "max_us": 5730.9
    },
    "capacity-read": {
      "phase": "capacity-read",
      "detail": "",
      "ops": 5020,
      "errors": 0,
      "first_error": null,
      "elapsed_s": 12.31245,
      "qps": 407.7,
      "mean_us": 114.2,
      "p0_us": 36.7,
      "p25_us": 50.8,
      "p50_us": 55.9,
      "p95_us": 399.5,
      "p99_us": 1070.3,
      "max_us": 2026.8
    },
    "recipe-read": {
      "phase": "recipe-read",
      "detail": "",
      "ops": 5020,
      "errors": 0,
      "first_error": null,
      "elapsed_s": 12.31245,
      "qps": 407.7,
      "mean_us": 124.9,
      "p0_us": 48.1,
      "p25_us": 60.6,
      "p50_us": 66.5,
      "p95_us": 375.8,
      "p99_us": 1087.7,
      "max_us": 11910.5
    },
    "freight-insert": {
      "phase": "freight-insert",
      "detail": "",
      "ops": 5003,
      "errors": 2,
      "first_error": "ERR TXN_CONFLICT retryable=1 this transaction's writes are bound to core 0 and relation 'freights_xd4_pl_c8_b2_allx' is owned by core 7; a transaction may write on one core only until two-phase commit exists",
      "elapsed_s": 12.31245,
      "qps": 406.3,
      "mean_us": 43.0,
      "p0_us": 18.4,
      "p25_us": 28.7,
      "p50_us": 33.5,
      "p95_us": 59.6,
      "p99_us": 320.9,
      "max_us": 488.8
    },
    "charge-insert": {
      "phase": "charge-insert",
      "detail": "",
      "ops": 28202,
      "errors": 1,
      "first_error": "ERR TXN_CONFLICT retryable=1 this transaction's writes are bound to core 0 and relation 'charges_xd4_pl_c8_b2_allx' is owned by core 7; a transaction may write on one core only until two-phase commit exists",
      "elapsed_s": 12.31245,
      "qps": 2290.5,
      "mean_us": 29.5,
      "p0_us": 13.4,
      "p25_us": 23.4,
      "p50_us": 24.5,
      "p95_us": 42.3,
      "p99_us": 252.0,
      "max_us": 1090.6
    },
    "operation-update": {
      "phase": "operation-update",
      "detail": "",
      "ops": 5000,
      "errors": 0,
      "first_error": null,
      "elapsed_s": 12.31245,
      "qps": 406.1,
      "mean_us": 278.6,
      "p0_us": 35.8,
      "p25_us": 51.3,
      "p50_us": 59.1,
      "p95_us": 966.4,
      "p99_us": 1057.8,
      "max_us": 7879.4
    },
    "org-update": {
      "phase": "org-update",
      "detail": "",
      "ops": 5000,
      "errors": 0,
      "first_error": null,
      "elapsed_s": 12.31245,
      "qps": 406.1,
      "mean_us": 123.7,
      "p0_us": 31.5,
      "p25_us": 47.0,
      "p50_us": 49.5,
      "p95_us": 924.6,
      "p99_us": 1016.8,
      "max_us": 3865.4
    },
    "commit": {
      "phase": "commit",
      "detail": "",
      "ops": 5000,
      "errors": 0,
      "first_error": null,
      "elapsed_s": 12.31245,
      "qps": 406.1,
      "mean_us": 3162.0,
      "p0_us": 2186.8,
      "p25_us": 2830.3,
      "p50_us": 2978.5,
      "p95_us": 3983.7,
      "p99_us": 4904.7,
      "max_us": 108066.7
    }
  },
  "per_core_delta": {
    "0": {
      "sched_idle_block_us": 2436933,
      "sched_foreground_polled_us": 380471,
      "shipped_enrolments": 5020,
      "sched_wakes_sent": 70167,
      "shipped_early_evictions": 924,
      "sched_system_polls": 80287,
      "sched_wakes_received": 30052,
      "sched_wall_us": 12314363,
      "shipped_late_executed": 0,
      "shipped_wait_us_max": 0,
      "shipped_join_refusals": 0,
      "wal_sync_failures": 0,
      "sched_maintenance_polls": 0,
      "shipped_refusals": 0,
      "wal_anchor_count": 0,
      "sched_foreground_consumed_us": -119530,
      "sched_idle_blocks": 28710,
      "sched_foreground_polls": 45116,
      "sched_wake_race_skips": 597,
      "shipped_enrolment_expiries": 0,
      "sched_system_consumed_us": 109009,
      "shipped_waiting": 0,
      "sched_system_polled_us": 239524,
      "sched_iterations": 104327,
      "shipped_statements": 0,
      "shipped_deduped": 0,
      "sched_maintenance_polled_us": 0,
      "sched_parked_idle_blocks": 1,
      "shipped_unanswerable": 0,
      "sched_spurious_wakes": 28,
      "wal_interval_syncs": 4,
      "shipped_enrolment_refusals": 0,
      "sched_maintenance_consumed_us": 0,
      "shipped_identity_mismatches": 0,
      "shipped_enrolled": 0,
      "shipped_replies": 0,
      "shipped_executed": 30091,
      "shipped_running": 0,
      "wal_syncs": 9869
    },
    "1": {
      "sched_idle_block_us": 9395662,
      "sched_foreground_polled_us": 346164,
      "shipped_enrolments": 0,
      "sched_wakes_sent": 70167,
      "shipped_early_evictions": 0,
      "sched_system_polls": 40199,
      "sched_wakes_received": 20058,
      "sched_wall_us": 12314541,
      "shipped_late_executed": 0,
      "shipped_wait_us_max": 99384,
      "shipped_join_refusals": 0,
      "wal_sync_failures": 0,
      "sched_maintenance_polls": 0,
      "shipped_refusals": 3,
      "wal_anchor_count": 0,
      "sched_foreground_consumed_us": 346164,
      "sched_idle_blocks": 58980,
      "sched_foreground_polls": 122632,
      "sched_wake_race_skips": 1,
      "shipped_enrolment_expiries": 0,
      "sched_system_consumed_us": 42385,
      "shipped_waiting": 0,
      "sched_system_polled_us": 42385,
      "sched_iterations": 124006,
      "shipped_statements": 15051,
      "shipped_deduped": 0,
      "sched_maintenance_polled_us": 0,
      "sched_parked_idle_blocks": 21579,
      "shipped_unanswerable": 0,
      "sched_spurious_wakes": 5,
      "wal_interval_syncs": 6,
      "shipped_enrolment_refusals": 0,
      "sched_maintenance_consumed_us": 0,
      "shipped_identity_mismatches": 0,
      "shipped_enrolled": 0,
      "shipped_replies": 15051,
      "shipped_executed": 0,
      "shipped_running": 0,
      "wal_syncs": 2511
    },
    "2": {
      "sched_idle_block_us": 12291491,
      "sched_foreground_polled_us": 39,
      "shipped_enrolments": 0,
      "sched_wakes_sent": 70167,
      "shipped_early_evictions": 0,
      "sched_system_polls": 7,
      "sched_wakes_received": 4,
      "sched_wall_us": 12314598,
      "shipped_late_executed": 0,
      "shipped_wait_us_max": 0,
      "shipped_join_refusals": 0,
      "wal_sync_failures": 0,
      "sched_maintenance_polls": 0,
      "shipped_refusals": 0,
      "wal_anchor_count": 0,
      "sched_foreground_consumed_us": 39,
      "sched_idle_blocks": 11574,
      "sched_foreground_polls": 1,
      "sched_wake_race_skips": 0,
      "shipped_enrolment_expiries": 0,
      "sched_system_consumed_us": 52,
      "shipped_waiting": 0,
      "sched_system_polled_us": 52,
      "sched_iterations": 11646,
      "shipped_statements": 0,
      "shipped_deduped": 0,
      "sched_maintenance_polled_us": 0,
      "sched_parked_idle_blocks": 0,
      "shipped_unanswerable": 0,
      "sched_spurious_wakes": 0,
      "wal_interval_syncs": 0,
      "shipped_enrolment_refusals": 0,
      "sched_maintenance_consumed_us": 0,
      "shipped_identity_mismatches": 0,
      "shipped_enrolled": 0,
      "shipped_replies": 0,
      "shipped_executed": 0,
      "shipped_running": 0,
      "wal_syncs": 3
    },
    "3": {
      "sched_idle_block_us": 12295670,
      "sched_foreground_polled_us": 81,
      "shipped_enrolments": 0,
      "sched_wakes_sent": 70167,
      "shipped_early_evictions": 0,
      "sched_system_polls": 7,
      "sched_wakes_received": 4,
      "sched_wall_us": 12314622,
      "shipped_late_executed": 0,
      "shipped_wait_us_max": 0,
      "shipped_join_refusals": 0,
      "wal_sync_failures": 0,
      "sched_maintenance_polls": 0,
      "shipped_refusals": 0,
      "wal_anchor_count": 0,
      "sched_foreground_consumed_us": 81,
      "sched_idle_blocks": 11592,
      "sched_foreground_polls": 1,
      "sched_wake_race_skips": 0,
      "shipped_enrolment_expiries": 0,
      "sched_system_consumed_us": 48,
      "shipped_waiting": 0,
      "sched_system_polled_us": 48,
      "sched_iterations": 11637,
      "shipped_statements": 0,
      "shipped_deduped": 0,
      "sched_maintenance_polled_us": 0,
      "sched_parked_idle_blocks": 0,
      "shipped_unanswerable": 0,
      "sched_spurious_wakes": 0,
      "wal_interval_syncs": 0,
      "shipped_enrolment_refusals": 0,
      "sched_maintenance_consumed_us": 0,
      "shipped_identity_mismatches": 0,
      "shipped_enrolled": 0,
      "shipped_replies": 0,
      "shipped_executed": 0,
      "shipped_running": 0,
      "wal_syncs": 3
    },
    "4": {
      "sched_idle_block_us": 12286589,
      "sched_foreground_polled_us": 16,
      "shipped_enrolments": 0,
      "sched_wakes_sent": 70167,
      "shipped_early_evictions": 0,
      "sched_system_polls": 7,
      "sched_wakes_received": 4,
      "sched_wall_us": 12314663,
      "shipped_late_executed": 0,
      "shipped_wait_us_max": 0,
      "shipped_join_refusals": 0,
      "wal_sync_failures": 0,
      "sched_maintenance_polls": 0,
      "shipped_refusals": 0,
      "wal_anchor_count": 0,
      "sched_foreground_consumed_us": 16,
      "sched_idle_blocks": 11528,
      "sched_foreground_polls": 1,
      "sched_wake_race_skips": 0,
      "shipped_enrolment_expiries": 0,
      "sched_system_consumed_us": 47,
      "shipped_waiting": 0,
      "sched_system_polled_us": 47,
      "sched_iterations": 11582,
      "shipped_statements": 0,
      "shipped_deduped": 0,
      "sched_maintenance_polled_us": 0,
      "sched_parked_idle_blocks": 0,
      "shipped_unanswerable": 0,
      "sched_spurious_wakes": 0,
      "wal_interval_syncs": 0,
      "shipped_enrolment_refusals": 0,
      "sched_maintenance_consumed_us": 0,
      "shipped_identity_mismatches": 0,
      "shipped_enrolled": 0,
      "shipped_replies": 0,
      "shipped_executed": 0,
      "shipped_running": 0,
      "wal_syncs": 3
    },
    "5": {
      "sched_idle_block_us": 12296481,
      "sched_foreground_polled_us": 15,
      "shipped_enrolments": 0,
      "sched_wakes_sent": 70167,
      "shipped_early_evictions": 0,
      "sched_system_polls": 7,
      "sched_wakes_received": 4,
      "sched_wall_us": 12314701,
      "shipped_late_executed": 0,
      "shipped_wait_us_max": 0,
      "shipped_join_refusals": 0,
      "wal_sync_failures": 0,
      "sched_maintenance_polls": 0,
      "shipped_refusals": 0,
      "wal_anchor_count": 0,
      "sched_foreground_consumed_us": 15,
      "sched_idle_blocks": 11623,
      "sched_foreground_polls": 1,
      "sched_wake_race_skips": 0,
      "shipped_enrolment_expiries": 0,
      "sched_system_consumed_us": 50,
      "shipped_waiting": 0,
      "sched_system_polled_us": 50,
      "sched_iterations": 11685,
      "shipped_statements": 0,
      "shipped_deduped": 0,
      "sched_maintenance_polled_us": 0,
      "sched_parked_idle_blocks": 0,
      "shipped_unanswerable": 0,
      "sched_spurious_wakes": 0,
      "wal_interval_syncs": 0,
      "shipped_enrolment_refusals": 0,
      "sched_maintenance_consumed_us": 0,
      "shipped_identity_mismatches": 0,
      "shipped_enrolled": 0,
      "shipped_replies": 0,
      "shipped_executed": 0,
      "shipped_running": 0,
      "wal_syncs": 3
    },
    "6": {
      "sched_idle_block_us": 12290776,
      "sched_foreground_polled_us": 39,
      "shipped_enrolments": 0,
      "sched_wakes_sent": 70167,
      "shipped_early_evictions": 0,
      "sched_system_polls": 7,
      "sched_wakes_received": 4,
      "sched_wall_us": 12313564,
      "shipped_late_executed": 0,
      "shipped_wait_us_max": 0,
      "shipped_join_refusals": 0,
      "wal_sync_failures": 0,
      "sched_maintenance_polls": 0,
      "shipped_refusals": 0,
      "wal_anchor_count": 0,
      "sched_foreground_consumed_us": 39,
      "sched_idle_blocks": 11569,
      "sched_foreground_polls": 1,
      "sched_wake_race_skips": 0,
      "shipped_enrolment_expiries": 0,
      "sched_system_consumed_us": 36,
      "shipped_waiting": 0,
      "sched_system_polled_us": 36,
      "sched_iterations": 11631,
      "shipped_statements": 0,
      "shipped_deduped": 0,
      "sched_maintenance_polled_us": 0,
      "sched_parked_idle_blocks": 0,
      "shipped_unanswerable": 0,
      "sched_spurious_wakes": 0,
      "wal_interval_syncs": 0,
      "shipped_enrolment_refusals": 0,
      "sched_maintenance_consumed_us": 0,
      "shipped_identity_mismatches": 0,
      "shipped_enrolled": 0,
      "shipped_replies": 0,
      "shipped_executed": 0,
      "shipped_running": 0,
      "wal_syncs": 3
    },
    "7": {
      "sched_idle_block_us": 9365992,
      "sched_foreground_polled_us": 356571,
      "shipped_enrolments": 0,
      "sched_wakes_sent": 70167,
      "shipped_early_evictions": 0,
      "sched_system_polls": 40196,
      "sched_wakes_received": 20037,
      "sched_wall_us": 12313558,
      "shipped_late_executed": 0,
      "shipped_wait_us_max": 84067,
      "shipped_join_refusals": 0,
      "wal_sync_failures": 0,
      "sched_maintenance_polls": 0,
      "shipped_refusals": 0,
      "wal_anchor_count": 0,
      "sched_foreground_consumed_us": 356571,
      "sched_idle_blocks": 58060,
      "sched_foreground_polls": 122113,
      "sched_wake_race_skips": 3,
      "shipped_enrolment_expiries": 0,
      "sched_system_consumed_us": 48159,
      "shipped_waiting": 0,
      "sched_system_polled_us": 48159,
      "sched_iterations": 122749,
      "shipped_statements": 15040,
      "shipped_deduped": 0,
      "sched_maintenance_polled_us": 0,
      "sched_parked_idle_blocks": 21360,
      "shipped_unanswerable": 0,
      "sched_spurious_wakes": 9,
      "wal_interval_syncs": 8,
      "shipped_enrolment_refusals": 0,
      "sched_maintenance_consumed_us": 0,
      "shipped_identity_mismatches": 0,
      "shipped_enrolled": 0,
      "shipped_replies": 15040,
      "shipped_executed": 0,
      "shipped_running": 0,
      "wal_syncs": 2513
    }
  },
  "total_wal_syncs_delta": 14908,
  "syncs_per_booking": 2.9816,
  "landed_local": false,
  "shipped_rate_ratio": 1.0030333333333334,
  "some_landed_local": false
}
