{
  "label": "xd4-pl-c8-b4-allx",
  "cores": 8,
  "peer_listeners": "on",
  "durability": "group",
  "bookings": 5000,
  "bookers": 4,
  "wal_dir": "(default, beside data file)",
  "load_elapsed_s": 24.863,
  "loaded": {
    "organizations": 2000,
    "ships": 200,
    "operations": 2000,
    "fees": 12,
    "recipes": 93,
    "cargos": 20000
  },
  "reader_connect_attempts": 19,
  "outcomes": {
    "committed": 5000,
    "rejected-capacity": 12,
    "rejected-credit": 0,
    "conflicted": 11,
    "failed": 0
  },
  "axes": {
    "operations": 2,
    "organizations": 0,
    "read": 9,
    "commit": 0
  },
  "retries": 11,
  "abandoned": 0,
  "run_elapsed_s": 10.1307,
  "tps": 493.5471387619314,
  "phases": {
    "booking": {
      "phase": "booking",
      "detail": "",
      "ops": 5012,
      "errors": 0,
      "first_error": null,
      "elapsed_s": 10.130745,
      "qps": 494.7,
      "mean_us": 7260.6,
      "p0_us": 285.3,
      "p25_us": 5895.9,
      "p50_us": 6818.0,
      "p95_us": 10558.1,
      "p99_us": 12762.2,
      "max_us": 134116.5
    },
    "cargo-lookup": {
      "phase": "cargo-lookup",
      "detail": "",
      "ops": 5023,
      "errors": 0,
      "first_error": null,
      "elapsed_s": 10.130745,
      "qps": 495.8,
      "mean_us": 824.8,
      "p0_us": 43.3,
      "p25_us": 87.7,
      "p50_us": 880.4,
      "p95_us": 1921.0,
      "p99_us": 2679.3,
      "max_us": 43515.6
    },
    "credit-lookup": {
      "phase": "credit-lookup",
      "detail": "",
      "ops": 5023,
      "errors": 0,
      "first_error": null,
      "elapsed_s": 10.130745,
      "qps": 495.8,
      "mean_us": 491.1,
      "p0_us": 36.2,
      "p25_us": 60.0,
      "p50_us": 79.9,
      "p95_us": 2129.9,
      "p99_us": 2536.7,
      "max_us": 10984.9
    },
    "capacity-read": {
      "phase": "capacity-read",
      "detail": "",
      "ops": 5023,
      "errors": 0,
      "first_error": null,
      "elapsed_s": 10.130745,
      "qps": 495.8,
      "mean_us": 280.5,
      "p0_us": 34.5,
      "p25_us": 55.0,
      "p50_us": 67.0,
      "p95_us": 1401.5,
      "p99_us": 2109.4,
      "max_us": 43526.6
    },
    "recipe-read": {
      "phase": "recipe-read",
      "detail": "",
      "ops": 5023,
      "errors": 0,
      "first_error": null,
      "elapsed_s": 10.130745,
      "qps": 495.8,
      "mean_us": 250.4,
      "p0_us": 39.7,
      "p25_us": 64.6,
      "p50_us": 76.0,
      "p95_us": 1136.4,
      "p99_us": 2043.8,
      "max_us": 12719.1
    },
    "freight-insert": {
      "phase": "freight-insert",
      "detail": "",
      "ops": 5011,
      "errors": 5,
      "first_error": "ERR TXN_CONFLICT retryable=1 this transaction's writes are bound to core 0 and relation 'freights_xd4_pl_c8_b4_allx' is owned by core 1; a transaction may write on one core only until two-phase commit exists",
      "elapsed_s": 10.130745,
      "qps": 494.6,
      "mean_us": 55.0,
      "p0_us": 15.2,
      "p25_us": 29.2,
      "p50_us": 33.1,
      "p95_us": 56.4,
      "p99_us": 554.8,
      "max_us": 23647.5
    },
    "charge-insert": {
      "phase": "charge-insert",
      "detail": "",
      "ops": 28188,
      "errors": 4,
      "first_error": "ERR TXN_CONFLICT retryable=1 this transaction's writes are bound to core 0 and relation 'charges_xd4_pl_c8_b4_allx' is owned by core 7; a transaction may write on one core only until two-phase commit exists",
      "elapsed_s": 10.130745,
      "qps": 2782.4,
      "mean_us": 27.8,
      "p0_us": 12.8,
      "p25_us": 23.2,
      "p50_us": 25.0,
      "p95_us": 39.8,
      "p99_us": 56.6,
      "max_us": 11739.9
    },
    "operation-update": {
      "phase": "operation-update",
      "detail": "",
      "ops": 5002,
      "errors": 2,
      "first_error": "ERR TXN_CONFLICT retryable=1 row id=1806 was written by transaction 54784",
      "elapsed_s": 10.130745,
      "qps": 493.7,
      "mean_us": 607.0,
      "p0_us": 31.2,
      "p25_us": 56.0,
      "p50_us": 88.3,
      "p95_us": 1872.9,
      "p99_us": 2586.2,
      "max_us": 5080.0
    },
    "org-update": {
      "phase": "org-update",
      "detail": "",
      "ops": 5000,
      "errors": 0,
      "first_error": null,
      "elapsed_s": 10.130745,
      "qps": 493.5,
      "mean_us": 527.3,
      "p0_us": 26.3,
      "p25_us": 50.1,
      "p50_us": 62.4,
      "p95_us": 1975.4,
      "p99_us": 2777.9,
      "max_us": 8295.8
    },
    "commit": {
      "phase": "commit",
      "detail": "",
      "ops": 5000,
      "errors": 0,
      "first_error": null,
      "elapsed_s": 10.130745,
      "qps": 493.5,
      "mean_us": 3978.5,
      "p0_us": 2059.2,
      "p25_us": 3049.8,
      "p50_us": 3752.9,
      "p95_us": 5596.0,
      "p99_us": 6474.4,
      "max_us": 127963.6
    }
  },
  "per_core_delta": {
    "0": {
      "wal_interval_syncs": 3,
      "sched_maintenance_consumed_us": 0,
      "sched_foreground_consumed_us": -125058,
      "shipped_waiting": 0,
      "shipped_join_refusals": 0,
      "shipped_enrolment_expiries": 0,
      "shipped_wait_us_max": 0,
      "sched_system_consumed_us": 84284,
      "sched_wakes_received": 20174,
      "sched_wake_race_skips": 425,
      "sched_foreground_polled_us": 374943,
      "shipped_executed": 30111,
      "sched_foreground_polls": 45171,
      "wal_syncs": 8810,
      "sched_idle_blocks": 16733,
      "sched_wall_us": 10132859,
      "sched_maintenance_polls": 0,
      "shipped_early_evictions": 927,
      "sched_system_polled_us": 219654,
      "shipped_enrolment_refusals": 0,
      "shipped_refusals": 0,
      "wal_anchor_count": 0,
      "shipped_identity_mismatches": 0,
      "wal_sync_failures": 0,
      "shipped_deduped": 0,
      "shipped_running": 0,
      "sched_maintenance_polled_us": 0,
      "shipped_unanswerable": 0,
      "sched_spurious_wakes": 28,
      "shipped_replies": 0,
      "sched_iterations": 70831,
      "shipped_enrolled": 0,
      "sched_system_polls": 80344,
      "sched_idle_block_us": 1414164,
      "sched_parked_idle_blocks": 5,
      "shipped_late_executed": 0,
      "shipped_enrolments": 5023,
      "sched_wakes_sent": 57647,
      "shipped_statements": 0
    },
    "1": {
      "wal_interval_syncs": 6,
      "sched_maintenance_consumed_us": 0,
      "sched_foreground_consumed_us": 192506,
      "shipped_waiting": 0,
      "shipped_join_refusals": 0,
      "shipped_enrolment_expiries": 0,
      "shipped_wait_us_max": 20754,
      "sched_system_consumed_us": 23031,
      "sched_wakes_received": 10008,
      "sched_wake_race_skips": 2,
      "sched_foreground_polled_us": 192506,
      "shipped_executed": 0,
      "sched_foreground_polls": 64261,
      "wal_syncs": 1261,
      "sched_idle_blocks": 32367,
      "sched_wall_us": 10132909,
      "sched_maintenance_polls": 0,
      "shipped_early_evictions": 0,
      "sched_system_polled_us": 23031,
      "shipped_enrolment_refusals": 0,
      "shipped_refusals": 0,
      "wal_anchor_count": 0,
      "shipped_identity_mismatches": 0,
      "wal_sync_failures": 0,
      "shipped_deduped": 0,
      "shipped_running": 0,
      "sched_maintenance_polled_us": 0,
      "shipped_unanswerable": 0,
      "sched_spurious_wakes": 4,
      "shipped_replies": 7508,
      "sched_iterations": 66359,
      "shipped_enrolled": 0,
      "sched_system_polls": 20109,
      "sched_idle_block_us": 8657801,
      "sched_parked_idle_blocks": 12322,
      "shipped_late_executed": 0,
      "shipped_enrolments": 0,
      "sched_wakes_sent": 57647,
      "shipped_statements": 7508
    },
    "2": {
      "wal_interval_syncs": 6,
      "sched_maintenance_consumed_us": 0,
      "sched_foreground_consumed_us": 188687,
      "shipped_waiting": 0,
      "shipped_join_refusals": 0,
      "shipped_enrolment_expiries": 0,
      "shipped_wait_us_max": 23552,
      "sched_system_consumed_us": 21353,
      "sched_wakes_received": 10022,
      "sched_wake_race_skips": 1,
      "sched_foreground_polled_us": 188687,
      "shipped_executed": 0,
      "sched_foreground_polls": 64440,
      "wal_syncs": 1261,
      "sched_idle_blocks": 32512,
      "sched_wall_us": 10132932,
      "sched_maintenance_polls": 0,
      "shipped_early_evictions": 0,
      "sched_system_polled_us": 21353,
      "shipped_enrolment_refusals": 0,
      "shipped_refusals": 3,
      "wal_anchor_count": 0,
      "shipped_identity_mismatches": 0,
      "wal_sync_failures": 0,
      "shipped_deduped": 0,
      "shipped_running": 0,
      "sched_maintenance_polled_us": 0,
      "shipped_unanswerable": 0,
      "sched_spurious_wakes": 3,
      "shipped_replies": 7519,
      "sched_iterations": 66588,
      "shipped_enrolled": 0,
      "sched_system_polls": 20139,
      "sched_idle_block_us": 8655979,
      "sched_parked_idle_blocks": 12371,
      "shipped_late_executed": 0,
      "shipped_enrolments": 0,
      "sched_wakes_sent": 57647,
      "shipped_statements": 7519
    },
    "3": {
      "wal_interval_syncs": 0,
      "sched_maintenance_consumed_us": 0,
      "sched_foreground_consumed_us": 19,
      "shipped_waiting": 0,
      "shipped_join_refusals": 0,
      "shipped_enrolment_expiries": 0,
      "shipped_wait_us_max": 0,
      "sched_system_consumed_us": 78,
      "sched_wakes_received": 5,
      "sched_wake_race_skips": 1,
      "sched_foreground_polled_us": 19,
      "shipped_executed": 0,
      "sched_foreground_polls": 1,
      "wal_syncs": 2,
      "sched_idle_blocks": 9561,
      "sched_wall_us": 10132978,
      "sched_maintenance_polls": 0,
      "shipped_early_evictions": 0,
      "sched_system_polled_us": 78,
      "shipped_enrolment_refusals": 0,
      "shipped_refusals": 0,
      "wal_anchor_count": 0,
      "shipped_identity_mismatches": 0,
      "wal_sync_failures": 0,
      "shipped_deduped": 0,
      "shipped_running": 0,
      "sched_maintenance_polled_us": 0,
      "shipped_unanswerable": 0,
      "sched_spurious_wakes": 0,
      "shipped_replies": 0,
      "sched_iterations": 9604,
      "shipped_enrolled": 0,
      "sched_system_polls": 8,
      "sched_idle_block_us": 10119861,
      "sched_parked_idle_blocks": 0,
      "shipped_late_executed": 0,
      "shipped_enrolments": 0,
      "sched_wakes_sent": 57647,
      "shipped_statements": 0
    },
    "4": {
      "wal_interval_syncs": 0,
      "sched_maintenance_consumed_us": 0,
      "sched_foreground_consumed_us": 41,
      "shipped_waiting": 0,
      "shipped_join_refusals": 0,
      "shipped_enrolment_expiries": 0,
      "shipped_wait_us_max": 0,
      "sched_system_consumed_us": 63,
      "sched_wakes_received": 6,
      "sched_wake_race_skips": 0,
      "sched_foreground_polled_us": 41,
      "shipped_executed": 0,
      "sched_foreground_polls": 1,
      "wal_syncs": 2,
      "sched_idle_blocks": 9522,
      "sched_wall_us": 10131670,
      "sched_maintenance_polls": 0,
      "shipped_early_evictions": 0,
      "sched_system_polled_us": 63,
      "shipped_enrolment_refusals": 0,
      "shipped_refusals": 0,
      "wal_anchor_count": 0,
      "shipped_identity_mismatches": 0,
      "wal_sync_failures": 0,
      "shipped_deduped": 0,
      "shipped_running": 0,
      "sched_maintenance_polled_us": 0,
      "shipped_unanswerable": 0,
      "sched_spurious_wakes": 0,
      "shipped_replies": 0,
      "sched_iterations": 9585,
      "shipped_enrolled": 0,
      "sched_system_polls": 8,
      "sched_idle_block_us": 10111718,
      "sched_parked_idle_blocks": 0,
      "shipped_late_executed": 0,
      "shipped_enrolments": 0,
      "sched_wakes_sent": 57647,
      "shipped_statements": 0
    },
    "5": {
      "wal_interval_syncs": 0,
      "sched_maintenance_consumed_us": 0,
      "sched_foreground_consumed_us": 19,
      "shipped_waiting": 0,
      "shipped_join_refusals": 0,
      "shipped_enrolment_expiries": 0,
      "shipped_wait_us_max": 0,
      "sched_system_consumed_us": 62,
      "sched_wakes_received": 5,
      "sched_wake_race_skips": 1,
      "sched_foreground_polled_us": 19,
      "shipped_executed": 0,
      "sched_foreground_polls": 1,
      "wal_syncs": 2,
      "sched_idle_blocks": 9552,
      "sched_wall_us": 10131673,
      "sched_maintenance_polls": 0,
      "shipped_early_evictions": 0,
      "sched_system_polled_us": 62,
      "shipped_enrolment_refusals": 0,
      "shipped_refusals": 0,
      "wal_anchor_count": 0,
      "shipped_identity_mismatches": 0,
      "wal_sync_failures": 0,
      "shipped_deduped": 0,
      "shipped_running": 0,
      "sched_maintenance_polled_us": 0,
      "shipped_unanswerable": 0,
      "sched_spurious_wakes": 0,
      "shipped_replies": 0,
      "sched_iterations": 9574,
      "shipped_enrolled": 0,
      "sched_system_polls": 8,
      "sched_idle_block_us": 10118006,
      "sched_parked_idle_blocks": 0,
      "shipped_late_executed": 0,
      "shipped_enrolments": 0,
      "sched_wakes_sent": 57647,
      "shipped_statements": 0
    },
    "6": {
      "wal_interval_syncs": 0,
      "sched_maintenance_consumed_us": 0,
      "sched_foreground_consumed_us": 22,
      "shipped_waiting": 0,
      "shipped_join_refusals": 0,
      "shipped_enrolment_expiries": 0,
      "shipped_wait_us_max": 0,
      "sched_system_consumed_us": 71,
      "sched_wakes_received": 6,
      "sched_wake_race_skips": 0,
      "sched_foreground_polled_us": 22,
      "shipped_executed": 0,
      "sched_foreground_polls": 1,
      "wal_syncs": 2,
      "sched_idle_blocks": 9554,
      "sched_wall_us": 10131692,
      "sched_maintenance_polls": 0,
      "shipped_early_evictions": 0,
      "sched_system_polled_us": 71,
      "shipped_enrolment_refusals": 0,
      "shipped_refusals": 0,
      "wal_anchor_count": 0,
      "shipped_identity_mismatches": 0,
      "wal_sync_failures": 0,
      "shipped_deduped": 0,
      "shipped_running": 0,
      "sched_maintenance_polled_us": 0,
      "shipped_unanswerable": 0,
      "sched_spurious_wakes": 0,
      "shipped_replies": 0,
      "sched_iterations": 9585,
      "shipped_enrolled": 0,
      "sched_system_polls": 8,
      "sched_idle_block_us": 10118035,
      "sched_parked_idle_blocks": 0,
      "shipped_late_executed": 0,
      "shipped_enrolments": 0,
      "sched_wakes_sent": 57647,
      "shipped_statements": 0
    },
    "7": {
      "wal_interval_syncs": 7,
      "sched_maintenance_consumed_us": 0,
      "sched_foreground_consumed_us": 351616,
      "shipped_waiting": 0,
      "shipped_join_refusals": 0,
      "shipped_enrolment_expiries": 0,
      "shipped_wait_us_max": 43449,
      "sched_system_consumed_us": 32440,
      "sched_wakes_received": 17421,
      "sched_wake_race_skips": 57,
      "sched_foreground_polled_us": 351616,
      "shipped_executed": 0,
      "sched_foreground_polls": 158335,
      "wal_syncs": 2194,
      "sched_idle_blocks": 41913,
      "sched_wall_us": 10131718,
      "sched_maintenance_polls": 0,
      "shipped_early_evictions": 0,
      "sched_system_polled_us": 32440,
      "shipped_enrolment_refusals": 0,
      "shipped_refusals": 8,
      "wal_anchor_count": 0,
      "shipped_identity_mismatches": 0,
      "wal_sync_failures": 0,
      "shipped_deduped": 0,
      "shipped_running": 0,
      "sched_maintenance_polled_us": 0,
      "shipped_unanswerable": 0,
      "sched_spurious_wakes": 132,
      "shipped_replies": 15084,
      "sched_iterations": 101128,
      "shipped_enrolled": 0,
      "sched_system_polls": 40297,
      "sched_idle_block_us": 7556732,
      "sched_parked_idle_blocks": 24578,
      "shipped_late_executed": 0,
      "shipped_enrolments": 0,
      "sched_wakes_sent": 57647,
      "shipped_statements": 15084
    }
  },
  "total_wal_syncs_delta": 13534,
  "syncs_per_booking": 2.7068,
  "landed_local": false,
  "shipped_rate_ratio": 1.0037,
  "some_landed_local": false
}
