{
  "label": "xd5-strict-c1-r3",
  "cores": 1,
  "peer_listeners": "off",
  "durability": "strict",
  "bookings": 5000,
  "bookers": 1,
  "wal_dir": "(default, beside data file)",
  "load_elapsed_s": 33.054,
  "loaded": {
    "organizations": 2000,
    "ships": 200,
    "operations": 2000,
    "fees": 12,
    "recipes": 93,
    "cargos": 20000
  },
  "reader_connect_attempts": 1,
  "outcomes": {
    "committed": 5000,
    "rejected-capacity": 10,
    "rejected-credit": 0,
    "conflicted": 0,
    "failed": 0
  },
  "axes": {
    "operations": 0,
    "organizations": 0,
    "read": 0,
    "commit": 0
  },
  "retries": 0,
  "abandoned": 0,
  "run_elapsed_s": 7.0288,
  "tps": 711.3575939753875,
  "phases": {
    "booking": {
      "phase": "booking",
      "detail": "",
      "ops": 5010,
      "errors": 0,
      "first_error": null,
      "elapsed_s": 7.028814,
      "qps": 712.8,
      "mean_us": 1387.6,
      "p0_us": 173.2,
      "p25_us": 1275.1,
      "p50_us": 1329.7,
      "p95_us": 1585.5,
      "p99_us": 2922.0,
      "max_us": 77259.0
    },
    "cargo-lookup": {
      "phase": "cargo-lookup",
      "detail": "",
      "ops": 5010,
      "errors": 0,
      "first_error": null,
      "elapsed_s": 7.028814,
      "qps": 712.8,
      "mean_us": 34.6,
      "p0_us": 20.5,
      "p25_us": 28.7,
      "p50_us": 29.9,
      "p95_us": 42.8,
      "p99_us": 273.0,
      "max_us": 452.8
    },
    "credit-lookup": {
      "phase": "credit-lookup",
      "detail": "",
      "ops": 5010,
      "errors": 0,
      "first_error": null,
      "elapsed_s": 7.028814,
      "qps": 712.8,
      "mean_us": 30.2,
      "p0_us": 17.2,
      "p25_us": 26.0,
      "p50_us": 27.1,
      "p95_us": 39.1,
      "p99_us": 72.9,
      "max_us": 508.0
    },
    "capacity-read": {
      "phase": "capacity-read",
      "detail": "",
      "ops": 5010,
      "errors": 0,
      "first_error": null,
      "elapsed_s": 7.028814,
      "qps": 712.8,
      "mean_us": 30.3,
      "p0_us": 16.6,
      "p25_us": 25.7,
      "p50_us": 26.7,
      "p95_us": 39.6,
      "p99_us": 248.5,
      "max_us": 444.7
    },
    "recipe-read": {
      "phase": "recipe-read",
      "detail": "",
      "ops": 5010,
      "errors": 0,
      "first_error": null,
      "elapsed_s": 7.028814,
      "qps": 712.8,
      "mean_us": 39.9,
      "p0_us": 24.2,
      "p25_us": 32.9,
      "p50_us": 33.6,
      "p95_us": 46.8,
      "p99_us": 300.4,
      "max_us": 480.6
    },
    "freight-insert": {
      "phase": "freight-insert",
      "detail": "",
      "ops": 5000,
      "errors": 0,
      "first_error": null,
      "elapsed_s": 7.028814,
      "qps": 711.4,
      "mean_us": 28.3,
      "p0_us": 16.3,
      "p25_us": 25.0,
      "p50_us": 25.7,
      "p95_us": 38.1,
      "p99_us": 66.4,
      "max_us": 431.5
    },
    "charge-insert": {
      "phase": "charge-insert",
      "detail": "",
      "ops": 28161,
      "errors": 0,
      "first_error": null,
      "elapsed_s": 7.028814,
      "qps": 4006.5,
      "mean_us": 24.9,
      "p0_us": 13.4,
      "p25_us": 23.2,
      "p50_us": 24.0,
      "p95_us": 32.1,
      "p99_us": 46.0,
      "max_us": 465.0
    },
    "operation-update": {
      "phase": "operation-update",
      "detail": "",
      "ops": 5000,
      "errors": 0,
      "first_error": null,
      "elapsed_s": 7.028814,
      "qps": 711.4,
      "mean_us": 26.4,
      "p0_us": 16.3,
      "p25_us": 24.4,
      "p50_us": 25.1,
      "p95_us": 34.2,
      "p99_us": 46.6,
      "max_us": 416.1
    },
    "org-update": {
      "phase": "org-update",
      "detail": "",
      "ops": 5000,
      "errors": 0,
      "first_error": null,
      "elapsed_s": 7.028814,
      "qps": 711.4,
      "mean_us": 25.3,
      "p0_us": 15.0,
      "p25_us": 24.0,
      "p50_us": 24.6,
      "p95_us": 32.8,
      "p99_us": 46.7,
      "max_us": 425.7
    },
    "commit": {
      "phase": "commit",
      "detail": "",
      "ops": 5000,
      "errors": 0,
      "first_error": null,
      "elapsed_s": 7.028814,
      "qps": 711.4,
      "mean_us": 955.5,
      "p0_us": 631.5,
      "p25_us": 895.9,
      "p50_us": 951.9,
      "p95_us": 1130.6,
      "p99_us": 1232.5,
      "max_us": 5174.5
    }
  },
  "per_core_delta": {
    "0": {
      "wal_anchor_count": 0,
      "sched_spurious_wakes": 0,
      "sched_idle_block_us": 1460024,
      "sched_parked_idle_blocks": 0,
      "sched_foreground_consumed_us": 356450,
      "sched_wake_race_skips": 0,
      "wal_sync_failures": 0,
      "sched_foreground_polls": 73222,
      "sched_system_consumed_us": 0,
      "sched_maintenance_polls": 0,
      "sched_wakes_sent": 0,
      "sched_iterations": 78596,
      "sched_maintenance_polled_us": 0,
      "sched_foreground_polled_us": 5358580,
      "wal_syncs": 5007,
      "sched_system_polls": 0,
      "sched_maintenance_consumed_us": 0,
      "sched_system_polled_us": 0,
      "sched_wall_us": 7028931,
      "sched_wakes_received": 0,
      "sched_idle_blocks": 0,
      "wal_interval_syncs": 3
    }
  },
  "total_wal_syncs_delta": 5007,
  "syncs_per_booking": 1.0014,
  "landed_local": false
}
