{
  "label": "xd5-strict-c8pl-r3",
  "cores": 8,
  "peer_listeners": "on",
  "durability": "strict",
  "bookings": 5000,
  "bookers": 1,
  "wal_dir": "(default, beside data file)",
  "load_elapsed_s": 24.921,
  "loaded": {
    "organizations": 2000,
    "ships": 200,
    "operations": 2000,
    "fees": 12,
    "recipes": 93,
    "cargos": 20000
  },
  "reader_connect_attempts": 26,
  "outcomes": {
    "committed": 5000,
    "rejected-capacity": 18,
    "rejected-credit": 0,
    "conflicted": 1,
    "failed": 0
  },
  "axes": {
    "operations": 0,
    "organizations": 0,
    "read": 1,
    "commit": 0
  },
  "retries": 1,
  "abandoned": 0,
  "run_elapsed_s": 17.9577,
  "tps": 278.4314801039037,
  "phases": {
    "booking": {
      "phase": "booking",
      "detail": "",
      "ops": 5018,
      "errors": 0,
      "first_error": null,
      "elapsed_s": 17.95774,
      "qps": 279.4,
      "mean_us": 3561.8,
      "p0_us": 227.3,
      "p25_us": 3309.1,
      "p50_us": 3463.8,
      "p95_us": 4034.6,
      "p99_us": 4871.1,
      "max_us": 86477.7
    },
    "cargo-lookup": {
      "phase": "cargo-lookup",
      "detail": "",
      "ops": 5019,
      "errors": 0,
      "first_error": null,
      "elapsed_s": 17.95774,
      "qps": 279.5,
      "mean_us": 93.6,
      "p0_us": 47.5,
      "p25_us": 59.3,
      "p50_us": 71.0,
      "p95_us": 136.6,
      "p99_us": 340.1,
      "max_us": 23053.2
    },
    "credit-lookup": {
      "phase": "credit-lookup",
      "detail": "",
      "ops": 5019,
      "errors": 0,
      "first_error": null,
      "elapsed_s": 17.95774,
      "qps": 279.5,
      "mean_us": 72.6,
      "p0_us": 36.3,
      "p25_us": 49.7,
      "p50_us": 54.3,
      "p95_us": 83.1,
      "p99_us": 330.5,
      "max_us": 49437.2
    },
    "capacity-read": {
      "phase": "capacity-read",
      "detail": "",
      "ops": 5019,
      "errors": 0,
      "first_error": null,
      "elapsed_s": 17.95774,
      "qps": 279.5,
      "mean_us": 57.6,
      "p0_us": 34.0,
      "p25_us": 47.9,
      "p50_us": 51.3,
      "p95_us": 75.2,
      "p99_us": 285.6,
      "max_us": 475.8
    },
    "recipe-read": {
      "phase": "recipe-read",
      "detail": "",
      "ops": 5019,
      "errors": 0,
      "first_error": null,
      "elapsed_s": 17.95774,
      "qps": 279.5,
      "mean_us": 67.1,
      "p0_us": 44.4,
      "p25_us": 57.3,
      "p50_us": 61.6,
      "p95_us": 84.4,
      "p99_us": 290.0,
      "max_us": 629.6
    },
    "freight-insert": {
      "phase": "freight-insert",
      "detail": "",
      "ops": 5001,
      "errors": 0,
      "first_error": null,
      "elapsed_s": 17.95774,
      "qps": 278.5,
      "mean_us": 32.6,
      "p0_us": 17.1,
      "p25_us": 26.4,
      "p50_us": 28.1,
      "p95_us": 45.4,
      "p99_us": 66.2,
      "max_us": 435.4
    },
    "charge-insert": {
      "phase": "charge-insert",
      "detail": "",
      "ops": 28163,
      "errors": 1,
      "first_error": "ERR TXN_CONFLICT retryable=1 this transaction's writes are bound to core 0 and relation 'charges_xd5_strict_c8pl_r3' is owned by core 1; a transaction may write on one core only until two-phase commit exists",
      "elapsed_s": 17.95774,
      "qps": 1568.3,
      "mean_us": 26.2,
      "p0_us": 13.1,
      "p25_us": 23.1,
      "p50_us": 23.8,
      "p95_us": 36.4,
      "p99_us": 50.2,
      "max_us": 12929.6
    },
    "operation-update": {
      "phase": "operation-update",
      "detail": "",
      "ops": 5000,
      "errors": 0,
      "first_error": null,
      "elapsed_s": 17.95774,
      "qps": 278.4,
      "mean_us": 57.8,
      "p0_us": 34.6,
      "p25_us": 47.7,
      "p50_us": 53.6,
      "p95_us": 73.6,
      "p99_us": 176.6,
      "max_us": 3032.7
    },
    "org-update": {
      "phase": "org-update",
      "detail": "",
      "ops": 5000,
      "errors": 0,
      "first_error": null,
      "elapsed_s": 17.95774,
      "qps": 278.4,
      "mean_us": 52.7,
      "p0_us": 30.3,
      "p25_us": 43.6,
      "p50_us": 47.7,
      "p95_us": 64.4,
      "p99_us": 99.4,
      "max_us": 9577.2
    },
    "commit": {
      "phase": "commit",
      "detail": "",
      "ops": 5000,
      "errors": 0,
      "first_error": null,
      "elapsed_s": 17.95774,
      "qps": 278.4,
      "mean_us": 2913.4,
      "p0_us": 2016.8,
      "p25_us": 2738.1,
      "p50_us": 2846.2,
      "p95_us": 3258.2,
      "p99_us": 3471.2,
      "max_us": 85899.5
    }
  },
  "per_core_delta": {
    "0": {
      "sched_foreground_polled_us": 5026985,
      "shipped_replies": 0,
      "shipped_enrolments": 5019,
      "sched_wakes_received": 40089,
      "sched_foreground_consumed_us": 25205,
      "sched_spurious_wakes": 13,
      "wal_sync_failures": 0,
      "shipped_statements": 0,
      "sched_maintenance_polled_us": 0,
      "sched_maintenance_consumed_us": 0,
      "wal_syncs": 10013,
      "sched_idle_block_us": 7820480,
      "shipped_refusals": 0,
      "sched_system_consumed_us": 10590,
      "sched_wall_us": 17959785,
      "sched_foreground_polls": 40099,
      "sched_wakes_sent": 80181,
      "shipped_join_refusals": 0,
      "shipped_enrolment_expiries": 0,
      "sched_idle_blocks": 40810,
      "shipped_executed": 30079,
      "shipped_enrolled": 0,
      "shipped_enrolment_refusals": 0,
      "wal_interval_syncs": 3,
      "sched_wake_race_skips": 1,
      "shipped_wait_us_max": 0,
      "shipped_deduped": 0,
      "sched_parked_idle_blocks": 0,
      "sched_system_polls": 80247,
      "sched_maintenance_polls": 0,
      "sched_iterations": 121108,
      "shipped_identity_mismatches": 0,
      "shipped_running": 0,
      "wal_anchor_count": 0,
      "shipped_late_executed": 0,
      "sched_system_polled_us": 227118,
      "shipped_waiting": 0,
      "shipped_unanswerable": 0,
      "shipped_early_evictions": 923
    },
    "1": {
      "sched_foreground_polled_us": 5297897,
      "shipped_replies": 30079,
      "shipped_enrolments": 0,
      "sched_wakes_received": 40080,
      "sched_foreground_consumed_us": 796834,
      "sched_spurious_wakes": 27,
      "wal_sync_failures": 0,
      "shipped_statements": 30079,
      "sched_maintenance_polled_us": 0,
      "sched_maintenance_consumed_us": 0,
      "wal_syncs": 5011,
      "sched_idle_block_us": 12318492,
      "shipped_refusals": 1,
      "sched_system_consumed_us": 12275,
      "sched_wall_us": 17959819,
      "sched_foreground_polls": 236480,
      "sched_wakes_sent": 80181,
      "shipped_join_refusals": 0,
      "shipped_enrolment_expiries": 0,
      "sched_idle_blocks": 114706,
      "shipped_executed": 0,
      "shipped_enrolled": 0,
      "shipped_enrolment_refusals": 0,
      "wal_interval_syncs": 5,
      "sched_wake_race_skips": 6,
      "shipped_wait_us_max": 49362,
      "shipped_deduped": 0,
      "sched_parked_idle_blocks": 41383,
      "sched_system_polls": 80347,
      "sched_maintenance_polls": 0,
      "sched_iterations": 237573,
      "shipped_identity_mismatches": 0,
      "shipped_running": 0,
      "wal_anchor_count": 0,
      "shipped_late_executed": 0,
      "sched_system_polled_us": 87440,
      "shipped_waiting": 0,
      "shipped_unanswerable": 0,
      "shipped_early_evictions": 0
    },
    "2": {
      "sched_foreground_polled_us": 23,
      "shipped_replies": 0,
      "shipped_enrolments": 0,
      "sched_wakes_received": 2,
      "sched_foreground_consumed_us": 23,
      "sched_spurious_wakes": 0,
      "wal_sync_failures": 0,
      "shipped_statements": 0,
      "sched_maintenance_polled_us": 0,
      "sched_maintenance_consumed_us": 0,
      "wal_syncs": 3,
      "sched_idle_block_us": 17923148,
      "shipped_refusals": 0,
      "sched_system_consumed_us": 32,
      "sched_wall_us": 17959858,
      "sched_foreground_polls": 1,
      "sched_wakes_sent": 80181,
      "shipped_join_refusals": 0,
      "shipped_enrolment_expiries": 0,
      "sched_idle_blocks": 16778,
      "shipped_executed": 0,
      "shipped_enrolled": 0,
      "shipped_enrolment_refusals": 0,
      "wal_interval_syncs": 0,
      "sched_wake_race_skips": 0,
      "shipped_wait_us_max": 0,
      "shipped_deduped": 0,
      "sched_parked_idle_blocks": 0,
      "sched_system_polls": 5,
      "sched_maintenance_polls": 0,
      "sched_iterations": 16904,
      "shipped_identity_mismatches": 0,
      "shipped_running": 0,
      "wal_anchor_count": 0,
      "shipped_late_executed": 0,
      "sched_system_polled_us": 32,
      "shipped_waiting": 0,
      "shipped_unanswerable": 0,
      "shipped_early_evictions": 0
    },
    "3": {
      "sched_foreground_polled_us": 38,
      "shipped_replies": 0,
      "shipped_enrolments": 0,
      "sched_wakes_received": 2,
      "sched_foreground_consumed_us": 38,
      "sched_spurious_wakes": 0,
      "wal_sync_failures": 0,
      "shipped_statements": 0,
      "sched_maintenance_polled_us": 0,
      "sched_maintenance_consumed_us": 0,
      "wal_syncs": 3,
      "sched_idle_block_us": 17925229,
      "shipped_refusals": 0,
      "sched_system_consumed_us": 35,
      "sched_wall_us": 17958816,
      "sched_foreground_polls": 1,
      "sched_wakes_sent": 80181,
      "shipped_join_refusals": 0,
      "shipped_enrolment_expiries": 0,
      "sched_idle_blocks": 16808,
      "shipped_executed": 0,
      "shipped_enrolled": 0,
      "shipped_enrolment_refusals": 0,
      "wal_interval_syncs": 0,
      "sched_wake_race_skips": 0,
      "shipped_wait_us_max": 0,
      "shipped_deduped": 0,
      "sched_parked_idle_blocks": 0,
      "sched_system_polls": 5,
      "sched_maintenance_polls": 0,
      "sched_iterations": 16880,
      "shipped_identity_mismatches": 0,
      "shipped_running": 0,
      "wal_anchor_count": 0,
      "shipped_late_executed": 0,
      "sched_system_polled_us": 35,
      "shipped_waiting": 0,
      "shipped_unanswerable": 0,
      "shipped_early_evictions": 0
    },
    "4": {
      "sched_foreground_polled_us": 15,
      "shipped_replies": 0,
      "shipped_enrolments": 0,
      "sched_wakes_received": 2,
      "sched_foreground_consumed_us": 15,
      "sched_spurious_wakes": 0,
      "wal_sync_failures": 0,
      "shipped_statements": 0,
      "sched_maintenance_polled_us": 0,
      "sched_maintenance_consumed_us": 0,
      "wal_syncs": 3,
      "sched_idle_block_us": 17914430,
      "shipped_refusals": 0,
      "sched_system_consumed_us": 34,
      "sched_wall_us": 17958842,
      "sched_foreground_polls": 1,
      "sched_wakes_sent": 80181,
      "shipped_join_refusals": 0,
      "shipped_enrolment_expiries": 0,
      "sched_idle_blocks": 16606,
      "shipped_executed": 0,
      "shipped_enrolled": 0,
      "shipped_enrolment_refusals": 0,
      "wal_interval_syncs": 0,
      "sched_wake_race_skips": 0,
      "shipped_wait_us_max": 0,
      "shipped_deduped": 0,
      "sched_parked_idle_blocks": 0,
      "sched_system_polls": 5,
      "sched_maintenance_polls": 0,
      "sched_iterations": 16693,
      "shipped_identity_mismatches": 0,
      "shipped_running": 0,
      "wal_anchor_count": 0,
      "shipped_late_executed": 0,
      "sched_system_polled_us": 34,
      "shipped_waiting": 0,
      "shipped_unanswerable": 0,
      "shipped_early_evictions": 0
    },
    "5": {
      "sched_foreground_polled_us": 27,
      "shipped_replies": 0,
      "shipped_enrolments": 0,
      "sched_wakes_received": 2,
      "sched_foreground_consumed_us": 27,
      "sched_spurious_wakes": 0,
      "wal_sync_failures": 0,
      "shipped_statements": 0,
      "sched_maintenance_polled_us": 0,
      "sched_maintenance_consumed_us": 0,
      "wal_syncs": 3,
      "sched_idle_block_us": 17936901,
      "shipped_refusals": 0,
      "sched_system_consumed_us": 29,
      "sched_wall_us": 17958878,
      "sched_foreground_polls": 1,
      "sched_wakes_sent": 80181,
      "shipped_join_refusals": 0,
      "shipped_enrolment_expiries": 0,
      "sched_idle_blocks": 16973,
      "shipped_executed": 0,
      "shipped_enrolled": 0,
      "shipped_enrolment_refusals": 0,
      "wal_interval_syncs": 0,
      "sched_wake_race_skips": 0,
      "shipped_wait_us_max": 0,
      "shipped_deduped": 0,
      "sched_parked_idle_blocks": 0,
      "sched_system_polls": 5,
      "sched_maintenance_polls": 0,
      "sched_iterations": 17055,
      "shipped_identity_mismatches": 0,
      "shipped_running": 0,
      "wal_anchor_count": 0,
      "shipped_late_executed": 0,
      "sched_system_polled_us": 29,
      "shipped_waiting": 0,
      "shipped_unanswerable": 0,
      "shipped_early_evictions": 0
    },
    "6": {
      "sched_foreground_polled_us": 42,
      "shipped_replies": 0,
      "shipped_enrolments": 0,
      "sched_wakes_received": 2,
      "sched_foreground_consumed_us": 42,
      "sched_spurious_wakes": 0,
      "wal_sync_failures": 0,
      "shipped_statements": 0,
      "sched_maintenance_polled_us": 0,
      "sched_maintenance_consumed_us": 0,
      "wal_syncs": 3,
      "sched_idle_block_us": 17921936,
      "shipped_refusals": 0,
      "sched_system_consumed_us": 32,
      "sched_wall_us": 17958737,
      "sched_foreground_polls": 1,
      "sched_wakes_sent": 80181,
      "shipped_join_refusals": 0,
      "shipped_enrolment_expiries": 0,
      "sched_idle_blocks": 16763,
      "shipped_executed": 0,
      "shipped_enrolled": 0,
      "shipped_enrolment_refusals": 0,
      "wal_interval_syncs": 0,
      "sched_wake_race_skips": 0,
      "shipped_wait_us_max": 0,
      "shipped_deduped": 0,
      "sched_parked_idle_blocks": 0,
      "sched_system_polls": 5,
      "sched_maintenance_polls": 0,
      "sched_iterations": 16878,
      "shipped_identity_mismatches": 0,
      "shipped_running": 0,
      "wal_anchor_count": 0,
      "shipped_late_executed": 0,
      "sched_system_polled_us": 32,
      "shipped_waiting": 0,
      "shipped_unanswerable": 0,
      "shipped_early_evictions": 0
    },
    "7": {
      "sched_foreground_polled_us": 46,
      "shipped_replies": 0,
      "shipped_enrolments": 0,
      "sched_wakes_received": 2,
      "sched_foreground_consumed_us": 46,
      "sched_spurious_wakes": 0,
      "wal_sync_failures": 0,
      "shipped_statements": 0,
      "sched_maintenance_polled_us": 0,
      "sched_maintenance_consumed_us": 0,
      "wal_syncs": 3,
      "sched_idle_block_us": 17924835,
      "shipped_refusals": 0,
      "sched_system_consumed_us": 31,
      "sched_wall_us": 17958727,
      "sched_foreground_polls": 1,
      "sched_wakes_sent": 80181,
      "shipped_join_refusals": 0,
      "shipped_enrolment_expiries": 0,
      "sched_idle_blocks": 16810,
      "shipped_executed": 0,
      "shipped_enrolled": 0,
      "shipped_enrolment_refusals": 0,
      "wal_interval_syncs": 0,
      "sched_wake_race_skips": 0,
      "shipped_wait_us_max": 0,
      "shipped_deduped": 0,
      "sched_parked_idle_blocks": 0,
      "sched_system_polls": 5,
      "sched_maintenance_polls": 0,
      "sched_iterations": 16897,
      "shipped_identity_mismatches": 0,
      "shipped_running": 0,
      "wal_anchor_count": 0,
      "shipped_late_executed": 0,
      "sched_system_polled_us": 31,
      "shipped_waiting": 0,
      "shipped_unanswerable": 0,
      "shipped_early_evictions": 0
    }
  },
  "total_wal_syncs_delta": 15042,
  "syncs_per_booking": 3.0084,
  "landed_local": false
}
