{
  "label": "xd5-strict-c8pl-r2",
  "cores": 8,
  "peer_listeners": "on",
  "durability": "strict",
  "bookings": 5000,
  "bookers": 1,
  "wal_dir": "(default, beside data file)",
  "load_elapsed_s": 24.67,
  "loaded": {
    "organizations": 2000,
    "ships": 200,
    "operations": 2000,
    "fees": 12,
    "recipes": 93,
    "cargos": 20000
  },
  "reader_connect_attempts": 14,
  "outcomes": {
    "committed": 5000,
    "rejected-capacity": 10,
    "rejected-credit": 0,
    "conflicted": 0,
    "failed": 0
  },
  "axes": {
    "operations": 0,
    "organizations": 0,
    "read": 0,
    "commit": 0
  },
  "retries": 0,
  "abandoned": 0,
  "run_elapsed_s": 18.8325,
  "tps": 265.49837584053375,
  "phases": {
    "booking": {
      "phase": "booking",
      "detail": "",
      "ops": 5010,
      "errors": 0,
      "first_error": null,
      "elapsed_s": 18.832507,
      "qps": 266.0,
      "mean_us": 3741.6,
      "p0_us": 317.2,
      "p25_us": 3410.1,
      "p50_us": 3603.5,
      "p95_us": 4532.5,
      "p99_us": 5700.3,
      "max_us": 85693.1
    },
    "cargo-lookup": {
      "phase": "cargo-lookup",
      "detail": "",
      "ops": 5010,
      "errors": 0,
      "first_error": null,
      "elapsed_s": 18.832507,
      "qps": 266.0,
      "mean_us": 112.4,
      "p0_us": 46.1,
      "p25_us": 66.5,
      "p50_us": 85.9,
      "p95_us": 293.7,
      "p99_us": 400.0,
      "max_us": 8202.9
    },
    "credit-lookup": {
      "phase": "credit-lookup",
      "detail": "",
      "ops": 5010,
      "errors": 0,
      "first_error": null,
      "elapsed_s": 18.832507,
      "qps": 266.0,
      "mean_us": 79.5,
      "p0_us": 38.4,
      "p25_us": 53.0,
      "p50_us": 58.0,
      "p95_us": 280.6,
      "p99_us": 390.8,
      "max_us": 4178.2
    },
    "capacity-read": {
      "phase": "capacity-read",
      "detail": "",
      "ops": 5010,
      "errors": 0,
      "first_error": null,
      "elapsed_s": 18.832507,
      "qps": 266.0,
      "mean_us": 70.3,
      "p0_us": 35.4,
      "p25_us": 50.5,
      "p50_us": 53.3,
      "p95_us": 237.2,
      "p99_us": 355.9,
      "max_us": 1992.4
    },
    "recipe-read": {
      "phase": "recipe-read",
      "detail": "",
      "ops": 5010,
      "errors": 0,
      "first_error": null,
      "elapsed_s": 18.832507,
      "qps": 266.0,
      "mean_us": 80.2,
      "p0_us": 46.4,
      "p25_us": 60.4,
      "p50_us": 63.8,
      "p95_us": 245.1,
      "p99_us": 360.6,
      "max_us": 2963.3
    },
    "freight-insert": {
      "phase": "freight-insert",
      "detail": "",
      "ops": 5000,
      "errors": 0,
      "first_error": null,
      "elapsed_s": 18.832507,
      "qps": 265.5,
      "mean_us": 40.2,
      "p0_us": 17.4,
      "p25_us": 26.7,
      "p50_us": 30.6,
      "p95_us": 53.1,
      "p99_us": 315.2,
      "max_us": 2795.9
    },
    "charge-insert": {
      "phase": "charge-insert",
      "detail": "",
      "ops": 28161,
      "errors": 0,
      "first_error": null,
      "elapsed_s": 18.832507,
      "qps": 1495.3,
      "mean_us": 28.3,
      "p0_us": 13.5,
      "p25_us": 23.1,
      "p50_us": 23.7,
      "p95_us": 40.7,
      "p99_us": 242.6,
      "max_us": 972.9
    },
    "operation-update": {
      "phase": "operation-update",
      "detail": "",
      "ops": 5000,
      "errors": 0,
      "first_error": null,
      "elapsed_s": 18.832507,
      "qps": 265.5,
      "mean_us": 77.6,
      "p0_us": 31.0,
      "p25_us": 51.1,
      "p50_us": 56.9,
      "p95_us": 80.4,
      "p99_us": 298.3,
      "max_us": 66072.4
    },
    "org-update": {
      "phase": "org-update",
      "detail": "",
      "ops": 5000,
      "errors": 0,
      "first_error": null,
      "elapsed_s": 18.832507,
      "qps": 265.5,
      "mean_us": 56.5,
      "p0_us": 32.4,
      "p25_us": 46.9,
      "p50_us": 48.6,
      "p95_us": 68.8,
      "p99_us": 303.4,
      "max_us": 3488.2
    },
    "commit": {
      "phase": "commit",
      "detail": "",
      "ops": 5000,
      "errors": 0,
      "first_error": null,
      "elapsed_s": 18.832507,
      "qps": 265.5,
      "mean_us": 2982.1,
      "p0_us": 1994.7,
      "p25_us": 2779.2,
      "p50_us": 2920.4,
      "p95_us": 3361.4,
      "p99_us": 3585.6,
      "max_us": 84960.2
    }
  },
  "per_core_delta": {
    "0": {
      "shipped_executed": 30046,
      "sched_system_polled_us": 255670,
      "wal_sync_failures": 0,
      "shipped_statements": 0,
      "sched_wakes_received": 40045,
      "shipped_late_executed": 0,
      "sched_foreground_consumed_us": 154321,
      "shipped_join_refusals": 0,
      "sched_maintenance_polled_us": 0,
      "sched_foreground_polled_us": 5156622,
      "sched_foreground_polls": 40057,
      "shipped_waiting": 0,
      "sched_maintenance_polls": 0,
      "sched_wake_race_skips": 0,
      "wal_anchor_count": 0,
      "shipped_unanswerable": 0,
      "sched_wakes_sent": 80097,
      "sched_iterations": 121548,
      "sched_parked_idle_blocks": 0,
      "shipped_refusals": 0,
      "shipped_replies": 0,
      "shipped_enrolment_expiries": 0,
      "sched_idle_blocks": 41345,
      "shipped_enrolment_refusals": 0,
      "shipped_identity_mismatches": 0,
      "shipped_enrolled": 0,
      "sched_idle_block_us": 8475355,
      "sched_system_polls": 80170,
      "wal_interval_syncs": 3,
      "shipped_enrolments": 5010,
      "sched_wall_us": 18834476,
      "shipped_early_evictions": 914,
      "wal_syncs": 10015,
      "sched_spurious_wakes": 27,
      "sched_system_consumed_us": 30537,
      "shipped_deduped": 0,
      "sched_maintenance_consumed_us": 0,
      "shipped_wait_us_max": 0,
      "shipped_running": 0
    },
    "1": {
      "shipped_executed": 0,
      "sched_system_polled_us": 45,
      "wal_sync_failures": 0,
      "shipped_statements": 0,
      "sched_wakes_received": 2,
      "shipped_late_executed": 0,
      "sched_foreground_consumed_us": 15,
      "shipped_join_refusals": 0,
      "sched_maintenance_polled_us": 0,
      "sched_foreground_polled_us": 15,
      "sched_foreground_polls": 1,
      "shipped_waiting": 0,
      "sched_maintenance_polls": 0,
      "sched_wake_race_skips": 0,
      "wal_anchor_count": 0,
      "shipped_unanswerable": 0,
      "sched_wakes_sent": 80097,
      "sched_iterations": 17737,
      "sched_parked_idle_blocks": 0,
      "shipped_refusals": 0,
      "shipped_replies": 0,
      "shipped_enrolment_expiries": 0,
      "sched_idle_blocks": 17658,
      "shipped_enrolment_refusals": 0,
      "shipped_identity_mismatches": 0,
      "shipped_enrolled": 0,
      "sched_idle_block_us": 18798381,
      "sched_system_polls": 6,
      "wal_interval_syncs": 0,
      "shipped_enrolments": 0,
      "sched_wall_us": 18834541,
      "shipped_early_evictions": 0,
      "wal_syncs": 4,
      "sched_spurious_wakes": 0,
      "sched_system_consumed_us": 45,
      "shipped_deduped": 0,
      "sched_maintenance_consumed_us": 0,
      "shipped_wait_us_max": 0,
      "shipped_running": 0
    },
    "2": {
      "shipped_executed": 0,
      "sched_system_polled_us": 36,
      "wal_sync_failures": 0,
      "shipped_statements": 0,
      "sched_wakes_received": 2,
      "shipped_late_executed": 0,
      "sched_foreground_consumed_us": 30,
      "shipped_join_refusals": 0,
      "sched_maintenance_polled_us": 0,
      "sched_foreground_polled_us": 30,
      "sched_foreground_polls": 1,
      "shipped_waiting": 0,
      "sched_maintenance_polls": 0,
      "sched_wake_race_skips": 0,
      "wal_anchor_count": 0,
      "shipped_unanswerable": 0,
      "sched_wakes_sent": 80097,
      "sched_iterations": 17559,
      "sched_parked_idle_blocks": 0,
      "shipped_refusals": 0,
      "shipped_replies": 0,
      "shipped_enrolment_expiries": 0,
      "sched_idle_blocks": 17522,
      "shipped_enrolment_refusals": 0,
      "shipped_identity_mismatches": 0,
      "shipped_enrolled": 0,
      "sched_idle_block_us": 18793964,
      "sched_system_polls": 6,
      "wal_interval_syncs": 0,
      "shipped_enrolments": 0,
      "sched_wall_us": 18834574,
      "shipped_early_evictions": 0,
      "wal_syncs": 4,
      "sched_spurious_wakes": 0,
      "sched_system_consumed_us": 36,
      "shipped_deduped": 0,
      "sched_maintenance_consumed_us": 0,
      "shipped_wait_us_max": 0,
      "shipped_running": 0
    },
    "3": {
      "shipped_executed": 0,
      "sched_system_polled_us": 34,
      "wal_sync_failures": 0,
      "shipped_statements": 0,
      "sched_wakes_received": 2,
      "shipped_late_executed": 0,
      "sched_foreground_consumed_us": 44,
      "shipped_join_refusals": 0,
      "sched_maintenance_polled_us": 0,
      "sched_foreground_polled_us": 44,
      "sched_foreground_polls": 1,
      "shipped_waiting": 0,
      "sched_maintenance_polls": 0,
      "sched_wake_race_skips": 0,
      "wal_anchor_count": 0,
      "shipped_unanswerable": 0,
      "sched_wakes_sent": 80097,
      "sched_iterations": 17821,
      "sched_parked_idle_blocks": 0,
      "shipped_refusals": 0,
      "shipped_replies": 0,
      "shipped_enrolment_expiries": 0,
      "sched_idle_blocks": 17744,
      "shipped_enrolment_refusals": 0,
      "shipped_identity_mismatches": 0,
      "shipped_enrolled": 0,
      "sched_idle_block_us": 18808581,
      "sched_system_polls": 6,
      "wal_interval_syncs": 0,
      "shipped_enrolments": 0,
      "sched_wall_us": 18834600,
      "shipped_early_evictions": 0,
      "wal_syncs": 4,
      "sched_spurious_wakes": 0,
      "sched_system_consumed_us": 34,
      "shipped_deduped": 0,
      "sched_maintenance_consumed_us": 0,
      "shipped_wait_us_max": 0,
      "shipped_running": 0
    },
    "4": {
      "shipped_executed": 0,
      "sched_system_polled_us": 27,
      "wal_sync_failures": 0,
      "shipped_statements": 0,
      "sched_wakes_received": 2,
      "shipped_late_executed": 0,
      "sched_foreground_consumed_us": 52,
      "shipped_join_refusals": 0,
      "sched_maintenance_polled_us": 0,
      "sched_foreground_polled_us": 52,
      "sched_foreground_polls": 1,
      "shipped_waiting": 0,
      "sched_maintenance_polls": 0,
      "sched_wake_race_skips": 0,
      "wal_anchor_count": 0,
      "shipped_unanswerable": 0,
      "sched_wakes_sent": 80097,
      "sched_iterations": 17618,
      "sched_parked_idle_blocks": 0,
      "shipped_refusals": 0,
      "shipped_replies": 0,
      "shipped_enrolment_expiries": 0,
      "sched_idle_blocks": 17567,
      "shipped_enrolment_refusals": 0,
      "shipped_identity_mismatches": 0,
      "shipped_enrolled": 0,
      "sched_idle_block_us": 18793082,
      "sched_system_polls": 6,
      "wal_interval_syncs": 0,
      "shipped_enrolments": 0,
      "sched_wall_us": 18833488,
      "shipped_early_evictions": 0,
      "wal_syncs": 4,
      "sched_spurious_wakes": 0,
      "sched_system_consumed_us": 27,
      "shipped_deduped": 0,
      "sched_maintenance_consumed_us": 0,
      "shipped_wait_us_max": 0,
      "shipped_running": 0
    },
    "5": {
      "shipped_executed": 0,
      "sched_system_polled_us": 27,
      "wal_sync_failures": 0,
      "shipped_statements": 0,
      "sched_wakes_received": 2,
      "shipped_late_executed": 0,
      "sched_foreground_consumed_us": 14,
      "shipped_join_refusals": 0,
      "sched_maintenance_polled_us": 0,
      "sched_foreground_polled_us": 14,
      "sched_foreground_polls": 1,
      "shipped_waiting": 0,
      "sched_maintenance_polls": 0,
      "sched_wake_race_skips": 0,
      "wal_anchor_count": 0,
      "shipped_unanswerable": 0,
      "sched_wakes_sent": 80097,
      "sched_iterations": 17730,
      "sched_parked_idle_blocks": 0,
      "shipped_refusals": 0,
      "shipped_replies": 0,
      "shipped_enrolment_expiries": 0,
      "sched_idle_blocks": 17654,
      "shipped_enrolment_refusals": 0,
      "shipped_identity_mismatches": 0,
      "shipped_enrolled": 0,
      "sched_idle_block_us": 18797974,
      "sched_system_polls": 6,
      "wal_interval_syncs": 0,
      "shipped_enrolments": 0,
      "sched_wall_us": 18833497,
      "shipped_early_evictions": 0,
      "wal_syncs": 4,
      "sched_spurious_wakes": 0,
      "sched_system_consumed_us": 27,
      "shipped_deduped": 0,
      "sched_maintenance_consumed_us": 0,
      "shipped_wait_us_max": 0,
      "shipped_running": 0
    },
    "6": {
      "shipped_executed": 0,
      "sched_system_polled_us": 31,
      "wal_sync_failures": 0,
      "shipped_statements": 0,
      "sched_wakes_received": 2,
      "shipped_late_executed": 0,
      "sched_foreground_consumed_us": 28,
      "shipped_join_refusals": 0,
      "sched_maintenance_polled_us": 0,
      "sched_foreground_polled_us": 28,
      "sched_foreground_polls": 1,
      "shipped_waiting": 0,
      "sched_maintenance_polls": 0,
      "sched_wake_race_skips": 0,
      "wal_anchor_count": 0,
      "shipped_unanswerable": 0,
      "sched_wakes_sent": 80097,
      "sched_iterations": 17590,
      "sched_parked_idle_blocks": 0,
      "shipped_refusals": 0,
      "shipped_replies": 0,
      "shipped_enrolment_expiries": 0,
      "sched_idle_blocks": 17519,
      "shipped_enrolment_refusals": 0,
      "shipped_identity_mismatches": 0,
      "shipped_enrolled": 0,
      "sched_idle_block_us": 18793666,
      "sched_system_polls": 6,
      "wal_interval_syncs": 0,
      "shipped_enrolments": 0,
      "sched_wall_us": 18833512,
      "shipped_early_evictions": 0,
      "wal_syncs": 4,
      "sched_spurious_wakes": 0,
      "sched_system_consumed_us": 31,
      "shipped_deduped": 0,
      "sched_maintenance_consumed_us": 0,
      "shipped_wait_us_max": 0,
      "shipped_running": 0
    },
    "7": {
      "shipped_executed": 0,
      "sched_system_polled_us": 100584,
      "wal_sync_failures": 0,
      "shipped_statements": 30046,
      "sched_wakes_received": 40040,
      "shipped_late_executed": 0,
      "sched_foreground_consumed_us": 960690,
      "shipped_join_refusals": 0,
      "sched_maintenance_polled_us": 0,
      "sched_foreground_polled_us": 5462030,
      "sched_foreground_polls": 237255,
      "shipped_waiting": 0,
      "sched_maintenance_polls": 0,
      "sched_wake_race_skips": 3,
      "wal_anchor_count": 0,
      "shipped_unanswerable": 0,
      "sched_wakes_sent": 80097,
      "sched_iterations": 238371,
      "sched_parked_idle_blocks": 41818,
      "shipped_refusals": 0,
      "shipped_replies": 30046,
      "shipped_enrolment_expiries": 0,
      "sched_idle_blocks": 115101,
      "shipped_enrolment_refusals": 0,
      "shipped_identity_mismatches": 0,
      "shipped_enrolled": 0,
      "sched_idle_block_us": 13013920,
      "sched_system_polls": 80233,
      "wal_interval_syncs": 4,
      "shipped_enrolments": 0,
      "sched_wall_us": 18833496,
      "shipped_early_evictions": 0,
      "wal_syncs": 5012,
      "sched_spurious_wakes": 30,
      "sched_system_consumed_us": 15362,
      "shipped_deduped": 0,
      "sched_maintenance_consumed_us": 0,
      "shipped_wait_us_max": 66004,
      "shipped_running": 0
    }
  },
  "total_wal_syncs_delta": 15051,
  "syncs_per_booking": 3.0102,
  "landed_local": false
}
