kds-point-group-k1-s1-r0.json: named=True idle_cpus_busy=6%
kds-point-group-k1-s16-r1.json: named=False idle_cpus_busy=14%
kds-point-group-k1-s16-r2.json: named=False idle_cpus_busy=24%
kds-point-group-k1-s2-r0.json: named=True idle_cpus_busy=10%
kds-point-group-k1-s2-r1.json: named=True idle_cpus_busy=12%
kds-point-group-k1-s2-r2.json: named=True idle_cpus_busy=18%
kds-point-group-k2-s1-r0.json: named=False idle_cpus_busy=22%
kds-point-group-k2-s1-r1.json: named=False idle_cpus_busy=11%
kds-point-group-k2-s16-r0.json: named=False idle_cpus_busy=22%
kds-point-group-k2-s16-r1.json: named=False idle_cpus_busy=24%
kds-point-group-k2-s16-r2.json: named=False idle_cpus_busy=14%
kds-point-group-k2-s2-r1.json: named=False idle_cpus_busy=17%
kds-point-group-k2-s2-r2.json: named=False idle_cpus_busy=21%
kds-point-group-k2-s4-r0.json: named=False idle_cpus_busy=13%
kds-point-group-k2-s4-r1.json: named=False idle_cpus_busy=13%
kds-point-group-k2-s4-r2.json: named=False idle_cpus_busy=30%
kds-point-group-k2-s8-r0.json: named=False idle_cpus_busy=40%
kds-point-group-k2-s8-r1.json: named=True idle_cpus_busy=40%
kds-point-group-k2-s8-r2.json: named=True idle_cpus_busy=26%
kds-point-group-k4-s1-r0.json: named=True idle_cpus_busy=20%
kds-point-group-k4-s1-r1.json: named=True idle_cpus_busy=31%
kds-point-group-k4-s1-r2.json: named=True idle_cpus_busy=21%
kds-point-group-k4-s16-r0.json: named=False idle_cpus_busy=15%
kds-point-group-k4-s16-r1.json: named=False idle_cpus_busy=30%
kds-point-group-k4-s2-r0.json: named=True idle_cpus_busy=10%
kds-point-group-k4-s2-r1.json: named=False idle_cpus_busy=20%
kds-point-group-k4-s2-r2.json: named=False idle_cpus_busy=25%
kds-point-group-k4-s4-r0.json: named=False idle_cpus_busy=19%
kds-point-group-k4-s4-r1.json: named=False idle_cpus_busy=16%
kds-point-group-k4-s4-r2.json: named=False idle_cpus_busy=28%
kds-point-group-k4-s8-r0.json: named=False idle_cpus_busy=40%
kds-point-group-k4-s8-r1.json: named=False idle_cpus_busy=37%
kds-point-group-k4-s8-r2.json: named=False idle_cpus_busy=23%
kds-point-relaxed-k1-s1-r0.json: named=True idle_cpus_busy=9%
kds-point-relaxed-k1-s1-r1.json: named=True idle_cpus_busy=10%
kds-point-relaxed-k1-s2-r1.json: named=False idle_cpus_busy=12%
kds-point-relaxed-k1-s2-r2.json: named=False idle_cpus_busy=18%
kds-point-relaxed-k1-s4-r0.json: named=False idle_cpus_busy=14%
kds-point-relaxed-k1-s4-r1.json: named=False idle_cpus_busy=10%
kds-point-relaxed-k1-s4-r2.json: named=False idle_cpus_busy=10%
kds-point-relaxed-k1-s8-r1.json: named=True idle_cpus_busy=26%
kds-point-relaxed-k1-s8-r2.json: named=True idle_cpus_busy=69%
kds-point-relaxed-k2-s16-r0.json: named=False idle_cpus_busy=11%
kds-point-relaxed-k2-s16-r1.json: named=True idle_cpus_busy=17%
kds-point-relaxed-k2-s16-r2.json: named=True idle_cpus_busy=9%
kds-point-relaxed-k2-s2-r0.json: named=True idle_cpus_busy=6%
kds-point-relaxed-k2-s2-r1.json: named=True idle_cpus_busy=6%
kds-point-relaxed-k2-s8-r1.json: named=False idle_cpus_busy=10%
kds-point-relaxed-k2-s8-r2.json: named=False idle_cpus_busy=10%
kds-point-relaxed-k4-s16-r0.json: named=True idle_cpus_busy=21%
kds-point-relaxed-k4-s16-r2.json: named=True idle_cpus_busy=19%
kds-point-relaxed-k4-s4-r1.json: named=True idle_cpus_busy=28%
kds-point-relaxed-k4-s4-r2.json: named=True idle_cpus_busy=50%
kds-point-relaxed-k4-s8-r0.json: named=True idle_cpus_busy=4%
kds-point-relaxed-k4-s8-r1.json: named=True idle_cpus_busy=8%
kds-point-relaxed-k4-s8-r2.json: named=True idle_cpus_busy=20%
kds-point-strict-k1-s16-r0.json: named=False idle_cpus_busy=47%
kds-point-strict-k1-s16-r1.json: named=False idle_cpus_busy=52%
kds-point-strict-k1-s16-r2.json: named=False idle_cpus_busy=52%
kds-point-strict-k1-s2-r1.json: named=True idle_cpus_busy=6%
kds-point-strict-k1-s2-r2.json: named=True idle_cpus_busy=9%
kds-point-strict-k1-s4-r0.json: named=True idle_cpus_busy=7%
kds-point-strict-k1-s8-r1.json: named=False idle_cpus_busy=17%
kds-point-strict-k1-s8-r2.json: named=False idle_cpus_busy=33%
kds-point-strict-k2-s1-r0.json: named=False idle_cpus_busy=52%
kds-point-strict-k2-s1-r1.json: named=False idle_cpus_busy=40%
kds-point-strict-k2-s1-r2.json: named=False idle_cpus_busy=32%
kds-point-strict-k2-s2-r0.json: named=False idle_cpus_busy=42%
kds-point-strict-k2-s2-r1.json: named=False idle_cpus_busy=49%
kds-point-strict-k2-s2-r2.json: named=False idle_cpus_busy=48%
kds-point-strict-k2-s4-r0.json: named=False idle_cpus_busy=39%
kds-point-strict-k2-s4-r1.json: named=False idle_cpus_busy=18%
kds-point-strict-k4-s2-r1.json: named=True idle_cpus_busy=2%
kds-point-strict-k4-s2-r2.json: named=True idle_cpus_busy=3%
kds-trade-group-k2-s16-r0.json: named=True idle_cpus_busy=4%
kds-trade-group-k2-s16-r1.json: named=True idle_cpus_busy=3%
76 of 672 runs flagged
