K | reps pooled | per-row median us: B fk, A fk, B plain, A plain | fk-plain: B, A | paired B-A per row: fk (IQR), plain (IQR) | p25 per row B fk / A fk
K=1      n=98304 | 118.9 119.2 115.7 116.7 | +3.2 +2.4 | fk -0.17 (-7.2..+8.8) plain -1.09 (-7.9..+5.5) | 114.9/115.8  errors=0
K=64     n=1536 | 53.6 54.3 52.6 53.3 | +1.0 +1.0 | fk -0.84 (-1.8..-0.0) plain -0.74 (-8.5..+0.1) | 53.0/53.6  errors=0
K=1024   n=96 | 54.2 53.9 51.0 51.7 | +3.2 +2.2 | fk +0.29 (-1.4..+9.4) plain -0.82 (-1.4..+0.1) | 53.5/53.3  errors=0
K=4096   n=24 | 57.5 54.9 50.7 51.6 | +6.8 +3.4 | fk +2.84 (-1.5..+4.2) plain -0.99 (-1.5..-0.7) | 57.1/53.7  errors=0
K=16384  n=15 | 70.9 59.7 51.3 51.8 | +19.7 +7.9 | fk +11.29 (+9.5..+13.1) plain -0.48 (-1.5..+1.0) | 70.4/57.9  errors=0
engine us/row (sum polled us / rows):
K=1      fk-B 54.9 fk-A 52.9 plain-B 50.0 plain-A 51.1
K=64     fk-B 14.7 fk-A 16.2 plain-B 13.6 plain-A 16.1
K=1024   fk-B 30.0 fk-A 28.9 plain-B 13.5 plain-A 13.1
K=4096   fk-B 18.4 fk-A 16.2 plain-B 12.9 plain-A 13.2
K=16384  fk-B 35.8 fk-A 23.5 plain-B 13.6 plain-A 13.3
fk stmt-by-position (8 octiles) K=16384, pooled runs, us:
fk B 1024 58.2 58.2 59.1 61.5 58.7 162.2 59.2 60.1
fk B 4096 52.9 55.1 57.3 58.1 62.3 59.6 59.8 61.2
fk B 16384 56.1 60.9 65.5 70.1 74.3 74.6 114.2 79.1
fk A 1024 61.3 57.5 58.3 58.3 58.1 156.4 57.4 57.6
fk A 4096 55.6 57.1 54.7 55.6 56.0 56.5 58.0 56.3
fk A 16384 54.7 53.6 59.0 56.0 55.5 58.4 97.1 60.7
plain B 1024 53.5 52.6 52.0 51.9 51.8 51.9 55.7 53.0
plain B 4096 51.6 51.1 51.1 50.6 50.8 50.1 50.7 50.5
plain B 16384 53.5 53.1 52.8 50.5 50.0 50.3 53.2 50.9
plain A 1024 55.4 52.2 52.0 51.9 54.2 51.3 51.3 51.7
plain A 4096 52.1 55.0 50.9 51.8 51.8 55.2 51.8 51.9
plain A 16384 50.8 50.7 50.5 50.6 57.1 51.7 50.6 50.9
