round 1/7
  b1-local round 1
  b1-xowner2 round 1
  b1-split2 round 1
  b2-xowner1 round 1
  b2-xowner3 round 1
  b2-xowner4 round 1
  b2-xowner5 round 1
  b3-local-pre round 1
round 2/7
  b1-local round 2
  b1-xowner2 round 2
  b1-split2 round 2
  b2-xowner1 round 2
  b2-xowner3 round 2
  b2-xowner4 round 2
  b2-xowner5 round 2
  b3-local-pre round 2
round 3/7
  b1-local round 3
  b1-xowner2 round 3
  b1-split2 round 3
  b2-xowner1 round 3
  b2-xowner3 round 3
  b2-xowner4 round 3
  b2-xowner5 round 3
  b3-local-pre round 3
round 4/7
  b1-local round 4
  b1-xowner2 round 4
  b1-split2 round 4
  b2-xowner1 round 4
  b2-xowner3 round 4
  b2-xowner4 round 4
  b2-xowner5 round 4
  b3-local-pre round 4
round 5/7
  b1-local round 5
  b1-xowner2 round 5
  b1-split2 round 5
  b2-xowner1 round 5
  b2-xowner3 round 5
  b2-xowner4 round 5
  b2-xowner5 round 5
  b3-local-pre round 5
round 6/7
  b1-local round 6
  b1-xowner2 round 6
  b1-split2 round 6
  b2-xowner1 round 6
  b2-xowner3 round 6
  b2-xowner4 round 6
  b2-xowner5 round 6
  b3-local-pre round 6
round 7/7
  b1-local round 7
  b1-xowner2 round 7
  b1-split2 round 7
  b2-xowner1 round 7
  b2-xowner3 round 7
  b2-xowner4 round 7
  b2-xowner5 round 7
  b3-local-pre round 7
done; JSON under /home/ubuntu/kds-rp8-run
EXIT=0
