created 8 relations with suffix _s2c8s:
  organizations_s2c8s
  ships_s2c8s
  operations_s2c8s
  cargos_s2c8s
  fees_s2c8s
  recipes_s2c8s
  freights_s2c8s
  charges_s2c8s

read probe - which of the reads S2-02..S2-04 need does this server take?

  pk lookup           ok
  capacity aggregate  ok
  recipe filterscan   ok
  voyage manifest     ok
  voyage rollup       ok
  customer statement  ok


ckdbs benchmark - 68 columns, 24644 rows resident, 1 connection
server 127.0.0.1:15607  table scenario2_s2c8s

phase                      ops       qps   mean us       p0      p25      p50      p95      p99       max   err
---------------------------------------------------------------------------------------------------------------
ddl                          8         0    1483.9   1365.3   1373.7   1409.7   1955.5   1955.5    1955.5     0
load-organizations         300         0    1576.9   1106.6   1259.4   1335.9   3189.6   6593.4   15080.9     0
load-ships                  30         0    1403.6   1207.6   1265.0   1412.2   1591.1   1712.8    1712.8     0
load-operations            300         0    1487.1   1138.4   1284.5   1344.7   1820.3   4989.5   13672.7     0
load-fees                   12         0    1349.3   1239.3   1286.9   1344.8   1480.5   1480.5    1480.5     0
load-recipes                93         0    1442.4   1143.1   1235.6   1306.4   2118.2   5626.3    5626.3     0
load-cargos               4000         0    1556.5   1106.2   1296.4   1375.0   2542.5   5506.3   22654.8     0
booking                   3347       827    7119.4    519.0   3988.2   6085.5  14718.8  21744.7   62573.8     0
cargo-lookup              3397       839     349.4     74.5    113.0    132.9   2348.3   3083.1    8624.4     0
credit-lookup             3397       839     386.8     58.5     95.4    116.0   2375.1   4705.0   15567.2     0
capacity-read             3397       839     347.0     57.2     90.7    111.2   2199.1   3495.6   13152.4     0
recipe-read               3397       839     501.2    163.1    218.6    266.2   2220.5   4444.6   13093.8     0
freight-insert            3050       753     630.2     40.7     77.4    101.2   2566.7   5248.4   13088.4     0
charge-insert            17203     4,250     286.0     34.7     64.0     84.4   1777.9   3499.9   16130.0     0
operation-update          3050       753     324.3     41.9     72.5     91.8   1897.9   3969.3   21022.5    22
org-update                3028       748     336.1     41.3     70.5     91.7   1914.1   3724.5   12669.3    28
commit                    3000       741    2596.2   1121.7   1612.6   2193.1   5525.6  10148.9   21003.9     0
manifest-scan              100        25     341.0     70.1    264.8    352.6    513.4    555.8    1696.6     0
voyage-rollup              100        25     280.6     63.9    236.0    297.0    382.0    505.6     511.1     0
customer-statement          50        12    1505.6     99.5    976.6   1755.0   2646.4   2821.7    2821.7     0

  ddl: 8 relations
  booking: BEGIN/COMMIT, capacity=cached, 8 bookers, contended
  operation-update: 22 error replies, first: ERR TXN_CONFLICT retryable=1 row id=418 was written by transaction 45174
  org-update: 28 error replies, first: ERR TXN_CONFLICT retryable=1 row id=323 was written by transaction 41135

  S2-01..S2-05: builds, loads, books from --bookers processes, and
  runs the analytic reporter beside them. The PostgreSQL twin is
  tools/pg_scenario2_freight.py (single booker, reporter interleaved);
  diff the two --json files with tools/compare_scenario2.py.
  every relation is BTREE (AS-Q6, 2026-09-08: heap relations are suspended under SUS-1 and measurement is BTREE only for now); freights/charges were HEAP in the AL-S8 files at f6ed10c, so a number from this driver compares only with a number from this driver.
bookings
  committed                 3000       741.1 TPS
  rejected-capacity          298        8.9% of attempts
  rejected-credit             49        1.5% of attempts
  conflicted                  50         50 retries
    on operations              22       44.0% of conflicts
    on organizations           28       56.0% of conflicts
    retries/booking         0.02

  mode                 BEGIN/COMMIT, capacity=cached, max_fees=uncapped
  bookers              8, contended (shared voyages and customers)
  per booker           #0:375  #1:375  #2:375  #3:375  #4:375  #5:375  #6:375  #7:375
  cargo pool left      951

  manifest reporter    5 passes, 250 reads, 594 freight rows scanned
                       latency is in the table above, beside the bookings it contended with

verify (§4)          400 checks, 23 failure(s)
  first: I1 operation 475: booked_cbm=2099000, SUM(freights.cbm)=2349000

  wrote /home/cdkbs/bench-runs/rebaseline-9a0525d/json/r2-s2-c8-s.json
