created 8 relations with suffix _s2c1g:
  organizations_s2c1g
  ships_s2c1g
  operations_s2c1g
  cargos_s2c1g
  fees_s2c1g
  recipes_s2c1g
  freights_s2c1g
  charges_s2c1g

read probe - which of the reads S2-02..S2-04 need does this server take?

  pk lookup           ok
  capacity aggregate  ok
  recipe filterscan   ok
  voyage manifest     ok
  voyage rollup       ok
  customer statement  ok


ckdbs benchmark - 68 columns, 24655 rows resident, 1 connection
server 127.0.0.1:15604  table scenario2_s2c1g

phase                      ops       qps   mean us       p0      p25      p50      p95      p99       max   err
---------------------------------------------------------------------------------------------------------------
ddl                          8         0    1667.9   1394.1   1394.9   1463.4   2793.2   2793.2    2793.2     0
load-organizations         300         0    1472.9   1078.2   1231.0   1300.3   1662.4   6206.1   14838.0     0
load-ships                  30         0    1931.3   1113.0   1340.3   1488.5   5993.5   7385.8    7385.8     0
load-operations            300         0    1456.4   1102.0   1254.4   1309.6   2380.1   5002.8    8461.6     0
load-fees                   12         0    1321.0   1231.7   1241.6   1273.3   1574.8   1574.8    1574.8     0
load-recipes                93         0    1431.3   1171.9   1257.6   1298.8   2018.0   6599.1    6599.1     0
load-cargos               4000         0    1528.3   1071.0   1246.4   1319.0   2717.2   5807.3   20743.1     0
booking                   3353       601   13186.7    497.2  11072.3  13013.2  21726.2  26907.5   37890.7     0
cargo-lookup              3353       601    1029.5     79.8    315.9    433.2   1949.9   4649.0   20591.5     0
credit-lookup             3353       601     926.0     70.2    276.3    376.6   1938.8   3982.3   14555.0     0
capacity-read             3353       601     955.4     67.7    247.0    377.0   1959.6   4596.8   20731.8     0
recipe-read               3353       601    1100.1    167.4    372.5    526.1   2118.4   4583.9   13924.8     0
freight-insert            3000       538    1159.2     61.8    269.8   1337.0   2024.5   5078.7   20557.8     0
charge-insert            16920     3,032     786.4     49.6    178.3    264.3   1868.5   3919.2   20555.2     0
operation-update          3000       538     683.1     58.5    171.4    214.3   1815.9   3299.3   14936.8     0
org-update                3000       538     677.4     54.8    171.4    208.3   1814.9   3516.3   20557.7     0
commit                    3000       538    2315.1   1233.1   1613.2   1770.5   3999.8   7686.6   22033.4     0
manifest-scan              120        22    1076.2     87.8    320.6    638.2   2277.1   2920.4    4074.2     0
voyage-rollup              120        22    1121.2     85.6    359.9    575.9   2139.7   3959.6    8518.1     0
customer-statement          60        11    1666.2    171.4    818.7   1436.6   3227.3   8733.0    8733.0     0

  ddl: 8 relations
  booking: BEGIN/COMMIT, capacity=cached, 8 bookers, contended

  S2-01..S2-05: builds, loads, books from --bookers processes, and
  runs the analytic reporter beside them. The PostgreSQL twin is
  tools/pg_scenario2_freight.py (single booker, reporter interleaved);
  diff the two --json files with tools/compare_scenario2.py.
  every relation is BTREE (AS-Q6, 2026-09-08: heap relations are suspended under SUS-1 and measurement is BTREE only for now); freights/charges were HEAP in the AL-S8 files at f6ed10c, so a number from this driver compares only with a number from this driver.
bookings
  committed                 3000       537.6 TPS
  rejected-capacity          297        8.9% of attempts
  rejected-credit             56        1.7% of attempts
  conflicted                   0          0 retries

  mode                 BEGIN/COMMIT, capacity=cached, max_fees=uncapped
  bookers              8, contended (shared voyages and customers)
  per booker           #0:375  #1:375  #2:375  #3:375  #4:375  #5:375  #6:375  #7:375
  cargo pool left      944

  manifest reporter    6 passes, 300 reads, 560 freight rows scanned
                       latency is in the table above, beside the bookings it contended with

verify (§4)          400 checks, 27 failure(s)
  first: I1 operation 412: booked_cbm=3729000, SUM(freights.cbm)=4094000

  wrote /home/cdkbs/bench-runs/rebaseline-9a0525d/json/r2-s2-c1-g.json
