created 8 relations with suffix _s2c8s:
  organizations_s2c8s
  ships_s2c8s
  operations_s2c8s
  cargos_s2c8s
  fees_s2c8s
  recipes_s2c8s
  freights_s2c8s
  charges_s2c8s

read probe - which of the reads S2-02..S2-04 need does this server take?

  pk lookup           ok
  capacity aggregate  ok
  recipe filterscan   ok
  voyage manifest     ok
  voyage rollup       ok
  customer statement  ok


ckdbs benchmark - 68 columns, 24660 rows resident, 1 connection
server 127.0.0.1:15607  table scenario2_s2c8s

phase                      ops       qps   mean us       p0      p25      p50      p95      p99       max   err
---------------------------------------------------------------------------------------------------------------
ddl                          8         0    1382.0   1225.1   1237.7   1351.3   1771.4   1771.4    1771.4     0
load-organizations         300         0    1558.3   1117.0   1271.8   1365.8   2928.2   4610.2    6068.4     0
load-ships                  30         0    1896.4   1187.0   1257.6   1364.5   4256.2   9955.1    9955.1     0
load-operations            300         0    1536.5   1184.3   1297.3   1357.8   2441.6   4496.2    8721.8     0
load-fees                   12         0    2268.6   1297.4   1323.3   1385.0   8146.8   8146.8    8146.8     0
load-recipes                93         0    1714.6   1227.8   1322.9   1376.9   3101.7   8307.5    8307.5     0
load-cargos               4000         0    1534.2   1085.8   1290.0   1362.4   2311.4   5520.9   25533.0     0
booking                   3280     1,151    6082.4    507.2   4123.4   5515.2  11862.9  17400.6  119515.0     0
cargo-lookup              3357     1,178     231.9     69.0    115.0    131.2    230.3   2969.2    7354.7     0
credit-lookup             3357     1,178     240.6     61.6     96.9    113.9    257.2   3310.3    9423.1     0
capacity-read             3357     1,178     183.2     60.0     89.1    106.6    203.0   2494.0    8453.0     0
recipe-read               3357     1,178     366.1    167.2    216.2    260.1    462.0   2903.0   12934.0     0
freight-insert            3077     1,080     639.3     43.4     75.3     92.3   2879.1   6481.1  114154.0     0
charge-insert            17369     6,094     187.1     33.9     61.8     77.2    196.4   3004.8   36172.3     0
operation-update          3077     1,080     178.7     44.4     70.9     85.2    201.7   2948.9   11307.7    29
org-update                3048     1,069     201.9     41.6     67.4     83.3    254.6   3381.7   10073.2    48
commit                    3000     1,053    3012.4   1200.3   1899.3   2415.5   6659.7  11278.3   36141.7     0
manifest-scan               60        21     350.2     95.4    139.3    337.9    555.3   3190.6    3190.6     0
voyage-rollup               60        21     342.7     93.7    119.5    278.6    501.8   3893.5    3893.5     0
customer-statement          30        10    1324.5     96.8    147.2   1396.3   2776.5   5628.3    5628.3     0

  ddl: 8 relations
  booking: BEGIN/COMMIT, capacity=cached, 8 bookers, contended
  operation-update: 29 error replies, first: ERR TXN_CONFLICT retryable=1 row id=438 was written by transaction 36877
  org-update: 48 error replies, first: ERR TXN_CONFLICT retryable=1 row id=413 was written by transaction 45086

  S2-01..S2-05: builds, loads, books from --bookers processes, and
  runs the analytic reporter beside them. The PostgreSQL twin is
  tools/pg_scenario2_freight.py (single booker, reporter interleaved);
  diff the two --json files with tools/compare_scenario2.py.
  every relation is BTREE (AS-Q6, 2026-09-08: heap relations are suspended under SUS-1 and measurement is BTREE only for now); freights/charges were HEAP in the AL-S8 files at f6ed10c, so a number from this driver compares only with a number from this driver.
bookings
  committed                 3000      1052.6 TPS
  rejected-capacity          239        7.3% of attempts
  rejected-credit             41        1.2% of attempts
  conflicted                  77         77 retries
    on operations              29       37.7% of conflicts
    on organizations           48       62.3% of conflicts
    retries/booking         0.03

  mode                 BEGIN/COMMIT, capacity=cached, max_fees=uncapped
  bookers              8, contended (shared voyages and customers)
  per booker           #0:375  #1:375  #2:375  #3:375  #4:375  #5:375  #6:375  #7:375
  cargo pool left      959

  manifest reporter    3 passes, 150 reads, 262 freight rows scanned
                       latency is in the table above, beside the bookings it contended with

verify (§4)          400 checks, 25 failure(s)
  first: I1 operation 478: booked_cbm=2123000, SUM(freights.cbm)=2149000

  wrote /home/cdkbs/bench-runs/rebaseline-9a0525d/json/r3-s2-c8-s.json
