created 8 relations with suffix _s2c1s:
  organizations_s2c1s
  ships_s2c1s
  operations_s2c1s
  cargos_s2c1s
  fees_s2c1s
  recipes_s2c1s
  freights_s2c1s
  charges_s2c1s

read probe - which of the reads S2-02..S2-04 need does this server take?

  pk lookup           ok
  capacity aggregate  ok
  recipe filterscan   ok
  voyage manifest     ok
  voyage rollup       ok
  customer statement  ok


ckdbs benchmark - 68 columns, 24650 rows resident, 1 connection
server 127.0.0.1:15606  table scenario2_s2c1s

phase                      ops       qps   mean us       p0      p25      p50      p95      p99       max   err
---------------------------------------------------------------------------------------------------------------
ddl                          8         0    1221.6   1093.3   1160.9   1178.6   1531.1   1531.1    1531.1     0
load-organizations         300         0    1364.6   1068.1   1171.5   1233.9   1711.0   3903.0    8690.2     0
load-ships                  30         0    1495.1   1221.5   1331.0   1472.9   1972.1   2985.1    2985.1     0
load-operations            300         0    1453.6   1071.5   1211.9   1264.6   2272.5   5115.0   10255.1     0
load-fees                   12         0    1241.9   1158.6   1213.5   1252.0   1277.5   1277.5    1277.5     0
load-recipes                93         0    1410.9   1118.2   1210.8   1268.9   2320.9   5213.3    5213.3     0
load-cargos               4000         0    1447.1   1059.2   1230.5   1300.7   2002.7   5243.0   17357.8     0
booking                   3335       554   14291.3    553.1  11224.1  14040.5  23872.7  31832.4   44165.0     0
cargo-lookup              3335       554     752.3     90.5    197.1    249.8   2617.6   4462.1   24501.3     0
credit-lookup             3335       554     933.2     72.0    193.0    314.3   2880.1   5489.6   24484.2     0
capacity-read             3335       554     912.2     68.1    190.4    318.4   2871.3   5128.3   18093.4     0
recipe-read               3335       554    1104.1    177.7    338.7    469.9   3104.6   5451.9   19745.8     0
freight-insert            3000       498    1414.2     63.5    271.1   1394.3   3682.1   5842.4   21976.7     0
charge-insert            16915     2,808     969.4     49.9    200.4    317.9   2982.7   5187.9   26969.5     0
operation-update          3000       498     843.8     60.6    174.8    270.2   2793.4   5253.2   19465.0     0
org-update                3000       498     772.3     56.3    171.7    241.4   2738.7   4652.0   17368.5     0
commit                    3000       498    2205.4   1180.4   1425.8   1585.4   4324.4   8934.6   21915.0     0
manifest-scan              140        23    1329.3     98.6    448.6    619.5   3983.1   4629.2    4756.9     0
voyage-rollup              140        23    1388.0     95.1    413.7    574.8   3692.1   6980.2   10085.6     0
customer-statement          60        10    2288.1    195.7   1348.9   2202.7   4212.6   6253.3    6253.3     0

  ddl: 8 relations
  booking: BEGIN/COMMIT, capacity=cached, 8 bookers, contended

  S2-01..S2-05: builds, loads, books from --bookers processes, and
  runs the analytic reporter beside them. The PostgreSQL twin is
  tools/pg_scenario2_freight.py (single booker, reporter interleaved);
  diff the two --json files with tools/compare_scenario2.py.
  every relation is BTREE (AS-Q6, 2026-09-08: heap relations are suspended under SUS-1 and measurement is BTREE only for now); freights/charges were HEAP in the AL-S8 files at f6ed10c, so a number from this driver compares only with a number from this driver.
bookings
  committed                 3000       498.0 TPS
  rejected-capacity          282        8.5% of attempts
  rejected-credit             53        1.6% of attempts
  conflicted                   0          0 retries

  mode                 BEGIN/COMMIT, capacity=cached, max_fees=uncapped
  bookers              8, contended (shared voyages and customers)
  per booker           #0:375  #1:375  #2:375  #3:375  #4:375  #5:375  #6:375  #7:375
  cargo pool left      947

  manifest reporter    7 passes, 340 reads, 723 freight rows scanned
                       latency is in the table above, beside the bookings it contended with

verify (§4)          400 checks, 27 failure(s)
  first: I1 operation 354: booked_cbm=1891000, SUM(freights.cbm)=2183000

  wrote /home/cdkbs/bench-runs/rebaseline-9a0525d/json/r3-s2-c1-s.json
