created 8 relations with suffix _s2rrc8g:
  organizations_s2rrc8g
  ships_s2rrc8g
  operations_s2rrc8g
  cargos_s2rrc8g
  fees_s2rrc8g
  recipes_s2rrc8g
  freights_s2rrc8g
  charges_s2rrc8g

read probe - which of the reads S2-02..S2-04 need does this server take?

  pk lookup           ok
  capacity aggregate  ok
  recipe filterscan   ok
  voyage manifest     ok
  voyage rollup       ok
  customer statement  ok


ckdbs benchmark - 68 columns, 24656 rows resident, 1 connection
server 127.0.0.1:15605  table scenario2_s2rrc8g

phase                      ops       qps   mean us       p0      p25      p50      p95      p99       max   err
---------------------------------------------------------------------------------------------------------------
ddl                          8         0    2977.1   1214.5   1265.4   1467.5   8962.6   8962.6    8962.6     0
load-organizations         300         0    1516.8   1076.3   1210.2   1281.5   2581.4   8281.3   10476.5     0
load-ships                  30         0    1730.4   1232.2   1292.3   1336.0   5222.2   8016.1    8016.1     0
load-operations            300         0    1460.8   1178.1   1276.6   1316.4   2261.4   4027.2    8020.5     0
load-fees                   12         0    1960.5   1265.6   1282.7   1322.8   6315.5   6315.5    6315.5     0
load-recipes                93         0    1538.5   1087.3   1182.3   1289.4   3349.7   8214.0    8214.0     0
load-cargos               4000         0    1627.6   1063.3   1269.7   1345.7   3010.9   6722.6   16046.6     0
booking                   3355     1,766    4423.8    472.0   3873.9   4179.2   7337.8  12492.2   93075.9     0
cargo-lookup              3413     1,797     178.4     73.5    123.2    140.8    235.5    316.0   88638.2     0
credit-lookup             3413     1,797     135.3     59.5    105.3    122.3    220.3    287.2    1035.6     0
capacity-read             3413     1,797     131.6     57.0     99.9    115.9    228.4    399.5    1380.4     0
recipe-read               3413     1,797     309.7    163.2    271.4    295.9    464.5    603.8    2295.9     0
freight-insert            3058     1,610     138.7     53.5     98.5    121.5    283.0    398.6     559.0     0
charge-insert            17252     9,083     119.2     34.7     89.4    109.9    197.0    297.1    1213.6     0
operation-update          3058     1,610     125.4     50.1     96.1    114.4    206.6    337.4     870.4    35
org-update                3023     1,592     123.3     46.8     95.0    112.5    198.2    312.6    1224.1    23
commit                    3000     1,580    2818.5   1313.3   1990.1   2329.6   5486.8  10377.1   88553.5     0
manifest-scan               40        21     282.4     87.9    126.4    300.1    463.3    508.3     508.3     0
voyage-rollup               40        21     243.3     91.7    114.3    270.4    398.0    431.5     431.5     0
customer-statement          20        10    1042.2    103.1    124.0    233.2   2418.0   2442.3    2442.3     0

  ddl: 8 relations
  booking: BEGIN/COMMIT, capacity=cached, 8 bookers, contended
  operation-update: 35 error replies, first: ERR TXN_CONFLICT retryable=1 row id=483 was written by transaction 49161
  org-update: 23 error replies, first: ERR TXN_CONFLICT retryable=1 row id=484 was written by transaction 41107

  S2-01..S2-05: builds, loads, books from --bookers processes, and
  runs the analytic reporter beside them. The PostgreSQL twin is
  tools/pg_scenario2_freight.py (single booker, reporter interleaved);
  diff the two --json files with tools/compare_scenario2.py.
  every relation is BTREE (AS-Q6, 2026-09-08: heap relations are suspended under SUS-1 and measurement is BTREE only for now); freights/charges were HEAP in the AL-S8 files at f6ed10c, so a number from this driver compares only with a number from this driver.
bookings
  committed                 3000      1579.5 TPS
  rejected-capacity          295        8.8% of attempts
  rejected-credit             60        1.8% of attempts
  conflicted                  58         58 retries
    on operations              35       60.3% of conflicts
    on organizations           23       39.7% of conflicts
    retries/booking         0.02

  mode                 BEGIN/COMMIT, capacity=cached, max_fees=uncapped
  bookers              8, contended (shared voyages and customers)
  per booker           #0:375  #1:375  #2:375  #3:375  #4:375  #5:375  #6:375  #7:375
  cargo pool left      940

  manifest reporter    2 passes, 100 reads, 125 freight rows scanned
                       latency is in the table above, beside the bookings it contended with

verify (§4)          400 checks, 0 failure(s)
  I1 booked_cbm == SUM(freights.cbm), I2 within ship capacity,
  I3 outstanding == recomputed charges, I4 charge rows == rules

  wrote /home/cdkbs/bench-runs/rebaseline-9a0525d/json/rr-s2-c8-g.json
