created 8 relations with suffix _s2rrc1g:
  organizations_s2rrc1g
  ships_s2rrc1g
  operations_s2rrc1g
  cargos_s2rrc1g
  fees_s2rrc1g
  recipes_s2rrc1g
  freights_s2rrc1g
  charges_s2rrc1g

read probe - which of the reads S2-02..S2-04 need does this server take?

  pk lookup           ok
  capacity aggregate  ok
  recipe filterscan   ok
  voyage manifest     ok
  voyage rollup       ok
  customer statement  ok


ckdbs benchmark - 68 columns, 24651 rows resident, 1 connection
server 127.0.0.1:15604  table scenario2_s2rrc1g

phase                      ops       qps   mean us       p0      p25      p50      p95      p99       max   err
---------------------------------------------------------------------------------------------------------------
ddl                          8         0    1841.8   1434.7   1510.1   1610.9   3473.2   3473.2    3473.2     0
load-organizations         300         0    1551.6   1148.7   1278.0   1359.3   2182.1   7256.9   13416.4     0
load-ships                  30         0    1254.3   1087.2   1173.5   1234.5   1400.3   1415.7    1415.7     0
load-operations            300         0    1390.0   1077.2   1217.2   1284.0   1768.2   3734.9    6356.1     0
load-fees                   12         0    1391.1   1171.1   1228.3   1257.8   2920.5   2920.5    2920.5     0
load-recipes                93         0    1481.8   1183.2   1258.0   1280.5   2454.5   5986.1    5986.1     0
load-cargos               4000         0    1472.7   1077.2   1263.4   1317.6   1983.9   5244.6   14699.4     0
booking                   3354       606   13080.7    625.3  10566.4  12599.6  22138.2  29724.5   56243.8     0
cargo-lookup              3455       624     984.7     99.9    309.3    397.8   1960.1   5424.1   18021.4     0
credit-lookup             3455       624     923.8     81.7    279.7    375.2   1879.0   4304.0   15121.9     0
capacity-read             3455       624     869.7     80.9    242.2    359.8   1897.0   4103.1   13201.8     0
recipe-read               3455       624    1056.9    194.6    373.3    501.3   2106.3   5207.5   15296.7     0
freight-insert            3101       560    1116.7     66.3    270.5   1290.7   2094.1   4914.4   13095.7     0
charge-insert            17489     3,159     761.8     62.3    178.4    263.8   1827.0   4268.6   18026.7     0
operation-update          3101       560     645.5     68.1    168.7    206.5   1749.0   4003.1   17804.7    51
org-update                3050       551     631.8     65.3    169.6    208.8   1773.2   3640.0   13012.3    50
commit                    3000       542    2255.1   1251.3   1564.5   1727.1   4250.8   7449.3   17891.9     0
manifest-scan              120        22     971.6    107.4    313.3    598.3   2157.0   4809.4    4986.1     0
voyage-rollup              120        22    1170.7     85.2    289.5    621.9   2462.7   6184.2    8507.5     0
customer-statement          60        11    1718.7    161.2    833.4   1648.6   3460.1   4667.0    4667.0     0

  ddl: 8 relations
  booking: BEGIN/COMMIT, capacity=cached, 8 bookers, contended
  operation-update: 51 error replies, first: ERR TXN_CONFLICT retryable=1 row id=455 was written by transaction 10298
  org-update: 50 error replies, first: ERR TXN_CONFLICT retryable=1 row id=371 was written by transaction 10271

  S2-01..S2-05: builds, loads, books from --bookers processes, and
  runs the analytic reporter beside them. The PostgreSQL twin is
  tools/pg_scenario2_freight.py (single booker, reporter interleaved);
  diff the two --json files with tools/compare_scenario2.py.
  every relation is BTREE (AS-Q6, 2026-09-08: heap relations are suspended under SUS-1 and measurement is BTREE only for now); freights/charges were HEAP in the AL-S8 files at f6ed10c, so a number from this driver compares only with a number from this driver.
bookings
  committed                 3000       541.8 TPS
  rejected-capacity          295        8.8% of attempts
  rejected-credit             59        1.8% of attempts
  conflicted                 101        101 retries
    on operations              51       50.5% of conflicts
    on organizations           50       49.5% of conflicts
    retries/booking         0.03

  mode                 BEGIN/COMMIT, capacity=cached, max_fees=uncapped
  bookers              8, contended (shared voyages and customers)
  per booker           #0:375  #1:375  #2:375  #3:375  #4:375  #5:375  #6:375  #7:375
  cargo pool left      941

  manifest reporter    6 passes, 300 reads, 552 freight rows scanned
                       latency is in the table above, beside the bookings it contended with

verify (§4)          400 checks, 0 failure(s)
  I1 booked_cbm == SUM(freights.cbm), I2 within ship capacity,
  I3 outstanding == recomputed charges, I4 charge rows == rules

  wrote /home/cdkbs/bench-runs/rebaseline-9a0525d/json/rr-s2-c1-g.json
