created 8 relations with suffix _s2c8s:
  organizations_s2c8s
  ships_s2c8s
  operations_s2c8s
  cargos_s2c8s
  fees_s2c8s
  recipes_s2c8s
  freights_s2c8s
  charges_s2c8s

read probe - which of the reads S2-02..S2-04 need does this server take?

  pk lookup           ok
  capacity aggregate  ok
  recipe filterscan   ok
  voyage manifest     ok
  voyage rollup       ok
  customer statement  ok


ckdbs benchmark - 68 columns, 24657 rows resident, 1 connection
server 127.0.0.1:15607  table scenario2_s2c8s

phase                      ops       qps   mean us       p0      p25      p50      p95      p99       max   err
---------------------------------------------------------------------------------------------------------------
ddl                          8         0    1431.0   1218.9   1235.7   1268.1   1928.9   1928.9    1928.9     0
load-organizations         300         0    1523.0   1155.2   1289.0   1353.5   2302.0   4884.3   11895.8     0
load-ships                  30         0    1973.4   1274.8   1356.8   1455.7   4312.5   5643.1    5643.1     0
load-operations            300         0    1496.1   1105.0   1272.5   1335.3   2359.9   3885.2   10603.1     0
load-fees                   12         0    1416.5   1294.6   1368.7   1411.3   1561.8   1561.8    1561.8     0
load-recipes                93         0    1462.2   1139.7   1249.5   1336.4   1883.0   4014.0    4014.0     0
load-cargos               4000         0    1696.6   1090.1   1272.0   1351.2   3691.7   7268.5   17335.9     0
booking                   3321       957    6491.3    498.7   4124.2   5864.2  14072.5  19624.9   94914.9     0
cargo-lookup              3446       993     240.8     72.4    119.1    134.0    264.1   3972.8   10128.4     0
credit-lookup             3446       993     232.8     62.7     99.8    116.4    273.8   3415.8   13828.0     0
capacity-read             3446       993     229.8     57.6     93.7    111.0    251.3   3601.9   75849.6     0
recipe-read               3446       993     351.7    169.2    224.1    268.1    424.1   3458.8    9272.6     0
freight-insert            3125       900     407.2     41.2     79.9     94.4   2262.2   6003.5   11630.3     0
charge-insert            17597     5,069     163.6     34.2     63.4     78.5    193.6   2782.4   18061.6     0
operation-update          3125       900     201.4     44.2     72.8     86.3    233.2   3183.2   14018.1    41
org-update                3084       888     225.7     41.9     70.4     85.6    304.6   4309.0   15262.4    84
commit                    3000       864    3754.9   1149.3   2145.5   2994.1   8141.6  13750.6   20424.2     0
manifest-scan               80        23     613.3     87.9    257.9    428.9   2045.1   8744.2    8744.2     0
voyage-rollup               80        23     680.4     87.3    247.7    376.5   3435.4   5845.6    5845.6     0
customer-statement          40        12    2168.1    119.8   1207.6   2160.4   5763.1   6988.0    6988.0     0

  ddl: 8 relations
  booking: BEGIN/COMMIT, capacity=cached, 8 bookers, contended
  operation-update: 41 error replies, first: ERR TXN_CONFLICT retryable=1 row id=421 was written by transaction 69660
  org-update: 84 error replies, first: ERR TXN_CONFLICT retryable=1 row id=326 was written by transaction 45123

  S2-01..S2-05: builds, loads, books from --bookers processes, and
  runs the analytic reporter beside them. The PostgreSQL twin is
  tools/pg_scenario2_freight.py (single booker, reporter interleaved);
  diff the two --json files with tools/compare_scenario2.py.
  every relation is BTREE (AS-Q6, 2026-09-08: heap relations are suspended under SUS-1 and measurement is BTREE only for now); freights/charges were HEAP in the AL-S8 files at f6ed10c, so a number from this driver compares only with a number from this driver.
bookings
  committed                 3000       864.2 TPS
  rejected-capacity          280        8.4% of attempts
  rejected-credit             41        1.2% of attempts
  conflicted                 125        124 retries
    on operations              41       32.8% of conflicts
    on organizations           84       67.2% of conflicts
    retries/booking         0.04
  abandoned                    1  <- out of retries after --max-retries 5

  mode                 BEGIN/COMMIT, capacity=cached, max_fees=uncapped
  bookers              8, contended (shared voyages and customers)
  per booker           #0:375  #1:375  #2:375  #3:375  #4:375  #5:375  #6:375  #7:375
  cargo pool left      959

  manifest reporter    4 passes, 200 reads, 454 freight rows scanned
                       latency is in the table above, beside the bookings it contended with

verify (§4)          400 checks, 27 failure(s)
  first: I1 operation 352: booked_cbm=2715000, SUM(freights.cbm)=2790000

  wrote /home/cdkbs/bench-runs/rebaseline-9a0525d/json/s2-c8-s.json
