created 8 relations with suffix _s2c1s:
  organizations_s2c1s
  ships_s2c1s
  operations_s2c1s
  cargos_s2c1s
  fees_s2c1s
  recipes_s2c1s
  freights_s2c1s
  charges_s2c1s

read probe - which of the reads S2-02..S2-04 need does this server take?

  pk lookup           ok
  capacity aggregate  ok
  recipe filterscan   ok
  voyage manifest     ok
  voyage rollup       ok
  customer statement  ok


ckdbs benchmark - 68 columns, 24654 rows resident, 1 connection
server 127.0.0.1:15606  table scenario2_s2c1s

phase                      ops       qps   mean us       p0      p25      p50      p95      p99       max   err
---------------------------------------------------------------------------------------------------------------
ddl                          8         0    1478.2   1161.7   1181.0   1226.2   2246.1   2246.1    2246.1     0
load-organizations         300         0    1440.1   1071.7   1222.3   1311.6   1718.4   3958.1   11648.2     0
load-ships                  30         0    1566.4   1145.1   1332.6   1390.1   2850.5   3726.4    3726.4     0
load-operations            300         0    1587.9   1156.9   1258.8   1294.6   3019.3   9417.5   12048.6     0
load-fees                   12         0    1303.8   1243.0   1270.6   1292.4   1374.3   1374.3    1374.3     0
load-recipes                93         0    1599.4   1123.1   1236.9   1291.0   4615.6   8084.9    8084.9     0
load-cargos               4000         0    1529.6   1061.2   1272.7   1340.2   2556.4   5994.0   20267.9     0
booking                   3339       537   14718.5    509.7  11631.0  14325.9  24570.0  32571.8   89082.5     0
cargo-lookup              3339       537     799.4     79.2    197.0    252.8   2685.0   5229.4   68467.1     0
credit-lookup             3339       537     919.1     64.2    195.3    308.8   2907.1   5540.3   11768.9     0
capacity-read             3339       537     932.1     65.4    184.1    310.9   2931.8   5037.1   69797.7     0
recipe-read               3339       537    1120.0    171.9    333.5    466.7   3189.9   5909.5   21520.9     0
freight-insert            3000       482    1450.8     62.3    265.9   1443.9   3648.3   6981.3   21296.5     0
charge-insert            16919     2,721     994.5     43.1    201.4    318.1   3061.1   5525.1   69612.2     0
operation-update          3000       482     915.0     58.3    174.5    276.4   2992.0   5244.5   69611.1     0
org-update                3000       482     843.1     55.1    168.1    255.6   2843.4   5889.7   21315.6     0
commit                    3000       482    2244.8   1163.8   1470.9   1634.7   4597.8   8906.4   21151.5     0
manifest-scan              140        22    1687.3     67.5    591.1   1739.1   3741.7   6764.8   11336.3     0
voyage-rollup              140        22    1449.9     84.1    476.4   1607.6   3422.2   5985.9    8782.5     0
customer-statement          70        11    2649.6    375.1   1690.6   2331.5   4968.7  11540.8   11540.8     0

  ddl: 8 relations
  booking: BEGIN/COMMIT, capacity=cached, 8 bookers, contended

  S2-01..S2-05: builds, loads, books from --bookers processes, and
  runs the analytic reporter beside them. The PostgreSQL twin is
  tools/pg_scenario2_freight.py (single booker, reporter interleaved);
  diff the two --json files with tools/compare_scenario2.py.
  every relation is BTREE (AS-Q6, 2026-09-08: heap relations are suspended under SUS-1 and measurement is BTREE only for now); freights/charges were HEAP in the AL-S8 files at f6ed10c, so a number from this driver compares only with a number from this driver.
bookings
  committed                 3000       482.5 TPS
  rejected-capacity          289        8.7% of attempts
  rejected-credit             50        1.5% of attempts
  conflicted                   0          0 retries

  mode                 BEGIN/COMMIT, capacity=cached, max_fees=uncapped
  bookers              8, contended (shared voyages and customers)
  per booker           #0:375  #1:375  #2:375  #3:375  #4:375  #5:375  #6:375  #7:375
  cargo pool left      950

  manifest reporter    7 passes, 350 reads, 713 freight rows scanned
                       latency is in the table above, beside the bookings it contended with

verify (§4)          400 checks, 30 failure(s)
  first: I1 operation 421: booked_cbm=3062000, SUM(freights.cbm)=3253000

  wrote /home/cdkbs/bench-runs/rebaseline-9a0525d/json/s2-c1-s.json
