created 8 relations with suffix _s2c8g:
  organizations_s2c8g
  ships_s2c8g
  operations_s2c8g
  cargos_s2c8g
  fees_s2c8g
  recipes_s2c8g
  freights_s2c8g
  charges_s2c8g

read probe - which of the reads S2-02..S2-04 need does this server take?

  pk lookup           ok
  capacity aggregate  ok
  recipe filterscan   ok
  voyage manifest     ok
  voyage rollup       ok
  customer statement  ok


ckdbs benchmark - 68 columns, 24661 rows resident, 1 connection
server 127.0.0.1:15605  table scenario2_s2c8g

phase                      ops       qps   mean us       p0      p25      p50      p95      p99       max   err
---------------------------------------------------------------------------------------------------------------
ddl                          8         0    2008.1   1409.0   1433.6   1466.6   5334.8   5334.8    5334.8     0
load-organizations         300         0    1566.7   1142.7   1324.0   1407.4   1940.6   5579.3   12397.5     0
load-ships                  30         0    1442.3   1244.6   1366.4   1409.6   1784.0   2060.4    2060.4     0
load-operations            300         0    1510.4   1155.8   1314.4   1380.7   2263.3   4716.9    8579.0     0
load-fees                   12         0    1523.4   1460.9   1490.5   1510.5   1629.8   1629.8    1629.8     0
load-recipes                93         0    1336.0   1098.1   1177.0   1294.5   1611.9   1918.2    1918.2     0
load-cargos               4000         0    1528.4   1060.0   1258.9   1327.6   2528.5   5444.9   23550.1     0
booking                   3360     1,654    4644.9    571.9   3808.9   4234.6   7996.1  15314.4  119362.5     0
cargo-lookup              3360     1,654     155.4     80.2    126.7    140.4    238.7    346.6    1633.8     0
credit-lookup             3360     1,654     142.6     67.6    109.3    125.2    229.8    368.6    3212.6     0
capacity-read             3360     1,654     140.8     60.0    104.8    121.0    240.6    426.6    1704.4     0
recipe-read               3360     1,654     314.6    177.2    271.3    298.8    476.1    593.8    6461.1     0
freight-insert            3000     1,477     164.3     60.0    104.8    132.1    315.8    485.1    6112.9     0
charge-insert            16926     8,333     147.0     39.0     96.5    123.2    244.1    389.8  115683.2     0
operation-update          3000     1,477     136.9     60.8    103.8    122.2    237.1    364.0     707.2     0
org-update                3000     1,477     149.8     55.7    102.5    122.3    241.6    392.6   17880.8     0
commit                    3000     1,477    2883.0   1149.1   1913.6   2312.3   5760.4  13375.0   61345.4     0
manifest-scan               60        30     376.6     85.3    135.8    398.2    669.3    710.9     710.9     0
voyage-rollup               60        30     325.9     75.8    120.7    347.4    563.4    812.7     812.7     0
customer-statement          23        11    1120.0    105.9    121.0   1185.2   2378.1   2445.5    2445.5     0

  ddl: 8 relations
  booking: BEGIN/COMMIT, capacity=cached, 8 bookers, contended

  S2-01..S2-05: builds, loads, books from --bookers processes, and
  runs the analytic reporter beside them. The PostgreSQL twin is
  tools/pg_scenario2_freight.py (single booker, reporter interleaved);
  diff the two --json files with tools/compare_scenario2.py.
  every relation is BTREE (AS-Q6, 2026-09-08: heap relations are suspended under SUS-1 and measurement is BTREE only for now); freights/charges were HEAP in the AL-S8 files at f6ed10c, so a number from this driver compares only with a number from this driver.
bookings
  committed                 3000      1477.0 TPS
  rejected-capacity          300        8.9% of attempts
  rejected-credit             60        1.8% of attempts
  conflicted                   0          0 retries

  mode                 BEGIN/COMMIT, capacity=cached, max_fees=uncapped
  bookers              8, contended (shared voyages and customers)
  per booker           #0:375  #1:375  #2:375  #3:375  #4:375  #5:375  #6:375  #7:375
  cargo pool left      940

  manifest reporter    3 passes, 143 reads, 330 freight rows scanned
                       latency is in the table above, beside the bookings it contended with

verify (§4)          400 checks, 19 failure(s)
  first: I1 operation 551: booked_cbm=1135000, SUM(freights.cbm)=1514000

  wrote /home/cdkbs/bench-runs/rebaseline-9a0525d/json/s2-c8-g.json
