c3-k8-B-r0 load 0.85->1.58 rows/s=63286.2 p50=94.3 p99=245.6 refusals=3 errors=0 clientcpu_max=0.65 cores=['0.0', '1.0', '2.0', '3.0', '6.0', '7.0'] counts=['count(*) 16000']
c3-k8-A-r0 load 1.23->1.45 rows/s=53805.7 p50=112.3 p99=253.1 refusals=2 errors=0 clientcpu_max=0.71 cores=['0.0', '1.0', '2.0', '4.0', '7.0'] counts=['count(*) 16000']
c3-k8-A-r1 load 1.23->1.23 rows/s=66417.4 p50=94.7 p99=250.8 refusals=3 errors=0 clientcpu_max=0.66 cores=['0.0', '1.0', '2.0', '3.0', '5.0', '7.0'] counts=['count(*) 16000']
c3-k8-B-r1 load 1.23->1.45 rows/s=66007.3 p50=91.9 p99=232.5 refusals=2 errors=0 clientcpu_max=0.65 cores=['0.0', '1.0', '2.0', '3.0', '4.0', '6.0', '7.0'] counts=['count(*) 16000']
c3-k8-B-r2 load 1.20->1.27 rows/s=63128.2 p50=100.3 p99=248.2 refusals=2 errors=0 clientcpu_max=0.6 cores=['2.0', '3.0', '5.0', '6.0', '7.0'] counts=['count(*) 16000']
c3-k8-A-r2 load 1.27->1.17 rows/s=61493.9 p50=95.0 p99=242.2 refusals=1 errors=0 clientcpu_max=0.66 cores=['1.0', '2.0', '4.0', '6.0', '7.0'] counts=['count(*) 16000']
c3-k8-A-r3 load 1.17->1.07 rows/s=64265.9 p50=93.2 p99=245.0 refusals=0 errors=0 clientcpu_max=0.62 cores=['0.0', '1.0', '2.0', '3.0', '4.0', '6.0'] counts=['count(*) 16000']
c3-k8-B-r3 load 1.07->1.07 rows/s=66664.1 p50=94.3 p99=241.8 refusals=0 errors=0 clientcpu_max=0.63 cores=['2.0', '3.0', '4.0', '5.0', '6.0', '7.0'] counts=['count(*) 16000']
c3-k8-B-r4 load 1.07->1.06 rows/s=55348.2 p50=113.0 p99=248.2 refusals=0 errors=0 clientcpu_max=0.69 cores=['0.0', '1.0', '3.0'] counts=['count(*) 16000']
c3-k8-A-r4 load 1.06->1.06 rows/s=55381.5 p50=110.7 p99=241.1 refusals=0 errors=0 clientcpu_max=0.69 cores=['2.0', '4.0', '5.0'] counts=['count(*) 16000']
c3-k8-A-r5 load 1.06->0.97 rows/s=66999.1 p50=93.4 p99=243.8 refusals=0 errors=0 clientcpu_max=0.64 cores=['0.0', '1.0', '2.0', '4.0', '5.0', '6.0'] counts=['count(*) 16000']
c3-k8-B-r5 load 0.97->0.89 rows/s=64121.5 p50=97.9 p99=259.2 refusals=0 errors=0 clientcpu_max=0.65 cores=['0.0', '1.0', '2.0', '3.0', '4.0'] counts=['count(*) 16000']
c3-k8-B-r6 load 0.89->0.82 rows/s=59832.2 p50=89.4 p99=243.9 refusals=0 errors=0 clientcpu_max=0.68 cores=['1.0', '2.0', '3.0', '5.0', '6.0', '7.0'] counts=['count(*) 16000']
c3-k8-A-r6 load 0.82->0.76 rows/s=53838.8 p50=103.7 p99=292.2 refusals=4 errors=0 clientcpu_max=0.67 cores=['1.0', '2.0', '3.0', '4.0', '7.0'] counts=['count(*) 16000']
c3-k8-A-r7 load 0.76->0.78 rows/s=61720.4 p50=97.2 p99=255.0 refusals=3 errors=0 clientcpu_max=0.68 cores=['0.0', '1.0', '2.0', '4.0', '7.0'] counts=['count(*) 16000']
c3-k8-B-r7 load 0.78->0.71 rows/s=52040.9 p50=91.0 p99=218.0 refusals=0 errors=0 clientcpu_max=0.84 cores=['3.0', '4.0', '5.0', '6.0', '7.0'] counts=['count(*) 16000']
c3-k8-B-r8 load 0.71->0.74 rows/s=62954.3 p50=99.1 p99=250.6 refusals=3 errors=0 clientcpu_max=0.64 cores=['0.0', '3.0', '4.0', '6.0', '7.0'] counts=['count(*) 16000']
c3-k8-A-r8 load 0.74->0.68 rows/s=66602.9 p50=95.6 p99=250.5 refusals=1 errors=0 clientcpu_max=0.64 cores=['0.0', '1.0', '2.0', '3.0', '6.0', '7.0'] counts=['count(*) 16000']
c3-k8-A-r9 load 0.68->0.62 rows/s=62871.6 p50=102.2 p99=234.7 refusals=2 errors=0 clientcpu_max=0.68 cores=['2.0', '3.0', '4.0', '6.0'] counts=['count(*) 16000']
c3-k8-B-r9 load 0.62->0.57 rows/s=60399.1 p50=96.1 p99=293.0 refusals=0 errors=0 clientcpu_max=0.62 cores=['0.0', '2.0', '3.0', '6.0', '7.0'] counts=['count(*) 16000']
